This is XeTeX, Version 3.141592653-2.6-0.999996 (TeX Live 2025/dev/Debian) (preloaded format=xelatex)
entering extended mode
(./1892.tex
LaTeX2e <2024-11-01> patch level 2
L3 programming layer <2025-01-18>
(/usr/share/texlive/texmf-dist/tex/latex/base/article.cls
Document Class: article 2024/06/29 v1.4n Standard LaTeX document class
(/usr/share/texlive/texmf-dist/tex/latex/base/size11.clo))
(/usr/share/texlive/texmf-dist/tex/latex/geometry/geometry.sty
(/usr/share/texlive/texmf-dist/tex/latex/graphics/keyval.sty)
(/usr/share/texlive/texmf-dist/tex/generic/iftex/ifvtex.sty
(/usr/share/texlive/texmf-dist/tex/generic/iftex/iftex.sty)))
(/usr/share/texlive/texmf-dist/tex/latex/fontspec/fontspec.sty
(/usr/share/texlive/texmf-dist/tex/latex/l3packages/xparse/xparse.sty
(/usr/share/texlive/texmf-dist/tex/latex/l3kernel/expl3.sty
(/usr/share/texlive/texmf-dist/tex/latex/l3backend/l3backend-xetex.def)))
(/usr/share/texlive/texmf-dist/tex/latex/fontspec/fontspec-xetex.sty
(/usr/share/texlive/texmf-dist/tex/latex/base/fontenc.sty)
(/usr/share/texlive/texmf-dist/tex/latex/fontspec/fontspec.cfg)))
(/usr/share/texlive/texmf-dist/tex/latex/amsmath/amsmath.sty
For additional information on amsmath, use the `?' option.
(/usr/share/texlive/texmf-dist/tex/latex/amsmath/amstext.sty
(/usr/share/texlive/texmf-dist/tex/latex/amsmath/amsgen.sty))
(/usr/share/texlive/texmf-dist/tex/latex/amsmath/amsbsy.sty)
(/usr/share/texlive/texmf-dist/tex/latex/amsmath/amsopn.sty))
(/usr/share/texlive/texmf-dist/tex/latex/amsfonts/amssymb.sty
(/usr/share/texlive/texmf-dist/tex/latex/amsfonts/amsfonts.sty))
(/usr/share/texlive/texmf-dist/tex/latex/amscls/amsthm.sty)
(/usr/share/texlive/texmf-dist/tex/latex/amsmath/amscd.sty)
(/usr/share/texlive/texmf-dist/tex/latex/graphics/graphicx.sty
(/usr/share/texlive/texmf-dist/tex/latex/graphics/graphics.sty
(/usr/share/texlive/texmf-dist/tex/latex/graphics/trig.sty)
(/usr/share/texlive/texmf-dist/tex/latex/graphics-cfg/graphics.cfg)
(/usr/share/texlive/texmf-dist/tex/latex/graphics-def/xetex.def)))
(/usr/share/texlive/texmf-dist/tex/latex/graphics/color.sty
(/usr/share/texlive/texmf-dist/tex/latex/graphics-cfg/color.cfg)
(/usr/share/texlive/texmf-dist/tex/latex/graphics/mathcolor.ltx))
(/usr/share/texlive/texmf-dist/tex/latex/xurl/xurl.sty
(/usr/share/texlive/texmf-dist/tex/latex/url/url.sty))
(/usr/share/texlive/texmf-dist/tex/latex/hyperref/hyperref.sty
(/usr/share/texlive/texmf-dist/tex/latex/kvsetkeys/kvsetkeys.sty)
(/usr/share/texlive/texmf-dist/tex/generic/kvdefinekeys/kvdefinekeys.sty)
(/usr/share/texlive/texmf-dist/tex/generic/pdfescape/pdfescape.sty
(/usr/share/texlive/texmf-dist/tex/generic/ltxcmds/ltxcmds.sty)
(/usr/share/texlive/texmf-dist/tex/generic/pdftexcmds/pdftexcmds.sty
(/usr/share/texlive/texmf-dist/tex/generic/infwarerr/infwarerr.sty)))
(/usr/share/texlive/texmf-dist/tex/latex/hycolor/hycolor.sty)
(/usr/share/texlive/texmf-dist/tex/latex/hyperref/nameref.sty
(/usr/share/texlive/texmf-dist/tex/latex/refcount/refcount.sty)
(/usr/share/texlive/texmf-dist/tex/generic/gettitlestring/gettitlestring.sty
(/usr/share/texlive/texmf-dist/tex/latex/kvoptions/kvoptions.sty)))
(/usr/share/texlive/texmf-dist/tex/latex/etoolbox/etoolbox.sty)
(/usr/share/texlive/texmf-dist/tex/generic/stringenc/stringenc.sty)
(/usr/share/texlive/texmf-dist/tex/latex/hyperref/pd1enc.def)
(/usr/share/texlive/texmf-dist/tex/generic/intcalc/intcalc.sty)
(/usr/share/texlive/texmf-dist/tex/latex/hyperref/puenc.def)
(/usr/share/texlive/texmf-dist/tex/generic/bitset/bitset.sty
(/usr/share/texlive/texmf-dist/tex/generic/bigintcalc/bigintcalc.sty))
(/usr/share/texlive/texmf-dist/tex/latex/base/atbegshi-ltx.sty))
(/usr/share/texlive/texmf-dist/tex/latex/hyperref/hxetex.def
(/usr/share/texlive/texmf-dist/tex/latex/rerunfilecheck/rerunfilecheck.sty
(/usr/share/texlive/texmf-dist/tex/latex/base/atveryend-ltx.sty)
(/usr/share/texlive/texmf-dist/tex/generic/uniquecounter/uniquecounter.sty)))
(/usr/share/texlive/texmf-dist/tex/latex/jknapltx/mathrsfs.sty)
No file 1892.aux.
*geometry* driver: auto-detecting
*geometry* detected driver: xetex

Package hyperref Warning: Rerun to get /PageLabels entry.

(/usr/share/texlive/texmf-dist/tex/latex/amsfonts/umsa.fd)
(/usr/share/texlive/texmf-dist/tex/latex/amsfonts/umsb.fd)
(/usr/share/texlive/texmf-dist/tex/latex/jknapltx/ursfs.fd)

LaTeX Warning: Citation `ErgodCpctGpHKLS' on page 1 undefined on input line 77.



LaTeX Warning: Citation `ErgodCpctGpHKLS' on page 1 undefined on input line 84.



[1]

LaTeX Warning: Citation `NCG' on page 2 undefined on input line 129.


LaTeX Warning: Citation `TraceIdealsSimon' on page 2 undefined on input line 13
0.


LaTeX Warning: Citation `SingularTracesLSZ' on page 2 undefined on input line 1
30.


LaTeX Warning: Citation `NCG' on page 2 undefined on input line 134.


LaTeX Warning: Citation `TraceIdealsSimon' on page 2 undefined on input line 13
4.


LaTeX Warning: Citation `NCG' on page 2 undefined on input line 147.


LaTeX Warning: Citation `TrSpTypeIII' on page 2 undefined on input line 155.


LaTeX Warning: Reference `Def:TrSp' on page 2 undefined on input line 155.


[2]

LaTeX Warning: Citation `DerivBratteli' on page 3 undefined on input line 169.

(/usr/share/texlive/texmf-dist/tex/latex/amsfonts/ueuf.fd)

LaTeX Warning: Citation `DerivBratteli' on page 3 undefined on input line 173.


LaTeX Warning: Reference `Lem:CVExp' on page 3 undefined on input line 177.


LaTeX Warning: Citation `DerivBratteli' on page 3 undefined on input line 179.


Package hyperref Warning: Token not allowed in a PDF string (Unicode):
(hyperref)                removing `math shift' on input line 181.


Package hyperref Warning: Token not allowed in a PDF string (Unicode):
(hyperref)                removing `superscript' on input line 181.


Package hyperref Warning: Token not allowed in a PDF string (Unicode):
(hyperref)                removing `math shift' on input line 181.


LaTeX Warning: Citation `KnappLieGp' on page 3 undefined on input line 199.


[3]

LaTeX Warning: Citation `GaussBonnet-ConnesTretkoff' on page 4 undefined on inp
ut line 233.


LaTeX Warning: Citation `ErgodActAHK' on page 4 undefined on input line 239.


LaTeX Warning: Reference `Eqn:ScalProd' on page 4 undefined on input line 239.


LaTeX Warning: Reference `Eqn:ScalProd' on page 4 undefined on input line 241.


[4]

LaTeX Warning: Reference `Eqn:Defd' on page 5 undefined on input line 292.


LaTeX Warning: Reference `Eqn:ScalProd' on page 5 undefined on input line 292.


[5]

LaTeX Warning: Reference `Prop:Du' on page 6 undefined on input line 344.


LaTeX Warning: Reference `Sec:Reminders' on page 6 undefined on input line 349.



LaTeX Warning: Reference `Lem:EquivRep' on page 6 undefined on input line 381.


[6]

LaTeX Warning: Reference `Eqn:Defd' on page 7 undefined on input line 383.


LaTeX Warning: Reference `Lem:Formed' on page 7 undefined on input line 383.


LaTeX Warning: Reference `Eqn:EstimateDu' on page 7 undefined on input line 397
.


LaTeX Warning: Citation `ReedSimon1' on page 7 undefined on input line 402.


[7]

LaTeX Warning: Citation `ReedSimon2' on page 8 undefined on input line 430.


LaTeX Warning: Reference `Lem:Formed' on page 8 undefined on input line 437.


LaTeX Warning: Reference `Lem:CVExp' on page 8 undefined on input line 460.


LaTeX Warning: Reference `Eqn:EstimateKdRK' on page 8 undefined on input line 4
67.


LaTeX Warning: Reference `Lem:Formed' on page 8 undefined on input line 476.


[8]

LaTeX Warning: Reference `Eqn:Pyth' on page 9 undefined on input line 481.


LaTeX Warning: Reference `Eqn:Estd' on page 9 undefined on input line 481.


LaTeX Warning: Reference `Eqn:EstdAdj' on page 9 undefined on input line 481.


LaTeX Warning: Reference `Eqn:EstimateDu' on page 9 undefined on input line 481
.


LaTeX Warning: Citation `TrSpLieGpGG' on page 9 undefined on input line 498.


LaTeX Warning: Reference `Prop:multiplicity' on page 9 undefined on input line 
498.


LaTeX Warning: Citation `ErgodCpctGpHKLS' on page 9 undefined on input line 498
.


LaTeX Warning: Citation `TrSpLieGpGG' on page 9 undefined on input line 498.


LaTeX Warning: Reference `Rk:SymmIdeals' on page 9 undefined on input line 500.



LaTeX Warning: Reference `Prop:Du' on page 9 undefined on input line 500.


LaTeX Warning: Citation `Kato' on page 9 undefined on input line 503.


LaTeX Warning: Reference `Eqn:EstimateDu' on page 9 undefined on input line 507
.


LaTeX Warning: Reference `Eqn:EstimateDu' on page 9 undefined on input line 511
.


LaTeX Warning: Citation `Kato' on page 9 undefined on input line 516.


Package hyperref Warning: Token not allowed in a PDF string (Unicode):
(hyperref)                removing `math shift' on input line 528.


Package hyperref Warning: Token not allowed in a PDF string (Unicode):
(hyperref)                removing `superscript' on input line 528.


Package hyperref Warning: Token not allowed in a PDF string (Unicode):
(hyperref)                removing `math shift' on input line 528.


LaTeX Warning: Reference `Thm:ErgodAct' on page 9 undefined on input line 534.


[9]

LaTeX Warning: Reference `Eqn:ProdOmega' on page 10 undefined on input line 539
.


LaTeX Warning: Reference `Eqn:DefKu' on page 10 undefined on input line 545.


LaTeX Warning: Citation `TrSpTypeIII' on page 10 undefined on input line 557.


LaTeX Warning: Reference `Prop:Du' on page 10 undefined on input line 561.


LaTeX Warning: Reference `Cor:FiniteSumma' on page 10 undefined on input line 5
61.


LaTeX Warning: Reference `Lem:Formed' on page 10 undefined on input line 563.


[10]

LaTeX Warning: Citation `TrSpPiCr-Paterson' on page 11 undefined on input line 
600.


LaTeX Warning: Reference `Def:TrSp' on page 11 undefined on input line 600.


[11]
[12] (build/1892.aux)

LaTeX Warning: There were undefined references.


LaTeX Warning: Label(s) may have changed. Rerun to get cross-references right.


Package rerunfilecheck Warning: File `1892.out' has changed.
(rerunfilecheck)                Rerun to get outlines right
(rerunfilecheck)                or use package `bookmark'.

 )
Output written on build/1892.pdf (12 pages).
Transcript written on build/1892.log.
