This is XeTeX, Version 3.141592653-2.6-0.999996 (TeX Live 2025/dev/Debian) (preloaded format=xelatex)
entering extended mode
(./1737.tex
LaTeX2e <2024-11-01> patch level 2
L3 programming layer <2025-01-18>
(/usr/share/texlive/texmf-dist/tex/latex/base/article.cls
Document Class: article 2024/06/29 v1.4n Standard LaTeX document class
(/usr/share/texlive/texmf-dist/tex/latex/base/size11.clo))
(/usr/share/texlive/texmf-dist/tex/latex/geometry/geometry.sty
(/usr/share/texlive/texmf-dist/tex/latex/graphics/keyval.sty)
(/usr/share/texlive/texmf-dist/tex/generic/iftex/ifvtex.sty
(/usr/share/texlive/texmf-dist/tex/generic/iftex/iftex.sty)))
(/usr/share/texlive/texmf-dist/tex/latex/fontspec/fontspec.sty
(/usr/share/texlive/texmf-dist/tex/latex/l3packages/xparse/xparse.sty
(/usr/share/texlive/texmf-dist/tex/latex/l3kernel/expl3.sty
(/usr/share/texlive/texmf-dist/tex/latex/l3backend/l3backend-xetex.def)))
(/usr/share/texlive/texmf-dist/tex/latex/fontspec/fontspec-xetex.sty
(/usr/share/texlive/texmf-dist/tex/latex/base/fontenc.sty)
(/usr/share/texlive/texmf-dist/tex/latex/fontspec/fontspec.cfg)))
(/usr/share/texlive/texmf-dist/tex/latex/amsmath/amsmath.sty
For additional information on amsmath, use the `?' option.
(/usr/share/texlive/texmf-dist/tex/latex/amsmath/amstext.sty
(/usr/share/texlive/texmf-dist/tex/latex/amsmath/amsgen.sty))
(/usr/share/texlive/texmf-dist/tex/latex/amsmath/amsbsy.sty)
(/usr/share/texlive/texmf-dist/tex/latex/amsmath/amsopn.sty))
(/usr/share/texlive/texmf-dist/tex/latex/amsfonts/amssymb.sty
(/usr/share/texlive/texmf-dist/tex/latex/amsfonts/amsfonts.sty))
(/usr/share/texlive/texmf-dist/tex/latex/amscls/amsthm.sty)
(/usr/share/texlive/texmf-dist/tex/latex/amsmath/amscd.sty)
(/usr/share/texlive/texmf-dist/tex/latex/graphics/graphicx.sty
(/usr/share/texlive/texmf-dist/tex/latex/graphics/graphics.sty
(/usr/share/texlive/texmf-dist/tex/latex/graphics/trig.sty)
(/usr/share/texlive/texmf-dist/tex/latex/graphics-cfg/graphics.cfg)
(/usr/share/texlive/texmf-dist/tex/latex/graphics-def/xetex.def)))
(/usr/share/texlive/texmf-dist/tex/latex/graphics/color.sty
(/usr/share/texlive/texmf-dist/tex/latex/graphics-cfg/color.cfg)
(/usr/share/texlive/texmf-dist/tex/latex/graphics/mathcolor.ltx))
(/usr/share/texlive/texmf-dist/tex/latex/xurl/xurl.sty
(/usr/share/texlive/texmf-dist/tex/latex/url/url.sty))
(/usr/share/texlive/texmf-dist/tex/latex/hyperref/hyperref.sty
(/usr/share/texlive/texmf-dist/tex/latex/kvsetkeys/kvsetkeys.sty)
(/usr/share/texlive/texmf-dist/tex/generic/kvdefinekeys/kvdefinekeys.sty)
(/usr/share/texlive/texmf-dist/tex/generic/pdfescape/pdfescape.sty
(/usr/share/texlive/texmf-dist/tex/generic/ltxcmds/ltxcmds.sty)
(/usr/share/texlive/texmf-dist/tex/generic/pdftexcmds/pdftexcmds.sty
(/usr/share/texlive/texmf-dist/tex/generic/infwarerr/infwarerr.sty)))
(/usr/share/texlive/texmf-dist/tex/latex/hycolor/hycolor.sty)
(/usr/share/texlive/texmf-dist/tex/latex/hyperref/nameref.sty
(/usr/share/texlive/texmf-dist/tex/latex/refcount/refcount.sty)
(/usr/share/texlive/texmf-dist/tex/generic/gettitlestring/gettitlestring.sty
(/usr/share/texlive/texmf-dist/tex/latex/kvoptions/kvoptions.sty)))
(/usr/share/texlive/texmf-dist/tex/latex/etoolbox/etoolbox.sty)
(/usr/share/texlive/texmf-dist/tex/generic/stringenc/stringenc.sty)
(/usr/share/texlive/texmf-dist/tex/latex/hyperref/pd1enc.def)
(/usr/share/texlive/texmf-dist/tex/generic/intcalc/intcalc.sty)
(/usr/share/texlive/texmf-dist/tex/latex/hyperref/puenc.def)
(/usr/share/texlive/texmf-dist/tex/generic/bitset/bitset.sty
(/usr/share/texlive/texmf-dist/tex/generic/bigintcalc/bigintcalc.sty))
(/usr/share/texlive/texmf-dist/tex/latex/base/atbegshi-ltx.sty))
(/usr/share/texlive/texmf-dist/tex/latex/hyperref/hxetex.def
(/usr/share/texlive/texmf-dist/tex/latex/rerunfilecheck/rerunfilecheck.sty
(/usr/share/texlive/texmf-dist/tex/latex/base/atveryend-ltx.sty)
(/usr/share/texlive/texmf-dist/tex/generic/uniquecounter/uniquecounter.sty)))
(/usr/share/texlive/texmf-dist/tex/latex/tools/bm.sty)
(/usr/share/texlive/texmf-dist/tex/latex/jknapltx/mathrsfs.sty)
(/usr/share/texlive/texmf-dist/tex/latex/relsize/relsize.sty)
(/usr/share/texlive/texmf-dist/tex/latex/carlisle/slashed.sty)
No file 1737.aux.
*geometry* driver: auto-detecting
*geometry* detected driver: xetex

Package hyperref Warning: Rerun to get /PageLabels entry.

(/usr/share/texlive/texmf-dist/tex/latex/amsfonts/umsa.fd)
(/usr/share/texlive/texmf-dist/tex/latex/amsfonts/umsb.fd)
(/usr/share/texlive/texmf-dist/tex/latex/jknapltx/ursfs.fd)
(/usr/share/texlive/texmf-dist/tex/latex/amsfonts/ueuf.fd)
[1]

LaTeX Warning: Citation `GuilleminSternbergConjecture' on page 2 undefined on i
nput line 147.


LaTeX Warning: Citation `MeinrenkenSymplecticSurgery' on page 2 undefined on in
put line 147.


LaTeX Warning: Citation `TianZhang' on page 2 undefined on input line 147.


LaTeX Warning: Citation `ParadanRiemannRoch' on page 2 undefined on input line 
147.


LaTeX Warning: Citation `MeinrenkenSjamaar' on page 2 undefined on input line 1
49.


LaTeX Warning: Reference `eqn:mm' on page 2 undefined on input line 155.


LaTeX Warning: Citation `ConvexitySympCuts' on page 2 undefined on input line 1
57.


LaTeX Warning: Reference `eqn:mm' on page 2 undefined on input line 159.


LaTeX Warning: Citation `MeinrenkenSjamaar' on page 2 undefined on input line 1
63.


LaTeX Warning: Citation `ParadanRiemannRoch' on page 2 undefined on input line 
163.


LaTeX Warning: Citation `WittenNonAbelian' on page 2 undefined on input line 16
3.


LaTeX Warning: Reference `thm:MeinSja' on page 2 undefined on input line 168.


[2]

LaTeX Warning: Citation `SzenesVergne2010' on page 3 undefined on input line 17
3.


LaTeX Warning: Citation `daSilvaThesis' on page 3 undefined on input line 175.


LaTeX Warning: Citation `MeinrenkenSymplecticSurgery' on page 3 undefined on in
put line 175.


LaTeX Warning: Citation `daSilvaThesis' on page 3 undefined on input line 175.


LaTeX Warning: Citation `MeinrenkenSymplecticSurgery' on page 3 undefined on in
put line 175.


LaTeX Warning: Citation `MeinrenkenEncyclopedia' on page 3 undefined on input l
ine 177.


LaTeX Warning: Citation `BerlineGetzlerVergne' on page 3 undefined on input lin
e 177.


LaTeX Warning: Citation `MeinrenkenEncyclopedia' on page 3 undefined on input l
ine 177.


LaTeX Warning: Reference `eqn:mm' on page 3 undefined on input line 179.


[3]

LaTeX Warning: Reference `thm:MeinSja' on page 4 undefined on input line 194.


LaTeX Warning: Reference `thm:qp' on page 4 undefined on input line 207.


LaTeX Warning: Citation `SzenesVergne2010' on page 4 undefined on input line 20
7.


LaTeX Warning: Reference `eqn:multfcn' on page 4 undefined on input line 227.


LaTeX Warning: Reference `eqn:Weylchar' on page 4 undefined on input line 232.


[4]

LaTeX Warning: Reference `eqn:fixedpt' on page 5 undefined on input line 243.


LaTeX Warning: Citation `SzenesVergne2010' on page 5 undefined on input line 24
5.


LaTeX Warning: Citation `SzenesVergne2010' on page 5 undefined on input line 24
5.


LaTeX Warning: Citation `SzenesVergne2010' on page 5 undefined on input line 25
2.


LaTeX Warning: Citation `SzenesVergne2010' on page 5 undefined on input line 25
2.


LaTeX Warning: Reference `eqn:fixedpt' on page 5 undefined on input line 256.


LaTeX Warning: Citation `ParadanRiemannRoch' on page 5 undefined on input line 
256.


LaTeX Warning: Citation `ParadanRiemannRoch' on page 5 undefined on input line 
256.


LaTeX Warning: Citation `VerlindeSums' on page 5 undefined on input line 256.


LaTeX Warning: Reference `thm:qp' on page 5 undefined on input line 258.


LaTeX Warning: Reference `eqn:SzVer' on page 5 undefined on input line 258.


LaTeX Warning: Citation `SzenesVergne2010' on page 5 undefined on input line 26
6.


LaTeX Warning: Reference `eqn:d' on page 5 undefined on input line 266.


LaTeX Warning: Reference `thm:qp' on page 5 undefined on input line 268.


LaTeX Warning: Citation `SzenesVergne2010' on page 5 undefined on input line 26
8.


[5]

LaTeX Warning: Citation `MeinrenkenSjamaar' on page 6 undefined on input line 2
70.


LaTeX Warning: Citation `ParadanRiemannRoch' on page 6 undefined on input line 
270.


LaTeX Warning: Citation `ParadanWallCrossing' on page 6 undefined on input line
 270.


LaTeX Warning: Citation `WittenNonAbelian' on page 6 undefined on input line 27
0.


LaTeX Warning: Reference `eqn:SzVer' on page 6 undefined on input line 274.


LaTeX Warning: Reference `eqn:SzVer' on page 6 undefined on input line 274.


LaTeX Warning: Reference `eqn:SzVer' on page 6 undefined on input line 274.


LaTeX Warning: Reference `eqn:SzVer' on page 6 undefined on input line 282.


LaTeX Warning: Citation `ConvexitySympCuts' on page 6 undefined on input line 2
82.


LaTeX Warning: Reference `eqn:d2' on page 6 undefined on input line 290.


LaTeX Warning: Reference `eqn:SzVer' on page 6 undefined on input line 292.


LaTeX Warning: Reference `eqn:tausignonneg' on page 6 undefined on input line 2
92.


LaTeX Warning: Reference `eqn:d2' on page 6 undefined on input line 298.


[6]

LaTeX Warning: Citation `ConvexitySympCuts' on page 7 undefined on input line 3
08.


LaTeX Warning: Reference `eqn:iistrict' on page 7 undefined on input line 314.


LaTeX Warning: Reference `eqn:fcnf' on page 7 undefined on input line 314.


LaTeX Warning: Reference `eqn:d2' on page 7 undefined on input line 316.


LaTeX Warning: Reference `eqn:d2' on page 7 undefined on input line 316.


LaTeX Warning: Reference `thm:qp' on page 7 undefined on input line 319.


LaTeX Warning: Reference `thm:qp' on page 7 undefined on input line 327.


LaTeX Warning: Reference `cor:asymptoticdetermination' on page 7 undefined on i
nput line 327.


LaTeX Warning: Reference `eqn:main' on page 7 undefined on input line 327.


LaTeX Warning: Reference `thm:main' on page 7 undefined on input line 327.


[7]

LaTeX Warning: Citation `BerlineGetzlerVergne' on page 8 undefined on input lin
e 333.


LaTeX Warning: Reference `eqn:BerVer' on page 8 undefined on input line 345.


LaTeX Warning: Reference `eqn:BerVer' on page 8 undefined on input line 353.


LaTeX Warning: Reference `eqn:Qg' on page 8 undefined on input line 353.


[8]

LaTeX Warning: Reference `cor:asymptoticdetermination' on page 9 undefined on i
nput line 358.


LaTeX Warning: Reference `eqn:0' on page 9 undefined on input line 363.


LaTeX Warning: Reference `eqn:1' on page 9 undefined on input line 374.


[9]

LaTeX Warning: Reference `eqn:dec' on page 10 undefined on input line 401.


LaTeX Warning: Reference `eqn:dec2' on page 10 undefined on input line 401.


LaTeX Warning: Reference `eqn:1' on page 10 undefined on input line 401.


LaTeX Warning: Reference `eqn:1' on page 10 undefined on input line 401.


LaTeX Warning: Reference `eqn:2' on page 10 undefined on input line 413.


LaTeX Warning: Reference `eqn:2' on page 10 undefined on input line 420.


LaTeX Warning: Reference `eqn:2' on page 10 undefined on input line 420.


[10]

LaTeX Warning: Reference `eqn:SplitOff' on page 11 undefined on input line 428.



LaTeX Warning: Reference `eqn:Sum1' on page 11 undefined on input line 428.


LaTeX Warning: Reference `eqn:SplitOff' on page 11 undefined on input line 434.



LaTeX Warning: Reference `eqn:Sum1' on page 11 undefined on input line 436.


LaTeX Warning: Reference `eqn:SplitOff' on page 11 undefined on input line 436.



LaTeX Warning: Reference `eqn:Asympt2' on page 11 undefined on input line 438.


LaTeX Warning: Reference `thm:main' on page 11 undefined on input line 441.


[11]

LaTeX Warning: Reference `eqn:Asympt2' on page 12 undefined on input line 455.


LaTeX Warning: Citation `Hormander1' on page 12 undefined on input line 461.


LaTeX Warning: Reference `thm:main' on page 12 undefined on input line 475.


LaTeX Warning: Reference `eqn:4' on page 12 undefined on input line 477.


[12]

LaTeX Warning: Reference `cor:asymptoticdetermination' on page 13 undefined on 
input line 481.


LaTeX Warning: Reference `eqn:5' on page 13 undefined on input line 481.


LaTeX Warning: Reference `eqn:6' on page 13 undefined on input line 486.


LaTeX Warning: Reference `cor:asymptoticdetermination' on page 13 undefined on 
input line 486.


LaTeX Warning: Reference `eqn:6' on page 13 undefined on input line 486.


LaTeX Warning: Reference `thm:main' on page 13 undefined on input line 486.


[13]
[14] (build/1737.aux)

LaTeX Warning: There were undefined references.


LaTeX Warning: Label(s) may have changed. Rerun to get cross-references right.


Package rerunfilecheck Warning: File `1737.out' has changed.
(rerunfilecheck)                Rerun to get outlines right
(rerunfilecheck)                or use package `bookmark'.

 )
Output written on build/1737.pdf (14 pages).
Transcript written on build/1737.log.
