This is XeTeX, Version 3.141592653-2.6-0.999996 (TeX Live 2025/dev/Debian) (preloaded format=xelatex)
entering extended mode
(./1653.tex
LaTeX2e <2024-11-01> patch level 2
L3 programming layer <2025-01-18>
(/usr/share/texlive/texmf-dist/tex/latex/base/article.cls
Document Class: article 2024/06/29 v1.4n Standard LaTeX document class
(/usr/share/texlive/texmf-dist/tex/latex/base/size11.clo))
(/usr/share/texlive/texmf-dist/tex/latex/geometry/geometry.sty
(/usr/share/texlive/texmf-dist/tex/latex/graphics/keyval.sty)
(/usr/share/texlive/texmf-dist/tex/generic/iftex/ifvtex.sty
(/usr/share/texlive/texmf-dist/tex/generic/iftex/iftex.sty)))
(/usr/share/texlive/texmf-dist/tex/latex/fontspec/fontspec.sty
(/usr/share/texlive/texmf-dist/tex/latex/l3packages/xparse/xparse.sty
(/usr/share/texlive/texmf-dist/tex/latex/l3kernel/expl3.sty
(/usr/share/texlive/texmf-dist/tex/latex/l3backend/l3backend-xetex.def)))
(/usr/share/texlive/texmf-dist/tex/latex/fontspec/fontspec-xetex.sty
(/usr/share/texlive/texmf-dist/tex/latex/base/fontenc.sty)
(/usr/share/texlive/texmf-dist/tex/latex/fontspec/fontspec.cfg)))
(/usr/share/texlive/texmf-dist/tex/latex/amsmath/amsmath.sty
For additional information on amsmath, use the `?' option.
(/usr/share/texlive/texmf-dist/tex/latex/amsmath/amstext.sty
(/usr/share/texlive/texmf-dist/tex/latex/amsmath/amsgen.sty))
(/usr/share/texlive/texmf-dist/tex/latex/amsmath/amsbsy.sty)
(/usr/share/texlive/texmf-dist/tex/latex/amsmath/amsopn.sty))
(/usr/share/texlive/texmf-dist/tex/latex/amsfonts/amssymb.sty
(/usr/share/texlive/texmf-dist/tex/latex/amsfonts/amsfonts.sty))
(/usr/share/texlive/texmf-dist/tex/latex/amscls/amsthm.sty)
(/usr/share/texlive/texmf-dist/tex/latex/amsmath/amscd.sty)
(/usr/share/texlive/texmf-dist/tex/latex/graphics/graphicx.sty
(/usr/share/texlive/texmf-dist/tex/latex/graphics/graphics.sty
(/usr/share/texlive/texmf-dist/tex/latex/graphics/trig.sty)
(/usr/share/texlive/texmf-dist/tex/latex/graphics-cfg/graphics.cfg)
(/usr/share/texlive/texmf-dist/tex/latex/graphics-def/xetex.def)))
(/usr/share/texlive/texmf-dist/tex/latex/graphics/color.sty
(/usr/share/texlive/texmf-dist/tex/latex/graphics-cfg/color.cfg)
(/usr/share/texlive/texmf-dist/tex/latex/graphics/mathcolor.ltx))
(/usr/share/texlive/texmf-dist/tex/latex/xurl/xurl.sty
(/usr/share/texlive/texmf-dist/tex/latex/url/url.sty))
(/usr/share/texlive/texmf-dist/tex/latex/hyperref/hyperref.sty
(/usr/share/texlive/texmf-dist/tex/latex/kvsetkeys/kvsetkeys.sty)
(/usr/share/texlive/texmf-dist/tex/generic/kvdefinekeys/kvdefinekeys.sty)
(/usr/share/texlive/texmf-dist/tex/generic/pdfescape/pdfescape.sty
(/usr/share/texlive/texmf-dist/tex/generic/ltxcmds/ltxcmds.sty)
(/usr/share/texlive/texmf-dist/tex/generic/pdftexcmds/pdftexcmds.sty
(/usr/share/texlive/texmf-dist/tex/generic/infwarerr/infwarerr.sty)))
(/usr/share/texlive/texmf-dist/tex/latex/hycolor/hycolor.sty)
(/usr/share/texlive/texmf-dist/tex/latex/hyperref/nameref.sty
(/usr/share/texlive/texmf-dist/tex/latex/refcount/refcount.sty)
(/usr/share/texlive/texmf-dist/tex/generic/gettitlestring/gettitlestring.sty
(/usr/share/texlive/texmf-dist/tex/latex/kvoptions/kvoptions.sty)))
(/usr/share/texlive/texmf-dist/tex/latex/etoolbox/etoolbox.sty)
(/usr/share/texlive/texmf-dist/tex/generic/stringenc/stringenc.sty)
(/usr/share/texlive/texmf-dist/tex/latex/hyperref/pd1enc.def)
(/usr/share/texlive/texmf-dist/tex/generic/intcalc/intcalc.sty)
(/usr/share/texlive/texmf-dist/tex/latex/hyperref/puenc.def)
(/usr/share/texlive/texmf-dist/tex/generic/bitset/bitset.sty
(/usr/share/texlive/texmf-dist/tex/generic/bigintcalc/bigintcalc.sty))
(/usr/share/texlive/texmf-dist/tex/latex/base/atbegshi-ltx.sty))
(/usr/share/texlive/texmf-dist/tex/latex/hyperref/hxetex.def
(/usr/share/texlive/texmf-dist/tex/latex/rerunfilecheck/rerunfilecheck.sty
(/usr/share/texlive/texmf-dist/tex/latex/base/atveryend-ltx.sty)
(/usr/share/texlive/texmf-dist/tex/generic/uniquecounter/uniquecounter.sty)))
(/usr/share/texlive/texmf-dist/tex/latex/tikz-cd/tikz-cd.sty
(/usr/share/texlive/texmf-dist/tex/latex/pgf/frontendlayer/tikz.sty
(/usr/share/texlive/texmf-dist/tex/latex/pgf/basiclayer/pgf.sty
(/usr/share/texlive/texmf-dist/tex/latex/pgf/utilities/pgfrcs.sty
(/usr/share/texlive/texmf-dist/tex/generic/pgf/utilities/pgfutil-common.tex)
(/usr/share/texlive/texmf-dist/tex/generic/pgf/utilities/pgfutil-latex.def)
(/usr/share/texlive/texmf-dist/tex/generic/pgf/utilities/pgfrcs.code.tex
(/usr/share/texlive/texmf-dist/tex/generic/pgf/pgf.revision.tex)))
(/usr/share/texlive/texmf-dist/tex/latex/pgf/basiclayer/pgfcore.sty
(/usr/share/texlive/texmf-dist/tex/latex/pgf/systemlayer/pgfsys.sty
(/usr/share/texlive/texmf-dist/tex/generic/pgf/systemlayer/pgfsys.code.tex
(/usr/share/texlive/texmf-dist/tex/generic/pgf/utilities/pgfkeys.code.tex
(/usr/share/texlive/texmf-dist/tex/generic/pgf/utilities/pgfkeyslibraryfiltered
.code.tex)) (/usr/share/texlive/texmf-dist/tex/generic/pgf/systemlayer/pgf.cfg)
(/usr/share/texlive/texmf-dist/tex/generic/pgf/systemlayer/pgfsys-xetex.def
(/usr/share/texlive/texmf-dist/tex/generic/pgf/systemlayer/pgfsys-dvipdfmx.def
(/usr/share/texlive/texmf-dist/tex/generic/pgf/systemlayer/pgfsys-common-pdf.de
f))))
(/usr/share/texlive/texmf-dist/tex/generic/pgf/systemlayer/pgfsyssoftpath.code.
tex)
(/usr/share/texlive/texmf-dist/tex/generic/pgf/systemlayer/pgfsysprotocol.code.
tex)) (/usr/share/texlive/texmf-dist/tex/latex/xcolor/xcolor.sty
(/usr/share/texlive/texmf-dist/tex/latex/graphics-cfg/color.cfg)
(/usr/share/texlive/texmf-dist/tex/latex/graphics/mathcolor.ltx))
(/usr/share/texlive/texmf-dist/tex/generic/pgf/basiclayer/pgfcore.code.tex
(/usr/share/texlive/texmf-dist/tex/generic/pgf/math/pgfmath.code.tex
(/usr/share/texlive/texmf-dist/tex/generic/pgf/math/pgfmathutil.code.tex)
(/usr/share/texlive/texmf-dist/tex/generic/pgf/math/pgfmathparser.code.tex)
(/usr/share/texlive/texmf-dist/tex/generic/pgf/math/pgfmathfunctions.code.tex)
(/usr/share/texlive/texmf-dist/tex/generic/pgf/math/pgfmathfunctions.basic.code
.tex)
(/usr/share/texlive/texmf-dist/tex/generic/pgf/math/pgfmathfunctions.trigonomet
ric.code.tex)
(/usr/share/texlive/texmf-dist/tex/generic/pgf/math/pgfmathfunctions.random.cod
e.tex)
(/usr/share/texlive/texmf-dist/tex/generic/pgf/math/pgfmathfunctions.comparison
.code.tex)
(/usr/share/texlive/texmf-dist/tex/generic/pgf/math/pgfmathfunctions.base.code.
tex)
(/usr/share/texlive/texmf-dist/tex/generic/pgf/math/pgfmathfunctions.round.code
.tex)
(/usr/share/texlive/texmf-dist/tex/generic/pgf/math/pgfmathfunctions.misc.code.
tex)
(/usr/share/texlive/texmf-dist/tex/generic/pgf/math/pgfmathfunctions.integerari
thmetics.code.tex)
(/usr/share/texlive/texmf-dist/tex/generic/pgf/math/pgfmathcalc.code.tex)
(/usr/share/texlive/texmf-dist/tex/generic/pgf/math/pgfmathfloat.code.tex))
(/usr/share/texlive/texmf-dist/tex/generic/pgf/math/pgfint.code.tex)
(/usr/share/texlive/texmf-dist/tex/generic/pgf/basiclayer/pgfcorepoints.code.te
x)
(/usr/share/texlive/texmf-dist/tex/generic/pgf/basiclayer/pgfcorepathconstruct.
code.tex)
(/usr/share/texlive/texmf-dist/tex/generic/pgf/basiclayer/pgfcorepathusage.code
.tex)
(/usr/share/texlive/texmf-dist/tex/generic/pgf/basiclayer/pgfcorescopes.code.te
x)
(/usr/share/texlive/texmf-dist/tex/generic/pgf/basiclayer/pgfcoregraphicstate.c
ode.tex)
(/usr/share/texlive/texmf-dist/tex/generic/pgf/basiclayer/pgfcoretransformation
s.code.tex)
(/usr/share/texlive/texmf-dist/tex/generic/pgf/basiclayer/pgfcorequick.code.tex
)
(/usr/share/texlive/texmf-dist/tex/generic/pgf/basiclayer/pgfcoreobjects.code.t
ex)
(/usr/share/texlive/texmf-dist/tex/generic/pgf/basiclayer/pgfcorepathprocessing
.code.tex)
(/usr/share/texlive/texmf-dist/tex/generic/pgf/basiclayer/pgfcorearrows.code.te
x)
(/usr/share/texlive/texmf-dist/tex/generic/pgf/basiclayer/pgfcoreshade.code.tex
)
(/usr/share/texlive/texmf-dist/tex/generic/pgf/basiclayer/pgfcoreimage.code.tex
)
(/usr/share/texlive/texmf-dist/tex/generic/pgf/basiclayer/pgfcoreexternal.code.
tex)
(/usr/share/texlive/texmf-dist/tex/generic/pgf/basiclayer/pgfcorelayers.code.te
x)
(/usr/share/texlive/texmf-dist/tex/generic/pgf/basiclayer/pgfcoretransparency.c
ode.tex)
(/usr/share/texlive/texmf-dist/tex/generic/pgf/basiclayer/pgfcorepatterns.code.
tex)
(/usr/share/texlive/texmf-dist/tex/generic/pgf/basiclayer/pgfcorerdf.code.tex))
)
(/usr/share/texlive/texmf-dist/tex/generic/pgf/modules/pgfmoduleshapes.code.tex
) (/usr/share/texlive/texmf-dist/tex/generic/pgf/modules/pgfmoduleplot.code.tex
)
(/usr/share/texlive/texmf-dist/tex/latex/pgf/compatibility/pgfcomp-version-0-65
.sty)
(/usr/share/texlive/texmf-dist/tex/latex/pgf/compatibility/pgfcomp-version-1-18
.sty)) (/usr/share/texlive/texmf-dist/tex/latex/pgf/utilities/pgffor.sty
(/usr/share/texlive/texmf-dist/tex/latex/pgf/utilities/pgfkeys.sty
(/usr/share/texlive/texmf-dist/tex/generic/pgf/utilities/pgfkeys.code.tex))
(/usr/share/texlive/texmf-dist/tex/latex/pgf/math/pgfmath.sty
(/usr/share/texlive/texmf-dist/tex/generic/pgf/math/pgfmath.code.tex))
(/usr/share/texlive/texmf-dist/tex/generic/pgf/utilities/pgffor.code.tex))
(/usr/share/texlive/texmf-dist/tex/generic/pgf/frontendlayer/tikz/tikz.code.tex

(/usr/share/texlive/texmf-dist/tex/generic/pgf/libraries/pgflibraryplothandlers
.code.tex)
(/usr/share/texlive/texmf-dist/tex/generic/pgf/modules/pgfmodulematrix.code.tex
)
(/usr/share/texlive/texmf-dist/tex/generic/pgf/frontendlayer/tikz/libraries/tik
zlibrarytopaths.code.tex)))
(/usr/share/texlive/texmf-dist/tex/generic/tikz-cd/tikzlibrarycd.code.tex
(/usr/share/texlive/texmf-dist/tex/generic/pgf/frontendlayer/tikz/libraries/tik
zlibrarymatrix.code.tex)
(/usr/share/texlive/texmf-dist/tex/generic/pgf/frontendlayer/tikz/libraries/tik
zlibraryquotes.code.tex)
(/usr/share/texlive/texmf-dist/tex/generic/pgf/libraries/pgflibraryarrows.meta.
code.tex))) (/usr/share/texlive/texmf-dist/tex/latex/adjustbox/adjustbox.sty
(/usr/share/texlive/texmf-dist/tex/latex/xkeyval/xkeyval.sty
(/usr/share/texlive/texmf-dist/tex/generic/xkeyval/xkeyval.tex
(/usr/share/texlive/texmf-dist/tex/generic/xkeyval/xkvutils.tex)))
(/usr/share/texlive/texmf-dist/tex/latex/adjustbox/adjcalc.sty)
(/usr/share/texlive/texmf-dist/tex/latex/adjustbox/trimclip.sty
(/usr/share/texlive/texmf-dist/tex/latex/collectbox/collectbox.sty)
(/usr/share/texlive/texmf-dist/tex/latex/adjustbox/tc-xetex.def))
(/usr/share/texlive/texmf-dist/tex/latex/ifoddpage/ifoddpage.sty)
(/usr/share/texlive/texmf-dist/tex/latex/varwidth/varwidth.sty))
(/usr/share/texlive/texmf-dist/tex/latex/lipsum/lipsum.sty
(/usr/share/texlive/texmf-dist/tex/latex/l3packages/l3keys2e/l3keys2e.sty)
(/usr/share/texlive/texmf-dist/tex/latex/lipsum/lipsum.ltd.tex))
No file 1653.aux.
*geometry* driver: auto-detecting
*geometry* detected driver: xetex

Package hyperref Warning: Rerun to get /PageLabels entry.

(/usr/share/texlive/texmf-dist/tex/latex/amsfonts/umsa.fd)
(/usr/share/texlive/texmf-dist/tex/latex/amsfonts/umsb.fd)
[1]

LaTeX Warning: Citation `Fomin-Zelevinsky-I' on page 2 undefined on input line 
122.


LaTeX Warning: Citation `Fomin-Zelevinsky-IV' on page 2 undefined on input line
 124.


LaTeX Warning: Citation `Fomin-Zelevinsky-I' on page 2 undefined on input line 
128.


LaTeX Warning: Citation `Fomin-Zelevinsky-I' on page 2 undefined on input line 
134.


LaTeX Warning: Citation `Fomin-Zelevinsky-I' on page 2 undefined on input line 
138.


LaTeX Warning: Citation `Lee-Schiffler' on page 2 undefined on input line 138.


LaTeX Warning: Citation `MSW' on page 2 undefined on input line 138.


LaTeX Warning: Citation `Schiffler' on page 2 undefined on input line 138.


LaTeX Warning: Citation `Schiffler-Thomas' on page 2 undefined on input line 13
8.


LaTeX Warning: Citation `Caldero-Reineke' on page 2 undefined on input line 138
.


LaTeX Warning: Citation `Efimov' on page 2 undefined on input line 138.


LaTeX Warning: Citation `Kimura-Qin' on page 2 undefined on input line 138.


LaTeX Warning: Citation `Qin' on page 2 undefined on input line 138.


LaTeX Warning: Citation `Nakajima' on page 2 undefined on input line 138.


LaTeX Warning: Citation `GHKK' on page 2 undefined on input line 138.


LaTeX Warning: Citation `FST-triangulatedSurfaces' on page 2 undefined on input
 line 144.


Package hyperref Warning: Suppressing link with empty target on input line 144.



[2]

LaTeX Warning: Citation `FT-II' on page 3 undefined on input line 157.


LaTeX Warning: Citation `MSW' on page 3 undefined on input line 165.


[3]

LaTeX Warning: Citation `MSW' on page 4 undefined on input line 177.


LaTeX Warning: Citation `MSW' on page 4 undefined on input line 184.


LaTeX Warning: Citation `MSW' on page 4 undefined on input line 188.


LaTeX Warning: Citation `MSW' on page 4 undefined on input line 194.


LaTeX Warning: Citation `MSW' on page 4 undefined on input line 204.


LaTeX Warning: Citation `MW' on page 4 undefined on input line 210.


LaTeX Warning: Reference `theorem:clusterExpansion_ordinary' on page 4 undefine
d on input line 210.


LaTeX Warning: Citation `MW' on page 4 undefined on input line 210.


LaTeX Warning: Citation `MSW-bases' on page 4 undefined on input line 212.


LaTeX Warning: Citation `Propp' on page 4 undefined on input line 212.


LaTeX Warning: Citation `MSW-bases' on page 4 undefined on input line 214.


[4]

LaTeX Warning: Citation `FT-II' on page 5 undefined on input line 220.


LaTeX Warning: Citation `Thurston2' on page 5 undefined on input line 220.


LaTeX Warning: Citation `Fock-Goncharov' on page 5 undefined on input line 220.



LaTeX Warning: Citation `Thurston2' on page 5 undefined on input line 220.


LaTeX Warning: Citation `FT-II' on page 5 undefined on input line 222.


LaTeX Warning: Citation `Thurston2' on page 5 undefined on input line 231.


LaTeX Warning: Citation `FT-II' on page 5 undefined on input line 233.


LaTeX Warning: Citation `Fomin-Zelevinsky-I' on page 5 undefined on input line 
254.


LaTeX Warning: Citation `Chekhov-Shapiro' on page 5 undefined on input line 254
.


LaTeX Warning: Citation `Chekhov' on page 5 undefined on input line 254.


LaTeX Warning: Citation `Chekhov-Mazzocco-Yangians' on page 5 undefined on inpu
t line 254.


[5]

LaTeX Warning: Citation `Chekhov-Shapiro' on page 6 undefined on input line 256
.


LaTeX Warning: Citation `Nakanishi' on page 6 undefined on input line 256.


LaTeX Warning: Citation `Chekhov-Shapiro' on page 6 undefined on input line 258
.


LaTeX Warning: Citation `Nakanishi' on page 6 undefined on input line 258.


LaTeX Warning: Citation `Chekhov-Shapiro' on page 6 undefined on input line 262
.


LaTeX Warning: Citation `Chekhov-Shapiro' on page 6 undefined on input line 269
.


LaTeX Warning: Citation `Nakanishi' on page 6 undefined on input line 273.


LaTeX Warning: Citation `Nakanishi-Rupel' on page 6 undefined on input line 273
.


LaTeX Warning: Citation `Paquette-Schiffler' on page 6 undefined on input line 
273.


LaTeX Warning: Citation `Satake' on page 6 undefined on input line 277.


LaTeX Warning: Citation `Thurston' on page 6 undefined on input line 277.


LaTeX Warning: Citation `FST-triangulatedSurfaces' on page 6 undefined on input
 line 278.


LaTeX Warning: Citation `FT-II' on page 6 undefined on input line 278.


LaTeX Warning: Citation `FST-orbTriang' on page 6 undefined on input line 278.


LaTeX Warning: Citation `FST-orbTriang' on page 6 undefined on input line 278.


LaTeX Warning: Citation `Felikson-Shapiro-Tumarkin' on page 6 undefined on inpu
t line 285.


LaTeX Warning: Citation `Felikson-Shapiro-Tumarkin' on page 6 undefined on inpu
t line 285.


[6]

LaTeX Warning: Citation `Chekhov-Shapiro' on page 7 undefined on input line 288
.


LaTeX Warning: Citation `L-FV' on page 7 undefined on input line 288.


LaTeX Warning: Citation `HJ' on page 7 undefined on input line 288.


LaTeX Warning: Citation `Felikson-Shapiro-Tumarkin' on page 7 undefined on inpu
t line 303.


LaTeX Warning: Citation `Felikson-Shapiro-Tumarkin' on page 7 undefined on inpu
t line 304.


LaTeX Warning: Citation `Felikson-Shapiro-Tumarkin' on page 7 undefined on inpu
t line 316.


LaTeX Warning: Citation `Felikson-Tumarkin' on page 7 undefined on input line 3
16.


LaTeX Warning: Citation `Canakci-Tumarkin' on page 7 undefined on input line 31
6.


[7]

LaTeX Warning: Reference `sec:ordinaryClusterAlgebras' on page 8 undefined on i
nput line 320.


LaTeX Warning: Citation `FST-orbTriang' on page 8 undefined on input line 322.


LaTeX Warning: Citation `Felikson-Shapiro-Tumarkin' on page 8 undefined on inpu
t line 322.


LaTeX Warning: Citation `Chekhov-Shapiro' on page 8 undefined on input line 322
.


LaTeX Warning: Citation `Fomin-Zelevinsky-LP' on page 8 undefined on input line
 323.


LaTeX Warning: Citation `Fomin-Zelevinsky-CAII' on page 8 undefined on input li
ne 323.


LaTeX Warning: Citation `L-FV' on page 8 undefined on input line 323.


LaTeX Warning: Citation `FST-orbTriang' on page 8 undefined on input line 325.


LaTeX Warning: Citation `Chekhov-Shapiro' on page 8 undefined on input line 325
.


LaTeX Warning: Citation `L-FV' on page 8 undefined on input line 325.


LaTeX Warning: Citation `FST-orbTriang' on page 8 undefined on input line 335.


LaTeX Warning: Citation `FT-II' on page 8 undefined on input line 335.


LaTeX Warning: Citation `FST-orbTriang' on page 8 undefined on input line 337.


[8]
[9]

LaTeX Warning: Reference `fig:LamFlipPending' on page 10 undefined on input lin
e 477.


LaTeX Warning: Citation `Felikson-Shapiro-Tumarkin' on page 10 undefined on inp
ut line 480.


LaTeX Warning: Citation `NZ' on page 10 undefined on input line 480.


Package hyperref Warning: Suppressing link with empty target on input line 485.



Package hyperref Warning: Suppressing link with empty target on input line 485.



[10]

LaTeX Warning: Reference `lem:ChebyPeriodic' on page 11 undefined on input line
 518.


LaTeX Warning: Reference `lem:Mpathdontcare' on page 11 undefined on input line
 518.


LaTeX Warning: Reference `lem:ChebyshevMatrices' on page 11 undefined on input 
line 518.


LaTeX Warning: Citation `MW' on page 11 undefined on input line 531.


Package hyperref Warning: Suppressing link with empty target on input line 531.



[11]

LaTeX Warning: Reference `subsec:LiftGenArc' on page 12 undefined on input line
 540.


LaTeX Warning: Reference `sec:universalSnakeGraph' on page 12 undefined on inpu
t line 540.


LaTeX Warning: Reference `lem:ChebyshevMatrices' on page 12 undefined on input 
line 540.


LaTeX Warning: Reference `lem:ChebyPeriodic' on page 12 undefined on input line
 555.


Package hyperref Warning: Token not allowed in a PDF string (Unicode):
(hyperref)                removing `math shift' on input line 557.


Package hyperref Warning: Token not allowed in a PDF string (Unicode):
(hyperref)                removing `subscript' on input line 557.


Package hyperref Warning: Token not allowed in a PDF string (Unicode):
(hyperref)                removing `\gamma' on input line 557.


Package hyperref Warning: Token not allowed in a PDF string (Unicode):
(hyperref)                removing `math shift' on input line 557.


[12]

LaTeX Warning: Citation `MW' on page 13 undefined on input line 565.


LaTeX Warning: Reference `section:snakeGraphs' on page 13 undefined on input li
ne 569.


LaTeX Warning: Citation `MSW' on page 13 undefined on input line 569.


Package hyperref Warning: Token not allowed in a PDF string (Unicode):
(hyperref)                removing `math shift' on input line 583.


Package hyperref Warning: Token not allowed in a PDF string (Unicode):
(hyperref)                removing `\setbox' on input line 583.


Package hyperref Warning: Token not allowed in a PDF string (Unicode):
(hyperref)                removing `\z@' on input line 583.


Package hyperref Warning: Token not allowed in a PDF string (Unicode):
(hyperref)                removing `\hbox' on input line 583.


Package hyperref Warning: Token not allowed in a PDF string (Unicode):
(hyperref)                removing `\mathsurround' on input line 583.


Package hyperref Warning: Token not allowed in a PDF string (Unicode):
(hyperref)                removing `\z@' on input line 583.


Package hyperref Warning: Token not allowed in a PDF string (Unicode):
(hyperref)                removing `math shift' on input line 583.


Package hyperref Warning: Token not allowed in a PDF string (Unicode):
(hyperref)                removing `\textstyle' on input line 583.


Package hyperref Warning: Token not allowed in a PDF string (Unicode):
(hyperref)                removing `subscript' on input line 583.


Package hyperref Warning: Token not allowed in a PDF string (Unicode):
(hyperref)                removing `\gamma' on input line 583.


Package hyperref Warning: Token not allowed in a PDF string (Unicode):
(hyperref)                removing `math shift' on input line 583.


Package hyperref Warning: Token not allowed in a PDF string (Unicode):
(hyperref)                removing `\mathaccent' on input line 583.


Package hyperref Warning: Token not allowed in a PDF string (Unicode):
(hyperref)                removing `subscript' on input line 583.


Package hyperref Warning: Token not allowed in a PDF string (Unicode):
(hyperref)                removing `\gamma' on input line 583.


Package hyperref Warning: Token not allowed in a PDF string (Unicode):
(hyperref)                removing `math shift' on input line 583.


LaTeX Warning: Citation `MSW' on page 13 undefined on input line 589.


LaTeX Warning: Reference `Sec:mapSection' on page 13 undefined on input line 59
0.


[13]
[14]

LaTeX Warning: Citation `MSW' on page 15 undefined on input line 735.


LaTeX Warning: Citation `MSW' on page 15 undefined on input line 741.


LaTeX Warning: Citation `MSW' on page 15 undefined on input line 767.


LaTeX Warning: Citation `MSW' on page 15 undefined on input line 769.


[15]

LaTeX Warning: Citation `MSW' on page 16 undefined on input line 778.


LaTeX Warning: Citation `MSW' on page 16 undefined on input line 804.


Package hyperref Warning: Token not allowed in a PDF string (Unicode):
(hyperref)                removing `math shift' on input line 814.


Package hyperref Warning: Token not allowed in a PDF string (Unicode):
(hyperref)                removing `\setbox' on input line 814.


Package hyperref Warning: Token not allowed in a PDF string (Unicode):
(hyperref)                removing `\z@' on input line 814.


Package hyperref Warning: Token not allowed in a PDF string (Unicode):
(hyperref)                removing `\hbox' on input line 814.


Package hyperref Warning: Token not allowed in a PDF string (Unicode):
(hyperref)                removing `\mathsurround' on input line 814.


Package hyperref Warning: Token not allowed in a PDF string (Unicode):
(hyperref)                removing `\z@' on input line 814.


Package hyperref Warning: Token not allowed in a PDF string (Unicode):
(hyperref)                removing `math shift' on input line 814.


Package hyperref Warning: Token not allowed in a PDF string (Unicode):
(hyperref)                removing `\textstyle' on input line 814.


Package hyperref Warning: Token not allowed in a PDF string (Unicode):
(hyperref)                removing `subscript' on input line 814.


Package hyperref Warning: Token not allowed in a PDF string (Unicode):
(hyperref)                removing `\gamma' on input line 814.


Package hyperref Warning: Token not allowed in a PDF string (Unicode):
(hyperref)                removing `math shift' on input line 814.


Package hyperref Warning: Token not allowed in a PDF string (Unicode):
(hyperref)                removing `\mathaccent' on input line 814.


Package hyperref Warning: Token not allowed in a PDF string (Unicode):
(hyperref)                removing `subscript' on input line 814.


Package hyperref Warning: Token not allowed in a PDF string (Unicode):
(hyperref)                removing `\gamma' on input line 814.


Package hyperref Warning: Token not allowed in a PDF string (Unicode):
(hyperref)                removing `math shift' on input line 814.


Package hyperref Warning: Token not allowed in a PDF string (Unicode):
(hyperref)                removing `math shift' on input line 814.


Package hyperref Warning: Token not allowed in a PDF string (Unicode):
(hyperref)                removing `\phi' on input line 814.


Package hyperref Warning: Token not allowed in a PDF string (Unicode):
(hyperref)                removing `subscript' on input line 814.


Package hyperref Warning: Token not allowed in a PDF string (Unicode):
(hyperref)                removing `\gamma' on input line 814.


Package hyperref Warning: Token not allowed in a PDF string (Unicode):
(hyperref)                removing `math shift' on input line 814.


LaTeX Warning: Reference `subsec:genCAfromOrb' on page 16 undefined on input li
ne 824.


[16]

LaTeX Warning: Citation `BFZ' on page 17 undefined on input line 830.


LaTeX Warning: Reference `prop:Agamma' on page 17 undefined on input line 833.


Package hyperref Warning: Suppressing link with empty target on input line 876.



[17]

LaTeX Warning: Reference `eq:liftPtolemy' on page 18 undefined on input line 90
8.


Package hyperref Warning: Token not allowed in a PDF string (Unicode):
(hyperref)                removing `math shift' on input line 919.


Package hyperref Warning: Token not allowed in a PDF string (Unicode):
(hyperref)                removing `\phi' on input line 919.


Package hyperref Warning: Token not allowed in a PDF string (Unicode):
(hyperref)                removing `subscript' on input line 919.


Package hyperref Warning: Token not allowed in a PDF string (Unicode):
(hyperref)                removing `\gamma' on input line 919.


Package hyperref Warning: Token not allowed in a PDF string (Unicode):
(hyperref)                removing `subscript' on input line 919.


Package hyperref Warning: Token not allowed in a PDF string (Unicode):
(hyperref)                removing `\setbox' on input line 919.


Package hyperref Warning: Token not allowed in a PDF string (Unicode):
(hyperref)                removing `\z@' on input line 919.


Package hyperref Warning: Token not allowed in a PDF string (Unicode):
(hyperref)                removing `\hbox' on input line 919.


Package hyperref Warning: Token not allowed in a PDF string (Unicode):
(hyperref)                removing `\mathsurround' on input line 919.


Package hyperref Warning: Token not allowed in a PDF string (Unicode):
(hyperref)                removing `\z@' on input line 919.


Package hyperref Warning: Token not allowed in a PDF string (Unicode):
(hyperref)                removing `math shift' on input line 919.


Package hyperref Warning: Token not allowed in a PDF string (Unicode):
(hyperref)                removing `\textstyle' on input line 919.


Package hyperref Warning: Token not allowed in a PDF string (Unicode):
(hyperref)                removing `\gamma' on input line 919.


Package hyperref Warning: Token not allowed in a PDF string (Unicode):
(hyperref)                removing `math shift' on input line 919.


Package hyperref Warning: Token not allowed in a PDF string (Unicode):
(hyperref)                removing `\mathaccent' on input line 919.


Package hyperref Warning: Token not allowed in a PDF string (Unicode):
(hyperref)                removing `\gamma' on input line 919.


Package hyperref Warning: Token not allowed in a PDF string (Unicode):
(hyperref)                removing `subscript' on input line 919.


Package hyperref Warning: Token not allowed in a PDF string (Unicode):
(hyperref)                removing `\gamma' on input line 919.


Package hyperref Warning: Token not allowed in a PDF string (Unicode):
(hyperref)                removing `math shift' on input line 919.


LaTeX Warning: Reference `Sec:mapSection' on page 18 undefined on input line 92
1.


LaTeX Warning: Citation `MSW' on page 18 undefined on input line 921.


LaTeX Warning: Citation `Musiker-Schiffler' on page 18 undefined on input line 
921.


LaTeX Warning: Citation `MSW' on page 18 undefined on input line 927.


LaTeX Warning: Reference `lem:QuadAndBigon' on page 18 undefined on input line 
927.


LaTeX Warning: Citation `MSW' on page 18 undefined on input line 929.


LaTeX Warning: Reference `lem:QuadAndBigon' on page 18 undefined on input line 
931.


LaTeX Warning: Reference `prop:ShearCoordMutation' on page 18 undefined on inpu
t line 931.


[18]

LaTeX Warning: Citation `MSW' on page 19 undefined on input line 962.


LaTeX Warning: Reference `phimapsys' on page 19 undefined on input line 969.


LaTeX Warning: Reference `lem:QuadAndBigon' on page 19 undefined on input line 
971.


LaTeX Warning: Citation `MSW' on page 19 undefined on input line 971.


LaTeX Warning: Reference `phimapsys' on page 19 undefined on input line 977.


LaTeX Warning: Reference `sec:generalizedLaminations' on page 19 undefined on i
nput line 982.


[19]

LaTeX Warning: Reference `fig:LamFlipPending' on page 20 undefined on input lin
e 1054.


LaTeX Warning: Reference `genmutate' on page 20 undefined on input line 1061.


LaTeX Warning: Citation `MW' on page 20 undefined on input line 1065.


[20]

LaTeX Warning: Citation `MSW' on page 21 undefined on input line 1096.


LaTeX Warning: Reference `standardcrossespending' on page 21 undefined on input
 line 1096.


LaTeX Warning: Reference `phimapsys' on page 21 undefined on input line 1126.


LaTeX Warning: Reference `Thm:GenSnake+' on page 21 undefined on input line 112
6.


LaTeX Warning: Reference `Thm:GenSnake+' on page 21 undefined on input line 112
8.


LaTeX Warning: Reference `Proposition5' on page 21 undefined on input line 1129
.


LaTeX Warning: Citation `MSW' on page 21 undefined on input line 1131.


[21]

LaTeX Warning: Reference `Sec:Construction' on page 22 undefined on input line 
1137.


LaTeX Warning: Citation `MW' on page 22 undefined on input line 1139.


LaTeX Warning: Citation `MW' on page 22 undefined on input line 1143.


LaTeX Warning: Citation `MW' on page 22 undefined on input line 1143.


LaTeX Warning: Citation `MW' on page 22 undefined on input line 1143.


[22]

LaTeX Warning: Citation `Canakci-Schiffler' on page 23 undefined on input line 
1170.


LaTeX Warning: Reference `Sec:Construction' on page 23 undefined on input line 
1171.


LaTeX Warning: Citation `MW' on page 23 undefined on input line 1189.


LaTeX Warning: Reference `Thm:PMPoset' on page 23 undefined on input line 1192.



LaTeX Warning: Reference `PMUniversalSnake' on page 23 undefined on input line 
1192.


[23]

LaTeX Warning: Reference `section:snakeGraphs' on page 24 undefined on input li
ne 1202.


[24]

LaTeX Warning: Citation `MW' on page 25 undefined on input line 1232.


[25]
Underfull \hbox (badness 1603) in paragraph at lines 1258--1259
[]\TU/LatinModernRoman(0)/m/n/10.95 Let $\OML/cmm/m/it/10.95 S[]$\TU/LatinModer
nRoman(0)/m/n/10.95 , $\OML/cmm/m/it/10.95 S[]$\TU/LatinModernRoman(0)/m/n/10.9
5 , $\OML/cmm/m/it/10.95 S[]$\TU/LatinModernRoman(0)/m/n/10.95 , $\OML/cmm/m/it
/10.95 S[]$ \TU/LatinModernRoman(0)/m/n/10.95 be the sets of matchings satisfyi
ng the description in the propo-

Underfull \hbox (badness 1603) in paragraph at lines 1258--1259
\TU/LatinModernRoman(0)/m/n/10.95 sition for the specified subgraph $\OML/cmm/m
/it/10.95 UG[]$\TU/LatinModernRoman(0)/m/n/10.95 . Then, we have that all match
ings in $\OML/cmm/m/it/10.95 S[]$ \TU/LatinModernRoman(0)/m/n/10.95 corre-

Underfull \hbox (badness 1694) in paragraph at lines 1258--1259
\TU/LatinModernRoman(0)/m/n/10.95 spond either to a matching in $\OML/cmm/m/it/
10.95 S[]$ \TU/LatinModernRoman(0)/m/n/10.95 or in $\OML/cmm/m/it/10.95 S[]$ \T
U/LatinModernRoman(0)/m/n/10.95 via the following correspondence. Matchings

Underfull \hbox (badness 1048) in paragraph at lines 1258--1259
\TU/LatinModernRoman(0)/m/n/10.95 in $\OML/cmm/m/it/10.95 S[]$ \TU/LatinModernR
oman(0)/m/n/10.95 use both $\OML/cmm/m/it/10.95 a$ \TU/LatinModernRoman(0)/m/n/
10.95 and $\OML/cmm/m/it/10.95 w$\TU/LatinModernRoman(0)/m/n/10.95 ; because $\
OML/cmm/m/it/10.95 n$ \TU/LatinModernRoman(0)/m/n/10.95 is even, they must also
 use either $\OML/cmm/m/it/10.95 `[]$ \TU/LatinModernRoman(0)/m/n/10.95 or $\OM
L/cmm/m/it/10.95 b[]$\TU/LatinModernRoman(0)/m/n/10.95 . If

Underfull \hbox (badness 1796) in paragraph at lines 1258--1259
\TU/LatinModernRoman(0)/m/n/10.95 one of these matchings uses $\OML/cmm/m/it/10
.95 `[]$\TU/LatinModernRoman(0)/m/n/10.95 , it uniquely corresponds to a matchi
ng of $\OML/cmm/m/it/10.95 UG[]$ \TU/LatinModernRoman(0)/m/n/10.95 which

LaTeX Warning: Reference `prop:MatchingMatrices' on page 26 undefined on input 
line 1268.


LaTeX Warning: Citation `MW' on page 26 undefined on input line 1268.


[26]

LaTeX Warning: Reference `prop:MatchingMatrices' on page 27 undefined on input 
line 1286.


LaTeX Warning: Reference `eq:ExpandUR' on page 27 undefined on input line 1298.



LaTeX Warning: Reference `def:genArc' on page 27 undefined on input line 1301.


LaTeX Warning: Reference `def:closedcurve' on page 27 undefined on input line 1
301.


LaTeX Warning: Reference `sec:$M$-path' on page 27 undefined on input line 1307
.


Package hyperref Warning: Suppressing link with empty target on input line 1307
.


[27]

LaTeX Warning: Citation `Schiffler-Thomas' on page 28 undefined on input line 1
309.


LaTeX Warning: Citation `Musiker-Gunawan' on page 28 undefined on input line 13
09.


[28]

LaTeX Warning: Citation `Lang' on page 29 undefined on input line 1382.


LaTeX Warning: Reference `def:Chebyshev' on page 29 undefined on input line 138
5.


LaTeX Warning: Reference `Sec:Construction' on page 29 undefined on input line 
1388.


LaTeX Warning: Reference `lem:ChebyshevMatrices' on page 29 undefined on input 
line 1388.


Package hyperref Warning: Token not allowed in a PDF string (Unicode):
(hyperref)                removing `math shift' on input line 1390.


Package hyperref Warning: Token not allowed in a PDF string (Unicode):
(hyperref)                removing `math shift' on input line 1390.


LaTeX Warning: Citation `MW' on page 29 undefined on input line 1392.


LaTeX Warning: Reference `Thm:ArcsAndGraphs' on page 29 undefined on input line
 1392.


LaTeX Warning: Reference `sec:StandardMPath' on page 29 undefined on input line
 1394.


LaTeX Warning: Citation `MW' on page 29 undefined on input line 1425.


[29]

LaTeX Warning: Citation `MW' on page 30 undefined on input line 1459.


Package hyperref Warning: Token not allowed in a PDF string (Unicode):
(hyperref)                removing `math shift' on input line 1491.


Package hyperref Warning: Token not allowed in a PDF string (Unicode):
(hyperref)                removing `math shift' on input line 1491.


[30]
[31]

LaTeX Warning: Reference `fig:MPathRules' on page 32 undefined on input line 16
50.


LaTeX Warning: Reference `fig:MPathRules' on page 32 undefined on input line 16
52.


LaTeX Warning: Reference `fig:MPathRules' on page 32 undefined on input line 16
54.


LaTeX Warning: Reference `fig:MPathRules' on page 32 undefined on input line 16
56.


LaTeX Warning: Reference `fig:MPathRules' on page 32 undefined on input line 16
58.


LaTeX Warning: Reference `fig:MPathRulesStart' on page 32 undefined on input li
ne 1680.


LaTeX Warning: Reference `fig:MPathRulesStart' on page 32 undefined on input li
ne 1682.


LaTeX Warning: Reference `fig:MPathRulesStart' on page 32 undefined on input li
ne 1739.


[32]

Package hyperref Warning: Token not allowed in a PDF string (Unicode):
(hyperref)                removing `math shift' on input line 1745.


Package hyperref Warning: Token not allowed in a PDF string (Unicode):
(hyperref)                removing `math shift' on input line 1745.


LaTeX Warning: Citation `MW' on page 33 undefined on input line 1747.


LaTeX Warning: Citation `MW' on page 33 undefined on input line 1749.


LaTeX Warning: Reference `lem:Mpathdontcare' on page 33 undefined on input line
 1753.


[33]

LaTeX Warning: Reference `eqn:negchebymatrix' on page 34 undefined on input lin
e 1775.


LaTeX Warning: Reference `lem:ChebyshevMatrices' on page 34 undefined on input 
line 1778.


LaTeX Warning: Reference `prop:MatchingMatrices' on page 34 undefined on input 
line 1778.


LaTeX Warning: Reference `lem:Mpathdontcare' on page 34 undefined on input line
 1781.


LaTeX Warning: Reference `lem:MWMPathDontCare' on page 34 undefined on input li
ne 1786.


LaTeX Warning: Reference `lem:Mpathdontcare' on page 34 undefined on input line
 1786.


LaTeX Warning: Citation `MW' on page 34 undefined on input line 1788.


LaTeX Warning: Citation `MSW-bases' on page 34 undefined on input line 1792.


LaTeX Warning: Citation `MSW-bases' on page 34 undefined on input line 1799.


Package hyperref Warning: Suppressing link with empty target on input line 1799
.


LaTeX Warning: Citation `MSW-bases' on page 34 undefined on input line 1801.


LaTeX Warning: Reference `def:Chebyshev' on page 34 undefined on input line 181
0.


LaTeX Warning: Reference `def:ChebyShevFirstKind' on page 34 undefined on input
 line 1810.


LaTeX Warning: Reference `lem:RelatingChebyshev' on page 34 undefined on input 
line 1815.


LaTeX Warning: Reference `prop:MSWChebyshev' on page 34 undefined on input line
 1817.


LaTeX Warning: Reference `lem:ChebyshevMatrices' on page 34 undefined on input 
line 1818.


LaTeX Warning: Reference `lem:RelatingChebyshev' on page 34 undefined on input 
line 1818.


LaTeX Warning: Citation `MSW-bases' on page 34 undefined on input line 1818.


[34]

LaTeX Warning: Reference `Thm:ArcsAndGraphs' on page 35 undefined on input line
 1829.


LaTeX Warning: Citation `MW' on page 35 undefined on input line 1831.


LaTeX Warning: Citation `FG3' on page 35 undefined on input line 1831.


LaTeX Warning: Citation `Chekhov-Shapiro' on page 35 undefined on input line 18
33.


LaTeX Warning: Reference `eqn:chebymatrix' on page 35 undefined on input line 1
836.


LaTeX Warning: Reference `sec:orbifolds' on page 35 undefined on input line 183
6.


LaTeX Warning: Reference `thm:upperright' on page 35 undefined on input line 18
53.


[35]

LaTeX Warning: Reference `lem:ChebyshevMatrices' on page 36 undefined on input 
line 1875.


[36]

LaTeX Warning: Reference `prop:MatchingMatrices' on page 37 undefined on input 
line 1885.


LaTeX Warning: Reference `thm:upperright' on page 37 undefined on input line 18
88.


LaTeX Warning: Reference `Thm:ArcsAndGraphs' on page 37 undefined on input line
 1892.


LaTeX Warning: Reference `lem:ChebyPeriodic' on page 37 undefined on input line
 1896.


LaTeX Warning: Reference `lem:polygonlength' on page 37 undefined on input line
 1896.


[37]
[38]
[39] (build/1653.aux)

LaTeX Warning: There were undefined references.


LaTeX Warning: Label(s) may have changed. Rerun to get cross-references right.


Package rerunfilecheck Warning: File `1653.out' has changed.
(rerunfilecheck)                Rerun to get outlines right
(rerunfilecheck)                or use package `bookmark'.

 )
(see the transcript file for additional information)
Output written on build/1653.pdf (39 pages).
Transcript written on build/1653.log.
