This is XeTeX, Version 3.141592653-2.6-0.999996 (TeX Live 2025/dev/Debian) (preloaded format=xelatex)
entering extended mode
(./1619.tex
LaTeX2e <2024-11-01> patch level 2
L3 programming layer <2025-01-18>
(/usr/share/texlive/texmf-dist/tex/latex/base/article.cls
Document Class: article 2024/06/29 v1.4n Standard LaTeX document class
(/usr/share/texlive/texmf-dist/tex/latex/base/size11.clo))
(/usr/share/texlive/texmf-dist/tex/latex/geometry/geometry.sty
(/usr/share/texlive/texmf-dist/tex/latex/graphics/keyval.sty)
(/usr/share/texlive/texmf-dist/tex/generic/iftex/ifvtex.sty
(/usr/share/texlive/texmf-dist/tex/generic/iftex/iftex.sty)))
(/usr/share/texlive/texmf-dist/tex/latex/fontspec/fontspec.sty
(/usr/share/texlive/texmf-dist/tex/latex/l3packages/xparse/xparse.sty
(/usr/share/texlive/texmf-dist/tex/latex/l3kernel/expl3.sty
(/usr/share/texlive/texmf-dist/tex/latex/l3backend/l3backend-xetex.def)))
(/usr/share/texlive/texmf-dist/tex/latex/fontspec/fontspec-xetex.sty
(/usr/share/texlive/texmf-dist/tex/latex/base/fontenc.sty)
(/usr/share/texlive/texmf-dist/tex/latex/fontspec/fontspec.cfg)))
(/usr/share/texlive/texmf-dist/tex/latex/amsmath/amsmath.sty
For additional information on amsmath, use the `?' option.
(/usr/share/texlive/texmf-dist/tex/latex/amsmath/amstext.sty
(/usr/share/texlive/texmf-dist/tex/latex/amsmath/amsgen.sty))
(/usr/share/texlive/texmf-dist/tex/latex/amsmath/amsbsy.sty)
(/usr/share/texlive/texmf-dist/tex/latex/amsmath/amsopn.sty))
(/usr/share/texlive/texmf-dist/tex/latex/amsfonts/amssymb.sty
(/usr/share/texlive/texmf-dist/tex/latex/amsfonts/amsfonts.sty))
(/usr/share/texlive/texmf-dist/tex/latex/amscls/amsthm.sty)
(/usr/share/texlive/texmf-dist/tex/latex/amsmath/amscd.sty)
(/usr/share/texlive/texmf-dist/tex/latex/graphics/graphicx.sty
(/usr/share/texlive/texmf-dist/tex/latex/graphics/graphics.sty
(/usr/share/texlive/texmf-dist/tex/latex/graphics/trig.sty)
(/usr/share/texlive/texmf-dist/tex/latex/graphics-cfg/graphics.cfg)
(/usr/share/texlive/texmf-dist/tex/latex/graphics-def/xetex.def)))
(/usr/share/texlive/texmf-dist/tex/latex/graphics/color.sty
(/usr/share/texlive/texmf-dist/tex/latex/graphics-cfg/color.cfg)
(/usr/share/texlive/texmf-dist/tex/latex/graphics/mathcolor.ltx))
(/usr/share/texlive/texmf-dist/tex/latex/xurl/xurl.sty
(/usr/share/texlive/texmf-dist/tex/latex/url/url.sty))
(/usr/share/texlive/texmf-dist/tex/latex/hyperref/hyperref.sty
(/usr/share/texlive/texmf-dist/tex/latex/kvsetkeys/kvsetkeys.sty)
(/usr/share/texlive/texmf-dist/tex/generic/kvdefinekeys/kvdefinekeys.sty)
(/usr/share/texlive/texmf-dist/tex/generic/pdfescape/pdfescape.sty
(/usr/share/texlive/texmf-dist/tex/generic/ltxcmds/ltxcmds.sty)
(/usr/share/texlive/texmf-dist/tex/generic/pdftexcmds/pdftexcmds.sty
(/usr/share/texlive/texmf-dist/tex/generic/infwarerr/infwarerr.sty)))
(/usr/share/texlive/texmf-dist/tex/latex/hycolor/hycolor.sty)
(/usr/share/texlive/texmf-dist/tex/latex/hyperref/nameref.sty
(/usr/share/texlive/texmf-dist/tex/latex/refcount/refcount.sty)
(/usr/share/texlive/texmf-dist/tex/generic/gettitlestring/gettitlestring.sty
(/usr/share/texlive/texmf-dist/tex/latex/kvoptions/kvoptions.sty)))
(/usr/share/texlive/texmf-dist/tex/latex/etoolbox/etoolbox.sty)
(/usr/share/texlive/texmf-dist/tex/generic/stringenc/stringenc.sty)
(/usr/share/texlive/texmf-dist/tex/latex/hyperref/pd1enc.def)
(/usr/share/texlive/texmf-dist/tex/generic/intcalc/intcalc.sty)
(/usr/share/texlive/texmf-dist/tex/latex/hyperref/puenc.def)
(/usr/share/texlive/texmf-dist/tex/generic/bitset/bitset.sty
(/usr/share/texlive/texmf-dist/tex/generic/bigintcalc/bigintcalc.sty))
(/usr/share/texlive/texmf-dist/tex/latex/base/atbegshi-ltx.sty))
(/usr/share/texlive/texmf-dist/tex/latex/hyperref/hxetex.def
(/usr/share/texlive/texmf-dist/tex/latex/rerunfilecheck/rerunfilecheck.sty
(/usr/share/texlive/texmf-dist/tex/latex/base/atveryend-ltx.sty)
(/usr/share/texlive/texmf-dist/tex/generic/uniquecounter/uniquecounter.sty)))
(/usr/share/texlive/texmf-dist/tex/latex/jknapltx/mathrsfs.sty)
No file 1619.aux.
*geometry* driver: auto-detecting
*geometry* detected driver: xetex

Package hyperref Warning: Rerun to get /PageLabels entry.

(/usr/share/texlive/texmf-dist/tex/latex/amsfonts/umsa.fd)
(/usr/share/texlive/texmf-dist/tex/latex/amsfonts/umsb.fd)
(/usr/share/texlive/texmf-dist/tex/latex/jknapltx/ursfs.fd)

Package hyperref Warning: Token not allowed in a PDF string (Unicode):
(hyperref)                removing `math shift' on input line 69.


Package hyperref Warning: Token not allowed in a PDF string (Unicode):
(hyperref)                removing `math shift' on input line 69.


LaTeX Warning: Citation `Bla:KOA' on page 1 undefined on input line 70.


LaTeX Warning: Citation `JeTh:EKT' on page 1 undefined on input line 70.


LaTeX Warning: Citation `Kas:OFE' on page 1 undefined on input line 70.


[1]

LaTeX Warning: Citation `Lan:HCM' on page 2 undefined on input line 88.


LaTeX Warning: Reference `p:unbhom' on page 2 undefined on input line 97.


LaTeX Warning: Reference `l:coucom' on page 2 undefined on input line 97.


LaTeX Warning: Citation `Bla:KOA' on page 2 undefined on input line 111.


LaTeX Warning: Citation `BaJu:TBK' on page 2 undefined on input line 120.


LaTeX Warning: Citation `Lan:HCM' on page 2 undefined on input line 120.


LaTeX Warning: Citation `Wor:UAQ' on page 2 undefined on input line 120.


LaTeX Warning: Citation `WoNa:OTC' on page 2 undefined on input line 120.


LaTeX Warning: Citation `Lan:HCM' on page 2 undefined on input line 120.


[2]

LaTeX Warning: Citation `BaJu:TBK' on page 3 undefined on input line 150.


LaTeX Warning: Citation `BaJu:TBK' on page 3 undefined on input line 158.


LaTeX Warning: Citation `Lan:HCM' on page 3 undefined on input line 160.


[3]

LaTeX Warning: Reference `d:spedec' on page 4 undefined on input line 191.


LaTeX Warning: Citation `Kaa:DAH' on page 4 undefined on input line 203.


LaTeX Warning: Reference `d:spedec' on page 4 undefined on input line 208.


LaTeX Warning: Reference `p:degbou' on page 4 undefined on input line 208.


LaTeX Warning: Reference `d:spedec' on page 4 undefined on input line 208.


LaTeX Warning: Reference `d:spedec' on page 4 undefined on input line 220.


LaTeX Warning: Reference `l:spezer' on page 4 undefined on input line 233.


LaTeX Warning: Citation `Ska:SRK' on page 4 undefined on input line 233.


LaTeX Warning: Reference `l:spezer' on page 4 undefined on input line 233.


[4]

LaTeX Warning: Citation `Ska:SRK' on page 5 undefined on input line 237.


LaTeX Warning: Reference `s:boukas' on page 5 undefined on input line 247.


LaTeX Warning: Citation `Lan:HCM' on page 5 undefined on input line 255.


[5]

LaTeX Warning: Citation `Kas:HSV' on page 6 undefined on input line 289.


Underfull \hbox (badness 1057) in paragraph at lines 329--330
[]\TU/LatinModernRoman(0)/m/it/10.95 Reflexivity: \TU/LatinModernRoman(0)/m/n/1
0.95 For an unbounded Kasparov module $\OT1/cmr/m/n/10.95 (\OML/cmm/m/it/10.95 
X; D\OT1/cmr/m/n/10.95 )$ \TU/LatinModernRoman(0)/m/n/10.95 from $\U/rsfs/m/n/1
0.95 A$ \TU/LatinModernRoman(0)/m/n/10.95 to $\OML/cmm/m/it/10.95 B$\TU/LatinMo
dernRoman(0)/m/n/10.95 , we have that

[6]

LaTeX Warning: Reference `l:coucom' on page 7 undefined on input line 342.


LaTeX Warning: Reference `l:coucom' on page 7 undefined on input line 353.


LaTeX Warning: Citation `Wor:UAQ' on page 7 undefined on input line 365.


LaTeX Warning: Reference `d:unbkas' on page 7 undefined on input line 365.


LaTeX Warning: Reference `d:unbkas' on page 7 undefined on input line 365.


LaTeX Warning: Citation `Kaa:MEU' on page 7 undefined on input line 377.


[7]

LaTeX Warning: Reference `p:unbhom' on page 8 undefined on input line 389.


LaTeX Warning: Reference `d:dirsum' on page 8 undefined on input line 395.


LaTeX Warning: Reference `s:group' on page 8 undefined on input line 395.


LaTeX Warning: Reference `t:bousur' on page 8 undefined on input line 397.


LaTeX Warning: Reference `l:spezer' on page 8 undefined on input line 397.


LaTeX Warning: Reference `s:injbou' on page 8 undefined on input line 407.


[8]

LaTeX Warning: Reference `eq:comsum' on page 9 undefined on input line 443.


LaTeX Warning: Reference `eq:intpow' on page 9 undefined on input line 443.


LaTeX Warning: Reference `eq:intder' on page 9 undefined on input line 453.


LaTeX Warning: Reference `eq:comsum' on page 9 undefined on input line 453.


LaTeX Warning: Reference `eq:adjstr' on page 9 undefined on input line 457.


[9]

LaTeX Warning: Reference `eq:intpow' on page 10 undefined on input line 481.


LaTeX Warning: Reference `eq:lipcom' on page 10 undefined on input line 487.


LaTeX Warning: Reference `p:liphom' on page 10 undefined on input line 501.


[10]

LaTeX Warning: Reference `p:bddper' on page 11 undefined on input line 509.


[11]

LaTeX Warning: Citation `KaLe:LGR' on page 12 undefined on input line 594.


LaTeX Warning: Citation `LeMe:SSH' on page 12 undefined on input line 594.


[12]

LaTeX Warning: Reference `eq:unitary' on page 13 undefined on input line 623.


LaTeX Warning: Reference `p:bddper' on page 13 undefined on input line 630.


[13]

LaTeX Warning: Reference `d:spedec' on page 14 undefined on input line 645.


LaTeX Warning: Reference `p:phaequ' on page 14 undefined on input line 648.


LaTeX Warning: Citation `Ska:SRK' on page 14 undefined on input line 648.


LaTeX Warning: Reference `p:phaequ' on page 14 undefined on input line 648.


LaTeX Warning: Citation `Ska:SRK' on page 14 undefined on input line 648.


LaTeX Warning: Reference `p:phaequ' on page 14 undefined on input line 650.


LaTeX Warning: Reference `p:lipinv' on page 14 undefined on input line 655.


LaTeX Warning: Reference `p:phaequ' on page 14 undefined on input line 655.


LaTeX Warning: Reference `t:group' on page 14 undefined on input line 674.


LaTeX Warning: Reference `t:baajul' on page 14 undefined on input line 674.


LaTeX Warning: Reference `p:liphom' on page 14 undefined on input line 681.


LaTeX Warning: Citation `Bla:KOA' on page 14 undefined on input line 681.


[14]

LaTeX Warning: Citation `Bla:KOA' on page 15 undefined on input line 685.


LaTeX Warning: Reference `p:lipinv' on page 15 undefined on input line 689.


LaTeX Warning: Reference `t:bousur' on page 15 undefined on input line 695.


LaTeX Warning: Reference `t:bousur' on page 15 undefined on input line 695.


LaTeX Warning: Reference `p:phaequ' on page 15 undefined on input line 708.


LaTeX Warning: Reference `p:phaequ' on page 15 undefined on input line 708.


LaTeX Warning: Reference `t:bousur' on page 15 undefined on input line 717.


[15]

LaTeX Warning: Reference `p:phaequ' on page 16 undefined on input line 725.


LaTeX Warning: Reference `t:group' on page 16 undefined on input line 725.


[16] (build/1619.aux)

LaTeX Warning: There were undefined references.


LaTeX Warning: Label(s) may have changed. Rerun to get cross-references right.


Package rerunfilecheck Warning: File `1619.out' has changed.
(rerunfilecheck)                Rerun to get outlines right
(rerunfilecheck)                or use package `bookmark'.

 )
(see the transcript file for additional information)
Output written on build/1619.pdf (16 pages).
Transcript written on build/1619.log.
