This is XeTeX, Version 3.141592653-2.6-0.999996 (TeX Live 2025/dev/Debian) (preloaded format=xelatex)
entering extended mode
(./2011.tex
LaTeX2e <2024-11-01> patch level 2
L3 programming layer <2025-01-18>
(/usr/share/texlive/texmf-dist/tex/latex/base/article.cls
Document Class: article 2024/06/29 v1.4n Standard LaTeX document class
(/usr/share/texlive/texmf-dist/tex/latex/base/size11.clo))
(/usr/share/texlive/texmf-dist/tex/latex/geometry/geometry.sty
(/usr/share/texlive/texmf-dist/tex/latex/graphics/keyval.sty)
(/usr/share/texlive/texmf-dist/tex/generic/iftex/ifvtex.sty
(/usr/share/texlive/texmf-dist/tex/generic/iftex/iftex.sty)))
(/usr/share/texlive/texmf-dist/tex/latex/fontspec/fontspec.sty
(/usr/share/texlive/texmf-dist/tex/latex/l3packages/xparse/xparse.sty
(/usr/share/texlive/texmf-dist/tex/latex/l3kernel/expl3.sty
(/usr/share/texlive/texmf-dist/tex/latex/l3backend/l3backend-xetex.def)))
(/usr/share/texlive/texmf-dist/tex/latex/fontspec/fontspec-xetex.sty
(/usr/share/texlive/texmf-dist/tex/latex/base/fontenc.sty)
(/usr/share/texlive/texmf-dist/tex/latex/fontspec/fontspec.cfg)))
(/usr/share/texlive/texmf-dist/tex/latex/amsmath/amsmath.sty
For additional information on amsmath, use the `?' option.
(/usr/share/texlive/texmf-dist/tex/latex/amsmath/amstext.sty
(/usr/share/texlive/texmf-dist/tex/latex/amsmath/amsgen.sty))
(/usr/share/texlive/texmf-dist/tex/latex/amsmath/amsbsy.sty)
(/usr/share/texlive/texmf-dist/tex/latex/amsmath/amsopn.sty))
(/usr/share/texlive/texmf-dist/tex/latex/amsfonts/amssymb.sty
(/usr/share/texlive/texmf-dist/tex/latex/amsfonts/amsfonts.sty))
(/usr/share/texlive/texmf-dist/tex/latex/amscls/amsthm.sty)
(/usr/share/texlive/texmf-dist/tex/latex/amsmath/amscd.sty)
(/usr/share/texlive/texmf-dist/tex/latex/graphics/graphicx.sty
(/usr/share/texlive/texmf-dist/tex/latex/graphics/graphics.sty
(/usr/share/texlive/texmf-dist/tex/latex/graphics/trig.sty)
(/usr/share/texlive/texmf-dist/tex/latex/graphics-cfg/graphics.cfg)
(/usr/share/texlive/texmf-dist/tex/latex/graphics-def/xetex.def)))
(/usr/share/texlive/texmf-dist/tex/latex/graphics/color.sty
(/usr/share/texlive/texmf-dist/tex/latex/graphics-cfg/color.cfg)
(/usr/share/texlive/texmf-dist/tex/latex/graphics/mathcolor.ltx))
(/usr/share/texlive/texmf-dist/tex/latex/xurl/xurl.sty
(/usr/share/texlive/texmf-dist/tex/latex/url/url.sty))
(/usr/share/texlive/texmf-dist/tex/latex/hyperref/hyperref.sty
(/usr/share/texlive/texmf-dist/tex/latex/kvsetkeys/kvsetkeys.sty)
(/usr/share/texlive/texmf-dist/tex/generic/kvdefinekeys/kvdefinekeys.sty)
(/usr/share/texlive/texmf-dist/tex/generic/pdfescape/pdfescape.sty
(/usr/share/texlive/texmf-dist/tex/generic/ltxcmds/ltxcmds.sty)
(/usr/share/texlive/texmf-dist/tex/generic/pdftexcmds/pdftexcmds.sty
(/usr/share/texlive/texmf-dist/tex/generic/infwarerr/infwarerr.sty)))
(/usr/share/texlive/texmf-dist/tex/latex/hycolor/hycolor.sty)
(/usr/share/texlive/texmf-dist/tex/latex/hyperref/nameref.sty
(/usr/share/texlive/texmf-dist/tex/latex/refcount/refcount.sty)
(/usr/share/texlive/texmf-dist/tex/generic/gettitlestring/gettitlestring.sty
(/usr/share/texlive/texmf-dist/tex/latex/kvoptions/kvoptions.sty)))
(/usr/share/texlive/texmf-dist/tex/latex/etoolbox/etoolbox.sty)
(/usr/share/texlive/texmf-dist/tex/generic/stringenc/stringenc.sty)
(/usr/share/texlive/texmf-dist/tex/latex/hyperref/pd1enc.def)
(/usr/share/texlive/texmf-dist/tex/generic/intcalc/intcalc.sty)
(/usr/share/texlive/texmf-dist/tex/latex/hyperref/puenc.def)
(/usr/share/texlive/texmf-dist/tex/generic/bitset/bitset.sty
(/usr/share/texlive/texmf-dist/tex/generic/bigintcalc/bigintcalc.sty))
(/usr/share/texlive/texmf-dist/tex/latex/base/atbegshi-ltx.sty))
(/usr/share/texlive/texmf-dist/tex/latex/hyperref/hxetex.def
(/usr/share/texlive/texmf-dist/tex/latex/rerunfilecheck/rerunfilecheck.sty
(/usr/share/texlive/texmf-dist/tex/latex/base/atveryend-ltx.sty)
(/usr/share/texlive/texmf-dist/tex/generic/uniquecounter/uniquecounter.sty)))
(/usr/share/texlive/texmf-dist/tex/latex/pgf/frontendlayer/tikz.sty
(/usr/share/texlive/texmf-dist/tex/latex/pgf/basiclayer/pgf.sty
(/usr/share/texlive/texmf-dist/tex/latex/pgf/utilities/pgfrcs.sty
(/usr/share/texlive/texmf-dist/tex/generic/pgf/utilities/pgfutil-common.tex)
(/usr/share/texlive/texmf-dist/tex/generic/pgf/utilities/pgfutil-latex.def)
(/usr/share/texlive/texmf-dist/tex/generic/pgf/utilities/pgfrcs.code.tex
(/usr/share/texlive/texmf-dist/tex/generic/pgf/pgf.revision.tex)))
(/usr/share/texlive/texmf-dist/tex/latex/pgf/basiclayer/pgfcore.sty
(/usr/share/texlive/texmf-dist/tex/latex/pgf/systemlayer/pgfsys.sty
(/usr/share/texlive/texmf-dist/tex/generic/pgf/systemlayer/pgfsys.code.tex
(/usr/share/texlive/texmf-dist/tex/generic/pgf/utilities/pgfkeys.code.tex
(/usr/share/texlive/texmf-dist/tex/generic/pgf/utilities/pgfkeyslibraryfiltered
.code.tex)) (/usr/share/texlive/texmf-dist/tex/generic/pgf/systemlayer/pgf.cfg)
(/usr/share/texlive/texmf-dist/tex/generic/pgf/systemlayer/pgfsys-xetex.def
(/usr/share/texlive/texmf-dist/tex/generic/pgf/systemlayer/pgfsys-dvipdfmx.def
(/usr/share/texlive/texmf-dist/tex/generic/pgf/systemlayer/pgfsys-common-pdf.de
f))))
(/usr/share/texlive/texmf-dist/tex/generic/pgf/systemlayer/pgfsyssoftpath.code.
tex)
(/usr/share/texlive/texmf-dist/tex/generic/pgf/systemlayer/pgfsysprotocol.code.
tex)) (/usr/share/texlive/texmf-dist/tex/latex/xcolor/xcolor.sty
(/usr/share/texlive/texmf-dist/tex/latex/graphics-cfg/color.cfg)
(/usr/share/texlive/texmf-dist/tex/latex/graphics/mathcolor.ltx))
(/usr/share/texlive/texmf-dist/tex/generic/pgf/basiclayer/pgfcore.code.tex
(/usr/share/texlive/texmf-dist/tex/generic/pgf/math/pgfmath.code.tex
(/usr/share/texlive/texmf-dist/tex/generic/pgf/math/pgfmathutil.code.tex)
(/usr/share/texlive/texmf-dist/tex/generic/pgf/math/pgfmathparser.code.tex)
(/usr/share/texlive/texmf-dist/tex/generic/pgf/math/pgfmathfunctions.code.tex)
(/usr/share/texlive/texmf-dist/tex/generic/pgf/math/pgfmathfunctions.basic.code
.tex)
(/usr/share/texlive/texmf-dist/tex/generic/pgf/math/pgfmathfunctions.trigonomet
ric.code.tex)
(/usr/share/texlive/texmf-dist/tex/generic/pgf/math/pgfmathfunctions.random.cod
e.tex)
(/usr/share/texlive/texmf-dist/tex/generic/pgf/math/pgfmathfunctions.comparison
.code.tex)
(/usr/share/texlive/texmf-dist/tex/generic/pgf/math/pgfmathfunctions.base.code.
tex)
(/usr/share/texlive/texmf-dist/tex/generic/pgf/math/pgfmathfunctions.round.code
.tex)
(/usr/share/texlive/texmf-dist/tex/generic/pgf/math/pgfmathfunctions.misc.code.
tex)
(/usr/share/texlive/texmf-dist/tex/generic/pgf/math/pgfmathfunctions.integerari
thmetics.code.tex)
(/usr/share/texlive/texmf-dist/tex/generic/pgf/math/pgfmathcalc.code.tex)
(/usr/share/texlive/texmf-dist/tex/generic/pgf/math/pgfmathfloat.code.tex))
(/usr/share/texlive/texmf-dist/tex/generic/pgf/math/pgfint.code.tex)
(/usr/share/texlive/texmf-dist/tex/generic/pgf/basiclayer/pgfcorepoints.code.te
x)
(/usr/share/texlive/texmf-dist/tex/generic/pgf/basiclayer/pgfcorepathconstruct.
code.tex)
(/usr/share/texlive/texmf-dist/tex/generic/pgf/basiclayer/pgfcorepathusage.code
.tex)
(/usr/share/texlive/texmf-dist/tex/generic/pgf/basiclayer/pgfcorescopes.code.te
x)
(/usr/share/texlive/texmf-dist/tex/generic/pgf/basiclayer/pgfcoregraphicstate.c
ode.tex)
(/usr/share/texlive/texmf-dist/tex/generic/pgf/basiclayer/pgfcoretransformation
s.code.tex)
(/usr/share/texlive/texmf-dist/tex/generic/pgf/basiclayer/pgfcorequick.code.tex
)
(/usr/share/texlive/texmf-dist/tex/generic/pgf/basiclayer/pgfcoreobjects.code.t
ex)
(/usr/share/texlive/texmf-dist/tex/generic/pgf/basiclayer/pgfcorepathprocessing
.code.tex)
(/usr/share/texlive/texmf-dist/tex/generic/pgf/basiclayer/pgfcorearrows.code.te
x)
(/usr/share/texlive/texmf-dist/tex/generic/pgf/basiclayer/pgfcoreshade.code.tex
)
(/usr/share/texlive/texmf-dist/tex/generic/pgf/basiclayer/pgfcoreimage.code.tex
)
(/usr/share/texlive/texmf-dist/tex/generic/pgf/basiclayer/pgfcoreexternal.code.
tex)
(/usr/share/texlive/texmf-dist/tex/generic/pgf/basiclayer/pgfcorelayers.code.te
x)
(/usr/share/texlive/texmf-dist/tex/generic/pgf/basiclayer/pgfcoretransparency.c
ode.tex)
(/usr/share/texlive/texmf-dist/tex/generic/pgf/basiclayer/pgfcorepatterns.code.
tex)
(/usr/share/texlive/texmf-dist/tex/generic/pgf/basiclayer/pgfcorerdf.code.tex))
)
(/usr/share/texlive/texmf-dist/tex/generic/pgf/modules/pgfmoduleshapes.code.tex
) (/usr/share/texlive/texmf-dist/tex/generic/pgf/modules/pgfmoduleplot.code.tex
)
(/usr/share/texlive/texmf-dist/tex/latex/pgf/compatibility/pgfcomp-version-0-65
.sty)
(/usr/share/texlive/texmf-dist/tex/latex/pgf/compatibility/pgfcomp-version-1-18
.sty)) (/usr/share/texlive/texmf-dist/tex/latex/pgf/utilities/pgffor.sty
(/usr/share/texlive/texmf-dist/tex/latex/pgf/utilities/pgfkeys.sty
(/usr/share/texlive/texmf-dist/tex/generic/pgf/utilities/pgfkeys.code.tex))
(/usr/share/texlive/texmf-dist/tex/latex/pgf/math/pgfmath.sty
(/usr/share/texlive/texmf-dist/tex/generic/pgf/math/pgfmath.code.tex))
(/usr/share/texlive/texmf-dist/tex/generic/pgf/utilities/pgffor.code.tex))
(/usr/share/texlive/texmf-dist/tex/generic/pgf/frontendlayer/tikz/tikz.code.tex

(/usr/share/texlive/texmf-dist/tex/generic/pgf/libraries/pgflibraryplothandlers
.code.tex)
(/usr/share/texlive/texmf-dist/tex/generic/pgf/modules/pgfmodulematrix.code.tex
)
(/usr/share/texlive/texmf-dist/tex/generic/pgf/frontendlayer/tikz/libraries/tik
zlibrarytopaths.code.tex)))
(/usr/share/texlive/texmf-dist/tex/generic/pgf/frontendlayer/tikz/libraries/tik
zlibrarydecorations.pathreplacing.code.tex
(/usr/share/texlive/texmf-dist/tex/generic/pgf/frontendlayer/tikz/libraries/tik
zlibrarydecorations.code.tex
(/usr/share/texlive/texmf-dist/tex/generic/pgf/modules/pgfmoduledecorations.cod
e.tex))
(/usr/share/texlive/texmf-dist/tex/generic/pgf/libraries/decorations/pgflibrary
decorations.pathreplacing.code.tex))
(/usr/share/texlive/texmf-dist/tex/generic/pgf/frontendlayer/tikz/libraries/tik
zlibraryarrows.code.tex
(/usr/share/texlive/texmf-dist/tex/generic/pgf/libraries/pgflibraryarrows.code.
tex))
(/usr/share/texlive/texmf-dist/tex/generic/pgf/frontendlayer/tikz/libraries/tik
zlibrarypositioning.code.tex)
(/usr/share/texlive/texmf-dist/tex/generic/pgf/frontendlayer/tikz/libraries/tik
zlibrarymatrix.code.tex)
(/usr/share/texlive/texmf-dist/tex/latex/base/ifthen.sty)
No file 2011.aux.
*geometry* driver: auto-detecting
*geometry* detected driver: xetex

Package hyperref Warning: Rerun to get /PageLabels entry.

(/usr/share/texlive/texmf-dist/tex/latex/amsfonts/umsa.fd)
(/usr/share/texlive/texmf-dist/tex/latex/amsfonts/umsb.fd)

LaTeX Warning: Citation `BCGGG' on page 1 undefined on input line 81.


LaTeX Warning: Citation `Guillemin1968' on page 1 undefined on input line 81.


[1]

LaTeX Warning: Citation `CGG2009' on page 2 undefined on input line 131.


LaTeX Warning: Citation `Kruglikov2007' on page 2 undefined on input line 131.


LaTeX Warning: Citation `Malgrange2003' on page 2 undefined on input line 131.


LaTeX Warning: Citation `Guillemin1968' on page 2 undefined on input line 133.


LaTeX Warning: Citation `Quillen1964' on page 2 undefined on input line 135.


LaTeX Warning: Citation `Yang1987' on page 2 undefined on input line 136.


LaTeX Warning: Citation `BCGGG' on page 2 undefined on input line 137.


LaTeX Warning: Citation `Smith2014b' on page 2 undefined on input line 140.


LaTeX Warning: Reference `thm:gnf+' on page 2 undefined on input line 144.


LaTeX Warning: Reference `figtab' on page 2 undefined on input line 171.


LaTeX Warning: Reference `eq:symrels' on page 2 undefined on input line 199.


LaTeX Warning: Reference `eq:symrels' on page 2 undefined on input line 199.


LaTeX Warning: Reference `IB' on page 2 undefined on input line 215.


LaTeX Warning: Reference `IB' on page 2 undefined on input line 224.


LaTeX Warning: Reference `IB' on page 2 undefined on input line 228.


[2]

LaTeX Warning: Reference `eq:symrels' on page 3 undefined on input line 251.


LaTeX Warning: Reference `Adecomp' on page 3 undefined on input line 271.


LaTeX Warning: Reference `eq:symrels' on page 3 undefined on input line 320.


LaTeX Warning: Reference `figB' on page 3 undefined on input line 323.


LaTeX Warning: Reference `lem:replacement' on page 3 undefined on input line 32
8.


[3]

LaTeX Warning: Reference `figtab' on page 4 undefined on input line 340.


LaTeX Warning: Reference `figB' on page 4 undefined on input line 340.


LaTeX Warning: Citation `BCGGG' on page 4 undefined on input line 345.


LaTeX Warning: Citation `Yang1987' on page 4 undefined on input line 345.


LaTeX Warning: Reference `lem:endolemma' on page 4 undefined on input line 346.



LaTeX Warning: Reference `bigB' on page 4 undefined on input line 380.


[4]

LaTeX Warning: Reference `bigB' on page 5 undefined on input line 432.


LaTeX Warning: Reference `lem:endolemma' on page 5 undefined on input line 435.



LaTeX Warning: Reference `bigB' on page 5 undefined on input line 453.


LaTeX Warning: Reference `lem:invend' on page 5 undefined on input line 453.


LaTeX Warning: Reference `thm:gnf+' on page 5 undefined on input line 453.


LaTeX Warning: Citation `BCGGG' on page 5 undefined on input line 456.


LaTeX Warning: Reference `eq:symrels' on page 5 undefined on input line 463.


LaTeX Warning: Reference `figtab' on page 5 undefined on input line 463.


LaTeX Warning: Reference `figB' on page 5 undefined on input line 465.


LaTeX Warning: Reference `eq:symrels' on page 5 undefined on input line 470.


LaTeX Warning: Reference `figtab' on page 5 undefined on input line 470.


LaTeX Warning: Reference `lem:invend' on page 5 undefined on input line 482.


LaTeX Warning: Citation `BCGGG' on page 5 undefined on input line 483.


LaTeX Warning: Citation `Yang1987' on page 5 undefined on input line 483.


LaTeX Warning: Reference `thm:gnf+' on page 5 undefined on input line 484.


LaTeX Warning: Citation `Yang1987' on page 5 undefined on input line 485.


LaTeX Warning: Reference `eq:symrels' on page 5 undefined on input line 494.


LaTeX Warning: Reference `eq:symrels' on page 5 undefined on input line 494.


[5]

LaTeX Warning: Reference `eq:ztopi' on page 6 undefined on input line 520.


LaTeX Warning: Reference `eq:symrels' on page 6 undefined on input line 520.


LaTeX Warning: Citation `Yang1987' on page 6 undefined on input line 529.


LaTeX Warning: Reference `2formseq' on page 6 undefined on input line 558.


LaTeX Warning: Reference `2formseq' on page 6 undefined on input line 562.


LaTeX Warning: Reference `2formseq' on page 6 undefined on input line 574.


[6]

LaTeX Warning: Reference `2formseq' on page 7 undefined on input line 612.


LaTeX Warning: Reference `eq:z23' on page 7 undefined on input line 685.


LaTeX Warning: Reference `eq:z23q' on page 7 undefined on input line 702.


LaTeX Warning: Reference `2formseq' on page 7 undefined on input line 706.


[7]

LaTeX Warning: Reference `eq:z24' on page 8 undefined on input line 762.


LaTeX Warning: Reference `eq:z24q' on page 8 undefined on input line 783.


LaTeX Warning: Reference `eq:z34' on page 8 undefined on input line 815.


LaTeX Warning: Reference `eq:z23q' on page 8 undefined on input line 890.


LaTeX Warning: Reference `eq:z24q' on page 8 undefined on input line 890.


LaTeX Warning: Reference `eq:z34q' on page 8 undefined on input line 890.


LaTeX Warning: Reference `2formseq' on page 8 undefined on input line 896.


LaTeX Warning: Reference `2formseq' on page 8 undefined on input line 902.


LaTeX Warning: Reference `2formseq' on page 8 undefined on input line 905.


[8]

LaTeX Warning: Reference `2formseq' on page 9 undefined on input line 922.


LaTeX Warning: Reference `eq:IJform' on page 9 undefined on input line 934.


LaTeX Warning: Reference `eq:ind-' on page 9 undefined on input line 934.


LaTeX Warning: Reference `eq:ind+' on page 9 undefined on input line 934.


LaTeX Warning: Reference `eq:z23' on page 9 undefined on input line 935.


LaTeX Warning: Reference `eq:z34' on page 9 undefined on input line 935.


LaTeX Warning: Reference `eq:z24' on page 9 undefined on input line 935.


LaTeX Warning: Reference `eq:IJform' on page 9 undefined on input line 935.


LaTeX Warning: Reference `2formseq' on page 9 undefined on input line 945.


[9]

LaTeX Warning: Reference `eq:lastexpansion' on page 10 undefined on input line 
1110.


LaTeX Warning: Reference `eq:prevexpansion' on page 10 undefined on input line 
1110.


LaTeX Warning: Reference `eq:ind-' on page 10 undefined on input line 1119.


LaTeX Warning: Reference `eq:IJterm' on page 10 undefined on input line 1131.


LaTeX Warning: Reference `thm:gnf+' on page 10 undefined on input line 1147.


[10]
[11] (build/2011.aux)

LaTeX Warning: There were undefined references.


LaTeX Warning: Label(s) may have changed. Rerun to get cross-references right.


Package rerunfilecheck Warning: File `2011.out' has changed.
(rerunfilecheck)                Rerun to get outlines right
(rerunfilecheck)                or use package `bookmark'.

 )
Output written on build/2011.pdf (11 pages).
Transcript written on build/2011.log.
