This is XeTeX, Version 3.141592653-2.6-0.999996 (TeX Live 2025/dev/Debian) (preloaded format=xelatex)
entering extended mode
(./1702.tex
LaTeX2e <2024-11-01> patch level 2
L3 programming layer <2025-01-18>
(/usr/share/texlive/texmf-dist/tex/latex/base/article.cls
Document Class: article 2024/06/29 v1.4n Standard LaTeX document class
(/usr/share/texlive/texmf-dist/tex/latex/base/size11.clo))
(/usr/share/texlive/texmf-dist/tex/latex/geometry/geometry.sty
(/usr/share/texlive/texmf-dist/tex/latex/graphics/keyval.sty)
(/usr/share/texlive/texmf-dist/tex/generic/iftex/ifvtex.sty
(/usr/share/texlive/texmf-dist/tex/generic/iftex/iftex.sty)))
(/usr/share/texlive/texmf-dist/tex/latex/fontspec/fontspec.sty
(/usr/share/texlive/texmf-dist/tex/latex/l3packages/xparse/xparse.sty
(/usr/share/texlive/texmf-dist/tex/latex/l3kernel/expl3.sty
(/usr/share/texlive/texmf-dist/tex/latex/l3backend/l3backend-xetex.def)))
(/usr/share/texlive/texmf-dist/tex/latex/fontspec/fontspec-xetex.sty
(/usr/share/texlive/texmf-dist/tex/latex/base/fontenc.sty)
(/usr/share/texlive/texmf-dist/tex/latex/fontspec/fontspec.cfg)))
(/usr/share/texlive/texmf-dist/tex/latex/amsmath/amsmath.sty
For additional information on amsmath, use the `?' option.
(/usr/share/texlive/texmf-dist/tex/latex/amsmath/amstext.sty
(/usr/share/texlive/texmf-dist/tex/latex/amsmath/amsgen.sty))
(/usr/share/texlive/texmf-dist/tex/latex/amsmath/amsbsy.sty)
(/usr/share/texlive/texmf-dist/tex/latex/amsmath/amsopn.sty))
(/usr/share/texlive/texmf-dist/tex/latex/amsfonts/amssymb.sty
(/usr/share/texlive/texmf-dist/tex/latex/amsfonts/amsfonts.sty))
(/usr/share/texlive/texmf-dist/tex/latex/amscls/amsthm.sty)
(/usr/share/texlive/texmf-dist/tex/latex/amsmath/amscd.sty)
(/usr/share/texlive/texmf-dist/tex/latex/graphics/graphicx.sty
(/usr/share/texlive/texmf-dist/tex/latex/graphics/graphics.sty
(/usr/share/texlive/texmf-dist/tex/latex/graphics/trig.sty)
(/usr/share/texlive/texmf-dist/tex/latex/graphics-cfg/graphics.cfg)
(/usr/share/texlive/texmf-dist/tex/latex/graphics-def/xetex.def)))
(/usr/share/texlive/texmf-dist/tex/latex/graphics/color.sty
(/usr/share/texlive/texmf-dist/tex/latex/graphics-cfg/color.cfg)
(/usr/share/texlive/texmf-dist/tex/latex/graphics/mathcolor.ltx))
(/usr/share/texlive/texmf-dist/tex/latex/xurl/xurl.sty
(/usr/share/texlive/texmf-dist/tex/latex/url/url.sty))
(/usr/share/texlive/texmf-dist/tex/latex/hyperref/hyperref.sty
(/usr/share/texlive/texmf-dist/tex/latex/kvsetkeys/kvsetkeys.sty)
(/usr/share/texlive/texmf-dist/tex/generic/kvdefinekeys/kvdefinekeys.sty)
(/usr/share/texlive/texmf-dist/tex/generic/pdfescape/pdfescape.sty
(/usr/share/texlive/texmf-dist/tex/generic/ltxcmds/ltxcmds.sty)
(/usr/share/texlive/texmf-dist/tex/generic/pdftexcmds/pdftexcmds.sty
(/usr/share/texlive/texmf-dist/tex/generic/infwarerr/infwarerr.sty)))
(/usr/share/texlive/texmf-dist/tex/latex/hycolor/hycolor.sty)
(/usr/share/texlive/texmf-dist/tex/latex/hyperref/nameref.sty
(/usr/share/texlive/texmf-dist/tex/latex/refcount/refcount.sty)
(/usr/share/texlive/texmf-dist/tex/generic/gettitlestring/gettitlestring.sty
(/usr/share/texlive/texmf-dist/tex/latex/kvoptions/kvoptions.sty)))
(/usr/share/texlive/texmf-dist/tex/latex/etoolbox/etoolbox.sty)
(/usr/share/texlive/texmf-dist/tex/generic/stringenc/stringenc.sty)
(/usr/share/texlive/texmf-dist/tex/latex/hyperref/pd1enc.def)
(/usr/share/texlive/texmf-dist/tex/generic/intcalc/intcalc.sty)
(/usr/share/texlive/texmf-dist/tex/latex/hyperref/puenc.def)
(/usr/share/texlive/texmf-dist/tex/generic/bitset/bitset.sty
(/usr/share/texlive/texmf-dist/tex/generic/bigintcalc/bigintcalc.sty))
(/usr/share/texlive/texmf-dist/tex/latex/base/atbegshi-ltx.sty))
(/usr/share/texlive/texmf-dist/tex/latex/hyperref/hxetex.def
(/usr/share/texlive/texmf-dist/tex/latex/rerunfilecheck/rerunfilecheck.sty
(/usr/share/texlive/texmf-dist/tex/latex/base/atveryend-ltx.sty)
(/usr/share/texlive/texmf-dist/tex/generic/uniquecounter/uniquecounter.sty)))
No file 1702.aux.
*geometry* driver: auto-detecting
*geometry* detected driver: xetex

Package hyperref Warning: Rerun to get /PageLabels entry.

(/usr/share/texlive/texmf-dist/tex/latex/amsfonts/umsa.fd)
(/usr/share/texlive/texmf-dist/tex/latex/amsfonts/umsb.fd)
[1]

LaTeX Warning: Citation `Pickrell' on page 2 undefined on input line 58.


LaTeX Warning: Citation `OlshanskiVershik' on page 2 undefined on input line 58
.


LaTeX Warning: Citation `OlshanskiVershik' on page 2 undefined on input line 65
.


LaTeX Warning: Citation `Pickrell' on page 2 undefined on input line 65.


LaTeX Warning: Citation `Defosseux' on page 2 undefined on input line 65.


Package hyperref Warning: Token not allowed in a PDF string (Unicode):
(hyperref)                removing `math shift' on input line 78.


Package hyperref Warning: Token not allowed in a PDF string (Unicode):
(hyperref)                removing `superscript' on input line 78.


Package hyperref Warning: Token not allowed in a PDF string (Unicode):
(hyperref)                removing `\nu' on input line 78.


Package hyperref Warning: Token not allowed in a PDF string (Unicode):
(hyperref)                removing `math shift' on input line 78.


[2]

LaTeX Warning: Reference `ConsistencyIntro' on page 3 undefined on input line 1
04.


LaTeX Warning: Reference `section2' on page 3 undefined on input line 104.


LaTeX Warning: Reference `consistencymatrices' on page 3 undefined on input lin
e 104.


LaTeX Warning: Citation `BesselPolynomials' on page 3 undefined on input line 1
04.


LaTeX Warning: Reference `ConsistencyIntro' on page 3 undefined on input line 1
06.


LaTeX Warning: Citation `StatisticalMatrixAnalysis' on page 3 undefined on inpu
t line 106.


LaTeX Warning: Reference `section2' on page 3 undefined on input line 106.


Package hyperref Warning: Token not allowed in a PDF string (Unicode):
(hyperref)                removing `math shift' on input line 109.


Package hyperref Warning: Token not allowed in a PDF string (Unicode):
(hyperref)                removing `superscript' on input line 109.


Package hyperref Warning: Token not allowed in a PDF string (Unicode):
(hyperref)                removing `\nu' on input line 109.


Package hyperref Warning: Token not allowed in a PDF string (Unicode):
(hyperref)                removing `math shift' on input line 109.


LaTeX Warning: Citation `BorodinOlshanskiErgodic' on page 3 undefined on input 
line 111.

(/usr/share/texlive/texmf-dist/tex/latex/amsfonts/ueuf.fd)

LaTeX Warning: Reference `section3' on page 3 undefined on input line 115.


LaTeX Warning: Citation `Soshnikov' on page 3 undefined on input line 130.


LaTeX Warning: Reference `determinantaldefinition' on page 3 undefined on input
 line 135.


[3]

LaTeX Warning: Citation `TracyWidom' on page 4 undefined on input line 143.


LaTeX Warning: Reference `MainTheorem' on page 4 undefined on input line 159.


LaTeX Warning: Citation `OlshanskiVershik' on page 4 undefined on input line 15
9.


LaTeX Warning: Reference `section3' on page 4 undefined on input line 159.


Package hyperref Warning: Token not allowed in a PDF string (Unicode):
(hyperref)                removing `math shift' on input line 167.


Package hyperref Warning: Token not allowed in a PDF string (Unicode):
(hyperref)                removing `superscript' on input line 167.


Package hyperref Warning: Token not allowed in a PDF string (Unicode):
(hyperref)                removing `\nu' on input line 167.


Package hyperref Warning: Token not allowed in a PDF string (Unicode):
(hyperref)                removing `math shift' on input line 167.


[4]

LaTeX Warning: Citation `BesselPolynomials' on page 5 undefined on input line 2
03.


LaTeX Warning: Citation `HypergeometricOrthogonalPolynomials' on page 5 undefin
ed on input line 203.


LaTeX Warning: Citation `Baryshnikov' on page 5 undefined on input line 232.


LaTeX Warning: Citation `GelfandNaimark' on page 5 undefined on input line 232.



[5]

LaTeX Warning: Reference `proportionalmeasures' on page 6 undefined on input li
ne 261.


LaTeX Warning: Reference `proportionalmeasures' on page 6 undefined on input li
ne 271.


LaTeX Warning: Reference `proportionalmeasures' on page 6 undefined on input li
ne 289.


LaTeX Warning: Citation `GorinOlshanski' on page 6 undefined on input line 293.



LaTeX Warning: Citation `GorinOlshanski' on page 6 undefined on input line 293.



LaTeX Warning: Citation `Baryshnikov' on page 6 undefined on input line 296.


[6]

LaTeX Warning: Reference `eigenvalueconsistency' on page 7 undefined on input l
ine 309.


LaTeX Warning: Citation `Baryshnikov' on page 7 undefined on input line 323.


LaTeX Warning: Citation `HypergeometricOrthogonalPolynomials' on page 7 undefin
ed on input line 345.


LaTeX Warning: Citation `Hua' on page 7 undefined on input line 348.


LaTeX Warning: Citation `Neretin' on page 7 undefined on input line 348.


LaTeX Warning: Citation `OlshanskiVershik' on page 7 undefined on input line 37
1.


LaTeX Warning: Citation `BorodinOlshanskiErgodic' on page 7 undefined on input 
line 371.


LaTeX Warning: Citation `VershikErgodic' on page 7 undefined on input line 371.



[7]

LaTeX Warning: Reference `ErgodicMethodTheorem' on page 8 undefined on input li
ne 401.


LaTeX Warning: Reference `ErgodicMethodTheorem' on page 8 undefined on input li
ne 419.


LaTeX Warning: Citation `BorodinOlshanskiErgodic' on page 8 undefined on input 
line 424.


[8]

LaTeX Warning: Reference `determinantaldefinition' on page 9 undefined on input
 line 454.


Package hyperref Warning: Token not allowed in a PDF string (Unicode):
(hyperref)                removing `math shift' on input line 463.


Package hyperref Warning: Token not allowed in a PDF string (Unicode):
(hyperref)                removing `\alpha' on input line 463.


Package hyperref Warning: Token not allowed in a PDF string (Unicode):
(hyperref)                removing `math shift' on input line 463.


Package hyperref Warning: Token not allowed in a PDF string (Unicode):
(hyperref)                removing `math shift' on input line 464.


Package hyperref Warning: Token not allowed in a PDF string (Unicode):
(hyperref)                removing `\alpha' on input line 464.


Package hyperref Warning: Token not allowed in a PDF string (Unicode):
(hyperref)                removing `superscript' on input line 464.


Package hyperref Warning: Token not allowed in a PDF string (Unicode):
(hyperref)                removing `math shift' on input line 464.


LaTeX Warning: Reference `section3' on page 9 undefined on input line 465.


LaTeX Warning: Reference `ErgodicMethodTheorem' on page 9 undefined on input li
ne 465.


Package hyperref Warning: Token not allowed in a PDF string (Unicode):
(hyperref)                removing `math shift' on input line 475.


Package hyperref Warning: Token not allowed in a PDF string (Unicode):
(hyperref)                removing `\alpha' on input line 475.


Package hyperref Warning: Token not allowed in a PDF string (Unicode):
(hyperref)                removing `superscript' on input line 475.


Package hyperref Warning: Token not allowed in a PDF string (Unicode):
(hyperref)                removing `math shift' on input line 475.


[9]
[10]

LaTeX Warning: Reference `KernelRelation' on page 11 undefined on input line 54
4.


LaTeX Warning: Citation `ForresterBessel' on page 11 undefined on input line 55
2.


LaTeX Warning: Citation `Forrester' on page 11 undefined on input line 552.


LaTeX Warning: Citation `TracyWidom' on page 11 undefined on input line 552.


LaTeX Warning: Citation `Szego' on page 11 undefined on input line 552.


LaTeX Warning: Reference `PropositionLimitCorrelationAlphaPlus' on page 11 unde
fined on input line 555.


LaTeX Warning: Reference `PropositionLimitCorrelationAlphaPlus' on page 11 unde
fined on input line 566.


LaTeX Warning: Reference `PropositionLimitCorrelationAlphaPlus' on page 11 unde
fined on input line 570.


LaTeX Warning: Citation `SoshnikovGaussianFluctuations' on page 11 undefined on
 input line 570.


LaTeX Warning: Citation `Soshnikov' on page 11 undefined on input line 570.


LaTeX Warning: Citation `TracyWidom' on page 11 undefined on input line 570.


LaTeX Warning: Reference `KernelRelation' on page 11 undefined on input line 58
3.


[11]

LaTeX Warning: Reference `EstimateLaguerre' on page 12 undefined on input line 
592.


LaTeX Warning: Citation `Szego' on page 12 undefined on input line 592.


LaTeX Warning: Citation `Szego' on page 12 undefined on input line 604.


LaTeX Warning: Citation `Szego' on page 12 undefined on input line 604.


LaTeX Warning: Citation `Szego' on page 12 undefined on input line 604.


LaTeX Warning: Reference `EstimateLaguerre' on page 12 undefined on input line 
620.


LaTeX Warning: Reference `EstimateLaguerre' on page 12 undefined on input line 
622.


LaTeX Warning: Reference `ChoiceOfConstants' on page 12 undefined on input line
 623.


LaTeX Warning: Reference `MainEstimate' on page 12 undefined on input line 623.



LaTeX Warning: Reference `wavefunctionestimate' on page 12 undefined on input l
ine 625.


[12]

LaTeX Warning: Reference `wavefunctionestimate' on page 13 undefined on input l
ine 667.


[13]

LaTeX Warning: Reference `wavefunctionestimate' on page 14 undefined on input l
ine 686.


LaTeX Warning: Reference `ChoiceOfConstants' on page 14 undefined on input line
 691.


LaTeX Warning: Reference `wavefunctionestimate' on page 14 undefined on input l
ine 691.


LaTeX Warning: Reference `MainEstimate' on page 14 undefined on input line 704.



LaTeX Warning: Reference `MainEstimate' on page 14 undefined on input line 708.



LaTeX Warning: Reference `EstimateLaguerre' on page 14 undefined on input line 
726.


LaTeX Warning: Reference `MainEstimate' on page 14 undefined on input line 726.



[14]

LaTeX Warning: Reference `HuaPickrellGamma2' on page 15 undefined on input line
 746.


LaTeX Warning: Reference `HuaPickrellGamma1' on page 15 undefined on input line
 746.


Package hyperref Warning: Token not allowed in a PDF string (Unicode):
(hyperref)                removing `math shift' on input line 749.


Package hyperref Warning: Token not allowed in a PDF string (Unicode):
(hyperref)                removing `\gamma' on input line 749.


Package hyperref Warning: Token not allowed in a PDF string (Unicode):
(hyperref)                removing `subscript' on input line 749.


Package hyperref Warning: Token not allowed in a PDF string (Unicode):
(hyperref)                removing `math shift' on input line 749.


LaTeX Warning: Citation `BorodinOlshanskiErgodic' on page 15 undefined on input
 line 751.


LaTeX Warning: Reference `section3' on page 15 undefined on input line 754.


LaTeX Warning: Reference `BorodinOlshanskiGamm2' on page 15 undefined on input 
line 777.


LaTeX Warning: Reference `ConvergenceCorrelationGamma2' on page 15 undefined on
 input line 777.


LaTeX Warning: Reference `PropositionAlphaPlus' on page 15 undefined on input l
ine 777.


LaTeX Warning: Reference `UniformEstimateGamma2' on page 15 undefined on input 
line 778.


LaTeX Warning: Reference `EstimateGamma1' on page 15 undefined on input line 78
2.


Package hyperref Warning: Token not allowed in a PDF string (Unicode):
(hyperref)                removing `math shift' on input line 785.


Package hyperref Warning: Token not allowed in a PDF string (Unicode):
(hyperref)                removing `\gamma' on input line 785.


Package hyperref Warning: Token not allowed in a PDF string (Unicode):
(hyperref)                removing `subscript' on input line 785.


Package hyperref Warning: Token not allowed in a PDF string (Unicode):
(hyperref)                removing `math shift' on input line 785.


[15]

LaTeX Warning: Reference `PropositionGamma1' on page 16 undefined on input line
 794.


LaTeX Warning: Reference `FinitenessGamma1' on page 16 undefined on input line 
794.


LaTeX Warning: Reference `EstimateGamma1' on page 16 undefined on input line 79
4.


[16]

LaTeX Warning: Reference `AbstractGamma1' on page 17 undefined on input line 87
3.


[17]
[18]

LaTeX Warning: Reference `LemmaUniformBoundedness' on page 19 undefined on inpu
t line 963.


LaTeX Warning: Reference `PropositionGamma1' on page 19 undefined on input line
 966.


LaTeX Warning: Reference `AbstractGamma1' on page 19 undefined on input line 96
6.


LaTeX Warning: Reference `PropositionAlphaMinus' on page 19 undefined on input 
line 966.


LaTeX Warning: Reference `PropositionAlphaPlus' on page 19 undefined on input l
ine 966.


LaTeX Warning: Reference `FinitenessGamma1' on page 19 undefined on input line 
966.


LaTeX Warning: Reference `EstimateGamma1' on page 19 undefined on input line 97
0.


LaTeX Warning: Reference `MainTheorem' on page 19 undefined on input line 974.


LaTeX Warning: Reference `PropositionAlphaMinus' on page 19 undefined on input 
line 979.


LaTeX Warning: Reference `PropositionAlphaPlus' on page 19 undefined on input l
ine 979.


LaTeX Warning: Reference `PropositionGamma2' on page 19 undefined on input line
 979.


LaTeX Warning: Reference `PropositionGamma1' on page 19 undefined on input line
 979.


LaTeX Warning: Reference `PropositionLimitCorrelationAlphaPlus' on page 19 unde
fined on input line 981.


LaTeX Warning: Reference `ErgodicMethodTheorem' on page 19 undefined on input l
ine 981.


[19]
[20] (build/1702.aux)

LaTeX Warning: There were undefined references.


LaTeX Warning: Label(s) may have changed. Rerun to get cross-references right.


Package rerunfilecheck Warning: File `1702.out' has changed.
(rerunfilecheck)                Rerun to get outlines right
(rerunfilecheck)                or use package `bookmark'.

 )
Output written on build/1702.pdf (20 pages).
Transcript written on build/1702.log.
