This is XeTeX, Version 3.141592653-2.6-0.999996 (TeX Live 2025/dev/Debian) (preloaded format=xelatex)
entering extended mode
(./1657.tex
LaTeX2e <2024-11-01> patch level 2
L3 programming layer <2025-01-18>
(/usr/share/texlive/texmf-dist/tex/latex/base/article.cls
Document Class: article 2024/06/29 v1.4n Standard LaTeX document class
(/usr/share/texlive/texmf-dist/tex/latex/base/size11.clo))
(/usr/share/texlive/texmf-dist/tex/latex/geometry/geometry.sty
(/usr/share/texlive/texmf-dist/tex/latex/graphics/keyval.sty)
(/usr/share/texlive/texmf-dist/tex/generic/iftex/ifvtex.sty
(/usr/share/texlive/texmf-dist/tex/generic/iftex/iftex.sty)))
(/usr/share/texlive/texmf-dist/tex/latex/fontspec/fontspec.sty
(/usr/share/texlive/texmf-dist/tex/latex/l3packages/xparse/xparse.sty
(/usr/share/texlive/texmf-dist/tex/latex/l3kernel/expl3.sty
(/usr/share/texlive/texmf-dist/tex/latex/l3backend/l3backend-xetex.def)))
(/usr/share/texlive/texmf-dist/tex/latex/fontspec/fontspec-xetex.sty
(/usr/share/texlive/texmf-dist/tex/latex/base/fontenc.sty)
(/usr/share/texlive/texmf-dist/tex/latex/fontspec/fontspec.cfg)))
(/usr/share/texlive/texmf-dist/tex/latex/amsmath/amsmath.sty
For additional information on amsmath, use the `?' option.
(/usr/share/texlive/texmf-dist/tex/latex/amsmath/amstext.sty
(/usr/share/texlive/texmf-dist/tex/latex/amsmath/amsgen.sty))
(/usr/share/texlive/texmf-dist/tex/latex/amsmath/amsbsy.sty)
(/usr/share/texlive/texmf-dist/tex/latex/amsmath/amsopn.sty))
(/usr/share/texlive/texmf-dist/tex/latex/amsfonts/amssymb.sty
(/usr/share/texlive/texmf-dist/tex/latex/amsfonts/amsfonts.sty))
(/usr/share/texlive/texmf-dist/tex/latex/amscls/amsthm.sty)
(/usr/share/texlive/texmf-dist/tex/latex/amsmath/amscd.sty)
(/usr/share/texlive/texmf-dist/tex/latex/graphics/graphicx.sty
(/usr/share/texlive/texmf-dist/tex/latex/graphics/graphics.sty
(/usr/share/texlive/texmf-dist/tex/latex/graphics/trig.sty)
(/usr/share/texlive/texmf-dist/tex/latex/graphics-cfg/graphics.cfg)
(/usr/share/texlive/texmf-dist/tex/latex/graphics-def/xetex.def)))
(/usr/share/texlive/texmf-dist/tex/latex/graphics/color.sty
(/usr/share/texlive/texmf-dist/tex/latex/graphics-cfg/color.cfg)
(/usr/share/texlive/texmf-dist/tex/latex/graphics/mathcolor.ltx))
(/usr/share/texlive/texmf-dist/tex/latex/xurl/xurl.sty
(/usr/share/texlive/texmf-dist/tex/latex/url/url.sty))
(/usr/share/texlive/texmf-dist/tex/latex/hyperref/hyperref.sty
(/usr/share/texlive/texmf-dist/tex/latex/kvsetkeys/kvsetkeys.sty)
(/usr/share/texlive/texmf-dist/tex/generic/kvdefinekeys/kvdefinekeys.sty)
(/usr/share/texlive/texmf-dist/tex/generic/pdfescape/pdfescape.sty
(/usr/share/texlive/texmf-dist/tex/generic/ltxcmds/ltxcmds.sty)
(/usr/share/texlive/texmf-dist/tex/generic/pdftexcmds/pdftexcmds.sty
(/usr/share/texlive/texmf-dist/tex/generic/infwarerr/infwarerr.sty)))
(/usr/share/texlive/texmf-dist/tex/latex/hycolor/hycolor.sty)
(/usr/share/texlive/texmf-dist/tex/latex/hyperref/nameref.sty
(/usr/share/texlive/texmf-dist/tex/latex/refcount/refcount.sty)
(/usr/share/texlive/texmf-dist/tex/generic/gettitlestring/gettitlestring.sty
(/usr/share/texlive/texmf-dist/tex/latex/kvoptions/kvoptions.sty)))
(/usr/share/texlive/texmf-dist/tex/latex/etoolbox/etoolbox.sty)
(/usr/share/texlive/texmf-dist/tex/generic/stringenc/stringenc.sty)
(/usr/share/texlive/texmf-dist/tex/latex/hyperref/pd1enc.def)
(/usr/share/texlive/texmf-dist/tex/generic/intcalc/intcalc.sty)
(/usr/share/texlive/texmf-dist/tex/latex/hyperref/puenc.def)
(/usr/share/texlive/texmf-dist/tex/generic/bitset/bitset.sty
(/usr/share/texlive/texmf-dist/tex/generic/bigintcalc/bigintcalc.sty))
(/usr/share/texlive/texmf-dist/tex/latex/base/atbegshi-ltx.sty))
(/usr/share/texlive/texmf-dist/tex/latex/hyperref/hxetex.def
(/usr/share/texlive/texmf-dist/tex/latex/rerunfilecheck/rerunfilecheck.sty
(/usr/share/texlive/texmf-dist/tex/latex/base/atveryend-ltx.sty)
(/usr/share/texlive/texmf-dist/tex/generic/uniquecounter/uniquecounter.sty)))
(/usr/share/texlive/texmf-dist/tex/latex/braket/braket.sty)
No file 1657.aux.
*geometry* driver: auto-detecting
*geometry* detected driver: xetex

Package hyperref Warning: Rerun to get /PageLabels entry.

(/usr/share/texlive/texmf-dist/tex/latex/amsfonts/umsa.fd)
(/usr/share/texlive/texmf-dist/tex/latex/amsfonts/umsb.fd)
(/usr/share/texlive/texmf-dist/tex/latex/amsfonts/ueuf.fd)
[1]

LaTeX Warning: Citation `MR3861718' on page 2 undefined on input line 126.


LaTeX Warning: Reference `dfn:Yangian' on page 2 undefined on input line 126.


LaTeX Warning: Citation `MR3861718' on page 2 undefined on input line 126.


LaTeX Warning: Citation `MR2323534' on page 2 undefined on input line 129.


LaTeX Warning: Citation `GRW' on page 2 undefined on input line 129.


LaTeX Warning: Citation `MR2199856' on page 2 undefined on input line 147.


LaTeX Warning: Citation `MR2199856' on page 2 undefined on input line 154.


LaTeX Warning: Citation `MR2323534' on page 2 undefined on input line 154.


[2]

LaTeX Warning: Citation `MR2323534' on page 3 undefined on input line 164.


LaTeX Warning: Citation `MR3861718' on page 3 undefined on input line 164.


LaTeX Warning: Citation `MR3861718' on page 3 undefined on input line 164.


LaTeX Warning: Citation `MR3861718' on page 3 undefined on input line 164.


LaTeX Warning: Citation `MR3861718' on page 3 undefined on input line 173.


[3]

LaTeX Warning: Citation `MR3861718' on page 4 undefined on input line 206.


LaTeX Warning: Reference `prop:formula1' on page 4 undefined on input line 237.



LaTeX Warning: Reference `lem:expad1' on page 4 undefined on input line 237.


LaTeX Warning: Reference `prop:iji_pre' on page 4 undefined on input line 237.


LaTeX Warning: Reference `prop:formula1' on page 4 undefined on input line 237.



LaTeX Warning: Reference `prop:braid' on page 4 undefined on input line 265.


LaTeX Warning: Reference `prop:formula1' on page 4 undefined on input line 269.



[4]

LaTeX Warning: Reference `prop:iji_pre' on page 5 undefined on input line 273.


LaTeX Warning: Reference `prop:formula1' on page 5 undefined on input line 283.



[5]

LaTeX Warning: Reference `lem:relations' on page 6 undefined on input line 333.



[6]

Package hyperref Warning: Token not allowed in a PDF string (Unicode):
(hyperref)                removing `math shift' on input line 462.


Package hyperref Warning: Token not allowed in a PDF string (Unicode):
(hyperref)                removing `subscript' on input line 462.


Package hyperref Warning: Token not allowed in a PDF string (Unicode):
(hyperref)                removing `math shift' on input line 462.


[7]

LaTeX Warning: Reference `eq:rho_h' on page 8 undefined on input line 491.


LaTeX Warning: Reference `eq:rho_h' on page 8 undefined on input line 509.


[8]

LaTeX Warning: Reference `lem:higher' on page 9 undefined on input line 540.


LaTeX Warning: Reference `lem:rho' on page 9 undefined on input line 561.


[9]

LaTeX Warning: Reference `eq:TE-2' on page 10 undefined on input line 599.


LaTeX Warning: Reference `eq:TE-1' on page 10 undefined on input line 599.


LaTeX Warning: Reference `eq:increase' on page 10 undefined on input line 599.


LaTeX Warning: Citation `MR2323534' on page 10 undefined on input line 615.


LaTeX Warning: Citation `kodera_evaluation' on page 10 undefined on input line 
615.


LaTeX Warning: Citation `MR2323534' on page 10 undefined on input line 617.


LaTeX Warning: Citation `kodera_evaluation' on page 10 undefined on input line 
617.


LaTeX Warning: Citation `MR2323534' on page 10 undefined on input line 618.


LaTeX Warning: Citation `kodera_evaluation' on page 10 undefined on input line 
618.


[10]

LaTeX Warning: Citation `MR2323534' on page 11 undefined on input line 646.


LaTeX Warning: Citation `kodera_evaluation' on page 11 undefined on input line 
646.


[11]

LaTeX Warning: Reference `prop:zero-mode' on page 12 undefined on input line 69
5.


LaTeX Warning: Reference `lem:braket_pre' on page 12 undefined on input line 71
2.


LaTeX Warning: Reference `prop:braket' on page 12 undefined on input line 716.


LaTeX Warning: Reference `prop:Heisenberg' on page 12 undefined on input line 7
16.


LaTeX Warning: Reference `thm:image' on page 12 undefined on input line 716.


LaTeX Warning: Reference `lem:rho_omega_and_T' on page 12 undefined on input li
ne 718.


LaTeX Warning: Reference `lem:diagonal' on page 12 undefined on input line 730.



LaTeX Warning: Reference `lem:diagonal2' on page 12 undefined on input line 742
.


LaTeX Warning: Reference `lem:rho' on page 12 undefined on input line 752.


LaTeX Warning: Reference `eq:increase' on page 12 undefined on input line 756.


LaTeX Warning: Reference `eq:increase' on page 12 undefined on input line 756.


[12]

LaTeX Warning: Reference `prop:iji_pre' on page 13 undefined on input line 769.



LaTeX Warning: Reference `lem:0_to_k' on page 13 undefined on input line 769.


LaTeX Warning: Reference `eq:E21' on page 13 undefined on input line 769.


LaTeX Warning: Reference `lem:higher' on page 13 undefined on input line 772.


LaTeX Warning: Reference `eq:TE-1' on page 13 undefined on input line 772.


LaTeX Warning: Reference `lem:higher' on page 13 undefined on input line 772.


LaTeX Warning: Reference `eq:TE-1' on page 13 undefined on input line 772.


LaTeX Warning: Reference `lem:classical_part' on page 13 undefined on input lin
e 786.


LaTeX Warning: Reference `eq:i=1former' on page 13 undefined on input line 819.



LaTeX Warning: Reference `eq:i=1latter' on page 13 undefined on input line 819.



LaTeX Warning: Reference `lem:i=1_partial' on page 13 undefined on input line 8
19.


LaTeX Warning: Reference `eq:i=1former' on page 13 undefined on input line 821.



LaTeX Warning: Reference `eq:i=1latter' on page 13 undefined on input line 821.



LaTeX Warning: Reference `lem:classical_part' on page 13 undefined on input lin
e 821.


LaTeX Warning: Reference `eq:i=1former' on page 13 undefined on input line 821.



[13]

LaTeX Warning: Reference `lem:i=1_partial' on page 14 undefined on input line 8
25.


LaTeX Warning: Reference `eq:i=1former' on page 14 undefined on input line 825.



LaTeX Warning: Reference `eq:i=1latter' on page 14 undefined on input line 825.



LaTeX Warning: Reference `eq:i=1former' on page 14 undefined on input line 827.



LaTeX Warning: Reference `lem:higher' on page 14 undefined on input line 831.


LaTeX Warning: Reference `eq:TE-3' on page 14 undefined on input line 835.


LaTeX Warning: Reference `eq:TE-3' on page 14 undefined on input line 839.


LaTeX Warning: Reference `eq:TE-3' on page 14 undefined on input line 839.


LaTeX Warning: Reference `lem:diagonal2' on page 14 undefined on input line 845
.


LaTeX Warning: Reference `eq:m=2_k=2' on page 14 undefined on input line 846.


LaTeX Warning: Reference `eq:m=2_k=2' on page 14 undefined on input line 846.


LaTeX Warning: Reference `eq:decrease' on page 14 undefined on input line 851.


LaTeX Warning: Reference `eq:decrease' on page 14 undefined on input line 851.


LaTeX Warning: Reference `eq:m=2_k+1' on page 14 undefined on input line 852.


LaTeX Warning: Reference `eq:TE-1' on page 14 undefined on input line 856.


LaTeX Warning: Reference `eq:i=1former' on page 14 undefined on input line 860.



LaTeX Warning: Reference `eq:i=1latter' on page 14 undefined on input line 862.



LaTeX Warning: Reference `lem:higher' on page 14 undefined on input line 866.


LaTeX Warning: Reference `eq:increase' on page 14 undefined on input line 870.


LaTeX Warning: Reference `eq:TE-2' on page 14 undefined on input line 870.


LaTeX Warning: Reference `eq:TE-2' on page 14 undefined on input line 874.


LaTeX Warning: Reference `eq:TE-2' on page 14 undefined on input line 874.


LaTeX Warning: Reference `lem:diagonal2' on page 14 undefined on input line 880
.


LaTeX Warning: Reference `eq:m=2_k=2_second' on page 14 undefined on input line
 880.


[14]

LaTeX Warning: Reference `eq:decrease' on page 15 undefined on input line 884.


LaTeX Warning: Reference `eq:TE-1' on page 15 undefined on input line 888.


LaTeX Warning: Reference `lem:0_to_k' on page 15 undefined on input line 888.


LaTeX Warning: Reference `eq:TE-1' on page 15 undefined on input line 888.


LaTeX Warning: Reference `lem:0_to_k' on page 15 undefined on input line 888.


LaTeX Warning: Reference `eq:m=2_k=2_second' on page 15 undefined on input line
 889.


LaTeX Warning: Reference `eq:TE-1' on page 15 undefined on input line 894.


LaTeX Warning: Reference `eq:TE-1' on page 15 undefined on input line 894.


LaTeX Warning: Reference `eq:m=2_k+1_second' on page 15 undefined on input line
 895.


LaTeX Warning: Reference `eq:m=2_k+1_second' on page 15 undefined on input line
 895.


LaTeX Warning: Reference `lem:0_to_k' on page 15 undefined on input line 899.


LaTeX Warning: Reference `eq:TE-1' on page 15 undefined on input line 899.


LaTeX Warning: Reference `lem:0_to_k' on page 15 undefined on input line 899.


LaTeX Warning: Reference `eq:TE-1' on page 15 undefined on input line 899.


LaTeX Warning: Reference `eq:TE-4' on page 15 undefined on input line 901.


[15]

LaTeX Warning: Reference `lem:i=1' on page 16 undefined on input line 958.


LaTeX Warning: Reference `lem:braket_pre' on page 16 undefined on input line 97
2.


LaTeX Warning: Reference `eq:braket_i=1' on page 16 undefined on input line 977
.


[16]

LaTeX Warning: Reference `eq:braket' on page 17 undefined on input line 984.


LaTeX Warning: Reference `prop:ev_and_auto' on page 17 undefined on input line 
991.


LaTeX Warning: Reference `lem:braket_pre' on page 17 undefined on input line 99
1.


LaTeX Warning: Reference `eq:braket' on page 17 undefined on input line 1001.


LaTeX Warning: Reference `prop:Heisenberg' on page 17 undefined on input line 1
034.


LaTeX Warning: Reference `prop:braket' on page 17 undefined on input line 1037.



[17]

LaTeX Warning: Reference `eq:Heisenberg' on page 18 undefined on input line 107
2.


[18]

LaTeX Warning: Reference `prop:Heisenberg' on page 19 undefined on input line 1
077.


[19] (build/1657.aux)

LaTeX Warning: There were undefined references.


LaTeX Warning: Label(s) may have changed. Rerun to get cross-references right.


Package rerunfilecheck Warning: File `1657.out' has changed.
(rerunfilecheck)                Rerun to get outlines right
(rerunfilecheck)                or use package `bookmark'.

 )
Output written on build/1657.pdf (19 pages).
Transcript written on build/1657.log.
