This is XeTeX, Version 3.141592653-2.6-0.999996 (TeX Live 2025/dev/Debian) (preloaded format=xelatex)
entering extended mode
(./1660.tex
LaTeX2e <2024-11-01> patch level 2
L3 programming layer <2025-01-18>
(/usr/share/texlive/texmf-dist/tex/latex/base/article.cls
Document Class: article 2024/06/29 v1.4n Standard LaTeX document class
(/usr/share/texlive/texmf-dist/tex/latex/base/size11.clo))
(/usr/share/texlive/texmf-dist/tex/latex/geometry/geometry.sty
(/usr/share/texlive/texmf-dist/tex/latex/graphics/keyval.sty)
(/usr/share/texlive/texmf-dist/tex/generic/iftex/ifvtex.sty
(/usr/share/texlive/texmf-dist/tex/generic/iftex/iftex.sty)))
(/usr/share/texlive/texmf-dist/tex/latex/fontspec/fontspec.sty
(/usr/share/texlive/texmf-dist/tex/latex/l3packages/xparse/xparse.sty
(/usr/share/texlive/texmf-dist/tex/latex/l3kernel/expl3.sty
(/usr/share/texlive/texmf-dist/tex/latex/l3backend/l3backend-xetex.def)))
(/usr/share/texlive/texmf-dist/tex/latex/fontspec/fontspec-xetex.sty
(/usr/share/texlive/texmf-dist/tex/latex/base/fontenc.sty)
(/usr/share/texlive/texmf-dist/tex/latex/fontspec/fontspec.cfg)))
(/usr/share/texlive/texmf-dist/tex/latex/amsmath/amsmath.sty
For additional information on amsmath, use the `?' option.
(/usr/share/texlive/texmf-dist/tex/latex/amsmath/amstext.sty
(/usr/share/texlive/texmf-dist/tex/latex/amsmath/amsgen.sty))
(/usr/share/texlive/texmf-dist/tex/latex/amsmath/amsbsy.sty)
(/usr/share/texlive/texmf-dist/tex/latex/amsmath/amsopn.sty))
(/usr/share/texlive/texmf-dist/tex/latex/amsfonts/amssymb.sty
(/usr/share/texlive/texmf-dist/tex/latex/amsfonts/amsfonts.sty))
(/usr/share/texlive/texmf-dist/tex/latex/amscls/amsthm.sty)
(/usr/share/texlive/texmf-dist/tex/latex/amsmath/amscd.sty)
(/usr/share/texlive/texmf-dist/tex/latex/graphics/graphicx.sty
(/usr/share/texlive/texmf-dist/tex/latex/graphics/graphics.sty
(/usr/share/texlive/texmf-dist/tex/latex/graphics/trig.sty)
(/usr/share/texlive/texmf-dist/tex/latex/graphics-cfg/graphics.cfg)
(/usr/share/texlive/texmf-dist/tex/latex/graphics-def/xetex.def)))
(/usr/share/texlive/texmf-dist/tex/latex/graphics/color.sty
(/usr/share/texlive/texmf-dist/tex/latex/graphics-cfg/color.cfg)
(/usr/share/texlive/texmf-dist/tex/latex/graphics/mathcolor.ltx))
(/usr/share/texlive/texmf-dist/tex/latex/xurl/xurl.sty
(/usr/share/texlive/texmf-dist/tex/latex/url/url.sty))
(/usr/share/texlive/texmf-dist/tex/latex/hyperref/hyperref.sty
(/usr/share/texlive/texmf-dist/tex/latex/kvsetkeys/kvsetkeys.sty)
(/usr/share/texlive/texmf-dist/tex/generic/kvdefinekeys/kvdefinekeys.sty)
(/usr/share/texlive/texmf-dist/tex/generic/pdfescape/pdfescape.sty
(/usr/share/texlive/texmf-dist/tex/generic/ltxcmds/ltxcmds.sty)
(/usr/share/texlive/texmf-dist/tex/generic/pdftexcmds/pdftexcmds.sty
(/usr/share/texlive/texmf-dist/tex/generic/infwarerr/infwarerr.sty)))
(/usr/share/texlive/texmf-dist/tex/latex/hycolor/hycolor.sty)
(/usr/share/texlive/texmf-dist/tex/latex/hyperref/nameref.sty
(/usr/share/texlive/texmf-dist/tex/latex/refcount/refcount.sty)
(/usr/share/texlive/texmf-dist/tex/generic/gettitlestring/gettitlestring.sty
(/usr/share/texlive/texmf-dist/tex/latex/kvoptions/kvoptions.sty)))
(/usr/share/texlive/texmf-dist/tex/latex/etoolbox/etoolbox.sty)
(/usr/share/texlive/texmf-dist/tex/generic/stringenc/stringenc.sty)
(/usr/share/texlive/texmf-dist/tex/latex/hyperref/pd1enc.def)
(/usr/share/texlive/texmf-dist/tex/generic/intcalc/intcalc.sty)
(/usr/share/texlive/texmf-dist/tex/latex/hyperref/puenc.def)
(/usr/share/texlive/texmf-dist/tex/generic/bitset/bitset.sty
(/usr/share/texlive/texmf-dist/tex/generic/bigintcalc/bigintcalc.sty))
(/usr/share/texlive/texmf-dist/tex/latex/base/atbegshi-ltx.sty))
(/usr/share/texlive/texmf-dist/tex/latex/hyperref/hxetex.def
(/usr/share/texlive/texmf-dist/tex/latex/rerunfilecheck/rerunfilecheck.sty
(/usr/share/texlive/texmf-dist/tex/latex/base/atveryend-ltx.sty)
(/usr/share/texlive/texmf-dist/tex/generic/uniquecounter/uniquecounter.sty)))
(/usr/share/texlive/texmf-dist/tex/generic/xypic/xy.sty
(/usr/share/texlive/texmf-dist/tex/generic/xypic/xy.tex Bootstrap'ing:
catcodes, docmode, (/usr/share/texlive/texmf-dist/tex/generic/xypic/xyrecat.tex
) (/usr/share/texlive/texmf-dist/tex/generic/xypic/xyidioms.tex)

 Xy-pic version 3.8.9 <2013/10/06>
 Copyright (c) 1991-2013 by Kristoffer H. Rose <krisrose@tug.org> and others
 Xy-pic is free software: see the User's Guide for details.

Loading kernel: messages; fonts; allocations: state, direction,
utility macros; pictures: \xy, positions, objects, decorations;
kernel objects: directionals, circles, text; options; algorithms: directions,
edges, connections;  Xy-pic loaded)
(/usr/share/texlive/texmf-dist/tex/generic/iftex/ifpdf.sty)
(/usr/share/texlive/texmf-dist/tex/generic/xypic/xyall.tex
 Xy-pic option: All features v.3.8
(/usr/share/texlive/texmf-dist/tex/generic/xypic/xycurve.tex
 Xy-pic option: Curve and Spline extension v.3.12 curve, circles, loaded)
(/usr/share/texlive/texmf-dist/tex/generic/xypic/xyframe.tex
 Xy-pic option: Frame and Bracket extension v.3.14 loaded)
(/usr/share/texlive/texmf-dist/tex/generic/xypic/xycmtip.tex
 Xy-pic option: Computer Modern tip extension v.3.7
(/usr/share/texlive/texmf-dist/tex/generic/xypic/xytips.tex
 Xy-pic option: More Tips extension v.3.11 loaded) loaded)
(/usr/share/texlive/texmf-dist/tex/generic/xypic/xyline.tex
 Xy-pic option: Line styles extension v.3.10 loaded)
(/usr/share/texlive/texmf-dist/tex/generic/xypic/xyrotate.tex
 Xy-pic option: Rotate and Scale extension v.3.8 loaded)
(/usr/share/texlive/texmf-dist/tex/generic/xypic/xycolor.tex
 Xy-pic option: Colour extension v.3.11 loaded)
(/usr/share/texlive/texmf-dist/tex/generic/xypic/xymatrix.tex
 Xy-pic option: Matrix feature v.3.14 loaded)
(/usr/share/texlive/texmf-dist/tex/generic/xypic/xyarrow.tex
 Xy-pic option: Arrow and Path feature v.3.9 path, \ar, loaded)
(/usr/share/texlive/texmf-dist/tex/generic/xypic/xygraph.tex
 Xy-pic option: Graph feature v.3.11 loaded) loaded))
No file 1660.aux.
*geometry* driver: auto-detecting
*geometry* detected driver: xetex

Package hyperref Warning: Rerun to get /PageLabels entry.

(/usr/share/texlive/texmf-dist/tex/latex/amsfonts/umsa.fd)
(/usr/share/texlive/texmf-dist/tex/latex/amsfonts/umsb.fd)
(/usr/share/texlive/texmf-dist/tex/latex/amsfonts/ueuf.fd)
[1]
[2]
[3]

LaTeX Warning: Citation `FKKLR' on page 4 undefined on input line 226.


LaTeX Warning: Citation `FKKLR' on page 4 undefined on input line 226.


LaTeX Warning: Citation `FKKLR' on page 4 undefined on input line 226.


LaTeX Warning: Citation `FKKLR' on page 4 undefined on input line 226.


LaTeX Warning: Citation `FKKLR' on page 4 undefined on input line 226.


LaTeX Warning: Citation `FKKLR' on page 4 undefined on input line 226.


LaTeX Warning: Citation `FKKLR' on page 4 undefined on input line 226.


LaTeX Warning: Citation `FKKLR' on page 4 undefined on input line 226.


LaTeX Warning: Reference `quasiinv_add' on page 4 undefined on input line 227.


LaTeX Warning: Reference `quasiinv_twice' on page 4 undefined on input line 228
.


LaTeX Warning: Citation `FKKLR' on page 4 undefined on input line 246.


[4]

LaTeX Warning: Citation `FKKLR' on page 5 undefined on input line 262.


LaTeX Warning: Citation `FKKLR' on page 5 undefined on input line 294.


LaTeX Warning: Citation `FK' on page 5 undefined on input line 294.


LaTeX Warning: Citation `L' on page 5 undefined on input line 294.


LaTeX Warning: Citation `Sat' on page 5 undefined on input line 294.


LaTeX Warning: Citation `FKKLR' on page 5 undefined on input line 304.


[5]

LaTeX Warning: Citation `FKKLR' on page 6 undefined on input line 324.


LaTeX Warning: Citation `M' on page 6 undefined on input line 356.


[6] <xymatrix 2x2 168> <xymatrix 2x2 168>
[7]

LaTeX Warning: Reference `innerprod' on page 8 undefined on input line 417.


LaTeX Warning: Citation `EHW' on page 8 undefined on input line 423.


LaTeX Warning: Citation `J' on page 8 undefined on input line 423.


Underfull \hbox (badness 4479) in paragraph at lines 425--427
[]\TU/LatinModernRoman(0)/m/n/10.95 When $\OMS/cmsy/m/n/10.95 H[]\OT1/cmr/m/n/1
0.95 (\OML/cmm/m/it/10.95 D; V\OT1/cmr/m/n/10.95 )$ \TU/LatinModernRoman(0)/m/n
/10.95 is holomorphic discrete, we consider the irreducible decomposition of

LaTeX Warning: Reference `assumption_orth' on page 8 undefined on input line 45
8.


LaTeX Warning: Citation `N2' on page 8 undefined on input line 458.


LaTeX Warning: Reference `assumption_orth' on page 8 undefined on input line 45
9.


LaTeX Warning: Reference `norm_compare' on page 8 undefined on input line 459.


LaTeX Warning: Reference `kernel_expansion' on page 8 undefined on input line 4
59.


LaTeX Warning: Citation `FKKLR' on page 8 undefined on input line 462.


LaTeX Warning: Citation `FK0' on page 8 undefined on input line 462.


[8]

LaTeX Warning: Reference `Pochhammer' on page 9 undefined on input line 466.


LaTeX Warning: Reference `root_sys' on page 9 undefined on input line 474.


LaTeX Warning: Reference `innerprod' on page 9 undefined on input line 484.


LaTeX Warning: Reference `innerprod' on page 9 undefined on input line 485.


LaTeX Warning: Reference `BSD' on page 9 undefined on input line 486.


LaTeX Warning: Reference `spectral_norm' on page 9 undefined on input line 495.



LaTeX Warning: Reference `BSD' on page 9 undefined on input line 500.


LaTeX Warning: Reference `BSD_intersection' on page 9 undefined on input line 5
00.


Underfull \hbox (badness 5681) in paragraph at lines 499--501
[]\TU/LatinModernRoman(0)/m/n/10.95 This follows from $\OMS/cmsy/m/n/10.95 j\OM
L/cmm/m/it/10.95 x\OMS/cmsy/m/n/10.95 j[] \OT1/cmr/m/n/10.95 = [] []$\TU/LatinM
odernRoman(0)/m/n/10.95 , $\OMS/cmsy/m/n/10.95 j\OML/cmm/m/it/10.95 x\OMS/cmsy/
m/n/10.95 j[] \OT1/cmr/m/n/10.95 = [] []$

LaTeX Warning: Reference `HDS' on page 9 undefined on input line 503.


LaTeX Warning: Citation `K1' on page 9 undefined on input line 506.


[9]

LaTeX Warning: Citation `JV' on page 10 undefined on input line 520.


LaTeX Warning: Citation `Kmf1' on page 10 undefined on input line 520.


LaTeX Warning: Citation `Ma' on page 10 undefined on input line 520.


LaTeX Warning: Reference `cocycle' on page 10 undefined on input line 546.


LaTeX Warning: Reference `G1-invariance' on page 10 undefined on input line 546
.


LaTeX Warning: Reference `G1-invariance' on page 10 undefined on input line 558
.


LaTeX Warning: Reference `Bergman_property' on page 10 undefined on input line 
561.


[10]

LaTeX Warning: Reference `quasiinv_k' on page 11 undefined on input line 576.


LaTeX Warning: Reference `quasiinv_add' on page 11 undefined on input line 576.



LaTeX Warning: Reference `quasiinv_twice' on page 11 undefined on input line 57
8.


LaTeX Warning: Citation `FKKLR' on page 11 undefined on input line 580.


LaTeX Warning: Reference `K-invariance' on page 11 undefined on input line 584.



LaTeX Warning: Reference `G1-invariance' on page 11 undefined on input line 586
.


LaTeX Warning: Reference `Khat' on page 11 undefined on input line 590.


LaTeX Warning: Reference `Khat' on page 11 undefined on input line 593.


LaTeX Warning: Reference `K-invariance' on page 11 undefined on input line 595.



LaTeX Warning: Reference `G1-invariance' on page 11 undefined on input line 605
.


[11]

LaTeX Warning: Reference `Khat' on page 12 undefined on input line 632.


LaTeX Warning: Reference `K-invariance' on page 12 undefined on input line 643.



LaTeX Warning: Reference `Khat' on page 12 undefined on input line 643.


[12]

LaTeX Warning: Reference `assumption' on page 13 undefined on input line 712.


[13]
[14]

LaTeX Warning: Reference `char' on page 15 undefined on input line 800.


LaTeX Warning: Citation `FKKLR' on page 15 undefined on input line 817.


LaTeX Warning: Citation `FKKLR' on page 15 undefined on input line 825.


LaTeX Warning: Citation `FKKLR' on page 15 undefined on input line 835.


LaTeX Warning: Reference `projprop' on page 15 undefined on input line 839.


LaTeX Warning: Reference `projlemma' on page 15 undefined on input line 844.


[15]

LaTeX Warning: Reference `K-invariance' on page 16 undefined on input line 869.



LaTeX Warning: Citation `D' on page 16 undefined on input line 904.


LaTeX Warning: Citation `FK' on page 16 undefined on input line 904.


[16]

LaTeX Warning: Citation `KP1' on page 17 undefined on input line 916.


Underfull \hbox (badness 3557) in paragraph at lines 918--921
[]\TU/LatinModernRoman(0)/m/n/10.95 These operators are defined as maps from th
e space of polynomials $\OMS/cmsy/m/n/10.95 H[]\OT1/cmr/m/n/10.95 (\OML/cmm/m/i
t/10.95 D; V\OT1/cmr/m/n/10.95 )[]$ \TU/LatinModernRoman(0)/m/n/10.95 resp.

[17]
[18]

LaTeX Warning: Reference `conti_ext' on page 19 undefined on input line 1013.


[19] (build/1660.aux)

LaTeX Warning: There were undefined references.


LaTeX Warning: Label(s) may have changed. Rerun to get cross-references right.


Package rerunfilecheck Warning: File `1660.out' has changed.
(rerunfilecheck)                Rerun to get outlines right
(rerunfilecheck)                or use package `bookmark'.

 )
(see the transcript file for additional information)
Output written on build/1660.pdf (19 pages).
Transcript written on build/1660.log.
