This is XeTeX, Version 3.141592653-2.6-0.999996 (TeX Live 2025/dev/Debian) (preloaded format=xelatex)
entering extended mode
(./1703.tex
LaTeX2e <2024-11-01> patch level 2
L3 programming layer <2025-01-18>
(/usr/share/texlive/texmf-dist/tex/latex/base/article.cls
Document Class: article 2024/06/29 v1.4n Standard LaTeX document class
(/usr/share/texlive/texmf-dist/tex/latex/base/size11.clo))
(/usr/share/texlive/texmf-dist/tex/latex/geometry/geometry.sty
(/usr/share/texlive/texmf-dist/tex/latex/graphics/keyval.sty)
(/usr/share/texlive/texmf-dist/tex/generic/iftex/ifvtex.sty
(/usr/share/texlive/texmf-dist/tex/generic/iftex/iftex.sty)))
(/usr/share/texlive/texmf-dist/tex/latex/fontspec/fontspec.sty
(/usr/share/texlive/texmf-dist/tex/latex/l3packages/xparse/xparse.sty
(/usr/share/texlive/texmf-dist/tex/latex/l3kernel/expl3.sty
(/usr/share/texlive/texmf-dist/tex/latex/l3backend/l3backend-xetex.def)))
(/usr/share/texlive/texmf-dist/tex/latex/fontspec/fontspec-xetex.sty
(/usr/share/texlive/texmf-dist/tex/latex/base/fontenc.sty)
(/usr/share/texlive/texmf-dist/tex/latex/fontspec/fontspec.cfg)))
(/usr/share/texlive/texmf-dist/tex/latex/amsmath/amsmath.sty
For additional information on amsmath, use the `?' option.
(/usr/share/texlive/texmf-dist/tex/latex/amsmath/amstext.sty
(/usr/share/texlive/texmf-dist/tex/latex/amsmath/amsgen.sty))
(/usr/share/texlive/texmf-dist/tex/latex/amsmath/amsbsy.sty)
(/usr/share/texlive/texmf-dist/tex/latex/amsmath/amsopn.sty))
(/usr/share/texlive/texmf-dist/tex/latex/amsfonts/amssymb.sty
(/usr/share/texlive/texmf-dist/tex/latex/amsfonts/amsfonts.sty))
(/usr/share/texlive/texmf-dist/tex/latex/amscls/amsthm.sty)
(/usr/share/texlive/texmf-dist/tex/latex/amsmath/amscd.sty)
(/usr/share/texlive/texmf-dist/tex/latex/graphics/graphicx.sty
(/usr/share/texlive/texmf-dist/tex/latex/graphics/graphics.sty
(/usr/share/texlive/texmf-dist/tex/latex/graphics/trig.sty)
(/usr/share/texlive/texmf-dist/tex/latex/graphics-cfg/graphics.cfg)
(/usr/share/texlive/texmf-dist/tex/latex/graphics-def/xetex.def)))
(/usr/share/texlive/texmf-dist/tex/latex/graphics/color.sty
(/usr/share/texlive/texmf-dist/tex/latex/graphics-cfg/color.cfg)
(/usr/share/texlive/texmf-dist/tex/latex/graphics/mathcolor.ltx))
(/usr/share/texlive/texmf-dist/tex/latex/xurl/xurl.sty
(/usr/share/texlive/texmf-dist/tex/latex/url/url.sty))
(/usr/share/texlive/texmf-dist/tex/latex/hyperref/hyperref.sty
(/usr/share/texlive/texmf-dist/tex/latex/kvsetkeys/kvsetkeys.sty)
(/usr/share/texlive/texmf-dist/tex/generic/kvdefinekeys/kvdefinekeys.sty)
(/usr/share/texlive/texmf-dist/tex/generic/pdfescape/pdfescape.sty
(/usr/share/texlive/texmf-dist/tex/generic/ltxcmds/ltxcmds.sty)
(/usr/share/texlive/texmf-dist/tex/generic/pdftexcmds/pdftexcmds.sty
(/usr/share/texlive/texmf-dist/tex/generic/infwarerr/infwarerr.sty)))
(/usr/share/texlive/texmf-dist/tex/latex/hycolor/hycolor.sty)
(/usr/share/texlive/texmf-dist/tex/latex/hyperref/nameref.sty
(/usr/share/texlive/texmf-dist/tex/latex/refcount/refcount.sty)
(/usr/share/texlive/texmf-dist/tex/generic/gettitlestring/gettitlestring.sty
(/usr/share/texlive/texmf-dist/tex/latex/kvoptions/kvoptions.sty)))
(/usr/share/texlive/texmf-dist/tex/latex/etoolbox/etoolbox.sty)
(/usr/share/texlive/texmf-dist/tex/generic/stringenc/stringenc.sty)
(/usr/share/texlive/texmf-dist/tex/latex/hyperref/pd1enc.def)
(/usr/share/texlive/texmf-dist/tex/generic/intcalc/intcalc.sty)
(/usr/share/texlive/texmf-dist/tex/latex/hyperref/puenc.def)
(/usr/share/texlive/texmf-dist/tex/generic/bitset/bitset.sty
(/usr/share/texlive/texmf-dist/tex/generic/bigintcalc/bigintcalc.sty))
(/usr/share/texlive/texmf-dist/tex/latex/base/atbegshi-ltx.sty))
(/usr/share/texlive/texmf-dist/tex/latex/hyperref/hxetex.def
(/usr/share/texlive/texmf-dist/tex/latex/rerunfilecheck/rerunfilecheck.sty
(/usr/share/texlive/texmf-dist/tex/latex/base/atveryend-ltx.sty)
(/usr/share/texlive/texmf-dist/tex/generic/uniquecounter/uniquecounter.sty)))
No file 1703.aux.
*geometry* driver: auto-detecting
*geometry* detected driver: xetex

Package hyperref Warning: Rerun to get /PageLabels entry.

(/usr/share/texlive/texmf-dist/tex/latex/amsfonts/umsa.fd)
(/usr/share/texlive/texmf-dist/tex/latex/amsfonts/umsb.fd)

LaTeX Warning: Citation `Pain1897' on page 1 undefined on input line 93.


LaTeX Warning: Citation `Per1990' on page 1 undefined on input line 93.


LaTeX Warning: Citation `Eis1934' on page 1 undefined on input line 93.


LaTeX Warning: Citation `Sta1897' on page 1 undefined on input line 93.


[1]

LaTeX Warning: Citation `Ben2016' on page 2 undefined on input line 95.


LaTeX Warning: Citation `BCR1-2002' on page 2 undefined on input line 95.


LaTeX Warning: Citation `BCR2-2002' on page 2 undefined on input line 95.


LaTeX Warning: Citation `Eis1934' on page 2 undefined on input line 95.


LaTeX Warning: Citation `KaMi1980' on page 2 undefined on input line 95.


LaTeX Warning: Citation `KaMi1981' on page 2 undefined on input line 95.


LaTeX Warning: Citation `KaMi1984' on page 2 undefined on input line 95.


LaTeX Warning: Citation `Rob1928' on page 2 undefined on input line 95.


LaTeX Warning: Citation `Eis1934' on page 2 undefined on input line 95.


LaTeX Warning: Citation `DKN2016' on page 2 undefined on input line 97.


LaTeX Warning: Citation `DKN2019a' on page 2 undefined on input line 97.


LaTeX Warning: Citation `GT2013' on page 2 undefined on input line 97.


LaTeX Warning: Citation `KKL2001' on page 2 undefined on input line 97.


LaTeX Warning: Citation `KS2014' on page 2 undefined on input line 97.


LaTeX Warning: Citation `LU2001' on page 2 undefined on input line 97.


LaTeX Warning: Citation `LeU1989' on page 2 undefined on input line 97.


LaTeX Warning: Citation `Sa2013' on page 2 undefined on input line 97.


LaTeX Warning: Citation `Uhl2009' on page 2 undefined on input line 97.


LaTeX Warning: Citation `Uhl2014' on page 2 undefined on input line 97.


LaTeX Warning: Citation `DKN2015' on page 2 undefined on input line 97.


LaTeX Warning: Citation `DKN2016' on page 2 undefined on input line 97.


LaTeX Warning: Citation `DKN2017' on page 2 undefined on input line 97.


LaTeX Warning: Citation `DKN2018a' on page 2 undefined on input line 97.


LaTeX Warning: Citation `DKN2019b' on page 2 undefined on input line 97.


LaTeX Warning: Citation `Gob2016' on page 2 undefined on input line 97.


LaTeX Warning: Citation `BCR1-2002' on page 2 undefined on input line 99.


LaTeX Warning: Citation `Eis1934' on page 2 undefined on input line 99.


LaTeX Warning: Citation `KaMi1980' on page 2 undefined on input line 99.


LaTeX Warning: Citation `Sta1897' on page 2 undefined on input line 99.


LaTeX Warning: Reference `Stackelform' on page 2 undefined on input line 113.


[2]

LaTeX Warning: Reference `HJ' on page 3 undefined on input line 119.


LaTeX Warning: Reference `HJ' on page 3 undefined on input line 129.


LaTeX Warning: Reference `complint' on page 3 undefined on input line 137.


LaTeX Warning: Reference `StackelMatrix' on page 3 undefined on input line 145.



LaTeX Warning: Reference `FirstInt' on page 3 undefined on input line 145.


LaTeX Warning: Citation `BCR1-2002' on page 3 undefined on input line 159.


[3]

LaTeX Warning: Citation `BCR1-2002' on page 4 undefined on input line 188.


LaTeX Warning: Citation `BCR2-2002' on page 4 undefined on input line 188.


LaTeX Warning: Citation `Eis1934' on page 4 undefined on input line 188.


LaTeX Warning: Citation `KaMi1980' on page 4 undefined on input line 188.


LaTeX Warning: Citation `KaMi1981' on page 4 undefined on input line 188.


LaTeX Warning: Citation `Rob1928' on page 4 undefined on input line 188.


LaTeX Warning: Citation `Eis1934' on page 4 undefined on input line 188.


LaTeX Warning: Reference `FirstInt' on page 4 undefined on input line 192.


LaTeX Warning: Citation `BCR1-2002' on page 4 undefined on input line 202.


LaTeX Warning: Citation `BCR2-2002' on page 4 undefined on input line 202.


LaTeX Warning: Citation `BCR2005' on page 4 undefined on input line 202.


LaTeX Warning: Citation `CR2006' on page 4 undefined on input line 202.


LaTeX Warning: Citation `CR2007' on page 4 undefined on input line 202.


LaTeX Warning: Citation `KaMi1980' on page 4 undefined on input line 202.


LaTeX Warning: Citation `KaMi1981' on page 4 undefined on input line 202.


LaTeX Warning: Citation `KaMi1984' on page 4 undefined on input line 202.


LaTeX Warning: Citation `Ben2016' on page 4 undefined on input line 202.


LaTeX Warning: Citation `Mi1988' on page 4 undefined on input line 202.


LaTeX Warning: Citation `Car1977' on page 4 undefined on input line 202.


[4]

LaTeX Warning: Citation `Pain1897' on page 5 undefined on input line 204.


LaTeX Warning: Citation `Per1990' on page 5 undefined on input line 204.


LaTeX Warning: Citation `BCR1-2002' on page 5 undefined on input line 204.


LaTeX Warning: Citation `BCR2-2002' on page 5 undefined on input line 204.


LaTeX Warning: Citation `CR2006' on page 5 undefined on input line 204.


LaTeX Warning: Citation `KaMi1980' on page 5 undefined on input line 204.


LaTeX Warning: Citation `KaMi1981' on page 5 undefined on input line 204.


LaTeX Warning: Citation `KaMi1984' on page 5 undefined on input line 204.


LaTeX Warning: Reference `StackelPositiveness' on page 5 undefined on input lin
e 236.


[5]

LaTeX Warning: Reference `Painleveform' on page 6 undefined on input line 246.


LaTeX Warning: Reference `Painleveform' on page 6 undefined on input line 250.


LaTeX Warning: Reference `blockmetric' on page 6 undefined on input line 250.


LaTeX Warning: Reference `blockmetric' on page 6 undefined on input line 250.


LaTeX Warning: Reference `Painleveform' on page 6 undefined on input line 250.


LaTeX Warning: Reference `blockmetric' on page 6 undefined on input line 256.


LaTeX Warning: Reference `Painleveform' on page 6 undefined on input line 259.


LaTeX Warning: Reference `PainHJSection' on page 6 undefined on input line 276.



LaTeX Warning: Reference `Painsepform' on page 6 undefined on input line 278.


LaTeX Warning: Citation `Per1990' on page 6 undefined on input line 278.


LaTeX Warning: Reference `HJsep' on page 6 undefined on input line 287.


LaTeX Warning: Reference `HJsep' on page 6 undefined on input line 288.


LaTeX Warning: Citation `Per1990' on page 6 undefined on input line 288.


[6]

LaTeX Warning: Reference `PoissonCommute' on page 7 undefined on input line 308
.


LaTeX Warning: Citation `diPirro1896' on page 7 undefined on input line 310.


LaTeX Warning: Citation `Per1990' on page 7 undefined on input line 310.


LaTeX Warning: Reference `diPirro' on page 7 undefined on input line 318.


LaTeX Warning: Citation `Top1999' on page 7 undefined on input line 318.


LaTeX Warning: Citation `Top2002' on page 7 undefined on input line 318.


LaTeX Warning: Citation `HaMa1978' on page 7 undefined on input line 318.


Package hyperref Warning: Suppressing link with empty target on input line 318.



LaTeX Warning: Citation `CR2019' on page 7 undefined on input line 318.


Package hyperref Warning: Suppressing link with empty target on input line 318.



LaTeX Warning: Reference `Helm' on page 7 undefined on input line 320.


LaTeX Warning: Reference `Painleveform' on page 7 undefined on input line 320.


LaTeX Warning: Reference `blockmetric' on page 7 undefined on input line 320.


[7]

LaTeX Warning: Reference `ProofsofMainTheorems' on page 8 undefined on input li
ne 331.


LaTeX Warning: Reference `classicalRobertson' on page 8 undefined on input line
 331.


LaTeX Warning: Reference `GenRobertson' on page 8 undefined on input line 344.


LaTeX Warning: Reference `GenRobertson' on page 8 undefined on input line 350.


LaTeX Warning: Reference `GenRobertsonsimpl' on page 8 undefined on input line 
350.


Package hyperref Warning: Suppressing link with empty target on input line 357.



LaTeX Warning: Reference `GenRobertson' on page 8 undefined on input line 385.


LaTeX Warning: Reference `Painleveform' on page 8 undefined on input line 385.


LaTeX Warning: Reference `maintheorem1' on page 8 undefined on input line 400.


Package hyperref Warning: Suppressing link with empty target on input line 400.



Package hyperref Warning: Suppressing link with empty target on input line 400.



LaTeX Warning: Citation `BCR1-2002' on page 8 undefined on input line 400.


LaTeX Warning: Citation `BCR2-2002' on page 8 undefined on input line 400.


LaTeX Warning: Citation `Eis1934' on page 8 undefined on input line 400.


LaTeX Warning: Citation `KaMi1980' on page 8 undefined on input line 400.


LaTeX Warning: Citation `KaMi1981' on page 8 undefined on input line 400.


LaTeX Warning: Citation `Per1990' on page 8 undefined on input line 400.


[8]

LaTeX Warning: Reference `StackelPositiveness' on page 9 undefined on input lin
e 404.


LaTeX Warning: Citation `BCR1-2002' on page 9 undefined on input line 405.


LaTeX Warning: Citation `BCR2-2002' on page 9 undefined on input line 405.


LaTeX Warning: Citation `Eis1934' on page 9 undefined on input line 405.


LaTeX Warning: Citation `KaMi1980' on page 9 undefined on input line 405.


LaTeX Warning: Citation `KaMi1981' on page 9 undefined on input line 405.


LaTeX Warning: Reference `genKE' on page 9 undefined on input line 412.


LaTeX Warning: Reference `PoissonCommute' on page 9 undefined on input line 413
.


LaTeX Warning: Reference `Killingtensor' on page 9 undefined on input line 417.



LaTeX Warning: Reference `Painlevecomm' on page 9 undefined on input line 417.


LaTeX Warning: Reference `Painlevecomm' on page 9 undefined on input line 421.


LaTeX Warning: Reference `blockmetric' on page 9 undefined on input line 421.


LaTeX Warning: Reference `Stackelcomm' on page 9 undefined on input line 421.


LaTeX Warning: Reference `defrho' on page 9 undefined on input line 425.


LaTeX Warning: Reference `Stackelcomm' on page 9 undefined on input line 425.


LaTeX Warning: Reference `genKE' on page 9 undefined on input line 429.


LaTeX Warning: Reference `genStackelmat' on page 9 undefined on input line 439.



LaTeX Warning: Reference `Painleveform' on page 9 undefined on input line 439.


LaTeX Warning: Reference `H' on page 9 undefined on input line 439.


LaTeX Warning: Reference `genLeviCivita' on page 9 undefined on input line 452.



[9]

LaTeX Warning: Reference `genLeviCivita' on page 10 undefined on input line 455
.


LaTeX Warning: Reference `PainHJSection' on page 10 undefined on input line 460
.


LaTeX Warning: Reference `genLeviCivita' on page 10 undefined on input line 460
.


LaTeX Warning: Reference `Painleveform' on page 10 undefined on input line 460.



LaTeX Warning: Reference `H' on page 10 undefined on input line 460.


LaTeX Warning: Reference `H' on page 10 undefined on input line 460.


LaTeX Warning: Reference `genKE' on page 10 undefined on input line 464.


LaTeX Warning: Reference `genKE' on page 10 undefined on input line 468.


LaTeX Warning: Reference `intKE' on page 10 undefined on input line 481.


LaTeX Warning: Reference `H' on page 10 undefined on input line 487.


LaTeX Warning: Reference `compat' on page 10 undefined on input line 487.


[10]

LaTeX Warning: Reference `genLeviCivita' on page 11 undefined on input line 497
.


LaTeX Warning: Reference `secondorder' on page 11 undefined on input line 497.


LaTeX Warning: Reference `compat' on page 11 undefined on input line 497.


LaTeX Warning: Reference `identity' on page 11 undefined on input line 497.


LaTeX Warning: Reference `HJSeparability-Painleve' on page 11 undefined on inpu
t line 502.


LaTeX Warning: Reference `HJSeparability-Painleve' on page 11 undefined on inpu
t line 504.


LaTeX Warning: Reference `HJ' on page 11 undefined on input line 510.


LaTeX Warning: Reference `Painsepform' on page 11 undefined on input line 514.


LaTeX Warning: Reference `rankPainHJ' on page 11 undefined on input line 514.


LaTeX Warning: Reference `HJ1' on page 11 undefined on input line 514.


LaTeX Warning: Reference `HJ2' on page 11 undefined on input line 518.


LaTeX Warning: Reference `Painsepform' on page 11 undefined on input line 522.


LaTeX Warning: Reference `rankPainHJ' on page 11 undefined on input line 522.


LaTeX Warning: Reference `rankPainHJ' on page 11 undefined on input line 526.


LaTeX Warning: Reference `HJ3' on page 11 undefined on input line 526.


LaTeX Warning: Reference `Painleveform' on page 11 undefined on input line 532.



LaTeX Warning: Reference `HJ' on page 11 undefined on input line 532.


[11]

LaTeX Warning: Reference `HJPainform' on page 12 undefined on input line 540.


LaTeX Warning: Reference `Painsepform' on page 12 undefined on input line 544.


LaTeX Warning: Reference `HJ4' on page 12 undefined on input line 548.


LaTeX Warning: Citation `Tay2011a' on page 12 undefined on input line 548.


LaTeX Warning: Reference `HJ5' on page 12 undefined on input line 548.


LaTeX Warning: Reference `genStackelmat' on page 12 undefined on input line 552
.


LaTeX Warning: Reference `rankPainHJ' on page 12 undefined on input line 552.


LaTeX Warning: Reference `Painleveform' on page 12 undefined on input line 552.



LaTeX Warning: Reference `HJSeparability-Painleve' on page 12 undefined on inpu
t line 555.


LaTeX Warning: Reference `genLeviCivita' on page 12 undefined on input line 555
.


LaTeX Warning: Reference `HJ' on page 12 undefined on input line 559.


LaTeX Warning: Reference `HJPainformnew' on page 12 undefined on input line 563
.


LaTeX Warning: Reference `HJPainformnew' on page 12 undefined on input line 571
.


[12]

LaTeX Warning: Reference `normalsyst' on page 13 undefined on input line 584.


LaTeX Warning: Reference `totaldiff' on page 13 undefined on input line 588.


LaTeX Warning: Citation `BCR1-2002' on page 13 undefined on input line 592.


LaTeX Warning: Reference `commutation' on page 13 undefined on input line 592.


LaTeX Warning: Reference `rankPainHJ' on page 13 undefined on input line 592.


LaTeX Warning: Reference `rankHJ' on page 13 undefined on input line 592.


LaTeX Warning: Reference `Painleveform' on page 13 undefined on input line 592.



LaTeX Warning: Reference `commutation' on page 13 undefined on input line 594.


LaTeX Warning: Reference `genLeviCivita' on page 13 undefined on input line 594
.


LaTeX Warning: Citation `BCR1-2002' on page 13 undefined on input line 594.


LaTeX Warning: Citation `KaMi1984' on page 13 undefined on input line 594.


LaTeX Warning: Reference `commutation' on page 13 undefined on input line 596.


LaTeX Warning: Reference `genLeviCivita' on page 13 undefined on input line 596
.


LaTeX Warning: Reference `totaldiff' on page 13 undefined on input line 599.


LaTeX Warning: Reference `commutation' on page 13 undefined on input line 599.


LaTeX Warning: Reference `genLeviCivita' on page 13 undefined on input line 609
.


LaTeX Warning: Citation `CR2019' on page 13 undefined on input line 612.


LaTeX Warning: Reference `GenLC' on page 13 undefined on input line 614.


LaTeX Warning: Citation `CR2019' on page 13 undefined on input line 617.


LaTeX Warning: Reference `KE' on page 13 undefined on input line 617.


[13]

LaTeX Warning: Reference `genKE1' on page 14 undefined on input line 630.


LaTeX Warning: Citation `CR2019' on page 14 undefined on input line 639.


LaTeX Warning: Reference `genKE1' on page 14 undefined on input line 651.


LaTeX Warning: Reference `genKE1' on page 14 undefined on input line 661.


LaTeX Warning: Reference `IC2' on page 14 undefined on input line 677.


LaTeX Warning: Reference `IC2' on page 14 undefined on input line 677.


LaTeX Warning: Reference `GenLC' on page 14 undefined on input line 677.


LaTeX Warning: Reference `PainLC' on page 14 undefined on input line 677.


LaTeX Warning: Reference `H' on page 14 undefined on input line 680.


LaTeX Warning: Reference `PainLC' on page 14 undefined on input line 680.


LaTeX Warning: Reference `PainKA' on page 14 undefined on input line 680.


LaTeX Warning: Reference `Painleveform' on page 14 undefined on input line 680.



LaTeX Warning: Reference `maintheorem1' on page 14 undefined on input line 691.



LaTeX Warning: Reference `maintheorem1' on page 14 undefined on input line 699.



LaTeX Warning: Reference `Ricciform' on page 14 undefined on input line 699.


LaTeX Warning: Citation `Eis1934' on page 14 undefined on input line 699.


[14]

LaTeX Warning: Reference `adaptedRicci' on page 15 undefined on input line 710.



LaTeX Warning: Reference `blockmetric' on page 15 undefined on input line 710.


LaTeX Warning: Reference `Tterms' on page 15 undefined on input line 710.


LaTeX Warning: Reference `adaptedRicci' on page 15 undefined on input line 712.



LaTeX Warning: Reference `LeviCivita' on page 15 undefined on input line 712.


LaTeX Warning: Reference `genLeviCivita' on page 15 undefined on input line 712
.


LaTeX Warning: Reference `secondorder' on page 15 undefined on input line 712.


LaTeX Warning: Reference `GenRobertson' on page 15 undefined on input line 712.



LaTeX Warning: Reference `Ricciform' on page 15 undefined on input line 712.


LaTeX Warning: Reference `adaptedRicci' on page 15 undefined on input line 712.



LaTeX Warning: Reference `Ricci' on page 15 undefined on input line 718.


LaTeX Warning: Reference `Painleveform' on page 15 undefined on input line 718.



LaTeX Warning: Reference `Painleveform' on page 15 undefined on input line 722.



LaTeX Warning: Reference `Christoffel' on page 15 undefined on input line 735.


LaTeX Warning: Reference `Ricci' on page 15 undefined on input line 735.


[15]

LaTeX Warning: Reference `Riemann1' on page 16 undefined on input line 745.


LaTeX Warning: Reference `Christoffel' on page 16 undefined on input line 745.


LaTeX Warning: Reference `Painleveform' on page 16 undefined on input line 753.



LaTeX Warning: Reference `blockmetric' on page 16 undefined on input line 765.


LaTeX Warning: Reference `Riemann1' on page 16 undefined on input line 767.


LaTeX Warning: Reference `Painleveform' on page 16 undefined on input line 767.



LaTeX Warning: Reference `blockmetric' on page 16 undefined on input line 767.


[16]

LaTeX Warning: Reference `blockmetric' on page 17 undefined on input line 776.


LaTeX Warning: Reference `Riemann1' on page 17 undefined on input line 776.


LaTeX Warning: Reference `blockmetric' on page 17 undefined on input line 785.


LaTeX Warning: Reference `derivgamma' on page 17 undefined on input line 785.


LaTeX Warning: Reference `quadr1' on page 17 undefined on input line 785.


LaTeX Warning: Reference `quadr2' on page 17 undefined on input line 785.


LaTeX Warning: Reference `quadr3' on page 17 undefined on input line 785.


LaTeX Warning: Reference `Christoffel' on page 17 undefined on input line 802.


[17]

LaTeX Warning: Reference `Riemann2' on page 18 undefined on input line 814.


LaTeX Warning: Reference `Christoffelmixed' on page 18 undefined on input line 
814.


LaTeX Warning: Reference `Painleveform' on page 18 undefined on input line 818.



LaTeX Warning: Reference `blockmetric' on page 18 undefined on input line 823.


LaTeX Warning: Reference `longChristoffel' on page 18 undefined on input line 8
23.


LaTeX Warning: Reference `moreChristoffel' on page 18 undefined on input line 8
23.


LaTeX Warning: Reference `moreChristoffel' on page 18 undefined on input line 8
28.


LaTeX Warning: Reference `longChristoffel' on page 18 undefined on input line 8
28.


LaTeX Warning: Reference `newquadr1' on page 18 undefined on input line 833.


LaTeX Warning: Reference `newquadr2' on page 18 undefined on input line 833.


LaTeX Warning: Reference `Riemann2' on page 18 undefined on input line 837.


LaTeX Warning: Reference `newderiv1' on page 18 undefined on input line 846.


LaTeX Warning: Reference `newderiv2' on page 18 undefined on input line 846.


LaTeX Warning: Reference `newquadr1' on page 18 undefined on input line 846.


LaTeX Warning: Reference `newquadr2' on page 18 undefined on input line 846.


LaTeX Warning: Reference `newquadr3' on page 18 undefined on input line 846.


LaTeX Warning: Reference `Riemann2' on page 18 undefined on input line 846.


[18]

LaTeX Warning: Reference `Riccidecomp1' on page 19 undefined on input line 858.



LaTeX Warning: Reference `Riccidecomp2' on page 19 undefined on input line 858.



LaTeX Warning: Reference `Riccidecomp3' on page 19 undefined on input line 858.



LaTeX Warning: Reference `Riccidecomp' on page 19 undefined on input line 858.


LaTeX Warning: Reference `simplif' on page 19 undefined on input line 877.


LaTeX Warning: Reference `Riccialmostfinal' on page 19 undefined on input line 
882.


[19]

LaTeX Warning: Reference `maintheorem1' on page 20 undefined on input line 891.



[20]
[21]
[22] (build/1703.aux)

LaTeX Warning: There were undefined references.


LaTeX Warning: Label(s) may have changed. Rerun to get cross-references right.


Package rerunfilecheck Warning: File `1703.out' has changed.
(rerunfilecheck)                Rerun to get outlines right
(rerunfilecheck)                or use package `bookmark'.

 )
Output written on build/1703.pdf (22 pages).
Transcript written on build/1703.log.
