This is XeTeX, Version 3.141592653-2.6-0.999996 (TeX Live 2025/dev/Debian) (preloaded format=xelatex)
entering extended mode
(./2021.tex
LaTeX2e <2024-11-01> patch level 2
L3 programming layer <2025-01-18>
(/usr/share/texlive/texmf-dist/tex/latex/base/article.cls
Document Class: article 2024/06/29 v1.4n Standard LaTeX document class
(/usr/share/texlive/texmf-dist/tex/latex/base/size11.clo))
(/usr/share/texlive/texmf-dist/tex/latex/geometry/geometry.sty
(/usr/share/texlive/texmf-dist/tex/latex/graphics/keyval.sty)
(/usr/share/texlive/texmf-dist/tex/generic/iftex/ifvtex.sty
(/usr/share/texlive/texmf-dist/tex/generic/iftex/iftex.sty)))
(/usr/share/texlive/texmf-dist/tex/latex/fontspec/fontspec.sty
(/usr/share/texlive/texmf-dist/tex/latex/l3packages/xparse/xparse.sty
(/usr/share/texlive/texmf-dist/tex/latex/l3kernel/expl3.sty
(/usr/share/texlive/texmf-dist/tex/latex/l3backend/l3backend-xetex.def)))
(/usr/share/texlive/texmf-dist/tex/latex/fontspec/fontspec-xetex.sty
(/usr/share/texlive/texmf-dist/tex/latex/base/fontenc.sty)
(/usr/share/texlive/texmf-dist/tex/latex/fontspec/fontspec.cfg)))
(/usr/share/texlive/texmf-dist/tex/latex/amsmath/amsmath.sty
For additional information on amsmath, use the `?' option.
(/usr/share/texlive/texmf-dist/tex/latex/amsmath/amstext.sty
(/usr/share/texlive/texmf-dist/tex/latex/amsmath/amsgen.sty))
(/usr/share/texlive/texmf-dist/tex/latex/amsmath/amsbsy.sty)
(/usr/share/texlive/texmf-dist/tex/latex/amsmath/amsopn.sty))
(/usr/share/texlive/texmf-dist/tex/latex/amsfonts/amssymb.sty
(/usr/share/texlive/texmf-dist/tex/latex/amsfonts/amsfonts.sty))
(/usr/share/texlive/texmf-dist/tex/latex/amscls/amsthm.sty)
(/usr/share/texlive/texmf-dist/tex/latex/amsmath/amscd.sty)
(/usr/share/texlive/texmf-dist/tex/latex/graphics/graphicx.sty
(/usr/share/texlive/texmf-dist/tex/latex/graphics/graphics.sty
(/usr/share/texlive/texmf-dist/tex/latex/graphics/trig.sty)
(/usr/share/texlive/texmf-dist/tex/latex/graphics-cfg/graphics.cfg)
(/usr/share/texlive/texmf-dist/tex/latex/graphics-def/xetex.def)))
(/usr/share/texlive/texmf-dist/tex/latex/graphics/color.sty
(/usr/share/texlive/texmf-dist/tex/latex/graphics-cfg/color.cfg)
(/usr/share/texlive/texmf-dist/tex/latex/graphics/mathcolor.ltx))
(/usr/share/texlive/texmf-dist/tex/latex/xurl/xurl.sty
(/usr/share/texlive/texmf-dist/tex/latex/url/url.sty))
(/usr/share/texlive/texmf-dist/tex/latex/hyperref/hyperref.sty
(/usr/share/texlive/texmf-dist/tex/latex/kvsetkeys/kvsetkeys.sty)
(/usr/share/texlive/texmf-dist/tex/generic/kvdefinekeys/kvdefinekeys.sty)
(/usr/share/texlive/texmf-dist/tex/generic/pdfescape/pdfescape.sty
(/usr/share/texlive/texmf-dist/tex/generic/ltxcmds/ltxcmds.sty)
(/usr/share/texlive/texmf-dist/tex/generic/pdftexcmds/pdftexcmds.sty
(/usr/share/texlive/texmf-dist/tex/generic/infwarerr/infwarerr.sty)))
(/usr/share/texlive/texmf-dist/tex/latex/hycolor/hycolor.sty)
(/usr/share/texlive/texmf-dist/tex/latex/hyperref/nameref.sty
(/usr/share/texlive/texmf-dist/tex/latex/refcount/refcount.sty)
(/usr/share/texlive/texmf-dist/tex/generic/gettitlestring/gettitlestring.sty
(/usr/share/texlive/texmf-dist/tex/latex/kvoptions/kvoptions.sty)))
(/usr/share/texlive/texmf-dist/tex/latex/etoolbox/etoolbox.sty)
(/usr/share/texlive/texmf-dist/tex/generic/stringenc/stringenc.sty)
(/usr/share/texlive/texmf-dist/tex/latex/hyperref/pd1enc.def)
(/usr/share/texlive/texmf-dist/tex/generic/intcalc/intcalc.sty)
(/usr/share/texlive/texmf-dist/tex/latex/hyperref/puenc.def)
(/usr/share/texlive/texmf-dist/tex/generic/bitset/bitset.sty
(/usr/share/texlive/texmf-dist/tex/generic/bigintcalc/bigintcalc.sty))
(/usr/share/texlive/texmf-dist/tex/latex/base/atbegshi-ltx.sty))
(/usr/share/texlive/texmf-dist/tex/latex/hyperref/hxetex.def
(/usr/share/texlive/texmf-dist/tex/latex/rerunfilecheck/rerunfilecheck.sty
(/usr/share/texlive/texmf-dist/tex/latex/base/atveryend-ltx.sty)
(/usr/share/texlive/texmf-dist/tex/generic/uniquecounter/uniquecounter.sty)))
(/usr/share/texlive/texmf-dist/tex/latex/jknapltx/mathrsfs.sty)
No file 2021.aux.
*geometry* driver: auto-detecting
*geometry* detected driver: xetex

Package hyperref Warning: Rerun to get /PageLabels entry.

(/usr/share/texlive/texmf-dist/tex/latex/amsfonts/umsa.fd)
(/usr/share/texlive/texmf-dist/tex/latex/amsfonts/umsb.fd)
(/usr/share/texlive/texmf-dist/tex/latex/jknapltx/ursfs.fd)
[1]

LaTeX Warning: Citation `MKbook' on page 2 undefined on input line 78.


LaTeX Warning: Reference `prop:l0' on page 2 undefined on input line 87.


Package hyperref Warning: Token not allowed in a PDF string (Unicode):
(hyperref)                removing `math shift' on input line 91.


Package hyperref Warning: Token not allowed in a PDF string (Unicode):
(hyperref)                removing `math shift' on input line 91.


Package hyperref Warning: Token not allowed in a PDF string (Unicode):
(hyperref)                removing `math shift' on input line 91.


Package hyperref Warning: Token not allowed in a PDF string (Unicode):
(hyperref)                removing `superscript' on input line 91.


Package hyperref Warning: Token not allowed in a PDF string (Unicode):
(hyperref)                removing `math shift' on input line 91.


LaTeX Warning: Citation `At55' on page 2 undefined on input line 99.


LaTeX Warning: Reference `star1' on page 2 undefined on input line 126.


LaTeX Warning: Reference `cd88' on page 2 undefined on input line 157.


[2]

LaTeX Warning: Reference `cc89' on page 3 undefined on input line 177.


LaTeX Warning: Reference `cc89' on page 3 undefined on input line 183.


LaTeX Warning: Citation `At55' on page 3 undefined on input line 198.


LaTeX Warning: Reference `af2.5' on page 3 undefined on input line 199.


LaTeX Warning: Reference `star1' on page 3 undefined on input line 206.


LaTeX Warning: Reference `af3' on page 3 undefined on input line 216.


[3]

LaTeX Warning: Reference `af5' on page 4 undefined on input line 285.


LaTeX Warning: Reference `af6' on page 4 undefined on input line 286.


LaTeX Warning: Reference `af6' on page 4 undefined on input line 289.


LaTeX Warning: Reference `af5' on page 4 undefined on input line 296.


LaTeX Warning: Reference `af6' on page 4 undefined on input line 298.


LaTeX Warning: Reference `af4' on page 4 undefined on input line 301.


Package hyperref Warning: Token not allowed in a PDF string (Unicode):
(hyperref)                removing `math shift' on input line 310.


Package hyperref Warning: Token not allowed in a PDF string (Unicode):
(hyperref)                removing `math shift' on input line 310.


Package hyperref Warning: Token not allowed in a PDF string (Unicode):
(hyperref)                removing `math shift' on input line 310.


Package hyperref Warning: Token not allowed in a PDF string (Unicode):
(hyperref)                removing `superscript' on input line 310.


Package hyperref Warning: Token not allowed in a PDF string (Unicode):
(hyperref)                removing `math shift' on input line 310.


LaTeX Warning: Reference `af6' on page 4 undefined on input line 334.


LaTeX Warning: Citation `K' on page 4 undefined on input line 340.


LaTeX Warning: Reference `Kf' on page 4 undefined on input line 340.


LaTeX Warning: Reference `Kf' on page 4 undefined on input line 345.


LaTeX Warning: Reference `af5' on page 4 undefined on input line 345.


LaTeX Warning: Citation `Suwa' on page 4 undefined on input line 347.


[4]

LaTeX Warning: Reference `af5' on page 5 undefined on input line 360.


LaTeX Warning: Reference `af8' on page 5 undefined on input line 396.


LaTeX Warning: Reference `af9' on page 5 undefined on input line 396.


LaTeX Warning: Reference `af5' on page 5 undefined on input line 401.


LaTeX Warning: Reference `ss:notation' on page 5 undefined on input line 417.


[5]

LaTeX Warning: Reference `prop:l0' on page 6 undefined on input line 494.


[6]

LaTeX Warning: Reference `inter1n1' on page 7 undefined on input line 539.


LaTeX Warning: Citation `MKbook' on page 7 undefined on input line 558.


LaTeX Warning: Reference `MK1' on page 7 undefined on input line 572.


LaTeX Warning: Reference `cohohir' on page 7 undefined on input line 601.


LaTeX Warning: Reference `inter1n1' on page 7 undefined on input line 609.


LaTeX Warning: Reference `prop:l0' on page 7 undefined on input line 621.


[7]

LaTeX Warning: Reference `prop:l1' on page 8 undefined on input line 643.


LaTeX Warning: Reference `prop:l0' on page 8 undefined on input line 706.


LaTeX Warning: Reference `ntses' on page 8 undefined on input line 706.


LaTeX Warning: Reference `prop:l1' on page 8 undefined on input line 741.


LaTeX Warning: Reference `prop:l1' on page 8 undefined on input line 745.


LaTeX Warning: Reference `MK1' on page 8 undefined on input line 746.


LaTeX Warning: Reference `der1' on page 8 undefined on input line 746.


LaTeX Warning: Reference `der1' on page 8 undefined on input line 748.


[8]

LaTeX Warning: Reference `ses:56' on page 9 undefined on input line 758.


LaTeX Warning: Reference `prop:l0' on page 9 undefined on input line 780.


LaTeX Warning: Reference `prop:l1' on page 9 undefined on input line 780.


LaTeX Warning: Reference `prop:l2' on page 9 undefined on input line 780.


LaTeX Warning: Citation `HonCMP2' on page 9 undefined on input line 794.


LaTeX Warning: Reference `explicit' on page 9 undefined on input line 802.


LaTeX Warning: Reference `isom49' on page 9 undefined on input line 802.


LaTeX Warning: Reference `prop:l1' on page 9 undefined on input line 809.


[9]

LaTeX Warning: Reference `cor:unique' on page 10 undefined on input line 880.


[10]

LaTeX Warning: Reference `prop:l0' on page 11 undefined on input line 923.


LaTeX Warning: Reference `prop:l1' on page 11 undefined on input line 923.


LaTeX Warning: Reference `prop:l2' on page 11 undefined on input line 923.


LaTeX Warning: Reference `prop:l0' on page 11 undefined on input line 931.


LaTeX Warning: Reference `prop:nonred' on page 11 undefined on input line 945.


LaTeX Warning: Reference `prop:l1' on page 11 undefined on input line 951.


LaTeX Warning: Reference `isom001' on page 11 undefined on input line 953.


LaTeX Warning: Reference `isom002' on page 11 undefined on input line 953.


LaTeX Warning: Reference `prop:l2' on page 11 undefined on input line 955.


LaTeX Warning: Reference `prop:l2' on page 11 undefined on input line 975.


LaTeX Warning: Citation `V' on page 11 undefined on input line 993.


LaTeX Warning: Citation `Pont92' on page 11 undefined on input line 1003.


[11]

LaTeX Warning: Citation `LB92' on page 12 undefined on input line 1011.


LaTeX Warning: Citation `V' on page 12 undefined on input line 1026.


LaTeX Warning: Reference `ss:ab' on page 12 undefined on input line 1047.


LaTeX Warning: Reference `ss:sncs' on page 12 undefined on input line 1059.


LaTeX Warning: Citation `SeBook' on page 12 undefined on input line 1065.


[12]

LaTeX Warning: Reference `basicisom1' on page 13 undefined on input line 1118.


LaTeX Warning: Citation `HonCMP2' on page 13 undefined on input line 1121.


LaTeX Warning: Citation `HonCMP2' on page 13 undefined on input line 1124.


LaTeX Warning: Citation `HonCMP2' on page 13 undefined on input line 1126.


LaTeX Warning: Reference `cohomdim1' on page 13 undefined on input line 1138.


LaTeX Warning: Reference `van1' on page 13 undefined on input line 1140.


LaTeX Warning: Reference `basicisom1' on page 13 undefined on input line 1140.


LaTeX Warning: Citation `LB88' on page 13 undefined on input line 1153.


LaTeX Warning: Reference `prop:fd2' on page 13 undefined on input line 1157.


LaTeX Warning: Reference `cohomdim1' on page 13 undefined on input line 1166.


LaTeX Warning: Reference `ses:1' on page 13 undefined on input line 1166.


[13]

LaTeX Warning: Reference `basicisom1' on page 14 undefined on input line 1213.


LaTeX Warning: Reference `cohomdim2' on page 14 undefined on input line 1214.


LaTeX Warning: Reference `forget' on page 14 undefined on input line 1216.


LaTeX Warning: Reference `nottrivial' on page 14 undefined on input line 1234.


LaTeX Warning: Reference `forget' on page 14 undefined on input line 1256.


LaTeX Warning: Citation `HonCMP2' on page 14 undefined on input line 1257.


LaTeX Warning: Reference `forget' on page 14 undefined on input line 1263.


LaTeX Warning: Reference `N'' on page 14 undefined on input line 1264.


LaTeX Warning: Reference `forget' on page 14 undefined on input line 1267.


LaTeX Warning: Reference `prop:isom1' on page 14 undefined on input line 1270.


LaTeX Warning: Reference `prop:isom1' on page 14 undefined on input line 1272.


LaTeX Warning: Reference `s:Hirz' on page 14 undefined on input line 1272.


LaTeX Warning: Citation `HonCMP2' on page 14 undefined on input line 1275.


LaTeX Warning: Citation `HonCMP2' on page 14 undefined on input line 1281.


[14]

LaTeX Warning: Reference `prop:isom1' on page 15 undefined on input line 1291.


LaTeX Warning: Reference `forget' on page 15 undefined on input line 1304.


LaTeX Warning: Reference `prop:isom1' on page 15 undefined on input line 1307.


LaTeX Warning: Reference `prop:fd2' on page 15 undefined on input line 1323.


LaTeX Warning: Reference `basicisom1' on page 15 undefined on input line 1330.


LaTeX Warning: Reference `ss:ab' on page 15 undefined on input line 1350.


LaTeX Warning: Reference `ss:AH' on page 15 undefined on input line 1350.


LaTeX Warning: Reference `ss:sncs' on page 15 undefined on input line 1354.


LaTeX Warning: Reference `ss:sncs' on page 15 undefined on input line 1363.


[15]

LaTeX Warning: Reference `ss:sncs' on page 16 undefined on input line 1371.


LaTeX Warning: Reference `def:scn' on page 16 undefined on input line 1373.


LaTeX Warning: Reference `rsl1' on page 16 undefined on input line 1378.


LaTeX Warning: Reference `rsl1' on page 16 undefined on input line 1382.


LaTeX Warning: Reference `rsl1' on page 16 undefined on input line 1389.


LaTeX Warning: Reference `rsl1' on page 16 undefined on input line 1389.


LaTeX Warning: Reference `rsl1' on page 16 undefined on input line 1391.


LaTeX Warning: Reference `isom001' on page 16 undefined on input line 1392.


LaTeX Warning: Reference `isom002' on page 16 undefined on input line 1392.


LaTeX Warning: Reference `rsl1' on page 16 undefined on input line 1399.


LaTeX Warning: Reference `ks001' on page 16 undefined on input line 1401.


LaTeX Warning: Reference `rsl1' on page 16 undefined on input line 1402.


LaTeX Warning: Reference `af6' on page 16 undefined on input line 1414.


LaTeX Warning: Reference `lemma:isom4' on page 16 undefined on input line 1418.



LaTeX Warning: Reference `diagram02' on page 16 undefined on input line 1424.


LaTeX Warning: Citation `Pont92' on page 16 undefined on input line 1424.


LaTeX Warning: Reference `basicisom1' on page 16 undefined on input line 1452.


LaTeX Warning: Reference `isom001' on page 16 undefined on input line 1452.


LaTeX Warning: Reference `isom002' on page 16 undefined on input line 1452.


LaTeX Warning: Reference `ks001' on page 16 undefined on input line 1452.


LaTeX Warning: Reference `basicisom1' on page 16 undefined on input line 1452.


LaTeX Warning: Reference `isom001' on page 16 undefined on input line 1452.


LaTeX Warning: Reference `isom002' on page 16 undefined on input line 1452.


LaTeX Warning: Reference `ks001' on page 16 undefined on input line 1452.


[16]
[17] (build/2021.aux)

LaTeX Warning: There were undefined references.


LaTeX Warning: Label(s) may have changed. Rerun to get cross-references right.


Package rerunfilecheck Warning: File `2021.out' has changed.
(rerunfilecheck)                Rerun to get outlines right
(rerunfilecheck)                or use package `bookmark'.

 )
Output written on build/2021.pdf (17 pages).
Transcript written on build/2021.log.
