This is XeTeX, Version 3.141592653-2.6-0.999996 (TeX Live 2025/dev/Debian) (preloaded format=xelatex)
entering extended mode
(./1766.tex
LaTeX2e <2024-11-01> patch level 2
L3 programming layer <2025-01-18>
(/usr/share/texlive/texmf-dist/tex/latex/base/article.cls
Document Class: article 2024/06/29 v1.4n Standard LaTeX document class
(/usr/share/texlive/texmf-dist/tex/latex/base/size11.clo))
(/usr/share/texlive/texmf-dist/tex/latex/geometry/geometry.sty
(/usr/share/texlive/texmf-dist/tex/latex/graphics/keyval.sty)
(/usr/share/texlive/texmf-dist/tex/generic/iftex/ifvtex.sty
(/usr/share/texlive/texmf-dist/tex/generic/iftex/iftex.sty)))
(/usr/share/texlive/texmf-dist/tex/latex/fontspec/fontspec.sty
(/usr/share/texlive/texmf-dist/tex/latex/l3packages/xparse/xparse.sty
(/usr/share/texlive/texmf-dist/tex/latex/l3kernel/expl3.sty
(/usr/share/texlive/texmf-dist/tex/latex/l3backend/l3backend-xetex.def)))
(/usr/share/texlive/texmf-dist/tex/latex/fontspec/fontspec-xetex.sty
(/usr/share/texlive/texmf-dist/tex/latex/base/fontenc.sty)
(/usr/share/texlive/texmf-dist/tex/latex/fontspec/fontspec.cfg)))
(/usr/share/texlive/texmf-dist/tex/latex/amsmath/amsmath.sty
For additional information on amsmath, use the `?' option.
(/usr/share/texlive/texmf-dist/tex/latex/amsmath/amstext.sty
(/usr/share/texlive/texmf-dist/tex/latex/amsmath/amsgen.sty))
(/usr/share/texlive/texmf-dist/tex/latex/amsmath/amsbsy.sty)
(/usr/share/texlive/texmf-dist/tex/latex/amsmath/amsopn.sty))
(/usr/share/texlive/texmf-dist/tex/latex/amsfonts/amssymb.sty
(/usr/share/texlive/texmf-dist/tex/latex/amsfonts/amsfonts.sty))
(/usr/share/texlive/texmf-dist/tex/latex/amscls/amsthm.sty)
(/usr/share/texlive/texmf-dist/tex/latex/amsmath/amscd.sty)
(/usr/share/texlive/texmf-dist/tex/latex/graphics/graphicx.sty
(/usr/share/texlive/texmf-dist/tex/latex/graphics/graphics.sty
(/usr/share/texlive/texmf-dist/tex/latex/graphics/trig.sty)
(/usr/share/texlive/texmf-dist/tex/latex/graphics-cfg/graphics.cfg)
(/usr/share/texlive/texmf-dist/tex/latex/graphics-def/xetex.def)))
(/usr/share/texlive/texmf-dist/tex/latex/graphics/color.sty
(/usr/share/texlive/texmf-dist/tex/latex/graphics-cfg/color.cfg)
(/usr/share/texlive/texmf-dist/tex/latex/graphics/mathcolor.ltx))
(/usr/share/texlive/texmf-dist/tex/latex/xurl/xurl.sty
(/usr/share/texlive/texmf-dist/tex/latex/url/url.sty))
(/usr/share/texlive/texmf-dist/tex/latex/hyperref/hyperref.sty
(/usr/share/texlive/texmf-dist/tex/latex/kvsetkeys/kvsetkeys.sty)
(/usr/share/texlive/texmf-dist/tex/generic/kvdefinekeys/kvdefinekeys.sty)
(/usr/share/texlive/texmf-dist/tex/generic/pdfescape/pdfescape.sty
(/usr/share/texlive/texmf-dist/tex/generic/ltxcmds/ltxcmds.sty)
(/usr/share/texlive/texmf-dist/tex/generic/pdftexcmds/pdftexcmds.sty
(/usr/share/texlive/texmf-dist/tex/generic/infwarerr/infwarerr.sty)))
(/usr/share/texlive/texmf-dist/tex/latex/hycolor/hycolor.sty)
(/usr/share/texlive/texmf-dist/tex/latex/hyperref/nameref.sty
(/usr/share/texlive/texmf-dist/tex/latex/refcount/refcount.sty)
(/usr/share/texlive/texmf-dist/tex/generic/gettitlestring/gettitlestring.sty
(/usr/share/texlive/texmf-dist/tex/latex/kvoptions/kvoptions.sty)))
(/usr/share/texlive/texmf-dist/tex/latex/etoolbox/etoolbox.sty)
(/usr/share/texlive/texmf-dist/tex/generic/stringenc/stringenc.sty)
(/usr/share/texlive/texmf-dist/tex/latex/hyperref/pd1enc.def)
(/usr/share/texlive/texmf-dist/tex/generic/intcalc/intcalc.sty)
(/usr/share/texlive/texmf-dist/tex/latex/hyperref/puenc.def)
(/usr/share/texlive/texmf-dist/tex/generic/bitset/bitset.sty
(/usr/share/texlive/texmf-dist/tex/generic/bigintcalc/bigintcalc.sty))
(/usr/share/texlive/texmf-dist/tex/latex/base/atbegshi-ltx.sty))
(/usr/share/texlive/texmf-dist/tex/latex/hyperref/hxetex.def
(/usr/share/texlive/texmf-dist/tex/latex/rerunfilecheck/rerunfilecheck.sty
(/usr/share/texlive/texmf-dist/tex/latex/base/atveryend-ltx.sty)
(/usr/share/texlive/texmf-dist/tex/generic/uniquecounter/uniquecounter.sty)))
No file 1766.aux.
*geometry* driver: auto-detecting
*geometry* detected driver: xetex

Package hyperref Warning: Rerun to get /PageLabels entry.

(/usr/share/texlive/texmf-dist/tex/latex/amsfonts/umsa.fd)
(/usr/share/texlive/texmf-dist/tex/latex/amsfonts/umsb.fd)

LaTeX Warning: Reference `inner-product' on page 1 undefined on input line 49.


[1]

LaTeX Warning: Citation `PollardII' on page 2 undefined on input line 79.


LaTeX Warning: Citation `PollardIII' on page 2 undefined on input line 79.


LaTeX Warning: Citation `muckenhoupt' on page 2 undefined on input line 79.


LaTeX Warning: Citation `GPRV1' on page 2 undefined on input line 79.


LaTeX Warning: Citation `GPRV2' on page 2 undefined on input line 79.


LaTeX Warning: Citation `Xu-93' on page 2 undefined on input line 79.


LaTeX Warning: Citation `Xu-94' on page 2 undefined on input line 79.


LaTeX Warning: Citation `Nevai' on page 2 undefined on input line 79.


LaTeX Warning: Citation `Marce-Xu' on page 2 undefined on input line 83.


LaTeX Warning: Citation `MQU' on page 2 undefined on input line 87.


LaTeX Warning: Reference `main' on page 2 undefined on input line 90.


LaTeX Warning: Citation `muckenhoupt1' on page 2 undefined on input line 90.


LaTeX Warning: Reference `inner-product' on page 2 undefined on input line 105.



LaTeX Warning: Citation `bavinck' on page 2 undefined on input line 105.


[2]

LaTeX Warning: Citation `foulquie' on page 3 undefined on input line 118.


LaTeX Warning: Reference `rel-ortogonal' on page 3 undefined on input line 133.



[3]

LaTeX Warning: Reference `rel-ortonormal' on page 4 undefined on input line 166
.


LaTeX Warning: Reference `ec:gamma-ratio' on page 4 undefined on input line 184
.


LaTeX Warning: Reference `lambda_n' on page 4 undefined on input line 202.


LaTeX Warning: Reference `main' on page 4 undefined on input line 205.


LaTeX Warning: Citation `foulquie' on page 4 undefined on input line 205.


LaTeX Warning: Reference `extremos' on page 4 undefined on input line 205.


LaTeX Warning: Reference `inner-product' on page 4 undefined on input line 208.



LaTeX Warning: Reference `inner-product' on page 4 undefined on input line 214.



[4]

LaTeX Warning: Citation `muckenhoupt1' on page 5 undefined on input line 231.


LaTeX Warning: Citation `muckenhoupt' on page 5 undefined on input line 247.


LaTeX Warning: Reference `main' on page 5 undefined on input line 256.


LaTeX Warning: Citation `muckenhoupt' on page 5 undefined on input line 271.


LaTeX Warning: Reference `main' on page 5 undefined on input line 273.


[5]

LaTeX Warning: Reference `acotacionp' on page 6 undefined on input line 288.


LaTeX Warning: Citation `Fejzullahu' on page 6 undefined on input line 288.


LaTeX Warning: Reference `acotacionp' on page 6 undefined on input line 289.


LaTeX Warning: Reference `acotacionp' on page 6 undefined on input line 296.


LaTeX Warning: Reference `prop1' on page 6 undefined on input line 303.


LaTeX Warning: Reference `rel-ortonormal' on page 6 undefined on input line 314
.


LaTeX Warning: Reference `des-des' on page 6 undefined on input line 326.


LaTeX Warning: Reference `A_nB_nC_n' on page 6 undefined on input line 332.


[6]

LaTeX Warning: Citation `Szego' on page 7 undefined on input line 348.


LaTeX Warning: Reference `acotacionp' on page 7 undefined on input line 360.


LaTeX Warning: Reference `acotacionp' on page 7 undefined on input line 366.


LaTeX Warning: Reference `acotacion' on page 7 undefined on input line 366.


LaTeX Warning: Reference `mukchenhoupt' on page 7 undefined on input line 376.


LaTeX Warning: Reference `acotacion' on page 7 undefined on input line 381.


[7]

LaTeX Warning: Reference `lem:muck' on page 8 undefined on input line 395.


LaTeX Warning: Reference `acotacionp' on page 8 undefined on input line 395.


LaTeX Warning: Reference `des-des' on page 8 undefined on input line 395.


LaTeX Warning: Reference `des-1' on page 8 undefined on input line 397.


LaTeX Warning: Reference `des-2' on page 8 undefined on input line 408.


LaTeX Warning: Reference `acotacionQ' on page 8 undefined on input line 408.


LaTeX Warning: Reference `extremos' on page 8 undefined on input line 408.


LaTeX Warning: Reference `des-2' on page 8 undefined on input line 412.


LaTeX Warning: Reference `des-3' on page 8 undefined on input line 418.


LaTeX Warning: Reference `acotacionQ' on page 8 undefined on input line 419.


LaTeX Warning: Reference `extremos' on page 8 undefined on input line 419.


LaTeX Warning: Reference `des-3' on page 8 undefined on input line 424.


LaTeX Warning: Reference `ec:int' on page 8 undefined on input line 424.


LaTeX Warning: Reference `prop2' on page 8 undefined on input line 427.


LaTeX Warning: Reference `acotacionQ' on page 8 undefined on input line 444.


LaTeX Warning: Reference `extremos' on page 8 undefined on input line 444.


LaTeX Warning: Reference `extremos' on page 8 undefined on input line 454.


[8]

LaTeX Warning: Reference `ec:prop2-1' on page 9 undefined on input line 467.


LaTeX Warning: Reference `acotacionQ' on page 9 undefined on input line 475.


LaTeX Warning: Reference `extremos' on page 9 undefined on input line 475.


LaTeX Warning: Reference `ec:prop2-2' on page 9 undefined on input line 484.


LaTeX Warning: Reference `ec:prop2-1' on page 9 undefined on input line 484.


[9]
[10] (build/1766.aux)

LaTeX Warning: There were undefined references.


LaTeX Warning: Label(s) may have changed. Rerun to get cross-references right.


Package rerunfilecheck Warning: File `1766.out' has changed.
(rerunfilecheck)                Rerun to get outlines right
(rerunfilecheck)                or use package `bookmark'.

 )
Output written on build/1766.pdf (10 pages).
Transcript written on build/1766.log.
