This is XeTeX, Version 3.141592653-2.6-0.999996 (TeX Live 2025/dev/Debian) (preloaded format=xelatex)
entering extended mode
(./1659.tex
LaTeX2e <2024-11-01> patch level 2
L3 programming layer <2025-01-18>
(/usr/share/texlive/texmf-dist/tex/latex/base/article.cls
Document Class: article 2024/06/29 v1.4n Standard LaTeX document class
(/usr/share/texlive/texmf-dist/tex/latex/base/size11.clo))
(/usr/share/texlive/texmf-dist/tex/latex/geometry/geometry.sty
(/usr/share/texlive/texmf-dist/tex/latex/graphics/keyval.sty)
(/usr/share/texlive/texmf-dist/tex/generic/iftex/ifvtex.sty
(/usr/share/texlive/texmf-dist/tex/generic/iftex/iftex.sty)))
(/usr/share/texlive/texmf-dist/tex/latex/fontspec/fontspec.sty
(/usr/share/texlive/texmf-dist/tex/latex/l3packages/xparse/xparse.sty
(/usr/share/texlive/texmf-dist/tex/latex/l3kernel/expl3.sty
(/usr/share/texlive/texmf-dist/tex/latex/l3backend/l3backend-xetex.def)))
(/usr/share/texlive/texmf-dist/tex/latex/fontspec/fontspec-xetex.sty
(/usr/share/texlive/texmf-dist/tex/latex/base/fontenc.sty)
(/usr/share/texlive/texmf-dist/tex/latex/fontspec/fontspec.cfg)))
(/usr/share/texlive/texmf-dist/tex/latex/amsmath/amsmath.sty
For additional information on amsmath, use the `?' option.
(/usr/share/texlive/texmf-dist/tex/latex/amsmath/amstext.sty
(/usr/share/texlive/texmf-dist/tex/latex/amsmath/amsgen.sty))
(/usr/share/texlive/texmf-dist/tex/latex/amsmath/amsbsy.sty)
(/usr/share/texlive/texmf-dist/tex/latex/amsmath/amsopn.sty))
(/usr/share/texlive/texmf-dist/tex/latex/amsfonts/amssymb.sty
(/usr/share/texlive/texmf-dist/tex/latex/amsfonts/amsfonts.sty))
(/usr/share/texlive/texmf-dist/tex/latex/amscls/amsthm.sty)
(/usr/share/texlive/texmf-dist/tex/latex/amsmath/amscd.sty)
(/usr/share/texlive/texmf-dist/tex/latex/graphics/graphicx.sty
(/usr/share/texlive/texmf-dist/tex/latex/graphics/graphics.sty
(/usr/share/texlive/texmf-dist/tex/latex/graphics/trig.sty)
(/usr/share/texlive/texmf-dist/tex/latex/graphics-cfg/graphics.cfg)
(/usr/share/texlive/texmf-dist/tex/latex/graphics-def/xetex.def)))
(/usr/share/texlive/texmf-dist/tex/latex/graphics/color.sty
(/usr/share/texlive/texmf-dist/tex/latex/graphics-cfg/color.cfg)
(/usr/share/texlive/texmf-dist/tex/latex/graphics/mathcolor.ltx))
(/usr/share/texlive/texmf-dist/tex/latex/xurl/xurl.sty
(/usr/share/texlive/texmf-dist/tex/latex/url/url.sty))
(/usr/share/texlive/texmf-dist/tex/latex/hyperref/hyperref.sty
(/usr/share/texlive/texmf-dist/tex/latex/kvsetkeys/kvsetkeys.sty)
(/usr/share/texlive/texmf-dist/tex/generic/kvdefinekeys/kvdefinekeys.sty)
(/usr/share/texlive/texmf-dist/tex/generic/pdfescape/pdfescape.sty
(/usr/share/texlive/texmf-dist/tex/generic/ltxcmds/ltxcmds.sty)
(/usr/share/texlive/texmf-dist/tex/generic/pdftexcmds/pdftexcmds.sty
(/usr/share/texlive/texmf-dist/tex/generic/infwarerr/infwarerr.sty)))
(/usr/share/texlive/texmf-dist/tex/latex/hycolor/hycolor.sty)
(/usr/share/texlive/texmf-dist/tex/latex/hyperref/nameref.sty
(/usr/share/texlive/texmf-dist/tex/latex/refcount/refcount.sty)
(/usr/share/texlive/texmf-dist/tex/generic/gettitlestring/gettitlestring.sty
(/usr/share/texlive/texmf-dist/tex/latex/kvoptions/kvoptions.sty)))
(/usr/share/texlive/texmf-dist/tex/latex/etoolbox/etoolbox.sty)
(/usr/share/texlive/texmf-dist/tex/generic/stringenc/stringenc.sty)
(/usr/share/texlive/texmf-dist/tex/latex/hyperref/pd1enc.def)
(/usr/share/texlive/texmf-dist/tex/generic/intcalc/intcalc.sty)
(/usr/share/texlive/texmf-dist/tex/latex/hyperref/puenc.def)
(/usr/share/texlive/texmf-dist/tex/generic/bitset/bitset.sty
(/usr/share/texlive/texmf-dist/tex/generic/bigintcalc/bigintcalc.sty))
(/usr/share/texlive/texmf-dist/tex/latex/base/atbegshi-ltx.sty))
(/usr/share/texlive/texmf-dist/tex/latex/hyperref/hxetex.def
(/usr/share/texlive/texmf-dist/tex/latex/rerunfilecheck/rerunfilecheck.sty
(/usr/share/texlive/texmf-dist/tex/latex/base/atveryend-ltx.sty)
(/usr/share/texlive/texmf-dist/tex/generic/uniquecounter/uniquecounter.sty)))
(/usr/share/texlive/texmf-dist/tex/generic/xypic/xy.sty
(/usr/share/texlive/texmf-dist/tex/generic/xypic/xy.tex Bootstrap'ing:
catcodes, docmode, (/usr/share/texlive/texmf-dist/tex/generic/xypic/xyrecat.tex
) (/usr/share/texlive/texmf-dist/tex/generic/xypic/xyidioms.tex)

 Xy-pic version 3.8.9 <2013/10/06>
 Copyright (c) 1991-2013 by Kristoffer H. Rose <krisrose@tug.org> and others
 Xy-pic is free software: see the User's Guide for details.

Loading kernel: messages; fonts; allocations: state, direction,
utility macros; pictures: \xy, positions, objects, decorations;
kernel objects: directionals, circles, text; options; algorithms: directions,
edges, connections;  Xy-pic loaded)
(/usr/share/texlive/texmf-dist/tex/generic/iftex/ifpdf.sty)
(/usr/share/texlive/texmf-dist/tex/generic/xypic/xyall.tex
 Xy-pic option: All features v.3.8
(/usr/share/texlive/texmf-dist/tex/generic/xypic/xycurve.tex
 Xy-pic option: Curve and Spline extension v.3.12 curve, circles, loaded)
(/usr/share/texlive/texmf-dist/tex/generic/xypic/xyframe.tex
 Xy-pic option: Frame and Bracket extension v.3.14 loaded)
(/usr/share/texlive/texmf-dist/tex/generic/xypic/xycmtip.tex
 Xy-pic option: Computer Modern tip extension v.3.7
(/usr/share/texlive/texmf-dist/tex/generic/xypic/xytips.tex
 Xy-pic option: More Tips extension v.3.11 loaded) loaded)
(/usr/share/texlive/texmf-dist/tex/generic/xypic/xyline.tex
 Xy-pic option: Line styles extension v.3.10 loaded)
(/usr/share/texlive/texmf-dist/tex/generic/xypic/xyrotate.tex
 Xy-pic option: Rotate and Scale extension v.3.8 loaded)
(/usr/share/texlive/texmf-dist/tex/generic/xypic/xycolor.tex
 Xy-pic option: Colour extension v.3.11 loaded)
(/usr/share/texlive/texmf-dist/tex/generic/xypic/xymatrix.tex
 Xy-pic option: Matrix feature v.3.14 loaded)
(/usr/share/texlive/texmf-dist/tex/generic/xypic/xyarrow.tex
 Xy-pic option: Arrow and Path feature v.3.9 path, \ar, loaded)
(/usr/share/texlive/texmf-dist/tex/generic/xypic/xygraph.tex
 Xy-pic option: Graph feature v.3.11 loaded) loaded))
No file 1659.aux.
*geometry* driver: auto-detecting
*geometry* detected driver: xetex

Package hyperref Warning: Rerun to get /PageLabels entry.

(/usr/share/texlive/texmf-dist/tex/latex/amsfonts/umsa.fd)
(/usr/share/texlive/texmf-dist/tex/latex/amsfonts/umsb.fd)

LaTeX Warning: Citation `vEMS' on page 1 undefined on input line 69.


LaTeX Warning: Citation `SGA3' on page 1 undefined on input line 71.


[1]

LaTeX Warning: Citation `Stacks' on page 2 undefined on input line 89.

<xymatrix 3x2 149> <xymatrix 3x2 149> <xymatrix 2x2 182> <xymatrix 2x2 182>

LaTeX Warning: Citation `Stacks' on page 2 undefined on input line 109.


LaTeX Warning: Citation `V05' on page 2 undefined on input line 109.


LaTeX Warning: Citation `G59' on page 2 undefined on input line 109.


LaTeX Warning: Citation `O70' on page 2 undefined on input line 112.


LaTeX Warning: Citation `M00' on page 2 undefined on input line 112.


[2] <xymatrix 2x2 182> <xymatrix 2x2 182> <xymatrix 2x2 188> <xymatrix 2x2
188>

LaTeX Warning: Reference `thm:descent-for-modules' on page 3 undefined on input
 line 125.


LaTeX Warning: Citation `EGA4v2' on page 3 undefined on input line 130.

<xymatrix 2x2 182> <xymatrix 2x2 182>
[3]

LaTeX Warning: Reference `thm:descent-for-modules' on page 4 undefined on input
 line 148.


LaTeX Warning: Reference `prop:finite-projective-property-descends' on page 4 u
ndefined on input line 148.


LaTeX Warning: Reference `lem:descent-for-bilinear-maps' on page 4 undefined on
 input line 148.


LaTeX Warning: Reference `thm:descent-for-modules' on page 4 undefined on input
 line 148.

<xymatrix 2x2 147> <xymatrix 2x2 147> <xymatrix 2x2 188> <xymatrix 2x2 188>

LaTeX Warning: Citation `Stacks' on page 4 undefined on input line 172.


[4] <xymatrix 2x2 185> <xymatrix 2x2 185>

LaTeX Warning: Reference `lem:strict-gluing-data' on page 5 undefined on input 
line 192.


[5] <xymatrix 3x2 325> <xymatrix 3x2 325>

LaTeX Warning: Citation `Stacks' on page 6 undefined on input line 215.


LaTeX Warning: Citation `M80' on page 6 undefined on input line 225.


[6]

LaTeX Warning: Reference `thm:descent-for-finite-projective-modules-with-biline
ar-form' on page 7 undefined on input line 237.


LaTeX Warning: Citation `B86' on page 7 undefined on input line 242.


LaTeX Warning: Citation `DR13' on page 7 undefined on input line 242.


LaTeX Warning: Citation `M17' on page 7 undefined on input line 262.


[7] <xymatrix 3x2 149> <xymatrix 3x2 149>

LaTeX Warning: Reference `defn:descent-datum-for-modules' on page 8 undefined o
n input line 268.

<xymatrix 2x2 182> <xymatrix 2x2 182>

LaTeX Warning: Reference `thm:descent-for-modules' on page 8 undefined on input
 line 277.


Underfull \hbox (badness 3439) in paragraph at lines 279--280
[]\TU/LatinModernRoman(0)/m/n/10.95 For each integer $\OML/cmm/m/it/10.95 n$\TU
/LatinModernRoman(0)/m/n/10.95 , we have the “$\OML/cmm/m/it/10.95 z[]$\TU/Lati
nModernRoman(0)/m/n/10.95 -coefficient map” $\OMS/cmsy/m/n/10.95 ^^A[] [] [] \O
ML/cmm/m/it/10.95 V \OMS/cmsy/m/n/10.95 
[] \OML/cmm/m/it/10.95 V \OMS/cmsy/m/n/10.95 ! \OML/cmm/m/it/10.95 V$\TU/LatinM
odernRoman(0)/m/n/10.95 , which

Underfull \hbox (badness 4217) in paragraph at lines 279--280
\TU/LatinModernRoman(0)/m/n/10.95 we may now rewrite as $\OMS/cmsy/m/n/10.95 ^^
A[] [] [] [][] 
[] [][] 
[] \OML/cmm/m/it/10.95 S \OMS/cmsy/m/n/10.95 ! [] 
[] \OML/cmm/m/it/10.95 S$ \TU/LatinModernRoman(0)/m/n/10.95 using $\OML/cmm/m/i
t/10.95  $\TU/LatinModernRoman(0)/m/n/10.95 . To show that

Underfull \hbox (badness 4266) in paragraph at lines 279--280
\TU/LatinModernRoman(0)/m/n/10.95 this is the base change of a map $[][] [] [] 
[] \OMS/cmsy/m/n/10.95 
[] [] ! []$ \TU/LatinModernRoman(0)/m/n/10.95 along $\OML/cmm/m/it/10.95 f$\TU/
LatinModernRoman(0)/m/n/10.95 , it is necessary and

Underfull \hbox (badness 3954) in paragraph at lines 279--280
\TU/LatinModernRoman(0)/m/n/10.95 sufficient to show that $\OMS/cmsy/m/n/10.95 
^^A[]$ \TU/LatinModernRoman(0)/m/n/10.95 is a morphism of descent data for modu
les with respect to
<xymatrix 2x2 182> <xymatrix 2x2 182>
Underfull \hbox (badness 7468) in paragraph at lines 283--285
\TU/LatinModernRoman(0)/m/n/10.95 so we have a map of descent data. Here, the m
ap $\OML/cmm/m/it/10.95 ^^^ \OMS/cmsy/m/n/10.95 
 \OML/cmm/m/it/10.95 ^^^$ \TU/LatinModernRoman(0)/m/n/10.95 along the top us-

Underfull \hbox (badness 6125) in paragraph at lines 283--285
\TU/LatinModernRoman(0)/m/n/10.95 es an identification $[][] \OMS/cmsy/m/n/10.9
5 
[] [][] 
[] \OML/cmm/m/it/10.95 S \OMS/cmsy/m/n/10.95 
[] \OML/cmm/m/it/10.95 S [] \OT1/cmr/m/n/10.95 (\OML/cmm/m/it/10.95 V \OMS/cmsy
/m/n/10.95 
[] \OML/cmm/m/it/10.95 S\OT1/cmr/m/n/10.95 ) \OMS/cmsy/m/n/10.95 
[] \OT1/cmr/m/n/10.95 (\OML/cmm/m/it/10.95 V \OMS/cmsy/m/n/10.95 
[] \OML/cmm/m/it/10.95 S\OT1/cmr/m/n/10.95 )$ \TU/LatinModernRoman(0)/m/n/10.95
 induced by

Underfull \hbox (badness 2221) in paragraph at lines 286--287
[]\TU/LatinModernRoman(0)/m/n/10.95 Essentially the same argument shows that th
e unit map $\OML/cmm/m/it/10.95 S \OMS/cmsy/m/n/10.95 ! \OML/cmm/m/it/10.95 V$ 
\TU/LatinModernRoman(0)/m/n/10.95 that takes $\OT1/cmr/m/n/10.95 1$ \TU/LatinMo
dernRoman(0)/m/n/10.95 to $[]$

Underfull \hbox (badness 2253) in paragraph at lines 286--287
\TU/LatinModernRoman(0)/m/n/10.95 is the base change of an $\OML/cmm/m/it/10.95
 R$\TU/LatinModernRoman(0)/m/n/10.95 -module map $\OML/cmm/m/it/10.95 R \OMS/cm
sy/m/n/10.95 ! []$\TU/LatinModernRoman(0)/m/n/10.95 . The remaining vertex alge
bra con-

Underfull \hbox (badness 3514) in paragraph at lines 286--287
\TU/LatinModernRoman(0)/m/n/10.95 ditions then follow from the fact that base-c
hange along $\OML/cmm/m/it/10.95 f$ \TU/LatinModernRoman(0)/m/n/10.95 yields a 
formulas that hold

[8]

LaTeX Warning: Citation `DR13' on page 9 undefined on input line 303.


LaTeX Warning: Reference `prop:faithfully-flat-descent-for-voas' on page 9 unde
fined on input line 303.


LaTeX Warning: Citation `B99' on page 9 undefined on input line 306.


LaTeX Warning: Citation `B98' on page 9 undefined on input line 306.


LaTeX Warning: Reference `prop:descent-for-vertex-algebras' on page 9 undefined
 on input line 317.


LaTeX Warning: Citation `Stacks' on page 9 undefined on input line 317.


LaTeX Warning: Citation `EGA4v2' on page 9 undefined on input line 317.


[9] (/usr/share/texlive/texmf-dist/tex/latex/amsfonts/ueuf.fd)

LaTeX Warning: Reference `lem:descent-for-bilinear-maps' on page 10 undefined o
n input line 343.


LaTeX Warning: Reference `thm:descent-for-finite-projective-modules-with-biline
ar-form' on page 10 undefined on input line 343.

<xymatrix 2x2 188> <xymatrix 2x2 188>
[10]

LaTeX Warning: Reference `lem:zariski-gluing-data-for-modules' on page 11 undef
ined on input line 359.


LaTeX Warning: Reference `lem:faithfully-flat-gluing-data-for-flat-modules' on 
page 11 undefined on input line 364.


LaTeX Warning: Reference `prop:faithfully-flat-descent-for-voas' on page 11 und
efined on input line 364.


LaTeX Warning: Reference `prop:faithfully-flat-descent-for-Mobius-forms-and-sel
f-duality' on page 11 undefined on input line 364.


LaTeX Warning: Reference `lem:zariski-gluing-for-voas' on page 11 undefined on 
input line 367.


LaTeX Warning: Reference `lem:faithfully-flat-gluing-data-for-voas' on page 11 
undefined on input line 367.

<xymatrix 2x2 188> <xymatrix 2x2 188>
[11]

LaTeX Warning: Reference `lem:zariski-gluing-for-voas' on page 12 undefined on 
input line 375.


LaTeX Warning: Reference `lem:faithfully-flat-gluing-data-for-voas' on page 12 
undefined on input line 375.


LaTeX Warning: Citation `DL93' on page 12 undefined on input line 387.


LaTeX Warning: Citation `M52' on page 12 undefined on input line 389.


[12]

LaTeX Warning: Citation `GL00' on page 13 undefined on input line 431.


LaTeX Warning: Citation `DL93' on page 13 undefined on input line 441.


[13]

LaTeX Warning: Citation `L99' on page 14 undefined on input line 446.


LaTeX Warning: Citation `DLM96' on page 14 undefined on input line 446.


LaTeX Warning: Citation `L99a' on page 14 undefined on input line 453.


LaTeX Warning: Citation `DL93' on page 14 undefined on input line 453.


[14]

LaTeX Warning: Reference `lem:skew-symmetry-for-AIA' on page 15 undefined on in
put line 501.


LaTeX Warning: Reference `lem:shorten-words' on page 15 undefined on input line
 506.


[15]

LaTeX Warning: Citation `DL93' on page 16 undefined on input line 512.


LaTeX Warning: Reference `prop:existence-of-R-form-of-abelian-intertwining-alge
bra' on page 16 undefined on input line 535.


LaTeX Warning: Reference `lem:shorten-words' on page 16 undefined on input line
 542.


[16]

LaTeX Warning: Reference `lem:skew-symmetry-for-AIA' on page 17 undefined on in
put line 554.


LaTeX Warning: Reference `lem:shorten-words' on page 17 undefined on input line
 556.


LaTeX Warning: Citation `DM94a' on page 17 undefined on input line 564.


LaTeX Warning: Reference `prop:extension-of-self-dual-form' on page 17 undefine
d on input line 564.


LaTeX Warning: Citation `B86' on page 17 undefined on input line 569.


LaTeX Warning: Citation `B99' on page 17 undefined on input line 569.


LaTeX Warning: Citation `DG12' on page 17 undefined on input line 569.


LaTeX Warning: Citation `M14' on page 17 undefined on input line 569.


[17]

LaTeX Warning: Citation `DG12' on page 18 undefined on input line 575.


LaTeX Warning: Citation `M14' on page 18 undefined on input line 575.


LaTeX Warning: Citation `B99' on page 18 undefined on input line 582.


LaTeX Warning: Citation `B86' on page 18 undefined on input line 582.


LaTeX Warning: Citation `DG12' on page 18 undefined on input line 582.


LaTeX Warning: Citation `DG01' on page 18 undefined on input line 591.


LaTeX Warning: Citation `B86' on page 18 undefined on input line 593.


LaTeX Warning: Citation `DN98' on page 18 undefined on input line 595.


[18]

LaTeX Warning: Reference `prop:automorphism-group-of-standard-R-form' on page 1
9 undefined on input line 606.


LaTeX Warning: Reference `prop:automorphism-group-of-standard-R-form' on page 1
9 undefined on input line 612.


LaTeX Warning: Citation `B92' on page 19 undefined on input line 612.


LaTeX Warning: Reference `lem:lifts-of-commuting-pairs' on page 19 undefined on
 input line 614.


[19]

LaTeX Warning: Reference `lem:decomposition-is-still-self-dual' on page 20 unde
fined on input line 622.


LaTeX Warning: Citation `GAP' on page 20 undefined on input line 626.


LaTeX Warning: Reference `prop:automorphism-group-of-standard-R-form' on page 2
0 undefined on input line 628.


LaTeX Warning: Citation `SGA3' on page 20 undefined on input line 632.


LaTeX Warning: Citation `D38' on page 20 undefined on input line 632.


LaTeX Warning: Citation `CR62' on page 20 undefined on input line 632.


LaTeX Warning: Citation `DLM97' on page 20 undefined on input line 641.


LaTeX Warning: Citation `vEMS' on page 20 undefined on input line 643.


[20]

LaTeX Warning: Reference `prop:extension-of-self-dual-form' on page 21 undefine
d on input line 656.

<xymatrix 2x2 154> <xymatrix 2x2 154>

LaTeX Warning: Citation `GM4' on page 21 undefined on input line 660.


LaTeX Warning: Citation `ALY17' on page 21 undefined on input line 671.


LaTeX Warning: Citation `FLM88' on page 21 undefined on input line 671.


LaTeX Warning: Reference `prop:extension-of-self-dual-form' on page 21 undefine
d on input line 673.


[21]

LaTeX Warning: Citation `GAP' on page 22 undefined on input line 684.


LaTeX Warning: Citation `LS17' on page 22 undefined on input line 686.


LaTeX Warning: Citation `C17' on page 22 undefined on input line 686.


LaTeX Warning: Citation `FLM88' on page 22 undefined on input line 686.


LaTeX Warning: Citation `CLS16' on page 22 undefined on input line 686.


LaTeX Warning: Citation `ALY17' on page 22 undefined on input line 686.


LaTeX Warning: Citation `ALY17' on page 22 undefined on input line 686.


LaTeX Warning: Citation `FLM88' on page 22 undefined on input line 689.


LaTeX Warning: Citation `DM94b' on page 22 undefined on input line 689.


LaTeX Warning: Citation `M95' on page 22 undefined on input line 689.


LaTeX Warning: Reference `lem:cyclic-leech-orbifolds' on page 22 undefined on i
nput line 693.


LaTeX Warning: Citation `GAP' on page 22 undefined on input line 693.


LaTeX Warning: Reference `lem:fixed-point-free-automorphisms' on page 22 undefi
ned on input line 693.


LaTeX Warning: Reference `lem:decomposition-is-still-self-dual' on page 22 unde
fined on input line 695.


LaTeX Warning: Reference `lem:cyclic-leech-orbifolds' on page 22 undefined on i
nput line 695.


LaTeX Warning: Reference `prop:extension-of-self-dual-form' on page 22 undefine
d on input line 695.


LaTeX Warning: Reference `lem:R-form-for-ALY-algebra' on page 22 undefined on i
nput line 699.


[22]

LaTeX Warning: Reference `lem:cyclic-leech-orbifolds' on page 23 undefined on i
nput line 702.


Underfull \hbox (badness 5726) in paragraph at lines 702--703
[]\TU/LatinModernRoman(0)/m/n/10.95 By Lemma [], the two abelian intertwining s
ubalgebras $[][] [][]\OT1/cmr/m/n/10.95 ([][]\OML/cmm/m/it/10.95 V[]\OT1/cmr/m/
n/10.95 )[]$ \TU/LatinModernRoman(0)/m/n/10.95 and

Underfull \hbox (badness 1248) in paragraph at lines 702--703
[][] [][]\OT1/cmr/m/n/10.95 ([][]\OML/cmm/m/it/10.95 V[]\OT1/cmr/m/n/10.95 )[]$
 \TU/LatinModernRoman(0)/m/n/10.95 are both isomorphic to $\OML/cmm/m/it/10.95 
V[]$\TU/LatinModernRoman(0)/m/n/10.95 . Thus, the abelian intertwining subalgeb
ras

LaTeX Warning: Reference `prop:R-forms-of-moonshine' on page 23 undefined on in
put line 709.


LaTeX Warning: Reference `lem:fixed-point-free-automorphisms' on page 23 undefi
ned on input line 712.


LaTeX Warning: Reference `lem:R-form-for-ALY-algebra' on page 23 undefined on i
nput line 718.


LaTeX Warning: Reference `prop:extension-of-self-dual-form' on page 23 undefine
d on input line 725.


LaTeX Warning: Reference `prop:R-form-for-abelian-intertwining-algebra' on page
 23 undefined on input line 725.


LaTeX Warning: Citation `W17' on page 23 undefined on input line 735.


LaTeX Warning: Reference `lem:R-forms-for-prime-order-orbifold' on page 23 unde
fined on input line 738.


LaTeX Warning: Reference `prop:R-form-for-abelian-intertwining-algebra' on page
 23 undefined on input line 740.


LaTeX Warning: Reference `prop:centralizers-for-Leech' on page 23 undefined on 
input line 740.


LaTeX Warning: Citation `ALY17' on page 23 undefined on input line 740.


LaTeX Warning: Citation `FLM88' on page 23 undefined on input line 743.


[23]

LaTeX Warning: Reference `lem:action-of-centralizer-on-R-form' on page 24 undef
ined on input line 746.


LaTeX Warning: Reference `lem:maximal-subgroups-of-monster' on page 24 undefine
d on input line 746.


LaTeX Warning: Citation `R96' on page 24 undefined on input line 750.


Underfull \hbox (badness 4328) in paragraph at lines 750--751
[][]\TU/LatinModernRoman(0)/b/n/10.95 Corollary 3.10 \TU/LatinModernRoman(0)/m/
n/10.95 (weak modular moonshine)\TU/LatinModernRoman(0)/b/n/10.95 . []\TU/Latin
ModernRoman(0)/m/it/10.95 The modular moonshine conjecture holds in

LaTeX Warning: Citation `BR96' on page 24 undefined on input line 752.


LaTeX Warning: Citation `BR96' on page 24 undefined on input line 752.


LaTeX Warning: Citation `B98' on page 24 undefined on input line 752.


LaTeX Warning: Citation `B99' on page 24 undefined on input line 752.


LaTeX Warning: Citation `BR96' on page 24 undefined on input line 752.


LaTeX Warning: Reference `thm:monster-form' on page 24 undefined on input line 
752.


LaTeX Warning: Citation `BR96' on page 24 undefined on input line 752.


LaTeX Warning: Citation `W88' on page 24 undefined on input line 752.


LaTeX Warning: Citation `BR96' on page 24 undefined on input line 755.


LaTeX Warning: Reference `lem:R-forms-for-prime-order-orbifold' on page 24 unde
fined on input line 764.


LaTeX Warning: Citation `ATLAS' on page 24 undefined on input line 773.


[24]

LaTeX Warning: Reference `lem:affine-subgroups-of-monster' on page 25 undefined
 on input line 779.


LaTeX Warning: Reference `lem:fixed-point-comparison' on page 25 undefined on i
nput line 786.


LaTeX Warning: Reference `cor:voa-generated-by-subvoas' on page 25 undefined on
 input line 786.


LaTeX Warning: Reference `prop:isomorphisms-of-forms-for-2-and-3' on page 25 un
defined on input line 793.


LaTeX Warning: Reference `lem:fixed-point-comparison' on page 25 undefined on i
nput line 793.


LaTeX Warning: Reference `prop:isomorphisms-of-forms-for-2-and-3' on page 25 un
defined on input line 797.


LaTeX Warning: Reference `cor:voa-generated-by-subvoas' on page 25 undefined on
 input line 801.


LaTeX Warning: Reference `prop:isomorphisms-of-forms-for-2-and-3' on page 25 un
defined on input line 804.


LaTeX Warning: Citation `W88' on page 25 undefined on input line 804.


LaTeX Warning: Reference `lem:unique-voa-from-descent' on page 25 undefined on 
input line 818.

<xymatrix 3x3 234> <xymatrix 3x3 234>
[25]

LaTeX Warning: Reference `lem:unique-R-forms-of-moonshine-from-gluing-data' on 
page 26 undefined on input line 831.


LaTeX Warning: Reference `lem:unique-R-forms-of-moonshine-from-gluing-data' on 
page 26 undefined on input line 837.


LaTeX Warning: Reference `prop:full-comparison-of-forms' on page 26 undefined o
n input line 849.


LaTeX Warning: Reference `lem:unique-R-forms-with-monster-symmetry' on page 26 
undefined on input line 849.


Underfull \hbox (badness 2653) in paragraph at lines 849--850
[]\TU/LatinModernRoman(0)/m/n/10.95 By Proposition [], we have a gluing datum f
or the diagram $\U/msb/m/n/10.95 Z\OT1/cmr/m/n/10.95 [1/\OML/cmm/m/it/10.95 pqr
; e\OT1/cmr/m/n/10.95 (1/2\OML/cmm/m/it/10.95 pq\OT1/cmr/m/n/10.95 )] \OMS/cmsy
/m/n/10.95 !

[26]

LaTeX Warning: Reference `lem:descent-for-three-primes' on page 27 undefined on
 input line 860.


LaTeX Warning: Reference `lem:zariski-gluing-for-voas' on page 27 undefined on 
input line 860.


LaTeX Warning: Reference `lem:unique-R-forms-with-monster-symmetry' on page 27 
undefined on input line 866.


LaTeX Warning: Reference `lem:descent-for-three-primes' on page 27 undefined on
 input line 877.


LaTeX Warning: Reference `lem:faithfully-flat-gluing-data-for-voas' on page 27 
undefined on input line 877.


LaTeX Warning: Reference `lem:unique-R-forms-with-monster-symmetry' on page 27 
undefined on input line 877.


LaTeX Warning: Reference `lem:descent-for-triangle' on page 27 undefined on inp
ut line 886.


LaTeX Warning: Reference `lem:unique-R-forms-with-monster-symmetry' on page 27 
undefined on input line 886.


LaTeX Warning: Reference `lem:descent-for-tripod' on page 27 undefined on input
 line 890.


LaTeX Warning: Reference `lem:descent-for-three-primes' on page 27 undefined on
 input line 892.


[27]
Underfull \hbox (badness 4805) in paragraph at lines 911--913
[]\TU/LatinModernRoman(0)/m/n/10.95 Borcherds R.E., Modular moonshine. III, []\
TU/LatinModernRoman(0)/m/it/10.95 Duke Math. J.[] \TU/LatinModernRoman(0)/b/n/1
0.95 93 \TU/LatinModernRoman(0)/m/n/10.95 (1998), 129–154, []arX-

[28]
[29]
[30] (build/1659.aux)

LaTeX Warning: There were undefined references.


LaTeX Warning: Label(s) may have changed. Rerun to get cross-references right.


Package rerunfilecheck Warning: File `1659.out' has changed.
(rerunfilecheck)                Rerun to get outlines right
(rerunfilecheck)                or use package `bookmark'.

 )
(see the transcript file for additional information)
Output written on build/1659.pdf (30 pages).
Transcript written on build/1659.log.
