This is XeTeX, Version 3.141592653-2.6-0.999996 (TeX Live 2025/dev/Debian) (preloaded format=xelatex)
entering extended mode
(./1659.tex
LaTeX2e <2024-11-01> patch level 2
L3 programming layer <2025-01-18>
(/usr/share/texlive/texmf-dist/tex/latex/base/article.cls
Document Class: article 2024/06/29 v1.4n Standard LaTeX document class
(/usr/share/texlive/texmf-dist/tex/latex/base/size11.clo))
(/usr/share/texlive/texmf-dist/tex/latex/geometry/geometry.sty
(/usr/share/texlive/texmf-dist/tex/latex/graphics/keyval.sty)
(/usr/share/texlive/texmf-dist/tex/generic/iftex/ifvtex.sty
(/usr/share/texlive/texmf-dist/tex/generic/iftex/iftex.sty)))
(/usr/share/texlive/texmf-dist/tex/latex/fontspec/fontspec.sty
(/usr/share/texlive/texmf-dist/tex/latex/l3packages/xparse/xparse.sty
(/usr/share/texlive/texmf-dist/tex/latex/l3kernel/expl3.sty
(/usr/share/texlive/texmf-dist/tex/latex/l3backend/l3backend-xetex.def)))
(/usr/share/texlive/texmf-dist/tex/latex/fontspec/fontspec-xetex.sty
(/usr/share/texlive/texmf-dist/tex/latex/base/fontenc.sty)
(/usr/share/texlive/texmf-dist/tex/latex/fontspec/fontspec.cfg)))
(/usr/share/texlive/texmf-dist/tex/latex/amsmath/amsmath.sty
For additional information on amsmath, use the `?' option.
(/usr/share/texlive/texmf-dist/tex/latex/amsmath/amstext.sty
(/usr/share/texlive/texmf-dist/tex/latex/amsmath/amsgen.sty))
(/usr/share/texlive/texmf-dist/tex/latex/amsmath/amsbsy.sty)
(/usr/share/texlive/texmf-dist/tex/latex/amsmath/amsopn.sty))
(/usr/share/texlive/texmf-dist/tex/latex/amsfonts/amssymb.sty
(/usr/share/texlive/texmf-dist/tex/latex/amsfonts/amsfonts.sty))
(/usr/share/texlive/texmf-dist/tex/latex/amscls/amsthm.sty)
(/usr/share/texlive/texmf-dist/tex/latex/amsmath/amscd.sty)
(/usr/share/texlive/texmf-dist/tex/latex/graphics/graphicx.sty
(/usr/share/texlive/texmf-dist/tex/latex/graphics/graphics.sty
(/usr/share/texlive/texmf-dist/tex/latex/graphics/trig.sty)
(/usr/share/texlive/texmf-dist/tex/latex/graphics-cfg/graphics.cfg)
(/usr/share/texlive/texmf-dist/tex/latex/graphics-def/xetex.def)))
(/usr/share/texlive/texmf-dist/tex/latex/graphics/color.sty
(/usr/share/texlive/texmf-dist/tex/latex/graphics-cfg/color.cfg)
(/usr/share/texlive/texmf-dist/tex/latex/graphics/mathcolor.ltx))
(/usr/share/texlive/texmf-dist/tex/latex/xurl/xurl.sty
(/usr/share/texlive/texmf-dist/tex/latex/url/url.sty))
(/usr/share/texlive/texmf-dist/tex/latex/hyperref/hyperref.sty
(/usr/share/texlive/texmf-dist/tex/latex/kvsetkeys/kvsetkeys.sty)
(/usr/share/texlive/texmf-dist/tex/generic/kvdefinekeys/kvdefinekeys.sty)
(/usr/share/texlive/texmf-dist/tex/generic/pdfescape/pdfescape.sty
(/usr/share/texlive/texmf-dist/tex/generic/ltxcmds/ltxcmds.sty)
(/usr/share/texlive/texmf-dist/tex/generic/pdftexcmds/pdftexcmds.sty
(/usr/share/texlive/texmf-dist/tex/generic/infwarerr/infwarerr.sty)))
(/usr/share/texlive/texmf-dist/tex/latex/hycolor/hycolor.sty)
(/usr/share/texlive/texmf-dist/tex/latex/hyperref/nameref.sty
(/usr/share/texlive/texmf-dist/tex/latex/refcount/refcount.sty)
(/usr/share/texlive/texmf-dist/tex/generic/gettitlestring/gettitlestring.sty
(/usr/share/texlive/texmf-dist/tex/latex/kvoptions/kvoptions.sty)))
(/usr/share/texlive/texmf-dist/tex/latex/etoolbox/etoolbox.sty)
(/usr/share/texlive/texmf-dist/tex/generic/stringenc/stringenc.sty)
(/usr/share/texlive/texmf-dist/tex/latex/hyperref/pd1enc.def)
(/usr/share/texlive/texmf-dist/tex/generic/intcalc/intcalc.sty)
(/usr/share/texlive/texmf-dist/tex/latex/hyperref/puenc.def)
(/usr/share/texlive/texmf-dist/tex/generic/bitset/bitset.sty
(/usr/share/texlive/texmf-dist/tex/generic/bigintcalc/bigintcalc.sty))
(/usr/share/texlive/texmf-dist/tex/latex/base/atbegshi-ltx.sty))
(/usr/share/texlive/texmf-dist/tex/latex/hyperref/hxetex.def
(/usr/share/texlive/texmf-dist/tex/latex/rerunfilecheck/rerunfilecheck.sty
(/usr/share/texlive/texmf-dist/tex/latex/base/atveryend-ltx.sty)
(/usr/share/texlive/texmf-dist/tex/generic/uniquecounter/uniquecounter.sty)))
(/usr/share/texlive/texmf-dist/tex/generic/xypic/xy.sty
(/usr/share/texlive/texmf-dist/tex/generic/xypic/xy.tex Bootstrap'ing:
catcodes, docmode, (/usr/share/texlive/texmf-dist/tex/generic/xypic/xyrecat.tex
) (/usr/share/texlive/texmf-dist/tex/generic/xypic/xyidioms.tex)

 Xy-pic version 3.8.9 <2013/10/06>
 Copyright (c) 1991-2013 by Kristoffer H. Rose <krisrose@tug.org> and others
 Xy-pic is free software: see the User's Guide for details.

Loading kernel: messages; fonts; allocations: state, direction,
utility macros; pictures: \xy, positions, objects, decorations;
kernel objects: directionals, circles, text; options; algorithms: directions,
edges, connections;  Xy-pic loaded)
(/usr/share/texlive/texmf-dist/tex/generic/iftex/ifpdf.sty)
(/usr/share/texlive/texmf-dist/tex/generic/xypic/xyall.tex
 Xy-pic option: All features v.3.8
(/usr/share/texlive/texmf-dist/tex/generic/xypic/xycurve.tex
 Xy-pic option: Curve and Spline extension v.3.12 curve, circles, loaded)
(/usr/share/texlive/texmf-dist/tex/generic/xypic/xyframe.tex
 Xy-pic option: Frame and Bracket extension v.3.14 loaded)
(/usr/share/texlive/texmf-dist/tex/generic/xypic/xycmtip.tex
 Xy-pic option: Computer Modern tip extension v.3.7
(/usr/share/texlive/texmf-dist/tex/generic/xypic/xytips.tex
 Xy-pic option: More Tips extension v.3.11 loaded) loaded)
(/usr/share/texlive/texmf-dist/tex/generic/xypic/xyline.tex
 Xy-pic option: Line styles extension v.3.10 loaded)
(/usr/share/texlive/texmf-dist/tex/generic/xypic/xyrotate.tex
 Xy-pic option: Rotate and Scale extension v.3.8 loaded)
(/usr/share/texlive/texmf-dist/tex/generic/xypic/xycolor.tex
 Xy-pic option: Colour extension v.3.11 loaded)
(/usr/share/texlive/texmf-dist/tex/generic/xypic/xymatrix.tex
 Xy-pic option: Matrix feature v.3.14 loaded)
(/usr/share/texlive/texmf-dist/tex/generic/xypic/xyarrow.tex
 Xy-pic option: Arrow and Path feature v.3.9 path, \ar, loaded)
(/usr/share/texlive/texmf-dist/tex/generic/xypic/xygraph.tex
 Xy-pic option: Graph feature v.3.11 loaded) loaded)) (build/1659.aux)
*geometry* driver: auto-detecting
*geometry* detected driver: xetex
(build/1659.out) (build/1659.out)
(/usr/share/texlive/texmf-dist/tex/latex/amsfonts/umsa.fd)
(/usr/share/texlive/texmf-dist/tex/latex/amsfonts/umsb.fd)
[1] <xymatrix 3x2 149> <xymatrix 3x2 149> <xymatrix 2x2 182> <xymatrix 2x2
182>
[2] <xymatrix 2x2 182> <xymatrix 2x2 182> <xymatrix 2x2 188> <xymatrix 2x2
188> <xymatrix 2x2 182> <xymatrix 2x2 182>
[3] <xymatrix 2x2 147> <xymatrix 2x2 147> <xymatrix 2x2 188> <xymatrix 2x2
188>
[4] <xymatrix 2x2 185> <xymatrix 2x2 185>
[5] <xymatrix 3x2 325> <xymatrix 3x2 325>
[6]
[7] <xymatrix 3x2 149> <xymatrix 3x2 149> <xymatrix 2x2 182> <xymatrix 2x2
182>
Underfull \hbox (badness 3439) in paragraph at lines 279--280
[]\TU/LatinModernRoman(0)/m/n/10.95 For each integer $\OML/cmm/m/it/10.95 n$\TU
/LatinModernRoman(0)/m/n/10.95 , we have the “$\OML/cmm/m/it/10.95 z[]$\TU/Lati
nModernRoman(0)/m/n/10.95 -coefficient map” $\OMS/cmsy/m/n/10.95 ^^A[] [] [] \O
ML/cmm/m/it/10.95 V \OMS/cmsy/m/n/10.95 
[] \OML/cmm/m/it/10.95 V \OMS/cmsy/m/n/10.95 ! \OML/cmm/m/it/10.95 V$\TU/LatinM
odernRoman(0)/m/n/10.95 , which

Underfull \hbox (badness 4217) in paragraph at lines 279--280
\TU/LatinModernRoman(0)/m/n/10.95 we may now rewrite as $\OMS/cmsy/m/n/10.95 ^^
A[] [] [] [][] 
[] [][] 
[] \OML/cmm/m/it/10.95 S \OMS/cmsy/m/n/10.95 ! [] 
[] \OML/cmm/m/it/10.95 S$ \TU/LatinModernRoman(0)/m/n/10.95 using $\OML/cmm/m/i
t/10.95  $\TU/LatinModernRoman(0)/m/n/10.95 . To show that

Underfull \hbox (badness 4266) in paragraph at lines 279--280
\TU/LatinModernRoman(0)/m/n/10.95 this is the base change of a map $[][] [] [] 
[] \OMS/cmsy/m/n/10.95 
[] [] ! []$ \TU/LatinModernRoman(0)/m/n/10.95 along $\OML/cmm/m/it/10.95 f$\TU/
LatinModernRoman(0)/m/n/10.95 , it is necessary and

Underfull \hbox (badness 3954) in paragraph at lines 279--280
\TU/LatinModernRoman(0)/m/n/10.95 sufficient to show that $\OMS/cmsy/m/n/10.95 
^^A[]$ \TU/LatinModernRoman(0)/m/n/10.95 is a morphism of descent data for modu
les with respect to
<xymatrix 2x2 182> <xymatrix 2x2 182>
Underfull \hbox (badness 7468) in paragraph at lines 283--285
\TU/LatinModernRoman(0)/m/n/10.95 so we have a map of descent data. Here, the m
ap $\OML/cmm/m/it/10.95 ^^^ \OMS/cmsy/m/n/10.95 
 \OML/cmm/m/it/10.95 ^^^$ \TU/LatinModernRoman(0)/m/n/10.95 along the top us-

Underfull \hbox (badness 6125) in paragraph at lines 283--285
\TU/LatinModernRoman(0)/m/n/10.95 es an identification $[][] \OMS/cmsy/m/n/10.9
5 
[] [][] 
[] \OML/cmm/m/it/10.95 S \OMS/cmsy/m/n/10.95 
[] \OML/cmm/m/it/10.95 S [] \OT1/cmr/m/n/10.95 (\OML/cmm/m/it/10.95 V \OMS/cmsy
/m/n/10.95 
[] \OML/cmm/m/it/10.95 S\OT1/cmr/m/n/10.95 ) \OMS/cmsy/m/n/10.95 
[] \OT1/cmr/m/n/10.95 (\OML/cmm/m/it/10.95 V \OMS/cmsy/m/n/10.95 
[] \OML/cmm/m/it/10.95 S\OT1/cmr/m/n/10.95 )$ \TU/LatinModernRoman(0)/m/n/10.95
 induced by

Underfull \hbox (badness 2221) in paragraph at lines 286--287
[]\TU/LatinModernRoman(0)/m/n/10.95 Essentially the same argument shows that th
e unit map $\OML/cmm/m/it/10.95 S \OMS/cmsy/m/n/10.95 ! \OML/cmm/m/it/10.95 V$ 
\TU/LatinModernRoman(0)/m/n/10.95 that takes $\OT1/cmr/m/n/10.95 1$ \TU/LatinMo
dernRoman(0)/m/n/10.95 to $[]$

Underfull \hbox (badness 2253) in paragraph at lines 286--287
\TU/LatinModernRoman(0)/m/n/10.95 is the base change of an $\OML/cmm/m/it/10.95
 R$\TU/LatinModernRoman(0)/m/n/10.95 -module map $\OML/cmm/m/it/10.95 R \OMS/cm
sy/m/n/10.95 ! []$\TU/LatinModernRoman(0)/m/n/10.95 . The remaining vertex alge
bra con-

Underfull \hbox (badness 3514) in paragraph at lines 286--287
\TU/LatinModernRoman(0)/m/n/10.95 ditions then follow from the fact that base-c
hange along $\OML/cmm/m/it/10.95 f$ \TU/LatinModernRoman(0)/m/n/10.95 yields a 
formulas that hold

[8]
[9] (/usr/share/texlive/texmf-dist/tex/latex/amsfonts/ueuf.fd) <xymatrix 2x2
188> <xymatrix 2x2 188>
[10] <xymatrix 2x2 188> <xymatrix 2x2 188>
[11]
[12]
[13]
[14]
[15]
[16]
[17]
[18]
[19]
[20] <xymatrix 2x2 154> <xymatrix 2x2 154>
[21]
[22]
Underfull \hbox (badness 5189) in paragraph at lines 702--703
[]\TU/LatinModernRoman(0)/m/n/10.95 By Lemma []3.1[], the two abelian intertwin
ing subalgebras $[][] [][]\OT1/cmr/m/n/10.95 ([][]\OML/cmm/m/it/10.95 V[]\OT1/c
mr/m/n/10.95 )[]$ \TU/LatinModernRoman(0)/m/n/10.95 and

Underfull \hbox (badness 1248) in paragraph at lines 702--703
[][] [][]\OT1/cmr/m/n/10.95 ([][]\OML/cmm/m/it/10.95 V[]\OT1/cmr/m/n/10.95 )[]$
 \TU/LatinModernRoman(0)/m/n/10.95 are both isomorphic to $\OML/cmm/m/it/10.95 
V[]$\TU/LatinModernRoman(0)/m/n/10.95 . Thus, the abelian intertwining subalgeb
ras

Underfull \hbox (badness 4060) in paragraph at lines 725--726
[]\TU/LatinModernRoman(0)/m/n/10.95 Existence follows from applying Proposition
 []2.40[] to the embeddings of $\OT1/cmr/m/n/10.95 (\OML/cmm/m/it/10.95 V[]\OT1
/cmr/m/n/10.95 )[]$ \TU/LatinModernRoman(0)/m/n/10.95 and

[23]
Underfull \hbox (badness 4328) in paragraph at lines 750--751
[][]\TU/LatinModernRoman(0)/b/n/10.95 Corollary 3.10 \TU/LatinModernRoman(0)/m/
n/10.95 (weak modular moonshine)\TU/LatinModernRoman(0)/b/n/10.95 . []\TU/Latin
ModernRoman(0)/m/it/10.95 The modular moonshine conjecture holds in

[24] <xymatrix 3x3 234> <xymatrix 3x3 234>
[25]
Underfull \hbox (badness 1888) in paragraph at lines 849--850
[]\TU/LatinModernRoman(0)/m/n/10.95 By Proposition []3.15[], we have a gluing d
atum for the diagram $\U/msb/m/n/10.95 Z\OT1/cmr/m/n/10.95 [1/\OML/cmm/m/it/10.
95 pqr; e\OT1/cmr/m/n/10.95 (1/2\OML/cmm/m/it/10.95 pq\OT1/cmr/m/n/10.95 )] \OM
S/cmsy/m/n/10.95 !

[26]
[27]
Underfull \hbox (badness 4805) in paragraph at lines 911--913
[]\TU/LatinModernRoman(0)/m/n/10.95 Borcherds R.E., Modular moonshine. III, []\
TU/LatinModernRoman(0)/m/it/10.95 Duke Math. J.[] \TU/LatinModernRoman(0)/b/n/1
0.95 93 \TU/LatinModernRoman(0)/m/n/10.95 (1998), 129–154, []arX-

[28]
[29]
[30] (build/1659.aux) )
(see the transcript file for additional information)
Output written on build/1659.pdf (30 pages).
Transcript written on build/1659.log.
