This is XeTeX, Version 3.141592653-2.6-0.999996 (TeX Live 2025/dev/Debian) (preloaded format=xelatex)
entering extended mode
(./1658.tex
LaTeX2e <2024-11-01> patch level 2
L3 programming layer <2025-01-18>
(/usr/share/texlive/texmf-dist/tex/latex/base/article.cls
Document Class: article 2024/06/29 v1.4n Standard LaTeX document class
(/usr/share/texlive/texmf-dist/tex/latex/base/size11.clo))
(/usr/share/texlive/texmf-dist/tex/latex/geometry/geometry.sty
(/usr/share/texlive/texmf-dist/tex/latex/graphics/keyval.sty)
(/usr/share/texlive/texmf-dist/tex/generic/iftex/ifvtex.sty
(/usr/share/texlive/texmf-dist/tex/generic/iftex/iftex.sty)))
(/usr/share/texlive/texmf-dist/tex/latex/fontspec/fontspec.sty
(/usr/share/texlive/texmf-dist/tex/latex/l3packages/xparse/xparse.sty
(/usr/share/texlive/texmf-dist/tex/latex/l3kernel/expl3.sty
(/usr/share/texlive/texmf-dist/tex/latex/l3backend/l3backend-xetex.def)))
(/usr/share/texlive/texmf-dist/tex/latex/fontspec/fontspec-xetex.sty
(/usr/share/texlive/texmf-dist/tex/latex/base/fontenc.sty)
(/usr/share/texlive/texmf-dist/tex/latex/fontspec/fontspec.cfg)))
(/usr/share/texlive/texmf-dist/tex/latex/amsmath/amsmath.sty
For additional information on amsmath, use the `?' option.
(/usr/share/texlive/texmf-dist/tex/latex/amsmath/amstext.sty
(/usr/share/texlive/texmf-dist/tex/latex/amsmath/amsgen.sty))
(/usr/share/texlive/texmf-dist/tex/latex/amsmath/amsbsy.sty)
(/usr/share/texlive/texmf-dist/tex/latex/amsmath/amsopn.sty))
(/usr/share/texlive/texmf-dist/tex/latex/amsfonts/amssymb.sty
(/usr/share/texlive/texmf-dist/tex/latex/amsfonts/amsfonts.sty))
(/usr/share/texlive/texmf-dist/tex/latex/amscls/amsthm.sty)
(/usr/share/texlive/texmf-dist/tex/latex/amsmath/amscd.sty)
(/usr/share/texlive/texmf-dist/tex/latex/graphics/graphicx.sty
(/usr/share/texlive/texmf-dist/tex/latex/graphics/graphics.sty
(/usr/share/texlive/texmf-dist/tex/latex/graphics/trig.sty)
(/usr/share/texlive/texmf-dist/tex/latex/graphics-cfg/graphics.cfg)
(/usr/share/texlive/texmf-dist/tex/latex/graphics-def/xetex.def)))
(/usr/share/texlive/texmf-dist/tex/latex/graphics/color.sty
(/usr/share/texlive/texmf-dist/tex/latex/graphics-cfg/color.cfg)
(/usr/share/texlive/texmf-dist/tex/latex/graphics/mathcolor.ltx))
(/usr/share/texlive/texmf-dist/tex/latex/xurl/xurl.sty
(/usr/share/texlive/texmf-dist/tex/latex/url/url.sty))
(/usr/share/texlive/texmf-dist/tex/latex/hyperref/hyperref.sty
(/usr/share/texlive/texmf-dist/tex/latex/kvsetkeys/kvsetkeys.sty)
(/usr/share/texlive/texmf-dist/tex/generic/kvdefinekeys/kvdefinekeys.sty)
(/usr/share/texlive/texmf-dist/tex/generic/pdfescape/pdfescape.sty
(/usr/share/texlive/texmf-dist/tex/generic/ltxcmds/ltxcmds.sty)
(/usr/share/texlive/texmf-dist/tex/generic/pdftexcmds/pdftexcmds.sty
(/usr/share/texlive/texmf-dist/tex/generic/infwarerr/infwarerr.sty)))
(/usr/share/texlive/texmf-dist/tex/latex/hycolor/hycolor.sty)
(/usr/share/texlive/texmf-dist/tex/latex/hyperref/nameref.sty
(/usr/share/texlive/texmf-dist/tex/latex/refcount/refcount.sty)
(/usr/share/texlive/texmf-dist/tex/generic/gettitlestring/gettitlestring.sty
(/usr/share/texlive/texmf-dist/tex/latex/kvoptions/kvoptions.sty)))
(/usr/share/texlive/texmf-dist/tex/latex/etoolbox/etoolbox.sty)
(/usr/share/texlive/texmf-dist/tex/generic/stringenc/stringenc.sty)
(/usr/share/texlive/texmf-dist/tex/latex/hyperref/pd1enc.def)
(/usr/share/texlive/texmf-dist/tex/generic/intcalc/intcalc.sty)
(/usr/share/texlive/texmf-dist/tex/latex/hyperref/puenc.def)
(/usr/share/texlive/texmf-dist/tex/generic/bitset/bitset.sty
(/usr/share/texlive/texmf-dist/tex/generic/bigintcalc/bigintcalc.sty))
(/usr/share/texlive/texmf-dist/tex/latex/base/atbegshi-ltx.sty))
(/usr/share/texlive/texmf-dist/tex/latex/hyperref/hxetex.def
(/usr/share/texlive/texmf-dist/tex/latex/rerunfilecheck/rerunfilecheck.sty
(/usr/share/texlive/texmf-dist/tex/latex/base/atveryend-ltx.sty)
(/usr/share/texlive/texmf-dist/tex/generic/uniquecounter/uniquecounter.sty)))
No file 1658.aux.
*geometry* driver: auto-detecting
*geometry* detected driver: xetex

Package hyperref Warning: Rerun to get /PageLabels entry.

(/usr/share/texlive/texmf-dist/tex/latex/amsfonts/umsa.fd)
(/usr/share/texlive/texmf-dist/tex/latex/amsfonts/umsb.fd)
(/usr/share/texlive/texmf-dist/tex/latex/amsfonts/ueuf.fd)

LaTeX Warning: Citation `ChP' on page 1 undefined on input line 43.


LaTeX Warning: Citation `D3' on page 1 undefined on input line 43.


LaTeX Warning: Citation `ChP' on page 1 undefined on input line 48.


[1]
Underfull \hbox (badness 3312) in paragraph at lines 56--57
[]\TU/LatinModernRoman(0)/m/n/10.95 Denote by $\OML/cmm/m/it/10.95 U[]\OT1/cmr/
m/n/10.95 (\U/euf/m/n/10.95 h\OT1/cmr/m/n/10.95 )$\TU/LatinModernRoman(0)/m/n/1
0.95 , $\OML/cmm/m/it/10.95 U[]\OT1/cmr/m/n/10.95 (\U/euf/m/n/10.95 g[]\OT1/cmr
/m/n/10.95 )$\TU/LatinModernRoman(0)/m/n/10.95 , $\OML/cmm/m/it/10.95 U[]\OT1/c
mr/m/n/10.95 (\U/euf/m/n/10.95 g[]\OT1/cmr/m/n/10.95 )$ \TU/LatinModernRoman(0)
/m/n/10.95 the subalgebras in $\OML/cmm/m/it/10.95 U[]\OT1/cmr/m/n/10.95 (\U/eu
f/m/n/10.95 g\OT1/cmr/m/n/10.95 )$ \TU/LatinModernRoman(0)/m/n/10.95 generated 
by $[]\OML/cmm/m/it/10.95 q[][][]$\TU/LatinModernRoman(0)/m/n/10.95 ,

LaTeX Warning: Citation `ChP' on page 2 undefined on input line 76.


LaTeX Warning: Reference `eq-ideals' on page 2 undefined on input line 80.


[2]

LaTeX Warning: Reference `duality' on page 3 undefined on input line 111.


LaTeX Warning: Citation `Sh' on page 3 undefined on input line 131.


[3]

LaTeX Warning: Reference `inv-ideals' on page 4 undefined on input line 137.


LaTeX Warning: Citation `D1' on page 4 undefined on input line 147.


LaTeX Warning: Citation `EV' on page 4 undefined on input line 147.


LaTeX Warning: Citation `KM' on page 4 undefined on input line 147.


Underfull \hbox (badness 2020) in paragraph at lines 151--152
[][]\TU/LatinModernRoman(0)/b/n/10.95 Proposition 4.4. []\TU/LatinModernRoman(0
)/m/it/10.95 The form $\OMS/cmsy/m/n/10.95 h\OML/cmm/m/it/10.95 ^^R[]\OT1/cmr/m
/n/10.95 (\OMS/cmsy/m/n/10.95 ^^A\OT1/cmr/m/n/10.95 )\OML/cmm/m/it/10.95 ; \OMS
/cmsy/m/n/10.95 ^^Ai$ \TU/LatinModernRoman(0)/m/it/10.95 is the pullback of the
 canonical form restricted to

[4]

Package hyperref Warning: Token not allowed in a PDF string (Unicode):
(hyperref)                removing `math shift' on input line 164.


Package hyperref Warning: Token not allowed in a PDF string (Unicode):
(hyperref)                removing `\otimes' on input line 164.


Package hyperref Warning: Token not allowed in a PDF string (Unicode):
(hyperref)                removing `math shift' on input line 164.


LaTeX Warning: Reference `diagonal' on page 5 undefined on input line 190.


LaTeX Warning: Reference `diagonal' on page 5 undefined on input line 195.


Package hyperref Warning: Token not allowed in a PDF string (Unicode):
(hyperref)                removing `math shift' on input line 198.


Package hyperref Warning: Token not allowed in a PDF string (Unicode):
(hyperref)                removing `\otimes' on input line 198.


Package hyperref Warning: Token not allowed in a PDF string (Unicode):
(hyperref)                removing `math shift' on input line 198.


[5]

LaTeX Warning: Reference `two-filtrations' on page 6 undefined on input line 20
3.


LaTeX Warning: Reference `two-filtrations' on page 6 undefined on input line 20
8.


LaTeX Warning: Reference `two-filtrations' on page 6 undefined on input line 20
8.


LaTeX Warning: Reference `form_features' on page 6 undefined on input line 213.



LaTeX Warning: Reference `form_features' on page 6 undefined on input line 219.



LaTeX Warning: Reference `irred' on page 6 undefined on input line 221.


LaTeX Warning: Reference `ext-tw-decomp' on page 6 undefined on input line 221.



[6] (build/1658.aux)

LaTeX Warning: There were undefined references.


LaTeX Warning: Label(s) may have changed. Rerun to get cross-references right.


Package rerunfilecheck Warning: File `1658.out' has changed.
(rerunfilecheck)                Rerun to get outlines right
(rerunfilecheck)                or use package `bookmark'.

 )
(see the transcript file for additional information)
Output written on build/1658.pdf (6 pages).
Transcript written on build/1658.log.
