This is XeTeX, Version 3.141592653-2.6-0.999996 (TeX Live 2025/dev/Debian) (preloaded format=xelatex)
entering extended mode
(./1886.tex
LaTeX2e <2024-11-01> patch level 2
L3 programming layer <2025-01-18>
(/usr/share/texlive/texmf-dist/tex/latex/base/article.cls
Document Class: article 2024/06/29 v1.4n Standard LaTeX document class
(/usr/share/texlive/texmf-dist/tex/latex/base/size11.clo))
(/usr/share/texlive/texmf-dist/tex/latex/geometry/geometry.sty
(/usr/share/texlive/texmf-dist/tex/latex/graphics/keyval.sty)
(/usr/share/texlive/texmf-dist/tex/generic/iftex/ifvtex.sty
(/usr/share/texlive/texmf-dist/tex/generic/iftex/iftex.sty)))
(/usr/share/texlive/texmf-dist/tex/latex/fontspec/fontspec.sty
(/usr/share/texlive/texmf-dist/tex/latex/l3packages/xparse/xparse.sty
(/usr/share/texlive/texmf-dist/tex/latex/l3kernel/expl3.sty
(/usr/share/texlive/texmf-dist/tex/latex/l3backend/l3backend-xetex.def)))
(/usr/share/texlive/texmf-dist/tex/latex/fontspec/fontspec-xetex.sty
(/usr/share/texlive/texmf-dist/tex/latex/base/fontenc.sty)
(/usr/share/texlive/texmf-dist/tex/latex/fontspec/fontspec.cfg)))
(/usr/share/texlive/texmf-dist/tex/latex/amsmath/amsmath.sty
For additional information on amsmath, use the `?' option.
(/usr/share/texlive/texmf-dist/tex/latex/amsmath/amstext.sty
(/usr/share/texlive/texmf-dist/tex/latex/amsmath/amsgen.sty))
(/usr/share/texlive/texmf-dist/tex/latex/amsmath/amsbsy.sty)
(/usr/share/texlive/texmf-dist/tex/latex/amsmath/amsopn.sty))
(/usr/share/texlive/texmf-dist/tex/latex/amsfonts/amssymb.sty
(/usr/share/texlive/texmf-dist/tex/latex/amsfonts/amsfonts.sty))
(/usr/share/texlive/texmf-dist/tex/latex/amscls/amsthm.sty)
(/usr/share/texlive/texmf-dist/tex/latex/amsmath/amscd.sty)
(/usr/share/texlive/texmf-dist/tex/latex/graphics/graphicx.sty
(/usr/share/texlive/texmf-dist/tex/latex/graphics/graphics.sty
(/usr/share/texlive/texmf-dist/tex/latex/graphics/trig.sty)
(/usr/share/texlive/texmf-dist/tex/latex/graphics-cfg/graphics.cfg)
(/usr/share/texlive/texmf-dist/tex/latex/graphics-def/xetex.def)))
(/usr/share/texlive/texmf-dist/tex/latex/graphics/color.sty
(/usr/share/texlive/texmf-dist/tex/latex/graphics-cfg/color.cfg)
(/usr/share/texlive/texmf-dist/tex/latex/graphics/mathcolor.ltx))
(/usr/share/texlive/texmf-dist/tex/latex/xurl/xurl.sty
(/usr/share/texlive/texmf-dist/tex/latex/url/url.sty))
(/usr/share/texlive/texmf-dist/tex/latex/hyperref/hyperref.sty
(/usr/share/texlive/texmf-dist/tex/latex/kvsetkeys/kvsetkeys.sty)
(/usr/share/texlive/texmf-dist/tex/generic/kvdefinekeys/kvdefinekeys.sty)
(/usr/share/texlive/texmf-dist/tex/generic/pdfescape/pdfescape.sty
(/usr/share/texlive/texmf-dist/tex/generic/ltxcmds/ltxcmds.sty)
(/usr/share/texlive/texmf-dist/tex/generic/pdftexcmds/pdftexcmds.sty
(/usr/share/texlive/texmf-dist/tex/generic/infwarerr/infwarerr.sty)))
(/usr/share/texlive/texmf-dist/tex/latex/hycolor/hycolor.sty)
(/usr/share/texlive/texmf-dist/tex/latex/hyperref/nameref.sty
(/usr/share/texlive/texmf-dist/tex/latex/refcount/refcount.sty)
(/usr/share/texlive/texmf-dist/tex/generic/gettitlestring/gettitlestring.sty
(/usr/share/texlive/texmf-dist/tex/latex/kvoptions/kvoptions.sty)))
(/usr/share/texlive/texmf-dist/tex/latex/etoolbox/etoolbox.sty)
(/usr/share/texlive/texmf-dist/tex/generic/stringenc/stringenc.sty)
(/usr/share/texlive/texmf-dist/tex/latex/hyperref/pd1enc.def)
(/usr/share/texlive/texmf-dist/tex/generic/intcalc/intcalc.sty)
(/usr/share/texlive/texmf-dist/tex/latex/hyperref/puenc.def)
(/usr/share/texlive/texmf-dist/tex/generic/bitset/bitset.sty
(/usr/share/texlive/texmf-dist/tex/generic/bigintcalc/bigintcalc.sty))
(/usr/share/texlive/texmf-dist/tex/latex/base/atbegshi-ltx.sty))
(/usr/share/texlive/texmf-dist/tex/latex/hyperref/hxetex.def
(/usr/share/texlive/texmf-dist/tex/latex/rerunfilecheck/rerunfilecheck.sty
(/usr/share/texlive/texmf-dist/tex/latex/base/atveryend-ltx.sty)
(/usr/share/texlive/texmf-dist/tex/generic/uniquecounter/uniquecounter.sty)))
No file 1886.aux.
*geometry* driver: auto-detecting
*geometry* detected driver: xetex

Package hyperref Warning: Rerun to get /PageLabels entry.

(/usr/share/texlive/texmf-dist/tex/latex/amsfonts/umsa.fd)
(/usr/share/texlive/texmf-dist/tex/latex/amsfonts/umsb.fd)
[1]

LaTeX Warning: Citation `BBS' on page 2 undefined on input line 97.


LaTeX Warning: Reference `e1' on page 2 undefined on input line 101.


[2]

LaTeX Warning: Reference `e4' on page 3 undefined on input line 134.


LaTeX Warning: Reference `e5' on page 3 undefined on input line 150.


LaTeX Warning: Reference `e5' on page 3 undefined on input line 155.


[3]

LaTeX Warning: Reference `e4' on page 4 undefined on input line 169.


LaTeX Warning: Reference `e5' on page 4 undefined on input line 169.


LaTeX Warning: Reference `e7' on page 4 undefined on input line 173.


LaTeX Warning: Citation `BBS' on page 4 undefined on input line 173.


LaTeX Warning: Reference `e6' on page 4 undefined on input line 177.


LaTeX Warning: Citation `H' on page 4 undefined on input line 200.


LaTeX Warning: Citation `GX' on page 4 undefined on input line 200.


LaTeX Warning: Citation `HKLR' on page 4 undefined on input line 205.


[4]

LaTeX Warning: Citation `Do' on page 5 undefined on input line 207.


LaTeX Warning: Citation `Co' on page 5 undefined on input line 207.


LaTeX Warning: Citation `GX' on page 5 undefined on input line 207.


LaTeX Warning: Citation `Si95' on page 5 undefined on input line 209.


LaTeX Warning: Citation `Si08' on page 5 undefined on input line 209.


LaTeX Warning: Reference `lf' on page 5 undefined on input line 213.


LaTeX Warning: Reference `lf' on page 5 undefined on input line 217.


LaTeX Warning: Reference `mapf' on page 5 undefined on input line 243.


[5]

LaTeX Warning: Citation `HKLR' on page 6 undefined on input line 253.


LaTeX Warning: Reference `phi' on page 6 undefined on input line 272.


LaTeX Warning: Reference `de1' on page 6 undefined on input line 279.


[6]

LaTeX Warning: Reference `sections' on page 7 undefined on input line 293.


LaTeX Warning: Reference `lemdeg' on page 7 undefined on input line 295.


LaTeX Warning: Reference `thm1' on page 7 undefined on input line 301.


[7]

LaTeX Warning: Reference `sections' on page 8 undefined on input line 322.


LaTeX Warning: Reference `specialT' on page 8 undefined on input line 326.


LaTeX Warning: Reference `tau-lemma' on page 8 undefined on input line 355.


LaTeX Warning: Reference `almost-id' on page 8 undefined on input line 355.


LaTeX Warning: Reference `Ts' on page 8 undefined on input line 365.


LaTeX Warning: Reference `tau-lemma' on page 8 undefined on input line 368.


LaTeX Warning: Reference `almost-id' on page 8 undefined on input line 369.


LaTeX Warning: Reference `Ts' on page 8 undefined on input line 369.


[8]

LaTeX Warning: Reference `pi2' on page 9 undefined on input line 371.


LaTeX Warning: Reference `almost-id' on page 9 undefined on input line 377.


LaTeX Warning: Reference `almost-id' on page 9 undefined on input line 377.


LaTeX Warning: Reference `gs37' on page 9 undefined on input line 379.


[9] (build/1886.aux)

LaTeX Warning: There were undefined references.


LaTeX Warning: Label(s) may have changed. Rerun to get cross-references right.


Package rerunfilecheck Warning: File `1886.out' has changed.
(rerunfilecheck)                Rerun to get outlines right
(rerunfilecheck)                or use package `bookmark'.

 )
Output written on build/1886.pdf (9 pages).
Transcript written on build/1886.log.
