This is XeTeX, Version 3.141592653-2.6-0.999996 (TeX Live 2025/dev/Debian) (preloaded format=xelatex)
entering extended mode
(./2001.tex
LaTeX2e <2024-11-01> patch level 2
L3 programming layer <2025-01-18>
(/usr/share/texlive/texmf-dist/tex/latex/base/article.cls
Document Class: article 2024/06/29 v1.4n Standard LaTeX document class
(/usr/share/texlive/texmf-dist/tex/latex/base/size11.clo))
(/usr/share/texlive/texmf-dist/tex/latex/geometry/geometry.sty
(/usr/share/texlive/texmf-dist/tex/latex/graphics/keyval.sty)
(/usr/share/texlive/texmf-dist/tex/generic/iftex/ifvtex.sty
(/usr/share/texlive/texmf-dist/tex/generic/iftex/iftex.sty)))
(/usr/share/texlive/texmf-dist/tex/latex/fontspec/fontspec.sty
(/usr/share/texlive/texmf-dist/tex/latex/l3packages/xparse/xparse.sty
(/usr/share/texlive/texmf-dist/tex/latex/l3kernel/expl3.sty
(/usr/share/texlive/texmf-dist/tex/latex/l3backend/l3backend-xetex.def)))
(/usr/share/texlive/texmf-dist/tex/latex/fontspec/fontspec-xetex.sty
(/usr/share/texlive/texmf-dist/tex/latex/base/fontenc.sty)
(/usr/share/texlive/texmf-dist/tex/latex/fontspec/fontspec.cfg)))
(/usr/share/texlive/texmf-dist/tex/latex/amsmath/amsmath.sty
For additional information on amsmath, use the `?' option.
(/usr/share/texlive/texmf-dist/tex/latex/amsmath/amstext.sty
(/usr/share/texlive/texmf-dist/tex/latex/amsmath/amsgen.sty))
(/usr/share/texlive/texmf-dist/tex/latex/amsmath/amsbsy.sty)
(/usr/share/texlive/texmf-dist/tex/latex/amsmath/amsopn.sty))
(/usr/share/texlive/texmf-dist/tex/latex/amsfonts/amssymb.sty
(/usr/share/texlive/texmf-dist/tex/latex/amsfonts/amsfonts.sty))
(/usr/share/texlive/texmf-dist/tex/latex/amscls/amsthm.sty)
(/usr/share/texlive/texmf-dist/tex/latex/amsmath/amscd.sty)
(/usr/share/texlive/texmf-dist/tex/latex/graphics/graphicx.sty
(/usr/share/texlive/texmf-dist/tex/latex/graphics/graphics.sty
(/usr/share/texlive/texmf-dist/tex/latex/graphics/trig.sty)
(/usr/share/texlive/texmf-dist/tex/latex/graphics-cfg/graphics.cfg)
(/usr/share/texlive/texmf-dist/tex/latex/graphics-def/xetex.def)))
(/usr/share/texlive/texmf-dist/tex/latex/graphics/color.sty
(/usr/share/texlive/texmf-dist/tex/latex/graphics-cfg/color.cfg)
(/usr/share/texlive/texmf-dist/tex/latex/graphics/mathcolor.ltx))
(/usr/share/texlive/texmf-dist/tex/latex/xurl/xurl.sty
(/usr/share/texlive/texmf-dist/tex/latex/url/url.sty))
(/usr/share/texlive/texmf-dist/tex/latex/hyperref/hyperref.sty
(/usr/share/texlive/texmf-dist/tex/latex/kvsetkeys/kvsetkeys.sty)
(/usr/share/texlive/texmf-dist/tex/generic/kvdefinekeys/kvdefinekeys.sty)
(/usr/share/texlive/texmf-dist/tex/generic/pdfescape/pdfescape.sty
(/usr/share/texlive/texmf-dist/tex/generic/ltxcmds/ltxcmds.sty)
(/usr/share/texlive/texmf-dist/tex/generic/pdftexcmds/pdftexcmds.sty
(/usr/share/texlive/texmf-dist/tex/generic/infwarerr/infwarerr.sty)))
(/usr/share/texlive/texmf-dist/tex/latex/hycolor/hycolor.sty)
(/usr/share/texlive/texmf-dist/tex/latex/hyperref/nameref.sty
(/usr/share/texlive/texmf-dist/tex/latex/refcount/refcount.sty)
(/usr/share/texlive/texmf-dist/tex/generic/gettitlestring/gettitlestring.sty
(/usr/share/texlive/texmf-dist/tex/latex/kvoptions/kvoptions.sty)))
(/usr/share/texlive/texmf-dist/tex/latex/etoolbox/etoolbox.sty)
(/usr/share/texlive/texmf-dist/tex/generic/stringenc/stringenc.sty)
(/usr/share/texlive/texmf-dist/tex/latex/hyperref/pd1enc.def)
(/usr/share/texlive/texmf-dist/tex/generic/intcalc/intcalc.sty)
(/usr/share/texlive/texmf-dist/tex/latex/hyperref/puenc.def)
(/usr/share/texlive/texmf-dist/tex/generic/bitset/bitset.sty
(/usr/share/texlive/texmf-dist/tex/generic/bigintcalc/bigintcalc.sty))
(/usr/share/texlive/texmf-dist/tex/latex/base/atbegshi-ltx.sty))
(/usr/share/texlive/texmf-dist/tex/latex/hyperref/hxetex.def
(/usr/share/texlive/texmf-dist/tex/latex/rerunfilecheck/rerunfilecheck.sty
(/usr/share/texlive/texmf-dist/tex/latex/base/atveryend-ltx.sty)
(/usr/share/texlive/texmf-dist/tex/generic/uniquecounter/uniquecounter.sty)))
(/usr/share/texlive/texmf-dist/tex/generic/xypic/xy.sty
(/usr/share/texlive/texmf-dist/tex/generic/xypic/xy.tex Bootstrap'ing:
catcodes, docmode, (/usr/share/texlive/texmf-dist/tex/generic/xypic/xyrecat.tex
) (/usr/share/texlive/texmf-dist/tex/generic/xypic/xyidioms.tex)

 Xy-pic version 3.8.9 <2013/10/06>
 Copyright (c) 1991-2013 by Kristoffer H. Rose <krisrose@tug.org> and others
 Xy-pic is free software: see the User's Guide for details.

Loading kernel: messages; fonts; allocations: state, direction,
utility macros; pictures: \xy, positions, objects, decorations;
kernel objects: directionals, circles, text; options; algorithms: directions,
edges, connections;  Xy-pic loaded)
(/usr/share/texlive/texmf-dist/tex/generic/iftex/ifpdf.sty)
(/usr/share/texlive/texmf-dist/tex/generic/xypic/xyall.tex
 Xy-pic option: All features v.3.8
(/usr/share/texlive/texmf-dist/tex/generic/xypic/xycurve.tex
 Xy-pic option: Curve and Spline extension v.3.12 curve, circles, loaded)
(/usr/share/texlive/texmf-dist/tex/generic/xypic/xyframe.tex
 Xy-pic option: Frame and Bracket extension v.3.14 loaded)
(/usr/share/texlive/texmf-dist/tex/generic/xypic/xycmtip.tex
 Xy-pic option: Computer Modern tip extension v.3.7
(/usr/share/texlive/texmf-dist/tex/generic/xypic/xytips.tex
 Xy-pic option: More Tips extension v.3.11 loaded) loaded)
(/usr/share/texlive/texmf-dist/tex/generic/xypic/xyline.tex
 Xy-pic option: Line styles extension v.3.10 loaded)
(/usr/share/texlive/texmf-dist/tex/generic/xypic/xyrotate.tex
 Xy-pic option: Rotate and Scale extension v.3.8 loaded)
(/usr/share/texlive/texmf-dist/tex/generic/xypic/xycolor.tex
 Xy-pic option: Colour extension v.3.11 loaded)
(/usr/share/texlive/texmf-dist/tex/generic/xypic/xymatrix.tex
 Xy-pic option: Matrix feature v.3.14 loaded)
(/usr/share/texlive/texmf-dist/tex/generic/xypic/xyarrow.tex
 Xy-pic option: Arrow and Path feature v.3.9 path, \ar, loaded)
(/usr/share/texlive/texmf-dist/tex/generic/xypic/xygraph.tex
 Xy-pic option: Graph feature v.3.11 loaded) loaded))
No file 2001.aux.
*geometry* driver: auto-detecting
*geometry* detected driver: xetex

Package hyperref Warning: Rerun to get /PageLabels entry.

(/usr/share/texlive/texmf-dist/tex/latex/amsfonts/umsa.fd)
(/usr/share/texlive/texmf-dist/tex/latex/amsfonts/umsb.fd)

LaTeX Warning: Citation `VdPS97' on page 1 undefined on input line 58.


[1]

LaTeX Warning: Citation `VdPS97' on page 2 undefined on input line 92.


LaTeX Warning: Reference `the generic system' on page 2 undefined on input line
 95.


LaTeX Warning: Reference `the generic system' on page 2 undefined on input line
 99.


LaTeX Warning: Citation `VdPS97' on page 2 undefined on input line 101.


LaTeX Warning: Citation `VdPS97' on page 2 undefined on input line 104.


LaTeX Warning: Reference `the generic system' on page 2 undefined on input line
 107.


LaTeX Warning: Citation `VdPS97' on page 2 undefined on input line 117.


LaTeX Warning: Reference `the generic equa' on page 2 undefined on input line 1
47.


LaTeX Warning: Reference `matrix system equa' on page 2 undefined on input line
 148.


LaTeX Warning: Citation `VdPS97' on page 2 undefined on input line 151.


[2]

LaTeX Warning: Reference `the generic system theo' on page 3 undefined on input
 line 181.


LaTeX Warning: Citation `VdPS97' on page 3 undefined on input line 196.


LaTeX Warning: Reference `prop P' on page 3 undefined on input line 239.


LaTeX Warning: Citation `LangQAC' on page 3 undefined on input line 245.


LaTeX Warning: Citation `HartshorneAG' on page 3 undefined on input line 262.

<xymatrix 2x2 182> <xymatrix 2x2 182>
[3] <xymatrix 3x2 217> <xymatrix 3x2 217>

LaTeX Warning: Reference `si prop P alors' on page 4 undefined on input line 31
3.


LaTeX Warning: Reference `sec2' on page 4 undefined on input line 340.


Package hyperref Warning: Suppressing link with empty target on input line 340.



LaTeX Warning: Reference `equation d ordre 2' on page 4 undefined on input line
 343.


LaTeX Warning: Reference `coro1' on page 4 undefined on input line 344.


LaTeX Warning: Citation `NvdPT' on page 4 undefined on input line 347.


[4]

Package hyperref Warning: Suppressing link with empty target on input line 359.



LaTeX Warning: Citation `VdPS97' on page 5 undefined on input line 365.


Package hyperref Warning: Suppressing link with empty target on input line 369.



LaTeX Warning: Reference `equation d ordre 2' on page 5 undefined on input line
 378.


LaTeX Warning: Reference `eq4' on page 5 undefined on input line 388.


LaTeX Warning: Reference `eq4' on page 5 undefined on input line 389.


LaTeX Warning: Reference `eq4' on page 5 undefined on input line 391.


LaTeX Warning: Citation `Hen98' on page 5 undefined on input line 398.


LaTeX Warning: Reference `eq4' on page 5 undefined on input line 400.


LaTeX Warning: Reference `coro1' on page 5 undefined on input line 417.


LaTeX Warning: Reference `coro1' on page 5 undefined on input line 419.


LaTeX Warning: Reference `eq4' on page 5 undefined on input line 425.


LaTeX Warning: Reference `coro1' on page 5 undefined on input line 442.


LaTeX Warning: Reference `coro1' on page 5 undefined on input line 444.


[5]

LaTeX Warning: Reference `eq4' on page 6 undefined on input line 454.


LaTeX Warning: Reference `eq4' on page 6 undefined on input line 457.


LaTeX Warning: Reference `coro1' on page 6 undefined on input line 488.


LaTeX Warning: Reference `eq4' on page 6 undefined on input line 489.


LaTeX Warning: Reference `coro1' on page 6 undefined on input line 493.


LaTeX Warning: Reference `eq4' on page 6 undefined on input line 495.


LaTeX Warning: Reference `eq4' on page 6 undefined on input line 506.


LaTeX Warning: Reference `eq4' on page 6 undefined on input line 507.


LaTeX Warning: Reference `eq4' on page 6 undefined on input line 524.


LaTeX Warning: Reference `et une equation une pour lem' on page 6 undefined on 
input line 534.


[6]

LaTeX Warning: Citation `Ser' on page 7 undefined on input line 565.


LaTeX Warning: Reference `eq4' on page 7 undefined on input line 617.


LaTeX Warning: Reference `lem1' on page 7 undefined on input line 618.


LaTeX Warning: Reference `eq4' on page 7 undefined on input line 619.


LaTeX Warning: Reference `eq4' on page 7 undefined on input line 629.


LaTeX Warning: Reference `eq4' on page 7 undefined on input line 631.


LaTeX Warning: Reference `lem1' on page 7 undefined on input line 637.


LaTeX Warning: Reference `eq4' on page 7 undefined on input line 639.


LaTeX Warning: Reference `eq4' on page 7 undefined on input line 642.


LaTeX Warning: Reference `eq4' on page 7 undefined on input line 645.


LaTeX Warning: Reference `eq4' on page 7 undefined on input line 645.


[7]

LaTeX Warning: Reference `eq4' on page 8 undefined on input line 649.


LaTeX Warning: Reference `eq4' on page 8 undefined on input line 650.


LaTeX Warning: Reference `eq4' on page 8 undefined on input line 656.


LaTeX Warning: Reference `eq4' on page 8 undefined on input line 658.


LaTeX Warning: Citation `Hen98' on page 8 undefined on input line 662.


LaTeX Warning: Reference `eq4' on page 8 undefined on input line 663.


LaTeX Warning: Reference `lem ric irred bis' on page 8 undefined on input line 
664.


LaTeX Warning: Reference `lem descente' on page 8 undefined on input line 676.


LaTeX Warning: Reference `et une equation une' on page 8 undefined on input lin
e 677.


LaTeX Warning: Reference `eq4' on page 8 undefined on input line 677.


LaTeX Warning: Reference `lem1' on page 8 undefined on input line 701.


LaTeX Warning: Reference `lem descente' on page 8 undefined on input line 736.


LaTeX Warning: Reference `et une deux equa' on page 8 undefined on input line 7
37.


LaTeX Warning: Reference `eq4' on page 8 undefined on input line 737.


[8]
[9] (build/2001.aux)

LaTeX Warning: There were undefined references.


LaTeX Warning: Label(s) may have changed. Rerun to get cross-references right.


Package rerunfilecheck Warning: File `2001.out' has changed.
(rerunfilecheck)                Rerun to get outlines right
(rerunfilecheck)                or use package `bookmark'.

 )
Output written on build/2001.pdf (9 pages).
Transcript written on build/2001.log.
