This is XeTeX, Version 3.141592653-2.6-0.999996 (TeX Live 2025/dev/Debian) (preloaded format=xelatex)
entering extended mode
(./1698.tex
LaTeX2e <2024-11-01> patch level 2
L3 programming layer <2025-01-18>
(/usr/share/texlive/texmf-dist/tex/latex/base/article.cls
Document Class: article 2024/06/29 v1.4n Standard LaTeX document class
(/usr/share/texlive/texmf-dist/tex/latex/base/size11.clo))
(/usr/share/texlive/texmf-dist/tex/latex/geometry/geometry.sty
(/usr/share/texlive/texmf-dist/tex/latex/graphics/keyval.sty)
(/usr/share/texlive/texmf-dist/tex/generic/iftex/ifvtex.sty
(/usr/share/texlive/texmf-dist/tex/generic/iftex/iftex.sty)))
(/usr/share/texlive/texmf-dist/tex/latex/fontspec/fontspec.sty
(/usr/share/texlive/texmf-dist/tex/latex/l3packages/xparse/xparse.sty
(/usr/share/texlive/texmf-dist/tex/latex/l3kernel/expl3.sty
(/usr/share/texlive/texmf-dist/tex/latex/l3backend/l3backend-xetex.def)))
(/usr/share/texlive/texmf-dist/tex/latex/fontspec/fontspec-xetex.sty
(/usr/share/texlive/texmf-dist/tex/latex/base/fontenc.sty)
(/usr/share/texlive/texmf-dist/tex/latex/fontspec/fontspec.cfg)))
(/usr/share/texlive/texmf-dist/tex/latex/amsmath/amsmath.sty
For additional information on amsmath, use the `?' option.
(/usr/share/texlive/texmf-dist/tex/latex/amsmath/amstext.sty
(/usr/share/texlive/texmf-dist/tex/latex/amsmath/amsgen.sty))
(/usr/share/texlive/texmf-dist/tex/latex/amsmath/amsbsy.sty)
(/usr/share/texlive/texmf-dist/tex/latex/amsmath/amsopn.sty))
(/usr/share/texlive/texmf-dist/tex/latex/amsfonts/amssymb.sty
(/usr/share/texlive/texmf-dist/tex/latex/amsfonts/amsfonts.sty))
(/usr/share/texlive/texmf-dist/tex/latex/amscls/amsthm.sty)
(/usr/share/texlive/texmf-dist/tex/latex/amsmath/amscd.sty)
(/usr/share/texlive/texmf-dist/tex/latex/graphics/graphicx.sty
(/usr/share/texlive/texmf-dist/tex/latex/graphics/graphics.sty
(/usr/share/texlive/texmf-dist/tex/latex/graphics/trig.sty)
(/usr/share/texlive/texmf-dist/tex/latex/graphics-cfg/graphics.cfg)
(/usr/share/texlive/texmf-dist/tex/latex/graphics-def/xetex.def)))
(/usr/share/texlive/texmf-dist/tex/latex/graphics/color.sty
(/usr/share/texlive/texmf-dist/tex/latex/graphics-cfg/color.cfg)
(/usr/share/texlive/texmf-dist/tex/latex/graphics/mathcolor.ltx))
(/usr/share/texlive/texmf-dist/tex/latex/xurl/xurl.sty
(/usr/share/texlive/texmf-dist/tex/latex/url/url.sty))
(/usr/share/texlive/texmf-dist/tex/latex/hyperref/hyperref.sty
(/usr/share/texlive/texmf-dist/tex/latex/kvsetkeys/kvsetkeys.sty)
(/usr/share/texlive/texmf-dist/tex/generic/kvdefinekeys/kvdefinekeys.sty)
(/usr/share/texlive/texmf-dist/tex/generic/pdfescape/pdfescape.sty
(/usr/share/texlive/texmf-dist/tex/generic/ltxcmds/ltxcmds.sty)
(/usr/share/texlive/texmf-dist/tex/generic/pdftexcmds/pdftexcmds.sty
(/usr/share/texlive/texmf-dist/tex/generic/infwarerr/infwarerr.sty)))
(/usr/share/texlive/texmf-dist/tex/latex/hycolor/hycolor.sty)
(/usr/share/texlive/texmf-dist/tex/latex/hyperref/nameref.sty
(/usr/share/texlive/texmf-dist/tex/latex/refcount/refcount.sty)
(/usr/share/texlive/texmf-dist/tex/generic/gettitlestring/gettitlestring.sty
(/usr/share/texlive/texmf-dist/tex/latex/kvoptions/kvoptions.sty)))
(/usr/share/texlive/texmf-dist/tex/latex/etoolbox/etoolbox.sty)
(/usr/share/texlive/texmf-dist/tex/generic/stringenc/stringenc.sty)
(/usr/share/texlive/texmf-dist/tex/latex/hyperref/pd1enc.def)
(/usr/share/texlive/texmf-dist/tex/generic/intcalc/intcalc.sty)
(/usr/share/texlive/texmf-dist/tex/latex/hyperref/puenc.def)
(/usr/share/texlive/texmf-dist/tex/generic/bitset/bitset.sty
(/usr/share/texlive/texmf-dist/tex/generic/bigintcalc/bigintcalc.sty))
(/usr/share/texlive/texmf-dist/tex/latex/base/atbegshi-ltx.sty))
(/usr/share/texlive/texmf-dist/tex/latex/hyperref/hxetex.def
(/usr/share/texlive/texmf-dist/tex/latex/rerunfilecheck/rerunfilecheck.sty
(/usr/share/texlive/texmf-dist/tex/latex/base/atveryend-ltx.sty)
(/usr/share/texlive/texmf-dist/tex/generic/uniquecounter/uniquecounter.sty)))
(/usr/share/texlive/texmf-dist/tex/generic/xypic/xy.sty
(/usr/share/texlive/texmf-dist/tex/generic/xypic/xy.tex Bootstrap'ing:
catcodes, docmode, (/usr/share/texlive/texmf-dist/tex/generic/xypic/xyrecat.tex
) (/usr/share/texlive/texmf-dist/tex/generic/xypic/xyidioms.tex)

 Xy-pic version 3.8.9 <2013/10/06>
 Copyright (c) 1991-2013 by Kristoffer H. Rose <krisrose@tug.org> and others
 Xy-pic is free software: see the User's Guide for details.

Loading kernel: messages; fonts; allocations: state, direction,
utility macros; pictures: \xy, positions, objects, decorations;
kernel objects: directionals, circles, text; options; algorithms: directions,
edges, connections;  Xy-pic loaded)
(/usr/share/texlive/texmf-dist/tex/generic/iftex/ifpdf.sty)
(/usr/share/texlive/texmf-dist/tex/generic/xypic/xyall.tex
 Xy-pic option: All features v.3.8
(/usr/share/texlive/texmf-dist/tex/generic/xypic/xycurve.tex
 Xy-pic option: Curve and Spline extension v.3.12 curve, circles, loaded)
(/usr/share/texlive/texmf-dist/tex/generic/xypic/xyframe.tex
 Xy-pic option: Frame and Bracket extension v.3.14 loaded)
(/usr/share/texlive/texmf-dist/tex/generic/xypic/xycmtip.tex
 Xy-pic option: Computer Modern tip extension v.3.7
(/usr/share/texlive/texmf-dist/tex/generic/xypic/xytips.tex
 Xy-pic option: More Tips extension v.3.11 loaded) loaded)
(/usr/share/texlive/texmf-dist/tex/generic/xypic/xyline.tex
 Xy-pic option: Line styles extension v.3.10 loaded)
(/usr/share/texlive/texmf-dist/tex/generic/xypic/xyrotate.tex
 Xy-pic option: Rotate and Scale extension v.3.8 loaded)
(/usr/share/texlive/texmf-dist/tex/generic/xypic/xycolor.tex
 Xy-pic option: Colour extension v.3.11 loaded)
(/usr/share/texlive/texmf-dist/tex/generic/xypic/xymatrix.tex
 Xy-pic option: Matrix feature v.3.14 loaded)
(/usr/share/texlive/texmf-dist/tex/generic/xypic/xyarrow.tex
 Xy-pic option: Arrow and Path feature v.3.9 path, \ar, loaded)
(/usr/share/texlive/texmf-dist/tex/generic/xypic/xygraph.tex
 Xy-pic option: Graph feature v.3.11 loaded) loaded))
No file 1698.aux.
*geometry* driver: auto-detecting
*geometry* detected driver: xetex

Package hyperref Warning: Rerun to get /PageLabels entry.

(/usr/share/texlive/texmf-dist/tex/latex/amsfonts/umsa.fd)
(/usr/share/texlive/texmf-dist/tex/latex/amsfonts/umsb.fd)
[1]

LaTeX Warning: Citation `FG1' on page 2 undefined on input line 157.


LaTeX Warning: Citation `GHK3' on page 2 undefined on input line 157.


LaTeX Warning: Citation `GHK1' on page 2 undefined on input line 157.


LaTeX Warning: Citation `GHK2' on page 2 undefined on input line 159.


LaTeX Warning: Citation `GHK1' on page 2 undefined on input line 159.


LaTeX Warning: Reference `ToricModel' on page 2 undefined on input line 159.


LaTeX Warning: Citation `FG1' on page 2 undefined on input line 170.


LaTeX Warning: Citation `GHK3' on page 2 undefined on input line 170.


LaTeX Warning: Citation `GHK1' on page 2 undefined on input line 170.


LaTeX Warning: Citation `GHK3' on page 2 undefined on input line 170.


LaTeX Warning: Citation `FG1' on page 2 undefined on input line 173.


LaTeX Warning: Citation `GHK3' on page 2 undefined on input line 181.


[2]

LaTeX Warning: Citation `FG1' on page 3 undefined on input line 193.


[3]

LaTeX Warning: Citation `GHK3' on page 4 undefined on input line 226.


LaTeX Warning: Citation `GHK3' on page 4 undefined on input line 236.


LaTeX Warning: Citation `GHK3' on page 4 undefined on input line 251.


LaTeX Warning: Citation `GHK3' on page 4 undefined on input line 253.


LaTeX Warning: Reference `mutation-fig' on page 4 undefined on input line 268.


LaTeX Warning: Reference `mugeom' on page 4 undefined on input line 306.


LaTeX Warning: Reference `mutation-fig' on page 4 undefined on input line 306.


[4]

LaTeX Warning: Citation `GHK3' on page 5 undefined on input line 310.


LaTeX Warning: Reference `mutation-fig' on page 5 undefined on input line 313.


[5]

LaTeX Warning: Citation `FG1' on page 6 undefined on input line 321.


LaTeX Warning: Citation `ManCox' on page 6 undefined on input line 326.


LaTeX Warning: Reference `Cox' on page 6 undefined on input line 327.


LaTeX Warning: Citation `GHK3' on page 6 undefined on input line 331.


LaTeX Warning: Reference `Introduction' on page 6 undefined on input line 331.


LaTeX Warning: Reference `affinization' on page 6 undefined on input line 331.


LaTeX Warning: Reference `Introduction' on page 6 undefined on input line 334.


LaTeX Warning: Citation `GHK1' on page 6 undefined on input line 341.


LaTeX Warning: Citation `GHK2' on page 6 undefined on input line 344.


LaTeX Warning: Reference `PositiveCase' on page 6 undefined on input line 344.


LaTeX Warning: Citation `GHK3' on page 6 undefined on input line 346.


LaTeX Warning: Citation `GHK3' on page 6 undefined on input line 348.


LaTeX Warning: Reference `Fibers' on page 6 undefined on input line 349.


LaTeX Warning: Reference `ToricModel' on page 6 undefined on input line 352.


LaTeX Warning: Reference `Fibers' on page 6 undefined on input line 352.


LaTeX Warning: Reference `geom int' on page 6 undefined on input line 352.


LaTeX Warning: Citation `GHK3' on page 6 undefined on input line 354.


[6]

LaTeX Warning: Reference `geom int' on page 7 undefined on input line 362.


LaTeX Warning: Reference `Fibers' on page 7 undefined on input line 362.


LaTeX Warning: Citation `FG1' on page 7 undefined on input line 386.


LaTeX Warning: Reference `coprime' on page 7 undefined on input line 389.


LaTeX Warning: Reference `cubic cluster' on page 7 undefined on input line 394.



LaTeX Warning: Reference `cubic cluster' on page 7 undefined on input line 397.



Underfull \hbox (badness 1107) in paragraph at lines 397--398
\TU/LatinModernRoman(0)/m/n/10.95 without changing the fiberwise-equivalence cl
ass of the fibers. For example, consider a seed

[7]

LaTeX Warning: Citation `GHK3' on page 8 undefined on input line 404.


LaTeX Warning: Citation `ManCox' on page 8 undefined on input line 404.


LaTeX Warning: Citation `Dup' on page 8 undefined on input line 404.


LaTeX Warning: Citation `GHK3' on page 8 undefined on input line 409.


LaTeX Warning: Reference `LooijengaConstr' on page 8 undefined on input line 40
9.


LaTeX Warning: Reference `classification' on page 8 undefined on input line 415
.


LaTeX Warning: Citation `GHK3' on page 8 undefined on input line 415.


LaTeX Warning: Reference `cubic cluster' on page 8 undefined on input line 419.



LaTeX Warning: Citation `FG1' on page 8 undefined on input line 423.


[8]

LaTeX Warning: Reference `LooijengaConstr' on page 9 undefined on input line 42
5.


LaTeX Warning: Reference `tropu' on page 9 undefined on input line 425.


LaTeX Warning: Citation `GHK1' on page 9 undefined on input line 425.


Package hyperref Warning: Suppressing link with empty target on input line 430.



LaTeX Warning: Citation `FG1' on page 9 undefined on input line 432.


Package hyperref Warning: Suppressing link with empty target on input line 435.



Package hyperref Warning: Suppressing link with empty target on input line 435.



LaTeX Warning: Citation `GHKK' on page 9 undefined on input line 438.


LaTeX Warning: Citation `GHKK' on page 9 undefined on input line 438.


LaTeX Warning: Reference `ClusterTrop' on page 9 undefined on input line 440.


LaTeX Warning: Citation `GHK3' on page 9 undefined on input line 440.


[9]

LaTeX Warning: Citation `GHKK' on page 10 undefined on input line 445.


LaTeX Warning: Citation `ASS' on page 10 undefined on input line 448.


Package hyperref Warning: Suppressing link with empty target on input line 450.



Package hyperref Warning: Token not allowed in a PDF string (Unicode):
(hyperref)                removing `math shift' on input line 452.


Package hyperref Warning: Token not allowed in a PDF string (Unicode):
(hyperref)                removing `superscript' on input line 452.


Package hyperref Warning: Token not allowed in a PDF string (Unicode):
(hyperref)                removing `\mathop' on input line 452.


Package hyperref Warning: Token not allowed in a PDF string (Unicode):
(hyperref)                removing `\mathcode' on input line 452.


Package hyperref Warning: Token not allowed in a PDF string (Unicode):
(hyperref)                removing `\mathcode' on input line 452.


Package hyperref Warning: Token not allowed in a PDF string (Unicode):
(hyperref)                removing `\mathcode' on input line 452.


Package hyperref Warning: Token not allowed in a PDF string (Unicode):
(hyperref)                removing `\Umathcharnumdef' on input line 452.


Package hyperref Warning: Token not allowed in a PDF string (Unicode):
(hyperref)                removing `\std@minus' on input line 452.


Package hyperref Warning: Token not allowed in a PDF string (Unicode):
(hyperref)                removing `\Umathcodenum' on input line 452.


Package hyperref Warning: Token not allowed in a PDF string (Unicode):
(hyperref)                removing `\mathcode' on input line 452.


Package hyperref Warning: Token not allowed in a PDF string (Unicode):
(hyperref)                removing `\mathcode' on input line 452.


Package hyperref Warning: Token not allowed in a PDF string (Unicode):
(hyperref)                removing `\mathcode' on input line 452.


Package hyperref Warning: Token not allowed in a PDF string (Unicode):
(hyperref)                removing `\mskip' on input line 452.


Package hyperref Warning: Token not allowed in a PDF string (Unicode):
(hyperref)                removing `\mathpunct' on input line 452.


Package hyperref Warning: Token not allowed in a PDF string (Unicode):
(hyperref)                removing `\nonscript' on input line 452.


Package hyperref Warning: Token not allowed in a PDF string (Unicode):
(hyperref)                removing `\mkern' on input line 452.


Package hyperref Warning: Token not allowed in a PDF string (Unicode):
(hyperref)                removing `\thinmuskip' on input line 452.


Package hyperref Warning: Token not allowed in a PDF string (Unicode):
(hyperref)                removing `\mskip' on input line 452.


Package hyperref Warning: Token not allowed in a PDF string (Unicode):
(hyperref)                removing `\mathgroup' on input line 452.


Package hyperref Warning: Token not allowed in a PDF string (Unicode):
(hyperref)                removing `\symoperators' on input line 452.


Package hyperref Warning: Token not allowed in a PDF string (Unicode):
(hyperref)                removing `\@ifnextchar' on input line 452.


Package hyperref Warning: Token not allowed in a PDF string (Unicode):
(hyperref)                removing `math shift' on input line 452.


LaTeX Warning: Citation `GHK1' on page 10 undefined on input line 453.


Package hyperref Warning: Token not allowed in a PDF string (Unicode):
(hyperref)                removing `math shift' on input line 467.


Package hyperref Warning: Token not allowed in a PDF string (Unicode):
(hyperref)                removing `superscript' on input line 467.


Package hyperref Warning: Token not allowed in a PDF string (Unicode):
(hyperref)                removing `\mathop' on input line 467.


Package hyperref Warning: Token not allowed in a PDF string (Unicode):
(hyperref)                removing `\mathcode' on input line 467.


Package hyperref Warning: Token not allowed in a PDF string (Unicode):
(hyperref)                removing `\mathcode' on input line 467.


Package hyperref Warning: Token not allowed in a PDF string (Unicode):
(hyperref)                removing `\mathcode' on input line 467.


Package hyperref Warning: Token not allowed in a PDF string (Unicode):
(hyperref)                removing `\Umathcharnumdef' on input line 467.


Package hyperref Warning: Token not allowed in a PDF string (Unicode):
(hyperref)                removing `\std@minus' on input line 467.


Package hyperref Warning: Token not allowed in a PDF string (Unicode):
(hyperref)                removing `\Umathcodenum' on input line 467.


Package hyperref Warning: Token not allowed in a PDF string (Unicode):
(hyperref)                removing `\mathcode' on input line 467.


Package hyperref Warning: Token not allowed in a PDF string (Unicode):
(hyperref)                removing `\mathcode' on input line 467.


Package hyperref Warning: Token not allowed in a PDF string (Unicode):
(hyperref)                removing `\mathcode' on input line 467.


Package hyperref Warning: Token not allowed in a PDF string (Unicode):
(hyperref)                removing `\mskip' on input line 467.


Package hyperref Warning: Token not allowed in a PDF string (Unicode):
(hyperref)                removing `\mathpunct' on input line 467.


Package hyperref Warning: Token not allowed in a PDF string (Unicode):
(hyperref)                removing `\nonscript' on input line 467.


Package hyperref Warning: Token not allowed in a PDF string (Unicode):
(hyperref)                removing `\mkern' on input line 467.


Package hyperref Warning: Token not allowed in a PDF string (Unicode):
(hyperref)                removing `\thinmuskip' on input line 467.


Package hyperref Warning: Token not allowed in a PDF string (Unicode):
(hyperref)                removing `\mskip' on input line 467.


Package hyperref Warning: Token not allowed in a PDF string (Unicode):
(hyperref)                removing `\mathgroup' on input line 467.


Package hyperref Warning: Token not allowed in a PDF string (Unicode):
(hyperref)                removing `\symoperators' on input line 467.


Package hyperref Warning: Token not allowed in a PDF string (Unicode):
(hyperref)                removing `\@ifnextchar' on input line 467.


Package hyperref Warning: Token not allowed in a PDF string (Unicode):
(hyperref)                removing `math shift' on input line 467.


LaTeX Warning: Reference `cluster' on page 10 undefined on input line 469.


[10]

LaTeX Warning: Citation `GHK1' on page 11 undefined on input line 477.


Package hyperref Warning: Token not allowed in a PDF string (Unicode):
(hyperref)                removing `math shift' on input line 494.


Package hyperref Warning: Token not allowed in a PDF string (Unicode):
(hyperref)                removing `superscript' on input line 494.


Package hyperref Warning: Token not allowed in a PDF string (Unicode):
(hyperref)                removing `\mathop' on input line 494.


Package hyperref Warning: Token not allowed in a PDF string (Unicode):
(hyperref)                removing `\mathcode' on input line 494.


Package hyperref Warning: Token not allowed in a PDF string (Unicode):
(hyperref)                removing `\mathcode' on input line 494.


Package hyperref Warning: Token not allowed in a PDF string (Unicode):
(hyperref)                removing `\mathcode' on input line 494.


Package hyperref Warning: Token not allowed in a PDF string (Unicode):
(hyperref)                removing `\Umathcharnumdef' on input line 494.


Package hyperref Warning: Token not allowed in a PDF string (Unicode):
(hyperref)                removing `\std@minus' on input line 494.


Package hyperref Warning: Token not allowed in a PDF string (Unicode):
(hyperref)                removing `\Umathcodenum' on input line 494.


Package hyperref Warning: Token not allowed in a PDF string (Unicode):
(hyperref)                removing `\mathcode' on input line 494.


Package hyperref Warning: Token not allowed in a PDF string (Unicode):
(hyperref)                removing `\mathcode' on input line 494.


Package hyperref Warning: Token not allowed in a PDF string (Unicode):
(hyperref)                removing `\mathcode' on input line 494.


Package hyperref Warning: Token not allowed in a PDF string (Unicode):
(hyperref)                removing `\mskip' on input line 494.


Package hyperref Warning: Token not allowed in a PDF string (Unicode):
(hyperref)                removing `\mathpunct' on input line 494.


Package hyperref Warning: Token not allowed in a PDF string (Unicode):
(hyperref)                removing `\nonscript' on input line 494.


Package hyperref Warning: Token not allowed in a PDF string (Unicode):
(hyperref)                removing `\mkern' on input line 494.


Package hyperref Warning: Token not allowed in a PDF string (Unicode):
(hyperref)                removing `\thinmuskip' on input line 494.


Package hyperref Warning: Token not allowed in a PDF string (Unicode):
(hyperref)                removing `\mskip' on input line 494.


Package hyperref Warning: Token not allowed in a PDF string (Unicode):
(hyperref)                removing `\mathgroup' on input line 494.


Package hyperref Warning: Token not allowed in a PDF string (Unicode):
(hyperref)                removing `\symoperators' on input line 494.


Package hyperref Warning: Token not allowed in a PDF string (Unicode):
(hyperref)                removing `\@ifnextchar' on input line 494.


Package hyperref Warning: Token not allowed in a PDF string (Unicode):
(hyperref)                removing `math shift' on input line 494.


LaTeX Warning: Reference `ClusterTrop' on page 11 undefined on input line 495.


LaTeX Warning: Citation `GHK1' on page 11 undefined on input line 498.


LaTeX Warning: Citation `GHKK' on page 11 undefined on input line 498.


LaTeX Warning: Citation `GHK1' on page 11 undefined on input line 502.


[11]

LaTeX Warning: Reference `cubic cluster' on page 12 undefined on input line 510
.


LaTeX Warning: Reference `linear' on page 12 undefined on input line 517.


LaTeX Warning: Reference `DevelopingMaps' on page 12 undefined on input line 51
7.


LaTeX Warning: Reference `DevelopingMaps' on page 12 undefined on input line 52
0.


[12]

Package hyperref Warning: Suppressing link with empty target on input line 596.



LaTeX Warning: Reference `cubicdevelop' on page 13 undefined on input line 599.



LaTeX Warning: Reference `M05' on page 13 undefined on input line 602.


LaTeX Warning: Reference `Looijenga seeds' on page 13 undefined on input line 6
17.


LaTeX Warning: Reference `Looijenga seeds' on page 13 undefined on input line 6
21.


LaTeX Warning: Reference `seedmut' on page 13 undefined on input line 621.


LaTeX Warning: Reference `genmut' on page 13 undefined on input line 624.


[13]

LaTeX Warning: Reference `hardmu' on page 14 undefined on input line 626.


LaTeX Warning: Reference `classification' on page 14 undefined on input line 62
8.


Package hyperref Warning: Token not allowed in a PDF string (Unicode):
(hyperref)                removing `math shift' on input line 630.


Package hyperref Warning: Token not allowed in a PDF string (Unicode):
(hyperref)                removing `superscript' on input line 630.


Package hyperref Warning: Token not allowed in a PDF string (Unicode):
(hyperref)                removing `\mathop' on input line 630.


Package hyperref Warning: Token not allowed in a PDF string (Unicode):
(hyperref)                removing `\mathcode' on input line 630.


Package hyperref Warning: Token not allowed in a PDF string (Unicode):
(hyperref)                removing `\mathcode' on input line 630.


Package hyperref Warning: Token not allowed in a PDF string (Unicode):
(hyperref)                removing `\mathcode' on input line 630.


Package hyperref Warning: Token not allowed in a PDF string (Unicode):
(hyperref)                removing `\Umathcharnumdef' on input line 630.


Package hyperref Warning: Token not allowed in a PDF string (Unicode):
(hyperref)                removing `\std@minus' on input line 630.


Package hyperref Warning: Token not allowed in a PDF string (Unicode):
(hyperref)                removing `\Umathcodenum' on input line 630.


Package hyperref Warning: Token not allowed in a PDF string (Unicode):
(hyperref)                removing `\mathcode' on input line 630.


Package hyperref Warning: Token not allowed in a PDF string (Unicode):
(hyperref)                removing `\mathcode' on input line 630.


Package hyperref Warning: Token not allowed in a PDF string (Unicode):
(hyperref)                removing `\mathcode' on input line 630.


Package hyperref Warning: Token not allowed in a PDF string (Unicode):
(hyperref)                removing `\mskip' on input line 630.


Package hyperref Warning: Token not allowed in a PDF string (Unicode):
(hyperref)                removing `\mathpunct' on input line 630.


Package hyperref Warning: Token not allowed in a PDF string (Unicode):
(hyperref)                removing `\nonscript' on input line 630.


Package hyperref Warning: Token not allowed in a PDF string (Unicode):
(hyperref)                removing `\mkern' on input line 630.


Package hyperref Warning: Token not allowed in a PDF string (Unicode):
(hyperref)                removing `\thinmuskip' on input line 630.


Package hyperref Warning: Token not allowed in a PDF string (Unicode):
(hyperref)                removing `\mskip' on input line 630.


Package hyperref Warning: Token not allowed in a PDF string (Unicode):
(hyperref)                removing `\mathgroup' on input line 630.


Package hyperref Warning: Token not allowed in a PDF string (Unicode):
(hyperref)                removing `\symoperators' on input line 630.


Package hyperref Warning: Token not allowed in a PDF string (Unicode):
(hyperref)                removing `\@ifnextchar' on input line 630.


Package hyperref Warning: Token not allowed in a PDF string (Unicode):
(hyperref)                removing `math shift' on input line 630.


LaTeX Warning: Reference `PositiveCase' on page 14 undefined on input line 640.



LaTeX Warning: Reference `cubicdevelop' on page 14 undefined on input line 644.



Package hyperref Warning: Token not allowed in a PDF string (Unicode):
(hyperref)                removing `math shift' on input line 647.


Package hyperref Warning: Token not allowed in a PDF string (Unicode):
(hyperref)                removing `superscript' on input line 647.


Package hyperref Warning: Token not allowed in a PDF string (Unicode):
(hyperref)                removing `\mathop' on input line 647.


Package hyperref Warning: Token not allowed in a PDF string (Unicode):
(hyperref)                removing `\mathcode' on input line 647.


Package hyperref Warning: Token not allowed in a PDF string (Unicode):
(hyperref)                removing `\mathcode' on input line 647.


Package hyperref Warning: Token not allowed in a PDF string (Unicode):
(hyperref)                removing `\mathcode' on input line 647.


Package hyperref Warning: Token not allowed in a PDF string (Unicode):
(hyperref)                removing `\Umathcharnumdef' on input line 647.


Package hyperref Warning: Token not allowed in a PDF string (Unicode):
(hyperref)                removing `\std@minus' on input line 647.


Package hyperref Warning: Token not allowed in a PDF string (Unicode):
(hyperref)                removing `\Umathcodenum' on input line 647.


Package hyperref Warning: Token not allowed in a PDF string (Unicode):
(hyperref)                removing `\mathcode' on input line 647.


Package hyperref Warning: Token not allowed in a PDF string (Unicode):
(hyperref)                removing `\mathcode' on input line 647.


Package hyperref Warning: Token not allowed in a PDF string (Unicode):
(hyperref)                removing `\mathcode' on input line 647.


Package hyperref Warning: Token not allowed in a PDF string (Unicode):
(hyperref)                removing `\mskip' on input line 647.


Package hyperref Warning: Token not allowed in a PDF string (Unicode):
(hyperref)                removing `\mathpunct' on input line 647.


Package hyperref Warning: Token not allowed in a PDF string (Unicode):
(hyperref)                removing `\nonscript' on input line 647.


Package hyperref Warning: Token not allowed in a PDF string (Unicode):
(hyperref)                removing `\mkern' on input line 647.


Package hyperref Warning: Token not allowed in a PDF string (Unicode):
(hyperref)                removing `\thinmuskip' on input line 647.


Package hyperref Warning: Token not allowed in a PDF string (Unicode):
(hyperref)                removing `\mskip' on input line 647.


Package hyperref Warning: Token not allowed in a PDF string (Unicode):
(hyperref)                removing `\mathgroup' on input line 647.


Package hyperref Warning: Token not allowed in a PDF string (Unicode):
(hyperref)                removing `\symoperators' on input line 647.


Package hyperref Warning: Token not allowed in a PDF string (Unicode):
(hyperref)                removing `\@ifnextchar' on input line 647.


Package hyperref Warning: Token not allowed in a PDF string (Unicode):
(hyperref)                removing `math shift' on input line 647.


[14]

Package hyperref Warning: Suppressing link with empty target on input line 661.



LaTeX Warning: Citation `Man1' on page 15 undefined on input line 663.


Package hyperref Warning: Token not allowed in a PDF string (Unicode):
(hyperref)                removing `\@ifnextchar' on input line 663.


LaTeX Warning: Citation `Man1' on page 15 undefined on input line 664.


LaTeX Warning: Reference `Looijenga seeds' on page 15 undefined on input line 6
70.


LaTeX Warning: Citation `GHK1' on page 15 undefined on input line 670.


LaTeX Warning: Citation `GHK2' on page 15 undefined on input line 670.


LaTeX Warning: Reference `ClusterDefs' on page 15 undefined on input line 670.


LaTeX Warning: Citation `Man1' on page 15 undefined on input line 670.


LaTeX Warning: Reference `model' on page 15 undefined on input line 672.


LaTeX Warning: Citation `Man1' on page 15 undefined on input line 675.


LaTeX Warning: Citation `Man1' on page 15 undefined on input line 675.


LaTeX Warning: Citation `Man1' on page 15 undefined on input line 680.


LaTeX Warning: Reference `charge' on page 15 undefined on input line 696.


[15]

LaTeX Warning: Citation `GHK2' on page 16 undefined on input line 699.


LaTeX Warning: Reference `ch' on page 16 undefined on input line 704.


LaTeX Warning: Reference `canonical intersection' on page 16 undefined on input
 line 709.


LaTeX Warning: Reference `EquivalentClusters' on page 16 undefined on input lin
e 709.


LaTeX Warning: Citation `GHK1' on page 16 undefined on input line 711.


LaTeX Warning: Citation `GHK2' on page 16 undefined on input line 711.


LaTeX Warning: Reference `dev' on page 16 undefined on input line 719.


LaTeX Warning: Citation `GHK1' on page 16 undefined on input line 728.


LaTeX Warning: Citation `GHK1' on page 16 undefined on input line 728.


LaTeX Warning: Citation `GHK1' on page 16 undefined on input line 728.


LaTeX Warning: Citation `GHK2' on page 16 undefined on input line 730.


LaTeX Warning: Reference `NegSD' on page 16 undefined on input line 730.


LaTeX Warning: Reference `Pos' on page 16 undefined on input line 730.


LaTeX Warning: Citation `GHK1' on page 16 undefined on input line 730.


LaTeX Warning: Reference `focusfocus' on page 16 undefined on input line 732.


[16]

LaTeX Warning: Citation `GHK2' on page 17 undefined on input line 736.


LaTeX Warning: Citation `GHK1' on page 17 undefined on input line 739.


LaTeX Warning: Citation `GHK2' on page 17 undefined on input line 739.


LaTeX Warning: Citation `GHK1' on page 17 undefined on input line 758.


LaTeX Warning: Reference `NegD' on page 17 undefined on input line 760.


LaTeX Warning: Citation `GHK1' on page 17 undefined on input line 762.


LaTeX Warning: Citation `GHK2' on page 17 undefined on input line 764.


LaTeX Warning: Reference `NegD' on page 17 undefined on input line 764.


LaTeX Warning: Reference `NegD' on page 17 undefined on input line 766.


LaTeX Warning: Citation `GHK1' on page 17 undefined on input line 768.


[17]

LaTeX Warning: Reference `ch' on page 18 undefined on input line 771.


LaTeX Warning: Citation `GHK1' on page 18 undefined on input line 775.


LaTeX Warning: Reference `NegD' on page 18 undefined on input line 787.


LaTeX Warning: Reference `NegSD' on page 18 undefined on input line 787.


LaTeX Warning: Citation `GHK1' on page 18 undefined on input line 787.


LaTeX Warning: Citation `GHK_MLP' on page 18 undefined on input line 787.


LaTeX Warning: Reference `NegD' on page 18 undefined on input line 787.


LaTeX Warning: Reference `NegSD' on page 18 undefined on input line 787.


LaTeX Warning: Citation `Kod' on page 18 undefined on input line 798.


LaTeX Warning: Reference `wraptable' on page 18 undefined on input line 798.


LaTeX Warning: Reference `tab:no wrap' on page 18 undefined on input line 798.


LaTeX Warning: Reference `wraptable' on page 18 undefined on input line 800.


LaTeX Warning: Reference `wraptable' on page 18 undefined on input line 804.


LaTeX Warning: Reference `NegativeFibers' on page 18 undefined on input line 80
9.


[18]

LaTeX Warning: Reference `linear' on page 19 undefined on input line 811.


LaTeX Warning: Reference `Pos' on page 19 undefined on input line 819.


LaTeX Warning: Citation `Man1' on page 19 undefined on input line 821.


LaTeX Warning: Citation `Man1' on page 19 undefined on input line 821.


LaTeX Warning: Citation `Man1' on page 19 undefined on input line 821.


LaTeX Warning: Reference `cubicdevelop' on page 19 undefined on input line 821.



LaTeX Warning: Reference `trop-charge' on page 19 undefined on input line 823.


LaTeX Warning: Citation `HL' on page 19 undefined on input line 825.


LaTeX Warning: Reference `wraptable' on page 19 undefined on input line 830.


LaTeX Warning: Reference `all-wrap' on page 19 undefined on input line 830.


LaTeX Warning: `h' float specifier changed to `ht'.


[19]

LaTeX Warning: Reference `model' on page 20 undefined on input line 873.


LaTeX Warning: Reference `quivers' on page 20 undefined on input line 873.


LaTeX Warning: Reference `GlobalMonomial' on page 20 undefined on input line 87
7.


LaTeX Warning: Reference `NegativeFibers' on page 20 undefined on input line 87
7.


LaTeX Warning: Reference `model' on page 20 undefined on input line 884.


LaTeX Warning: Citation `Man1' on page 20 undefined on input line 887.


[20]

LaTeX Warning: Reference `GlobalMonomial' on page 21 undefined on input line 90
1.


LaTeX Warning: Reference `model' on page 21 undefined on input line 903.


LaTeX Warning: Citation `FZ2' on page 21 undefined on input line 905.


LaTeX Warning: Reference `EquivalentClusters' on page 21 undefined on input lin
e 905.


LaTeX Warning: Reference `tab:no wrap' on page 21 undefined on input line 912.


LaTeX Warning: Reference `LooijengaConstr' on page 21 undefined on input line 9
38.


LaTeX Warning: Reference `not-all-wrap' on page 21 undefined on input line 953.



LaTeX Warning: Reference `no-wrap' on page 21 undefined on input line 953.


LaTeX Warning: Reference `NegD' on page 21 undefined on input line 953.


LaTeX Warning: Reference `NegSD' on page 21 undefined on input line 953.


LaTeX Warning: Reference `all-wrap' on page 21 undefined on input line 953.


LaTeX Warning: Reference `no-wrap' on page 21 undefined on input line 953.


[21]
[22] (build/1698.aux)

LaTeX Warning: There were undefined references.


LaTeX Warning: Label(s) may have changed. Rerun to get cross-references right.


Package rerunfilecheck Warning: File `1698.out' has changed.
(rerunfilecheck)                Rerun to get outlines right
(rerunfilecheck)                or use package `bookmark'.

 )
(see the transcript file for additional information)
Output written on build/1698.pdf (22 pages).
Transcript written on build/1698.log.
