This is XeTeX, Version 3.141592653-2.6-0.999996 (TeX Live 2025/dev/Debian) (preloaded format=xelatex)
entering extended mode
(./1889.tex
LaTeX2e <2024-11-01> patch level 2
L3 programming layer <2025-01-18>
(/usr/share/texlive/texmf-dist/tex/latex/base/article.cls
Document Class: article 2024/06/29 v1.4n Standard LaTeX document class
(/usr/share/texlive/texmf-dist/tex/latex/base/size11.clo))
(/usr/share/texlive/texmf-dist/tex/latex/geometry/geometry.sty
(/usr/share/texlive/texmf-dist/tex/latex/graphics/keyval.sty)
(/usr/share/texlive/texmf-dist/tex/generic/iftex/ifvtex.sty
(/usr/share/texlive/texmf-dist/tex/generic/iftex/iftex.sty)))
(/usr/share/texlive/texmf-dist/tex/latex/fontspec/fontspec.sty
(/usr/share/texlive/texmf-dist/tex/latex/l3packages/xparse/xparse.sty
(/usr/share/texlive/texmf-dist/tex/latex/l3kernel/expl3.sty
(/usr/share/texlive/texmf-dist/tex/latex/l3backend/l3backend-xetex.def)))
(/usr/share/texlive/texmf-dist/tex/latex/fontspec/fontspec-xetex.sty
(/usr/share/texlive/texmf-dist/tex/latex/base/fontenc.sty)
(/usr/share/texlive/texmf-dist/tex/latex/fontspec/fontspec.cfg)))
(/usr/share/texlive/texmf-dist/tex/latex/amsmath/amsmath.sty
For additional information on amsmath, use the `?' option.
(/usr/share/texlive/texmf-dist/tex/latex/amsmath/amstext.sty
(/usr/share/texlive/texmf-dist/tex/latex/amsmath/amsgen.sty))
(/usr/share/texlive/texmf-dist/tex/latex/amsmath/amsbsy.sty)
(/usr/share/texlive/texmf-dist/tex/latex/amsmath/amsopn.sty))
(/usr/share/texlive/texmf-dist/tex/latex/amsfonts/amssymb.sty
(/usr/share/texlive/texmf-dist/tex/latex/amsfonts/amsfonts.sty))
(/usr/share/texlive/texmf-dist/tex/latex/amscls/amsthm.sty)
(/usr/share/texlive/texmf-dist/tex/latex/amsmath/amscd.sty)
(/usr/share/texlive/texmf-dist/tex/latex/graphics/graphicx.sty
(/usr/share/texlive/texmf-dist/tex/latex/graphics/graphics.sty
(/usr/share/texlive/texmf-dist/tex/latex/graphics/trig.sty)
(/usr/share/texlive/texmf-dist/tex/latex/graphics-cfg/graphics.cfg)
(/usr/share/texlive/texmf-dist/tex/latex/graphics-def/xetex.def)))
(/usr/share/texlive/texmf-dist/tex/latex/graphics/color.sty
(/usr/share/texlive/texmf-dist/tex/latex/graphics-cfg/color.cfg)
(/usr/share/texlive/texmf-dist/tex/latex/graphics/mathcolor.ltx))
(/usr/share/texlive/texmf-dist/tex/latex/xurl/xurl.sty
(/usr/share/texlive/texmf-dist/tex/latex/url/url.sty))
(/usr/share/texlive/texmf-dist/tex/latex/hyperref/hyperref.sty
(/usr/share/texlive/texmf-dist/tex/latex/kvsetkeys/kvsetkeys.sty)
(/usr/share/texlive/texmf-dist/tex/generic/kvdefinekeys/kvdefinekeys.sty)
(/usr/share/texlive/texmf-dist/tex/generic/pdfescape/pdfescape.sty
(/usr/share/texlive/texmf-dist/tex/generic/ltxcmds/ltxcmds.sty)
(/usr/share/texlive/texmf-dist/tex/generic/pdftexcmds/pdftexcmds.sty
(/usr/share/texlive/texmf-dist/tex/generic/infwarerr/infwarerr.sty)))
(/usr/share/texlive/texmf-dist/tex/latex/hycolor/hycolor.sty)
(/usr/share/texlive/texmf-dist/tex/latex/hyperref/nameref.sty
(/usr/share/texlive/texmf-dist/tex/latex/refcount/refcount.sty)
(/usr/share/texlive/texmf-dist/tex/generic/gettitlestring/gettitlestring.sty
(/usr/share/texlive/texmf-dist/tex/latex/kvoptions/kvoptions.sty)))
(/usr/share/texlive/texmf-dist/tex/latex/etoolbox/etoolbox.sty)
(/usr/share/texlive/texmf-dist/tex/generic/stringenc/stringenc.sty)
(/usr/share/texlive/texmf-dist/tex/latex/hyperref/pd1enc.def)
(/usr/share/texlive/texmf-dist/tex/generic/intcalc/intcalc.sty)
(/usr/share/texlive/texmf-dist/tex/latex/hyperref/puenc.def)
(/usr/share/texlive/texmf-dist/tex/generic/bitset/bitset.sty
(/usr/share/texlive/texmf-dist/tex/generic/bigintcalc/bigintcalc.sty))
(/usr/share/texlive/texmf-dist/tex/latex/base/atbegshi-ltx.sty))
(/usr/share/texlive/texmf-dist/tex/latex/hyperref/hxetex.def
(/usr/share/texlive/texmf-dist/tex/latex/rerunfilecheck/rerunfilecheck.sty
(/usr/share/texlive/texmf-dist/tex/latex/base/atveryend-ltx.sty)
(/usr/share/texlive/texmf-dist/tex/generic/uniquecounter/uniquecounter.sty)))
(/usr/share/texlive/texmf-dist/tex/latex/tools/delarray.sty
(/usr/share/texlive/texmf-dist/tex/latex/tools/array.sty))
No file 1889.aux.
*geometry* driver: auto-detecting
*geometry* detected driver: xetex

Package hyperref Warning: Rerun to get /PageLabels entry.

(/usr/share/texlive/texmf-dist/tex/latex/amsfonts/umsa.fd)
(/usr/share/texlive/texmf-dist/tex/latex/amsfonts/umsb.fd)
[1]

LaTeX Warning: Citation `Zung-Nondegenerate2015' on page 2 undefined on input l
ine 107.


LaTeX Warning: Citation `Zung-Nondegenerate2015' on page 2 undefined on input l
ine 110.


LaTeX Warning: Reference `thm:SmoothLinearization' on page 2 undefined on input
 line 115.


LaTeX Warning: Citation `Zung-Nondegenerate2015' on page 2 undefined on input l
ine 116.


LaTeX Warning: Citation `Zung-Nondegenerate2015' on page 2 undefined on input l
ine 116.


LaTeX Warning: Citation `Zung-Poincare2002' on page 2 undefined on input line 1
19.


LaTeX Warning: Citation `Zung-Nondegenerate2015' on page 2 undefined on input l
ine 119.


LaTeX Warning: Reference `section2' on page 2 undefined on input line 123.


LaTeX Warning: Reference `lem:HypOrEl' on page 2 undefined on input line 126.


LaTeX Warning: Reference `prop:LinearizationUpToFlat' on page 2 undefined on in
put line 127.


LaTeX Warning: Reference `thm:SmoothLinearization' on page 2 undefined on input
 line 128.


LaTeX Warning: Reference `section3' on page 2 undefined on input line 128.


Package hyperref Warning: Suppressing link with empty target on input line 129.



LaTeX Warning: Reference `thm:SmoothLinearization' on page 2 undefined on input
 line 130.


Package hyperref Warning: Suppressing link with empty target on input line 131.



Package hyperref Warning: Suppressing link with empty target on input line 135.



LaTeX Warning: Reference `thm:SmoothLinearization' on page 2 undefined on input
 line 136.


LaTeX Warning: Citation `ZungMinh_2D2012' on page 2 undefined on input line 139
.


LaTeX Warning: Citation `Chaperon-WeakHyperbolic2013' on page 2 undefined on in
put line 142.


LaTeX Warning: Citation `Jiang-WeakHyp2016' on page 2 undefined on input line 1
44.


LaTeX Warning: Citation `Zung-Integrable2016' on page 2 undefined on input line
 145.


LaTeX Warning: Citation `Ziglin-Branching1982' on page 2 undefined on input lin
e 152.


LaTeX Warning: Citation `Ziglin-Branching1982' on page 2 undefined on input lin
e 161.


[2]

Package hyperref Warning: Token not allowed in a PDF string (Unicode):
(hyperref)                removing `math shift' on input line 175.


Package hyperref Warning: Token not allowed in a PDF string (Unicode):
(hyperref)                removing `math shift' on input line 175.


LaTeX Warning: Reference `thm:SmoothLinearization' on page 3 undefined on input
 line 180.


LaTeX Warning: Citation `Zung-Poincare2002' on page 3 undefined on input line 1
90.


LaTeX Warning: Citation `Zung-Nondegenerate2015' on page 3 undefined on input l
ine 190.


LaTeX Warning: Reference `eqn:Resonance' on page 3 undefined on input line 198.



LaTeX Warning: Citation `Zung-Nondegenerate2015' on page 3 undefined on input l
ine 221.


LaTeX Warning: Reference `thm:SmoothLinearization' on page 3 undefined on input
 line 225.


[3]

LaTeX Warning: Citation `Zung-Nondegenerate2015' on page 4 undefined on input l
ine 238.


LaTeX Warning: Citation `GSS-Bifurcation1988' on page 4 undefined on input line
 246.


LaTeX Warning: Citation `Zung-Poincare2002' on page 4 undefined on input line 2
47.


LaTeX Warning: Citation `Zung-Nondegenerate2015' on page 4 undefined on input l
ine 247.


LaTeX Warning: Reference `eqn:FormalLinearization' on page 4 undefined on input
 line 259.


LaTeX Warning: Reference `eqn:f' on page 4 undefined on input line 259.


LaTeX Warning: Reference `eqn:F' on page 4 undefined on input line 259.


LaTeX Warning: Reference `thm:SmoothLinearization' on page 4 undefined on input
 line 284.


LaTeX Warning: Reference `thm:SmoothLinearization' on page 4 undefined on input
 line 287.


LaTeX Warning: Reference `lem:HypOrEl' on page 4 undefined on input line 288.


LaTeX Warning: Reference `subsection:ReductionToParametrizedCase' on page 4 und
efined on input line 289.


LaTeX Warning: Reference `thm:SmoothLinearization' on page 4 undefined on input
 line 290.


LaTeX Warning: Reference `prop:LinearizationUpToFlat' on page 4 undefined on in
put line 294.


LaTeX Warning: Citation `Chen-Vector1963' on page 4 undefined on input line 297
.


LaTeX Warning: Citation `Sternberg' on page 4 undefined on input line 297.


LaTeX Warning: Reference `thm:SmoothLinearization' on page 4 undefined on input
 line 299.


LaTeX Warning: Citation `Jiang-WeakHyp2016' on page 4 undefined on input line 3
01.


[4]

LaTeX Warning: Reference `prop:LinearizationUpToFlat' on page 5 undefined on in
put line 305.


LaTeX Warning: Reference `lem:HypOrEl' on page 5 undefined on input line 318.


LaTeX Warning: Citation `DufourZung-Poisson2005' on page 5 undefined on input l
ine 330.


[5]

LaTeX Warning: Reference `subsection:adapted' on page 6 undefined on input line
 373.


LaTeX Warning: Reference `eqn:3-3' on page 6 undefined on input line 381.


LaTeX Warning: Reference `eqn:3-5' on page 6 undefined on input line 381.


LaTeX Warning: Citation `Malgrange-Ideal1967' on page 6 undefined on input line
 408.


[6]

LaTeX Warning: Reference `lem:AllPeriodic' on page 7 undefined on input line 49
7.


LaTeX Warning: Reference `lem:blowup' on page 7 undefined on input line 500.


[7]

LaTeX Warning: Reference `eqn:LinearElliptic' on page 8 undefined on input line
 510.


LaTeX Warning: Reference `prop:LinearizationUpToFlat' on page 8 undefined on in
put line 512.


LaTeX Warning: Reference `eqn:OrbitalLinearizationElliptic' on page 8 undefined
 on input line 514.


LaTeX Warning: Reference `thm:SmoothLinearization' on page 8 undefined on input
 line 519.


LaTeX Warning: Reference `thm:SmoothLinearization' on page 8 undefined on input
 line 523.


LaTeX Warning: Citation `Schwarz-Invariant1975' on page 8 undefined on input li
ne 526.


[8]
[9] (build/1889.aux)

LaTeX Warning: There were undefined references.


LaTeX Warning: Label(s) may have changed. Rerun to get cross-references right.


Package rerunfilecheck Warning: File `1889.out' has changed.
(rerunfilecheck)                Rerun to get outlines right
(rerunfilecheck)                or use package `bookmark'.

 )
Output written on build/1889.pdf (9 pages).
Transcript written on build/1889.log.
