This is XeTeX, Version 3.141592653-2.6-0.999996 (TeX Live 2025/dev/Debian) (preloaded format=xelatex)
entering extended mode
(./1818.tex
LaTeX2e <2024-11-01> patch level 2
L3 programming layer <2025-01-18>
(/usr/share/texlive/texmf-dist/tex/latex/base/article.cls
Document Class: article 2024/06/29 v1.4n Standard LaTeX document class
(/usr/share/texlive/texmf-dist/tex/latex/base/size11.clo))
(/usr/share/texlive/texmf-dist/tex/latex/geometry/geometry.sty
(/usr/share/texlive/texmf-dist/tex/latex/graphics/keyval.sty)
(/usr/share/texlive/texmf-dist/tex/generic/iftex/ifvtex.sty
(/usr/share/texlive/texmf-dist/tex/generic/iftex/iftex.sty)))
(/usr/share/texlive/texmf-dist/tex/latex/fontspec/fontspec.sty
(/usr/share/texlive/texmf-dist/tex/latex/l3packages/xparse/xparse.sty
(/usr/share/texlive/texmf-dist/tex/latex/l3kernel/expl3.sty
(/usr/share/texlive/texmf-dist/tex/latex/l3backend/l3backend-xetex.def)))
(/usr/share/texlive/texmf-dist/tex/latex/fontspec/fontspec-xetex.sty
(/usr/share/texlive/texmf-dist/tex/latex/base/fontenc.sty)
(/usr/share/texlive/texmf-dist/tex/latex/fontspec/fontspec.cfg)))
(/usr/share/texlive/texmf-dist/tex/latex/amsmath/amsmath.sty
For additional information on amsmath, use the `?' option.
(/usr/share/texlive/texmf-dist/tex/latex/amsmath/amstext.sty
(/usr/share/texlive/texmf-dist/tex/latex/amsmath/amsgen.sty))
(/usr/share/texlive/texmf-dist/tex/latex/amsmath/amsbsy.sty)
(/usr/share/texlive/texmf-dist/tex/latex/amsmath/amsopn.sty))
(/usr/share/texlive/texmf-dist/tex/latex/amsfonts/amssymb.sty
(/usr/share/texlive/texmf-dist/tex/latex/amsfonts/amsfonts.sty))
(/usr/share/texlive/texmf-dist/tex/latex/amscls/amsthm.sty)
(/usr/share/texlive/texmf-dist/tex/latex/amsmath/amscd.sty)
(/usr/share/texlive/texmf-dist/tex/latex/graphics/graphicx.sty
(/usr/share/texlive/texmf-dist/tex/latex/graphics/graphics.sty
(/usr/share/texlive/texmf-dist/tex/latex/graphics/trig.sty)
(/usr/share/texlive/texmf-dist/tex/latex/graphics-cfg/graphics.cfg)
(/usr/share/texlive/texmf-dist/tex/latex/graphics-def/xetex.def)))
(/usr/share/texlive/texmf-dist/tex/latex/graphics/color.sty
(/usr/share/texlive/texmf-dist/tex/latex/graphics-cfg/color.cfg)
(/usr/share/texlive/texmf-dist/tex/latex/graphics/mathcolor.ltx))
(/usr/share/texlive/texmf-dist/tex/latex/xurl/xurl.sty
(/usr/share/texlive/texmf-dist/tex/latex/url/url.sty))
(/usr/share/texlive/texmf-dist/tex/latex/hyperref/hyperref.sty
(/usr/share/texlive/texmf-dist/tex/latex/kvsetkeys/kvsetkeys.sty)
(/usr/share/texlive/texmf-dist/tex/generic/kvdefinekeys/kvdefinekeys.sty)
(/usr/share/texlive/texmf-dist/tex/generic/pdfescape/pdfescape.sty
(/usr/share/texlive/texmf-dist/tex/generic/ltxcmds/ltxcmds.sty)
(/usr/share/texlive/texmf-dist/tex/generic/pdftexcmds/pdftexcmds.sty
(/usr/share/texlive/texmf-dist/tex/generic/infwarerr/infwarerr.sty)))
(/usr/share/texlive/texmf-dist/tex/latex/hycolor/hycolor.sty)
(/usr/share/texlive/texmf-dist/tex/latex/hyperref/nameref.sty
(/usr/share/texlive/texmf-dist/tex/latex/refcount/refcount.sty)
(/usr/share/texlive/texmf-dist/tex/generic/gettitlestring/gettitlestring.sty
(/usr/share/texlive/texmf-dist/tex/latex/kvoptions/kvoptions.sty)))
(/usr/share/texlive/texmf-dist/tex/latex/etoolbox/etoolbox.sty)
(/usr/share/texlive/texmf-dist/tex/generic/stringenc/stringenc.sty)
(/usr/share/texlive/texmf-dist/tex/latex/hyperref/pd1enc.def)
(/usr/share/texlive/texmf-dist/tex/generic/intcalc/intcalc.sty)
(/usr/share/texlive/texmf-dist/tex/latex/hyperref/puenc.def)
(/usr/share/texlive/texmf-dist/tex/generic/bitset/bitset.sty
(/usr/share/texlive/texmf-dist/tex/generic/bigintcalc/bigintcalc.sty))
(/usr/share/texlive/texmf-dist/tex/latex/base/atbegshi-ltx.sty))
(/usr/share/texlive/texmf-dist/tex/latex/hyperref/hxetex.def
(/usr/share/texlive/texmf-dist/tex/latex/rerunfilecheck/rerunfilecheck.sty
(/usr/share/texlive/texmf-dist/tex/latex/base/atveryend-ltx.sty)
(/usr/share/texlive/texmf-dist/tex/generic/uniquecounter/uniquecounter.sty)))
(/usr/share/texlive/texmf-dist/tex/latex/jknapltx/mathrsfs.sty)
(/usr/share/texlive/texmf-dist/tex/generic/xypic/xy.sty
(/usr/share/texlive/texmf-dist/tex/generic/xypic/xy.tex Bootstrap'ing:
catcodes, docmode, (/usr/share/texlive/texmf-dist/tex/generic/xypic/xyrecat.tex
) (/usr/share/texlive/texmf-dist/tex/generic/xypic/xyidioms.tex)

 Xy-pic version 3.8.9 <2013/10/06>
 Copyright (c) 1991-2013 by Kristoffer H. Rose <krisrose@tug.org> and others
 Xy-pic is free software: see the User's Guide for details.

Loading kernel: messages; fonts; allocations: state, direction,
utility macros; pictures: \xy, positions, objects, decorations;
kernel objects: directionals, circles, text; options; algorithms: directions,
edges, connections;  Xy-pic loaded)
(/usr/share/texlive/texmf-dist/tex/generic/iftex/ifpdf.sty)
(/usr/share/texlive/texmf-dist/tex/generic/xypic/xyall.tex
 Xy-pic option: All features v.3.8
(/usr/share/texlive/texmf-dist/tex/generic/xypic/xycurve.tex
 Xy-pic option: Curve and Spline extension v.3.12 curve, circles, loaded)
(/usr/share/texlive/texmf-dist/tex/generic/xypic/xyframe.tex
 Xy-pic option: Frame and Bracket extension v.3.14 loaded)
(/usr/share/texlive/texmf-dist/tex/generic/xypic/xycmtip.tex
 Xy-pic option: Computer Modern tip extension v.3.7
(/usr/share/texlive/texmf-dist/tex/generic/xypic/xytips.tex
 Xy-pic option: More Tips extension v.3.11 loaded) loaded)
(/usr/share/texlive/texmf-dist/tex/generic/xypic/xyline.tex
 Xy-pic option: Line styles extension v.3.10 loaded)
(/usr/share/texlive/texmf-dist/tex/generic/xypic/xyrotate.tex
 Xy-pic option: Rotate and Scale extension v.3.8 loaded)
(/usr/share/texlive/texmf-dist/tex/generic/xypic/xycolor.tex
 Xy-pic option: Colour extension v.3.11 loaded)
(/usr/share/texlive/texmf-dist/tex/generic/xypic/xymatrix.tex
 Xy-pic option: Matrix feature v.3.14 loaded)
(/usr/share/texlive/texmf-dist/tex/generic/xypic/xyarrow.tex
 Xy-pic option: Arrow and Path feature v.3.9 path, \ar, loaded)
(/usr/share/texlive/texmf-dist/tex/generic/xypic/xygraph.tex
 Xy-pic option: Graph feature v.3.11 loaded) loaded))
No file 1818.aux.
*geometry* driver: auto-detecting
*geometry* detected driver: xetex

Package hyperref Warning: Rerun to get /PageLabels entry.

(/usr/share/texlive/texmf-dist/tex/latex/amsfonts/umsa.fd)
(/usr/share/texlive/texmf-dist/tex/latex/amsfonts/umsb.fd)
(/usr/share/texlive/texmf-dist/tex/latex/jknapltx/ursfs.fd)
(/usr/share/texlive/texmf-dist/tex/latex/amsfonts/ueuf.fd)

LaTeX Warning: Citation `EvensLuAlan' on page 1 undefined on input line 238.


LaTeX Warning: Citation `Koszul' on page 1 undefined on input line 238.


LaTeX Warning: Citation `Weinstein' on page 1 undefined on input line 238.


LaTeX Warning: Citation `Yvette' on page 1 undefined on input line 238.


LaTeX Warning: Citation `CaseiroFernandes' on page 1 undefined on input line 23
8.


LaTeX Warning: Citation `Grabowski' on page 1 undefined on input line 238.


LaTeX Warning: Citation `Huebschmann' on page 1 undefined on input line 238.


LaTeX Warning: Citation `Yvette_BV' on page 1 undefined on input line 238.


LaTeX Warning: Citation `YvetteLaurentAlan' on page 1 undefined on input line 2
38.


LaTeX Warning: Citation `Yvette_Alan' on page 1 undefined on input line 238.


LaTeX Warning: Citation `Mehta' on page 1 undefined on input line 238.


LaTeX Warning: Citation `StienonXu' on page 1 undefined on input line 238.


LaTeX Warning: Citation `Vaisman' on page 1 undefined on input line 238.


LaTeX Warning: Citation `CaseiroFernandes' on page 1 undefined on input line 23
8.


LaTeX Warning: Citation `PMCT1' on page 1 undefined on input line 238.


LaTeX Warning: Citation `FernandesDamianou' on page 1 undefined on input line 2
38.


LaTeX Warning: Citation `EvensLuAlan' on page 1 undefined on input line 238.


LaTeX Warning: Citation `PT_Homology' on page 1 undefined on input line 238.


LaTeX Warning: Citation `GMP' on page 1 undefined on input line 238.


LaTeX Warning: Citation `Kubarski_Fibre' on page 1 undefined on input line 238.



LaTeX Warning: Citation `Kubarski_Mishchenko' on page 1 undefined on input line
 238.


LaTeX Warning: Citation `Xu' on page 1 undefined on input line 238.


[1]

LaTeX Warning: Citation `Ginz01' on page 2 undefined on input line 240.


LaTeX Warning: Citation `GinzGol' on page 2 undefined on input line 247.


LaTeX Warning: Citation `GinzLu' on page 2 undefined on input line 247.


LaTeX Warning: Citation `CrainicNL' on page 2 undefined on input line 247.


LaTeX Warning: Citation `Cr_VEst' on page 2 undefined on input line 247.


LaTeX Warning: Citation `CrFer_Char' on page 2 undefined on input line 247.


LaTeX Warning: Citation `RuiAdv' on page 2 undefined on input line 247.


LaTeX Warning: Citation `Kubarski' on page 2 undefined on input line 247.


LaTeX Warning: Citation `Cr_VEst' on page 2 undefined on input line 247.


LaTeX Warning: Citation `Ginz01' on page 2 undefined on input line 247.


LaTeX Warning: Citation `YvetteLaurentAlan' on page 2 undefined on input line 2
49.


LaTeX Warning: Citation `YvetteLaurentAlan' on page 2 undefined on input line 2
49.


LaTeX Warning: Citation `GraciaMehta' on page 2 undefined on input line 251.


LaTeX Warning: Citation `HoyoOrtiz' on page 2 undefined on input line 251.


LaTeX Warning: Reference `sec : Characteristic classes' on page 2 undefined on 
input line 253.


LaTeX Warning: Citation `CrainicNL' on page 2 undefined on input line 253.


LaTeX Warning: Citation `CrFer_Char' on page 2 undefined on input line 253.


LaTeX Warning: Reference `section3' on page 2 undefined on input line 253.


LaTeX Warning: Citation `AbadCrainic' on page 2 undefined on input line 259.


LaTeX Warning: Citation `CrainicNL' on page 2 undefined on input line 259.


[2]

LaTeX Warning: Citation `CrainicNL' on page 3 undefined on input line 290.


LaTeX Warning: Citation `YvetteLaurentAlan' on page 3 undefined on input line 2
97.


[3]

LaTeX Warning: Citation `CrFer_Char' on page 4 undefined on input line 307.


LaTeX Warning: Citation `CrainicNL' on page 4 undefined on input line 307.


LaTeX Warning: Citation `CrFer_Char' on page 4 undefined on input line 307.


LaTeX Warning: Citation `AbadCrainic' on page 4 undefined on input line 307.


LaTeX Warning: Citation `CrFer_Char' on page 4 undefined on input line 309.


[4]
[5]

LaTeX Warning: Reference `pro : secondary' on page 6 undefined on input line 38
8.


LaTeX Warning: Reference `pro : pullback of char by submersions' on page 6 unde
fined on input line 414.


LaTeX Warning: Citation `BLM' on page 6 undefined on input line 419.

<xymatrix 3x2 156> <xymatrix 3x2 156>

LaTeX Warning: Reference `pro : pullback of char by submersions' on page 6 unde
fined on input line 428.


[6]

LaTeX Warning: Reference `pro : pullback of char by submersions' on page 7 unde
fined on input line 440.


LaTeX Warning: Reference `pro : pullback of char by inclusion' on page 7 undefi
ned on input line 440.


LaTeX Warning: Reference `pro : pullback of char by submersions' on page 7 unde
fined on input line 445.


LaTeX Warning: Reference `pro : secondary' on page 7 undefined on input line 44
5.


LaTeX Warning: Reference `ast-ast' on page 7 undefined on input line 464.


[7]

LaTeX Warning: Reference `ast-ast' on page 8 undefined on input line 506.


LaTeX Warning: Reference `eq : vertical and horizontal subconnections of basic,
 1' on page 8 undefined on input line 520.


LaTeX Warning: Reference `eq : vertical and horizontal subconnections of basic,
 2' on page 8 undefined on input line 520.


[8]

LaTeX Warning: Reference `eq : vertical and horizontal subconnections of basic,
 1' on page 9 undefined on input line 530.


LaTeX Warning: Reference `eq : vertical and horizontal subconnections of basic,
 2' on page 9 undefined on input line 530.


LaTeX Warning: Reference `eq : vertical is metric' on page 9 undefined on input
 line 530.


LaTeX Warning: Reference `eq : basic connection projects' on page 9 undefined o
n input line 530.


LaTeX Warning: Reference `eq : vertical and horizontal subconnections of g-dual
 of basic' on page 9 undefined on input line 542.


LaTeX Warning: Reference `eq : vertical is metric' on page 9 undefined on input
 line 542.


LaTeX Warning: Reference `eq : g-dual to basic connection projects' on page 9 u
ndefined on input line 542.


LaTeX Warning: Reference `eq : basic connection splits' on page 9 undefined on 
input line 551.


LaTeX Warning: Reference `eq : g-dual to basic connection splits' on page 9 und
efined on input line 551.


LaTeX Warning: Reference `ast-ast' on page 9 undefined on input line 562.


[9]
[10]
[11] (build/1818.aux)

LaTeX Warning: There were undefined references.


LaTeX Warning: Label(s) may have changed. Rerun to get cross-references right.


Package rerunfilecheck Warning: File `1818.out' has changed.
(rerunfilecheck)                Rerun to get outlines right
(rerunfilecheck)                or use package `bookmark'.

 )
Output written on build/1818.pdf (11 pages).
Transcript written on build/1818.log.
