This is XeTeX, Version 3.141592653-2.6-0.999996 (TeX Live 2025/dev/Debian) (preloaded format=xelatex)
entering extended mode
(./1895.tex
LaTeX2e <2024-11-01> patch level 2
L3 programming layer <2025-01-18>
(/usr/share/texlive/texmf-dist/tex/latex/base/article.cls
Document Class: article 2024/06/29 v1.4n Standard LaTeX document class
(/usr/share/texlive/texmf-dist/tex/latex/base/size11.clo))
(/usr/share/texlive/texmf-dist/tex/latex/geometry/geometry.sty
(/usr/share/texlive/texmf-dist/tex/latex/graphics/keyval.sty)
(/usr/share/texlive/texmf-dist/tex/generic/iftex/ifvtex.sty
(/usr/share/texlive/texmf-dist/tex/generic/iftex/iftex.sty)))
(/usr/share/texlive/texmf-dist/tex/latex/fontspec/fontspec.sty
(/usr/share/texlive/texmf-dist/tex/latex/l3packages/xparse/xparse.sty
(/usr/share/texlive/texmf-dist/tex/latex/l3kernel/expl3.sty
(/usr/share/texlive/texmf-dist/tex/latex/l3backend/l3backend-xetex.def)))
(/usr/share/texlive/texmf-dist/tex/latex/fontspec/fontspec-xetex.sty
(/usr/share/texlive/texmf-dist/tex/latex/base/fontenc.sty)
(/usr/share/texlive/texmf-dist/tex/latex/fontspec/fontspec.cfg)))
(/usr/share/texlive/texmf-dist/tex/latex/amsmath/amsmath.sty
For additional information on amsmath, use the `?' option.
(/usr/share/texlive/texmf-dist/tex/latex/amsmath/amstext.sty
(/usr/share/texlive/texmf-dist/tex/latex/amsmath/amsgen.sty))
(/usr/share/texlive/texmf-dist/tex/latex/amsmath/amsbsy.sty)
(/usr/share/texlive/texmf-dist/tex/latex/amsmath/amsopn.sty))
(/usr/share/texlive/texmf-dist/tex/latex/amsfonts/amssymb.sty
(/usr/share/texlive/texmf-dist/tex/latex/amsfonts/amsfonts.sty))
(/usr/share/texlive/texmf-dist/tex/latex/amscls/amsthm.sty)
(/usr/share/texlive/texmf-dist/tex/latex/amsmath/amscd.sty)
(/usr/share/texlive/texmf-dist/tex/latex/graphics/graphicx.sty
(/usr/share/texlive/texmf-dist/tex/latex/graphics/graphics.sty
(/usr/share/texlive/texmf-dist/tex/latex/graphics/trig.sty)
(/usr/share/texlive/texmf-dist/tex/latex/graphics-cfg/graphics.cfg)
(/usr/share/texlive/texmf-dist/tex/latex/graphics-def/xetex.def)))
(/usr/share/texlive/texmf-dist/tex/latex/graphics/color.sty
(/usr/share/texlive/texmf-dist/tex/latex/graphics-cfg/color.cfg)
(/usr/share/texlive/texmf-dist/tex/latex/graphics/mathcolor.ltx))
(/usr/share/texlive/texmf-dist/tex/latex/xurl/xurl.sty
(/usr/share/texlive/texmf-dist/tex/latex/url/url.sty))
(/usr/share/texlive/texmf-dist/tex/latex/hyperref/hyperref.sty
(/usr/share/texlive/texmf-dist/tex/latex/kvsetkeys/kvsetkeys.sty)
(/usr/share/texlive/texmf-dist/tex/generic/kvdefinekeys/kvdefinekeys.sty)
(/usr/share/texlive/texmf-dist/tex/generic/pdfescape/pdfescape.sty
(/usr/share/texlive/texmf-dist/tex/generic/ltxcmds/ltxcmds.sty)
(/usr/share/texlive/texmf-dist/tex/generic/pdftexcmds/pdftexcmds.sty
(/usr/share/texlive/texmf-dist/tex/generic/infwarerr/infwarerr.sty)))
(/usr/share/texlive/texmf-dist/tex/latex/hycolor/hycolor.sty)
(/usr/share/texlive/texmf-dist/tex/latex/hyperref/nameref.sty
(/usr/share/texlive/texmf-dist/tex/latex/refcount/refcount.sty)
(/usr/share/texlive/texmf-dist/tex/generic/gettitlestring/gettitlestring.sty
(/usr/share/texlive/texmf-dist/tex/latex/kvoptions/kvoptions.sty)))
(/usr/share/texlive/texmf-dist/tex/latex/etoolbox/etoolbox.sty)
(/usr/share/texlive/texmf-dist/tex/generic/stringenc/stringenc.sty)
(/usr/share/texlive/texmf-dist/tex/latex/hyperref/pd1enc.def)
(/usr/share/texlive/texmf-dist/tex/generic/intcalc/intcalc.sty)
(/usr/share/texlive/texmf-dist/tex/latex/hyperref/puenc.def)
(/usr/share/texlive/texmf-dist/tex/generic/bitset/bitset.sty
(/usr/share/texlive/texmf-dist/tex/generic/bigintcalc/bigintcalc.sty))
(/usr/share/texlive/texmf-dist/tex/latex/base/atbegshi-ltx.sty))
(/usr/share/texlive/texmf-dist/tex/latex/hyperref/hxetex.def
(/usr/share/texlive/texmf-dist/tex/latex/rerunfilecheck/rerunfilecheck.sty
(/usr/share/texlive/texmf-dist/tex/latex/base/atveryend-ltx.sty)
(/usr/share/texlive/texmf-dist/tex/generic/uniquecounter/uniquecounter.sty)))
No file 1895.aux.
*geometry* driver: auto-detecting
*geometry* detected driver: xetex

Package hyperref Warning: Rerun to get /PageLabels entry.

(/usr/share/texlive/texmf-dist/tex/latex/amsfonts/umsa.fd)
(/usr/share/texlive/texmf-dist/tex/latex/amsfonts/umsb.fd)

LaTeX Warning: Citation `O' on page 1 undefined on input line 46.


LaTeX Warning: Reference `1:eq1' on page 1 undefined on input line 53.


LaTeX Warning: Citation `O' on page 1 undefined on input line 55.


LaTeX Warning: Reference `1:eq1' on page 1 undefined on input line 55.


[1]

LaTeX Warning: Reference `1:eq4' on page 2 undefined on input line 65.


LaTeX Warning: Citation `O' on page 2 undefined on input line 68.


Package hyperref Warning: Suppressing link with empty target on input line 69.


LaTeX Warning: Citation `O' on page 2 undefined on input line 75.


LaTeX Warning: Citation `O' on page 2 undefined on input line 79.


LaTeX Warning: Reference `1:eq1' on page 2 undefined on input line 79.


LaTeX Warning: Reference `1:eq1' on page 2 undefined on input line 94.


LaTeX Warning: Reference `1:W1a' on page 2 undefined on input line 94.


LaTeX Warning: Citation `O' on page 2 undefined on input line 94.


LaTeX Warning: Reference `1:W1' on page 2 undefined on input line 97.


LaTeX Warning: Reference `1:W1a' on page 2 undefined on input line 97.


LaTeX Warning: Reference `1:eq4' on page 2 undefined on input line 100.


LaTeX Warning: Reference `1:W1' on page 2 undefined on input line 101.


LaTeX Warning: Reference `1:W1a' on page 2 undefined on input line 101.


LaTeX Warning: Reference `1:W1' on page 2 undefined on input line 107.


LaTeX Warning: Citation `O' on page 2 undefined on input line 128.


LaTeX Warning: Reference `1:eq1' on page 2 undefined on input line 128.


[2]

LaTeX Warning: Reference `1:W2a' on page 3 undefined on input line 137.


Package hyperref Warning: Token not allowed in a PDF string (Unicode):
(hyperref)                removing `math shift' on input line 145.


Package hyperref Warning: Token not allowed in a PDF string (Unicode):
(hyperref)                removing `subscript' on input line 145.


Package hyperref Warning: Token not allowed in a PDF string (Unicode):
(hyperref)                removing `math shift' on input line 145.


Package hyperref Warning: Token not allowed in a PDF string (Unicode):
(hyperref)                removing `math shift' on input line 145.


Package hyperref Warning: Token not allowed in a PDF string (Unicode):
(hyperref)                removing `subscript' on input line 145.


Package hyperref Warning: Token not allowed in a PDF string (Unicode):
(hyperref)                removing `math shift' on input line 145.


LaTeX Warning: Reference `1:eq1' on page 3 undefined on input line 147.


LaTeX Warning: Reference `1:eq1' on page 3 undefined on input line 149.


LaTeX Warning: Reference `1:eq1' on page 3 undefined on input line 162.


[3]

LaTeX Warning: Reference `2:connectW1a' on page 4 undefined on input line 186.


LaTeX Warning: Citation `NIST' on page 4 undefined on input line 190.


LaTeX Warning: Reference `1:W1' on page 4 undefined on input line 194.


LaTeX Warning: Reference `1:W1a' on page 4 undefined on input line 194.


LaTeX Warning: Reference `2:limit1' on page 4 undefined on input line 198.


LaTeX Warning: Reference `2:limit2' on page 4 undefined on input line 198.


LaTeX Warning: Reference `2:connectW1a' on page 4 undefined on input line 206.


LaTeX Warning: Reference `1:W1' on page 4 undefined on input line 208.


LaTeX Warning: Reference `1:W1a' on page 4 undefined on input line 208.


LaTeX Warning: Reference `1:As' on page 4 undefined on input line 208.


LaTeX Warning: Reference `2:alpha' on page 4 undefined on input line 210.


LaTeX Warning: Reference `2:l1' on page 4 undefined on input line 217.


LaTeX Warning: Reference `1:W1' on page 4 undefined on input line 221.


LaTeX Warning: Reference `1:W1a' on page 4 undefined on input line 221.


LaTeX Warning: Reference `1:eq1' on page 4 undefined on input line 222.


LaTeX Warning: Reference `1:eq1' on page 4 undefined on input line 224.


LaTeX Warning: Reference `1:eq1' on page 4 undefined on input line 237.


LaTeX Warning: Reference `1:eq1' on page 4 undefined on input line 242.


LaTeX Warning: Reference `2:eq3' on page 4 undefined on input line 247.


LaTeX Warning: Reference `1:W2' on page 4 undefined on input line 250.


LaTeX Warning: Citation `NIST' on page 4 undefined on input line 250.


[4]

LaTeX Warning: Reference `1:W2' on page 5 undefined on input line 259.


LaTeX Warning: Reference `2:eq3' on page 5 undefined on input line 267.


LaTeX Warning: Reference `1:W1' on page 5 undefined on input line 267.


LaTeX Warning: Citation `NIST' on page 5 undefined on input line 272.


LaTeX Warning: Citation `NIST' on page 5 undefined on input line 276.


LaTeX Warning: Reference `2:beta' on page 5 undefined on input line 280.


Package hyperref Warning: Token not allowed in a PDF string (Unicode):
(hyperref)                removing `math shift' on input line 288.


Package hyperref Warning: Token not allowed in a PDF string (Unicode):
(hyperref)                removing `\arg' on input line 288.


Package hyperref Warning: Token not allowed in a PDF string (Unicode):
(hyperref)                removing `math shift' on input line 288.


LaTeX Warning: Reference `2:l2' on page 5 undefined on input line 290.


LaTeX Warning: Reference `2:beta' on page 5 undefined on input line 296.


LaTeX Warning: Reference `1:W2' on page 5 undefined on input line 296.


LaTeX Warning: Reference `1:W2a' on page 5 undefined on input line 296.


LaTeX Warning: Reference `3:connect1' on page 5 undefined on input line 297.


LaTeX Warning: Reference `3:connect' on page 5 undefined on input line 302.


LaTeX Warning: Reference `1:W1' on page 5 undefined on input line 302.


LaTeX Warning: Reference `1:W2' on page 5 undefined on input line 302.


LaTeX Warning: Reference `1:W2a' on page 5 undefined on input line 303.


LaTeX Warning: Reference `1:W2' on page 5 undefined on input line 306.


LaTeX Warning: Reference `1:W2a' on page 5 undefined on input line 307.


[5]

LaTeX Warning: Reference `1:W1' on page 6 undefined on input line 315.


LaTeX Warning: Reference `1:W2' on page 6 undefined on input line 315.


LaTeX Warning: Reference `3:connect' on page 6 undefined on input line 315.


LaTeX Warning: Reference `3:ancontK' on page 6 undefined on input line 316.


LaTeX Warning: Reference `3:eq4' on page 6 undefined on input line 336.


LaTeX Warning: Citation `NIST' on page 6 undefined on input line 347.


LaTeX Warning: Reference `3:relation' on page 6 undefined on input line 351.


LaTeX Warning: Citation `O' on page 6 undefined on input line 366.


[6]

LaTeX Warning: Reference `3:olver1' on page 7 undefined on input line 372.


LaTeX Warning: Reference `3:olver2' on page 7 undefined on input line 381.


LaTeX Warning: Reference `3:ancontK' on page 7 undefined on input line 385.


LaTeX Warning: Reference `3:est1' on page 7 undefined on input line 397.


LaTeX Warning: Reference `3:est2' on page 7 undefined on input line 397.


LaTeX Warning: Reference `3:est1' on page 7 undefined on input line 402.


LaTeX Warning: Reference `3:est2' on page 7 undefined on input line 402.


LaTeX Warning: Reference `3:est3' on page 7 undefined on input line 402.


LaTeX Warning: Reference `3:est4' on page 7 undefined on input line 402.


LaTeX Warning: Reference `4:eq5' on page 7 undefined on input line 413.


LaTeX Warning: Citation `NIST' on page 7 undefined on input line 416.


LaTeX Warning: Reference `3:K0' on page 7 undefined on input line 421.


LaTeX Warning: Reference `3:est1' on page 7 undefined on input line 429.


[7]
[8] (build/1895.aux)

LaTeX Warning: There were undefined references.


LaTeX Warning: Label(s) may have changed. Rerun to get cross-references right.


Package rerunfilecheck Warning: File `1895.out' has changed.
(rerunfilecheck)                Rerun to get outlines right
(rerunfilecheck)                or use package `bookmark'.

 )
Output written on build/1895.pdf (8 pages).
Transcript written on build/1895.log.
