This is XeTeX, Version 3.141592653-2.6-0.999996 (TeX Live 2025/dev/Debian) (preloaded format=xelatex)
entering extended mode
(./1894.tex
LaTeX2e <2024-11-01> patch level 2
L3 programming layer <2025-01-18>
(/usr/share/texlive/texmf-dist/tex/latex/base/article.cls
Document Class: article 2024/06/29 v1.4n Standard LaTeX document class
(/usr/share/texlive/texmf-dist/tex/latex/base/size11.clo))
(/usr/share/texlive/texmf-dist/tex/latex/geometry/geometry.sty
(/usr/share/texlive/texmf-dist/tex/latex/graphics/keyval.sty)
(/usr/share/texlive/texmf-dist/tex/generic/iftex/ifvtex.sty
(/usr/share/texlive/texmf-dist/tex/generic/iftex/iftex.sty)))
(/usr/share/texlive/texmf-dist/tex/latex/fontspec/fontspec.sty
(/usr/share/texlive/texmf-dist/tex/latex/l3packages/xparse/xparse.sty
(/usr/share/texlive/texmf-dist/tex/latex/l3kernel/expl3.sty
(/usr/share/texlive/texmf-dist/tex/latex/l3backend/l3backend-xetex.def)))
(/usr/share/texlive/texmf-dist/tex/latex/fontspec/fontspec-xetex.sty
(/usr/share/texlive/texmf-dist/tex/latex/base/fontenc.sty)
(/usr/share/texlive/texmf-dist/tex/latex/fontspec/fontspec.cfg)))
(/usr/share/texlive/texmf-dist/tex/latex/amsmath/amsmath.sty
For additional information on amsmath, use the `?' option.
(/usr/share/texlive/texmf-dist/tex/latex/amsmath/amstext.sty
(/usr/share/texlive/texmf-dist/tex/latex/amsmath/amsgen.sty))
(/usr/share/texlive/texmf-dist/tex/latex/amsmath/amsbsy.sty)
(/usr/share/texlive/texmf-dist/tex/latex/amsmath/amsopn.sty))
(/usr/share/texlive/texmf-dist/tex/latex/amsfonts/amssymb.sty
(/usr/share/texlive/texmf-dist/tex/latex/amsfonts/amsfonts.sty))
(/usr/share/texlive/texmf-dist/tex/latex/amscls/amsthm.sty)
(/usr/share/texlive/texmf-dist/tex/latex/amsmath/amscd.sty)
(/usr/share/texlive/texmf-dist/tex/latex/graphics/graphicx.sty
(/usr/share/texlive/texmf-dist/tex/latex/graphics/graphics.sty
(/usr/share/texlive/texmf-dist/tex/latex/graphics/trig.sty)
(/usr/share/texlive/texmf-dist/tex/latex/graphics-cfg/graphics.cfg)
(/usr/share/texlive/texmf-dist/tex/latex/graphics-def/xetex.def)))
(/usr/share/texlive/texmf-dist/tex/latex/graphics/color.sty
(/usr/share/texlive/texmf-dist/tex/latex/graphics-cfg/color.cfg)
(/usr/share/texlive/texmf-dist/tex/latex/graphics/mathcolor.ltx))
(/usr/share/texlive/texmf-dist/tex/latex/xurl/xurl.sty
(/usr/share/texlive/texmf-dist/tex/latex/url/url.sty))
(/usr/share/texlive/texmf-dist/tex/latex/hyperref/hyperref.sty
(/usr/share/texlive/texmf-dist/tex/latex/kvsetkeys/kvsetkeys.sty)
(/usr/share/texlive/texmf-dist/tex/generic/kvdefinekeys/kvdefinekeys.sty)
(/usr/share/texlive/texmf-dist/tex/generic/pdfescape/pdfescape.sty
(/usr/share/texlive/texmf-dist/tex/generic/ltxcmds/ltxcmds.sty)
(/usr/share/texlive/texmf-dist/tex/generic/pdftexcmds/pdftexcmds.sty
(/usr/share/texlive/texmf-dist/tex/generic/infwarerr/infwarerr.sty)))
(/usr/share/texlive/texmf-dist/tex/latex/hycolor/hycolor.sty)
(/usr/share/texlive/texmf-dist/tex/latex/hyperref/nameref.sty
(/usr/share/texlive/texmf-dist/tex/latex/refcount/refcount.sty)
(/usr/share/texlive/texmf-dist/tex/generic/gettitlestring/gettitlestring.sty
(/usr/share/texlive/texmf-dist/tex/latex/kvoptions/kvoptions.sty)))
(/usr/share/texlive/texmf-dist/tex/latex/etoolbox/etoolbox.sty)
(/usr/share/texlive/texmf-dist/tex/generic/stringenc/stringenc.sty)
(/usr/share/texlive/texmf-dist/tex/latex/hyperref/pd1enc.def)
(/usr/share/texlive/texmf-dist/tex/generic/intcalc/intcalc.sty)
(/usr/share/texlive/texmf-dist/tex/latex/hyperref/puenc.def)
(/usr/share/texlive/texmf-dist/tex/generic/bitset/bitset.sty
(/usr/share/texlive/texmf-dist/tex/generic/bigintcalc/bigintcalc.sty))
(/usr/share/texlive/texmf-dist/tex/latex/base/atbegshi-ltx.sty))
(/usr/share/texlive/texmf-dist/tex/latex/hyperref/hxetex.def
(/usr/share/texlive/texmf-dist/tex/latex/rerunfilecheck/rerunfilecheck.sty
(/usr/share/texlive/texmf-dist/tex/latex/base/atveryend-ltx.sty)
(/usr/share/texlive/texmf-dist/tex/generic/uniquecounter/uniquecounter.sty)))
No file 1894.aux.
*geometry* driver: auto-detecting
*geometry* detected driver: xetex

Package hyperref Warning: Rerun to get /PageLabels entry.

(/usr/share/texlive/texmf-dist/tex/latex/amsfonts/umsa.fd)
(/usr/share/texlive/texmf-dist/tex/latex/amsfonts/umsb.fd)

Package hyperref Warning: Token not allowed in a PDF string (Unicode):
(hyperref)                removing `math shift' on input line 59.


Package hyperref Warning: Token not allowed in a PDF string (Unicode):
(hyperref)                removing `math shift' on input line 59.


LaTeX Warning: Reference `fig:particles' on page 1 undefined on input line 63.


LaTeX Warning: Reference `fig:particles_jumped' on page 1 undefined on input li
ne 82.


[1]

LaTeX Warning: Reference `eq:general_X' on page 2 undefined on input line 105.


LaTeX Warning: Reference `eq:abstract_master_eq' on page 2 undefined on input l
ine 105.


LaTeX Warning: Reference `eq:various_notations' on page 2 undefined on input li
ne 109.


LaTeX Warning: Reference `eq:master_eq_concrete' on page 2 undefined on input l
ine 109.


LaTeX Warning: Reference `eq:abstract_master_eq' on page 2 undefined on input l
ine 113.


LaTeX Warning: Reference `eq:general_X' on page 2 undefined on input line 115.


[2]

LaTeX Warning: Reference `eq:integral_Lambda' on page 3 undefined on input line
 145.


LaTeX Warning: Reference `eq:master_eq_concrete' on page 3 undefined on input l
ine 160.


[3]

LaTeX Warning: Reference `thm:main' on page 4 undefined on input line 190.


LaTeX Warning: Reference `eq:1_particle_b' on page 4 undefined on input line 19
3.


LaTeX Warning: Citation `Korhonen-Lee14' on page 4 undefined on input line 193.



LaTeX Warning: Reference `eq:master_eq_concrete' on page 4 undefined on input l
ine 198.


[4]

LaTeX Warning: Reference `eq:master_eq_2_particles' on page 5 undefined on inpu
t line 238.


LaTeX Warning: Reference `eq:master_eq_2_particles' on page 5 undefined on inpu
t line 238.


LaTeX Warning: Reference `eq:evolution_eq_2_particles' on page 5 undefined on i
nput line 238.


LaTeX Warning: Reference `eq:master_eq_2_particles' on page 5 undefined on inpu
t line 238.


LaTeX Warning: Reference `eq:evolution_eq_2_particles' on page 5 undefined on i
nput line 238.


LaTeX Warning: Reference `eq:master_eq_2_particles' on page 5 undefined on inpu
t line 238.


LaTeX Warning: Reference `eq:evolution_eq_2_particles' on page 5 undefined on i
nput line 238.


LaTeX Warning: Reference `eq:BC_2_particles' on page 5 undefined on input line 
238.


LaTeX Warning: Reference `eq:evolution_eq_2_particles' on page 5 undefined on i
nput line 238.


LaTeX Warning: Reference `eq:BC_2_particles' on page 5 undefined on input line 
238.


LaTeX Warning: Reference `eq:relation_u^0_u_2_particles' on page 5 undefined on
 input line 238.


LaTeX Warning: Reference `eq:master_eq_2_particles' on page 5 undefined on inpu
t line 238.


LaTeX Warning: Reference `eq:evolution_eq_2_particles' on page 5 undefined on i
nput line 240.


LaTeX Warning: Reference `eq:BC_2_particles' on page 5 undefined on input line 
240.


LaTeX Warning: Reference `eq:master_eq_2_particles' on page 5 undefined on inpu
t line 240.


LaTeX Warning: Reference `eq:init_C_2_particles' on page 5 undefined on input l
ine 240.


LaTeX Warning: Reference `eq:master_eq_2_particles' on page 5 undefined on inpu
t line 243.


LaTeX Warning: Reference `eq:relation_u^0_u_2_particles' on page 5 undefined on
 input line 243.


LaTeX Warning: Reference `eq:evolution_eq_2_particles' on page 5 undefined on i
nput line 243.


LaTeX Warning: Reference `eq:BC_2_particles' on page 5 undefined on input line 
243.


LaTeX Warning: Reference `eq:indct_u^0_in_u' on page 5 undefined on input line 
254.


[5]

LaTeX Warning: Reference `eq:evolution_eq_2_particles' on page 6 undefined on i
nput line 269.


LaTeX Warning: Reference `eq:evolution_eq_2_particles' on page 6 undefined on i
nput line 275.


LaTeX Warning: Reference `eq:BC_2_particles' on page 6 undefined on input line 
277.


LaTeX Warning: Citation `Korhonen-Lee14' on page 6 undefined on input line 281.



LaTeX Warning: Reference `eq:integral_boundary_C' on page 6 undefined on input 
line 287.


LaTeX Warning: Reference `eq:int_1_init_2pt' on page 6 undefined on input line 
297.


LaTeX Warning: Reference `eq:int_2_init_2pt' on page 6 undefined on input line 
297.


LaTeX Warning: Reference `eq:int_1_init_2pt' on page 6 undefined on input line 
297.


LaTeX Warning: Reference `eq:int_2_init_2pt' on page 6 undefined on input line 
297.


LaTeX Warning: Reference `eq:int_1_init_2pt' on page 6 undefined on input line 
297.


LaTeX Warning: Reference `eq:int_2_init_2pt' on page 6 undefined on input line 
297.


[6]

LaTeX Warning: Reference `eq:evolution_eq_2_particles' on page 7 undefined on i
nput line 306.


LaTeX Warning: Reference `eq:BC_2_particles' on page 7 undefined on input line 
306.


LaTeX Warning: Reference `eq:relation_u^0_u_2_particles' on page 7 undefined on
 input line 306.


LaTeX Warning: Reference `eq:master_eq_2_particles' on page 7 undefined on inpu
t line 306.


LaTeX Warning: Reference `eq:init_C_2_particles' on page 7 undefined on input l
ine 306.


LaTeX Warning: Reference `eq:main_result' on page 7 undefined on input line 306
.


LaTeX Warning: Reference `thm:main' on page 7 undefined on input line 306.


Package hyperref Warning: Token not allowed in a PDF string (Unicode):
(hyperref)                removing `math shift' on input line 308.


Package hyperref Warning: Token not allowed in a PDF string (Unicode):
(hyperref)                removing `math shift' on input line 308.


LaTeX Warning: Reference `thm:main' on page 7 undefined on input line 310.


LaTeX Warning: Reference `sec:2_particle_case' on page 7 undefined on input lin
e 310.


LaTeX Warning: Reference `eq:BC_2_particles' on page 7 undefined on input line 
316.


LaTeX Warning: Reference `eq:general_evolution_u^0' on page 7 undefined on inpu
t line 328.


LaTeX Warning: Reference `eq:general_BC' on page 7 undefined on input line 328.



LaTeX Warning: Reference `eq:general_u_by_u^0' on page 7 undefined on input lin
e 328.


LaTeX Warning: Reference `eq:master_eq_concrete' on page 7 undefined on input l
ine 328.


LaTeX Warning: Citation `Borodin-Corwin-Sasamoto14' on page 7 undefined on inpu
t line 331.


LaTeX Warning: Reference `eq:master_eq_concrete' on page 7 undefined on input l
ine 331.


LaTeX Warning: Reference `eq:general_evolution_u^0' on page 7 undefined on inpu
t line 331.


LaTeX Warning: Reference `eq:general_u_by_u^0' on page 7 undefined on input lin
e 331.


LaTeX Warning: Reference `rmk:inverse_2pt' on page 7 undefined on input line 33
1.


LaTeX Warning: Reference `lem:BA_coefficients' on page 7 undefined on input lin
e 333.


LaTeX Warning: Reference `eq:master_eq_concrete' on page 7 undefined on input l
ine 334.


LaTeX Warning: Reference `eq:general_X' on page 7 undefined on input line 334.


[7]

LaTeX Warning: Reference `eq:check_Bethe_by_i' on page 8 undefined on input lin
e 346.


LaTeX Warning: Reference `eq:master_eq_equiv' on page 8 undefined on input line
 346.


LaTeX Warning: Reference `eq:master_eq_equiv' on page 8 undefined on input line
 346.


LaTeX Warning: Reference `eq:general_evolution_u^0' on page 8 undefined on inpu
t line 346.


LaTeX Warning: Reference `eq:simple_comp_i' on page 8 undefined on input line 3
53.


LaTeX Warning: Reference `eq:check_Bethe_by_i' on page 8 undefined on input lin
e 353.


LaTeX Warning: Reference `eq:general_BC' on page 8 undefined on input line 353.



LaTeX Warning: Reference `eq:check_Bethe_by_i' on page 8 undefined on input lin
e 357.


LaTeX Warning: Reference `eq:general_evolution_u^0' on page 8 undefined on inpu
t line 360.


LaTeX Warning: Reference `eq:general_BC' on page 8 undefined on input line 360.



LaTeX Warning: Citation `Borodin-Corwin-Petrov-Sasamoto15' on page 8 undefined 
on input line 368.


LaTeX Warning: Citation `Korhonen-Lee14' on page 8 undefined on input line 368.



LaTeX Warning: Reference `eq:general_evolution_u^0' on page 8 undefined on inpu
t line 375.


LaTeX Warning: Reference `eq:general_BC' on page 8 undefined on input line 375.



LaTeX Warning: Reference `eq:init_cond_u^0_general' on page 8 undefined on inpu
t line 375.


LaTeX Warning: Reference `eq:general_evolution_u^0' on page 8 undefined on inpu
t line 379.


LaTeX Warning: Reference `eq:general_evolution_u^0' on page 8 undefined on inpu
t line 380.


LaTeX Warning: Reference `eq:general_evolution_u^0' on page 8 undefined on inpu
t line 380.


LaTeX Warning: Reference `eq:general_BC' on page 8 undefined on input line 382.



LaTeX Warning: Reference `eq:general_BC' on page 8 undefined on input line 383.



[8]

LaTeX Warning: Reference `eq:boundary_integral_x-1_x' on page 9 undefined on in
put line 414.


LaTeX Warning: Reference `eq:boundary_integral_x_x' on page 9 undefined on inpu
t line 414.


LaTeX Warning: Reference `eq:boundary_integral_x_x-1' on page 9 undefined on in
put line 414.


LaTeX Warning: Reference `eq:general_BC' on page 9 undefined on input line 424.



LaTeX Warning: Reference `eq:init_cond_u^0_general' on page 9 undefined on inpu
t line 426.


LaTeX Warning: Reference `eq:init_cond_u^0_general' on page 9 undefined on inpu
t line 427.


[9]

LaTeX Warning: Reference `eq:init_cond_u^0_general' on page 10 undefined on inp
ut line 471.


LaTeX Warning: Reference `eq:A_sigma_in_A_tau_A_lambda' on page 10 undefined on
 input line 473.


LaTeX Warning: Reference `sec:1pt' on page 10 undefined on input line 473.


LaTeX Warning: Reference `eq:Lambda_YX;0;sigma_first' on page 10 undefined on i
nput line 495.


[10]

LaTeX Warning: Reference `eq:Lambda_YX;0;sigma_second' on page 11 undefined on 
input line 503.


LaTeX Warning: Reference `eq:Lambda_YX;0;sigma_first' on page 11 undefined on i
nput line 507.


LaTeX Warning: Reference `eq:inner_integral' on page 11 undefined on input line
 511.


LaTeX Warning: Reference `eq:Lambda_YX;0;sigma_first' on page 11 undefined on i
nput line 511.


LaTeX Warning: Reference `eq:general_X' on page 11 undefined on input line 523.



LaTeX Warning: Reference `eq:general_X' on page 11 undefined on input line 525.



LaTeX Warning: Reference `eq:init_cond_u^0_general' on page 11 undefined on inp
ut line 534.


LaTeX Warning: Reference `lem:Bethe_ansatz_solution' on page 11 undefined on in
put line 537.


LaTeX Warning: Reference `lem:BA_coefficients' on page 11 undefined on input li
ne 537.


LaTeX Warning: Reference `thm:main' on page 11 undefined on input line 537.


[11] (build/1894.aux)

LaTeX Warning: There were undefined references.


LaTeX Warning: Label(s) may have changed. Rerun to get cross-references right.


Package rerunfilecheck Warning: File `1894.out' has changed.
(rerunfilecheck)                Rerun to get outlines right
(rerunfilecheck)                or use package `bookmark'.

 )
Output written on build/1894.pdf (11 pages).
Transcript written on build/1894.log.
