This is XeTeX, Version 3.141592653-2.6-0.999996 (TeX Live 2025/dev/Debian) (preloaded format=xelatex)
entering extended mode
(./1890.tex
LaTeX2e <2024-11-01> patch level 2
L3 programming layer <2025-01-18>
(/usr/share/texlive/texmf-dist/tex/latex/base/article.cls
Document Class: article 2024/06/29 v1.4n Standard LaTeX document class
(/usr/share/texlive/texmf-dist/tex/latex/base/size11.clo))
(/usr/share/texlive/texmf-dist/tex/latex/geometry/geometry.sty
(/usr/share/texlive/texmf-dist/tex/latex/graphics/keyval.sty)
(/usr/share/texlive/texmf-dist/tex/generic/iftex/ifvtex.sty
(/usr/share/texlive/texmf-dist/tex/generic/iftex/iftex.sty)))
(/usr/share/texlive/texmf-dist/tex/latex/fontspec/fontspec.sty
(/usr/share/texlive/texmf-dist/tex/latex/l3packages/xparse/xparse.sty
(/usr/share/texlive/texmf-dist/tex/latex/l3kernel/expl3.sty
(/usr/share/texlive/texmf-dist/tex/latex/l3backend/l3backend-xetex.def)))
(/usr/share/texlive/texmf-dist/tex/latex/fontspec/fontspec-xetex.sty
(/usr/share/texlive/texmf-dist/tex/latex/base/fontenc.sty)
(/usr/share/texlive/texmf-dist/tex/latex/fontspec/fontspec.cfg)))
(/usr/share/texlive/texmf-dist/tex/latex/amsmath/amsmath.sty
For additional information on amsmath, use the `?' option.
(/usr/share/texlive/texmf-dist/tex/latex/amsmath/amstext.sty
(/usr/share/texlive/texmf-dist/tex/latex/amsmath/amsgen.sty))
(/usr/share/texlive/texmf-dist/tex/latex/amsmath/amsbsy.sty)
(/usr/share/texlive/texmf-dist/tex/latex/amsmath/amsopn.sty))
(/usr/share/texlive/texmf-dist/tex/latex/amsfonts/amssymb.sty
(/usr/share/texlive/texmf-dist/tex/latex/amsfonts/amsfonts.sty))
(/usr/share/texlive/texmf-dist/tex/latex/amscls/amsthm.sty)
(/usr/share/texlive/texmf-dist/tex/latex/amsmath/amscd.sty)
(/usr/share/texlive/texmf-dist/tex/latex/graphics/graphicx.sty
(/usr/share/texlive/texmf-dist/tex/latex/graphics/graphics.sty
(/usr/share/texlive/texmf-dist/tex/latex/graphics/trig.sty)
(/usr/share/texlive/texmf-dist/tex/latex/graphics-cfg/graphics.cfg)
(/usr/share/texlive/texmf-dist/tex/latex/graphics-def/xetex.def)))
(/usr/share/texlive/texmf-dist/tex/latex/graphics/color.sty
(/usr/share/texlive/texmf-dist/tex/latex/graphics-cfg/color.cfg)
(/usr/share/texlive/texmf-dist/tex/latex/graphics/mathcolor.ltx))
(/usr/share/texlive/texmf-dist/tex/latex/xurl/xurl.sty
(/usr/share/texlive/texmf-dist/tex/latex/url/url.sty))
(/usr/share/texlive/texmf-dist/tex/latex/hyperref/hyperref.sty
(/usr/share/texlive/texmf-dist/tex/latex/kvsetkeys/kvsetkeys.sty)
(/usr/share/texlive/texmf-dist/tex/generic/kvdefinekeys/kvdefinekeys.sty)
(/usr/share/texlive/texmf-dist/tex/generic/pdfescape/pdfescape.sty
(/usr/share/texlive/texmf-dist/tex/generic/ltxcmds/ltxcmds.sty)
(/usr/share/texlive/texmf-dist/tex/generic/pdftexcmds/pdftexcmds.sty
(/usr/share/texlive/texmf-dist/tex/generic/infwarerr/infwarerr.sty)))
(/usr/share/texlive/texmf-dist/tex/latex/hycolor/hycolor.sty)
(/usr/share/texlive/texmf-dist/tex/latex/hyperref/nameref.sty
(/usr/share/texlive/texmf-dist/tex/latex/refcount/refcount.sty)
(/usr/share/texlive/texmf-dist/tex/generic/gettitlestring/gettitlestring.sty
(/usr/share/texlive/texmf-dist/tex/latex/kvoptions/kvoptions.sty)))
(/usr/share/texlive/texmf-dist/tex/latex/etoolbox/etoolbox.sty)
(/usr/share/texlive/texmf-dist/tex/generic/stringenc/stringenc.sty)
(/usr/share/texlive/texmf-dist/tex/latex/hyperref/pd1enc.def)
(/usr/share/texlive/texmf-dist/tex/generic/intcalc/intcalc.sty)
(/usr/share/texlive/texmf-dist/tex/latex/hyperref/puenc.def)
(/usr/share/texlive/texmf-dist/tex/generic/bitset/bitset.sty
(/usr/share/texlive/texmf-dist/tex/generic/bigintcalc/bigintcalc.sty))
(/usr/share/texlive/texmf-dist/tex/latex/base/atbegshi-ltx.sty))
(/usr/share/texlive/texmf-dist/tex/latex/hyperref/hxetex.def
(/usr/share/texlive/texmf-dist/tex/latex/rerunfilecheck/rerunfilecheck.sty
(/usr/share/texlive/texmf-dist/tex/latex/base/atveryend-ltx.sty)
(/usr/share/texlive/texmf-dist/tex/generic/uniquecounter/uniquecounter.sty)))
No file 1890.aux.
*geometry* driver: auto-detecting
*geometry* detected driver: xetex

Package hyperref Warning: Rerun to get /PageLabels entry.

(/usr/share/texlive/texmf-dist/tex/latex/amsfonts/umsa.fd)
(/usr/share/texlive/texmf-dist/tex/latex/amsfonts/umsb.fd)

LaTeX Warning: Citation `ZS1' on page 1 undefined on input line 126.


LaTeX Warning: Citation `ZS2' on page 1 undefined on input line 126.


[1]

LaTeX Warning: Reference `1.5' on page 2 undefined on input line 208.


LaTeX Warning: Reference `1.5' on page 2 undefined on input line 213.


LaTeX Warning: Citation `FKRSp1' on page 2 undefined on input line 228.


LaTeX Warning: Citation `SaSaR' on page 2 undefined on input line 228.


LaTeX Warning: Reference `2.1' on page 2 undefined on input line 241.


LaTeX Warning: Reference `2.1' on page 2 undefined on input line 242.


LaTeX Warning: Reference `2.1' on page 2 undefined on input line 243.


LaTeX Warning: Citation `FKRSp1' on page 2 undefined on input line 243.


LaTeX Warning: Citation `FKRSp1' on page 2 undefined on input line 264.


[2]

LaTeX Warning: Citation `FKRSp1' on page 3 undefined on input line 274.


LaTeX Warning: Reference `1.5' on page 3 undefined on input line 274.


LaTeX Warning: Reference `1.5' on page 3 undefined on input line 283.


LaTeX Warning: Reference `2.3' on page 3 undefined on input line 286.


LaTeX Warning: Reference `2.3!' on page 3 undefined on input line 290.


LaTeX Warning: Reference `2.3' on page 3 undefined on input line 290.


LaTeX Warning: Reference `MB' on page 3 undefined on input line 291.


LaTeX Warning: Citation `SaSaR' on page 3 undefined on input line 291.


LaTeX Warning: Reference `zc' on page 3 undefined on input line 293.


LaTeX Warning: Citation `SaAF' on page 3 undefined on input line 294.


LaTeX Warning: Reference `zc' on page 3 undefined on input line 297.


LaTeX Warning: Reference `2.4' on page 3 undefined on input line 306.


LaTeX Warning: Reference `au' on page 3 undefined on input line 310.


LaTeX Warning: Reference `NW1' on page 3 undefined on input line 324.


LaTeX Warning: Reference `au' on page 3 undefined on input line 325.


LaTeX Warning: Citation `ZaMa' on page 3 undefined on input line 329.


LaTeX Warning: Citation `AbH' on page 3 undefined on input line 329.


LaTeX Warning: Citation `SaSaR' on page 3 undefined on input line 331.


LaTeX Warning: Citation `SaA17' on page 3 undefined on input line 331.


LaTeX Warning: Reference `NW2' on page 3 undefined on input line 336.


LaTeX Warning: Reference `NW5' on page 3 undefined on input line 337.


LaTeX Warning: Reference `NW5' on page 3 undefined on input line 349.


LaTeX Warning: Reference `NW5' on page 3 undefined on input line 365.


LaTeX Warning: Reference `NWd6' on page 3 undefined on input line 366.


LaTeX Warning: Reference `2.0' on page 3 undefined on input line 366.


LaTeX Warning: Reference `NWd7' on page 3 undefined on input line 366.


LaTeX Warning: Reference `NWd7' on page 3 undefined on input line 368.


LaTeX Warning: Reference `NWDn2' on page 3 undefined on input line 368.


LaTeX Warning: Reference `NW7' on page 3 undefined on input line 368.


[3]

LaTeX Warning: Reference `NW5' on page 4 undefined on input line 372.


LaTeX Warning: Reference `NW7' on page 4 undefined on input line 375.

(/usr/share/texlive/texmf-dist/tex/latex/amsfonts/ueuf.fd)

LaTeX Warning: Citation `SaSaR' on page 4 undefined on input line 386.


LaTeX Warning: Citation `SaSaR' on page 4 undefined on input line 413.


LaTeX Warning: Reference `NWTmUniq' on page 4 undefined on input line 413.


LaTeX Warning: Reference `NW6' on page 4 undefined on input line 415.


LaTeX Warning: Reference `NW7' on page 4 undefined on input line 415.


LaTeX Warning: Reference `NW8' on page 4 undefined on input line 415.


LaTeX Warning: Reference `NW8' on page 4 undefined on input line 419.


LaTeX Warning: Citation `SaSaR' on page 4 undefined on input line 435.


LaTeX Warning: Reference `NW5' on page 4 undefined on input line 446.


LaTeX Warning: Reference `NWd8' on page 4 undefined on input line 478.


LaTeX Warning: Reference `NW5' on page 4 undefined on input line 479.


LaTeX Warning: Reference `NW5' on page 4 undefined on input line 480.


LaTeX Warning: Reference `NWd7' on page 4 undefined on input line 481.


LaTeX Warning: Reference `1.3' on page 4 undefined on input line 482.


LaTeX Warning: Citation `SaSaR' on page 4 undefined on input line 492.


[4]

LaTeX Warning: Reference `NW12' on page 5 undefined on input line 509.


LaTeX Warning: Reference `NW13' on page 5 undefined on input line 537.


LaTeX Warning: Reference `2.3' on page 5 undefined on input line 538.


LaTeX Warning: Reference `2.3!' on page 5 undefined on input line 538.


LaTeX Warning: Citation `SaSaR' on page 5 undefined on input line 554.


LaTeX Warning: Citation `SaSaR' on page 5 undefined on input line 577.


LaTeX Warning: Reference `NW1' on page 5 undefined on input line 596.


LaTeX Warning: Reference `NW2' on page 5 undefined on input line 596.


LaTeX Warning: Reference `NW1' on page 5 undefined on input line 597.


LaTeX Warning: Reference `1.4' on page 5 undefined on input line 597.


LaTeX Warning: Reference `subs2.2' on page 5 undefined on input line 598.


LaTeX Warning: Reference `NW5' on page 5 undefined on input line 598.


LaTeX Warning: Reference `2.4' on page 5 undefined on input line 601.


LaTeX Warning: Reference `2.5' on page 5 undefined on input line 601.


LaTeX Warning: Reference `TmM' on page 5 undefined on input line 601.


LaTeX Warning: Reference `NW1' on page 5 undefined on input line 609.


[5]

LaTeX Warning: Reference `NWd7' on page 6 undefined on input line 641.


LaTeX Warning: Reference `NW4' on page 6 undefined on input line 648.


LaTeX Warning: Reference `TmM' on page 6 undefined on input line 648.


LaTeX Warning: Reference `NW5' on page 6 undefined on input line 649.


LaTeX Warning: Reference `TmM' on page 6 undefined on input line 650.


LaTeX Warning: Reference `2.6' on page 6 undefined on input line 650.


LaTeX Warning: Reference `NW24' on page 6 undefined on input line 655.


LaTeX Warning: Reference `NW4' on page 6 undefined on input line 662.


LaTeX Warning: Reference `NW23' on page 6 undefined on input line 676.


LaTeX Warning: Reference `NW26' on page 6 undefined on input line 676.


LaTeX Warning: Reference `NW27' on page 6 undefined on input line 676.


LaTeX Warning: Reference `NW13' on page 6 undefined on input line 682.


LaTeX Warning: Reference `NW25' on page 6 undefined on input line 683.


LaTeX Warning: Reference `NW12' on page 6 undefined on input line 702.


LaTeX Warning: Reference `NW28' on page 6 undefined on input line 703.


LaTeX Warning: Reference `NW13' on page 6 undefined on input line 703.


[6]

LaTeX Warning: Reference `NW31' on page 7 undefined on input line 717.


LaTeX Warning: Reference `NW32' on page 7 undefined on input line 717.


LaTeX Warning: Reference `NW30' on page 7 undefined on input line 717.


LaTeX Warning: Reference `NW15' on page 7 undefined on input line 726.


LaTeX Warning: Reference `NW14' on page 7 undefined on input line 740.


LaTeX Warning: Reference `NW28' on page 7 undefined on input line 740.


LaTeX Warning: Reference `NW33' on page 7 undefined on input line 746.


LaTeX Warning: Reference `NW34' on page 7 undefined on input line 756.


LaTeX Warning: Reference `NW34' on page 7 undefined on input line 757.


LaTeX Warning: Reference `NW17' on page 7 undefined on input line 758.


LaTeX Warning: Reference `NW35' on page 7 undefined on input line 767.


LaTeX Warning: Reference `NW34' on page 7 undefined on input line 767.


LaTeX Warning: Reference `NW21' on page 7 undefined on input line 767.


LaTeX Warning: Reference `subs2.2' on page 7 undefined on input line 768.


LaTeX Warning: Reference `NW22' on page 7 undefined on input line 769.


LaTeX Warning: Reference `NW16' on page 7 undefined on input line 769.


[7]
[8] (build/1890.aux)

LaTeX Warning: There were undefined references.


LaTeX Warning: Label(s) may have changed. Rerun to get cross-references right.


Package rerunfilecheck Warning: File `1890.out' has changed.
(rerunfilecheck)                Rerun to get outlines right
(rerunfilecheck)                or use package `bookmark'.

 )
Output written on build/1890.pdf (8 pages).
Transcript written on build/1890.log.
