This is XeTeX, Version 3.141592653-2.6-0.999996 (TeX Live 2025/dev/Debian) (preloaded format=xelatex)
entering extended mode
(./1787.tex
LaTeX2e <2024-11-01> patch level 2
L3 programming layer <2025-01-18>
(/usr/share/texlive/texmf-dist/tex/latex/base/article.cls
Document Class: article 2024/06/29 v1.4n Standard LaTeX document class
(/usr/share/texlive/texmf-dist/tex/latex/base/size11.clo))
(/usr/share/texlive/texmf-dist/tex/latex/geometry/geometry.sty
(/usr/share/texlive/texmf-dist/tex/latex/graphics/keyval.sty)
(/usr/share/texlive/texmf-dist/tex/generic/iftex/ifvtex.sty
(/usr/share/texlive/texmf-dist/tex/generic/iftex/iftex.sty)))
(/usr/share/texlive/texmf-dist/tex/latex/fontspec/fontspec.sty
(/usr/share/texlive/texmf-dist/tex/latex/l3packages/xparse/xparse.sty
(/usr/share/texlive/texmf-dist/tex/latex/l3kernel/expl3.sty
(/usr/share/texlive/texmf-dist/tex/latex/l3backend/l3backend-xetex.def)))
(/usr/share/texlive/texmf-dist/tex/latex/fontspec/fontspec-xetex.sty
(/usr/share/texlive/texmf-dist/tex/latex/base/fontenc.sty)
(/usr/share/texlive/texmf-dist/tex/latex/fontspec/fontspec.cfg)))
(/usr/share/texlive/texmf-dist/tex/latex/amsmath/amsmath.sty
For additional information on amsmath, use the `?' option.
(/usr/share/texlive/texmf-dist/tex/latex/amsmath/amstext.sty
(/usr/share/texlive/texmf-dist/tex/latex/amsmath/amsgen.sty))
(/usr/share/texlive/texmf-dist/tex/latex/amsmath/amsbsy.sty)
(/usr/share/texlive/texmf-dist/tex/latex/amsmath/amsopn.sty))
(/usr/share/texlive/texmf-dist/tex/latex/amsfonts/amssymb.sty
(/usr/share/texlive/texmf-dist/tex/latex/amsfonts/amsfonts.sty))
(/usr/share/texlive/texmf-dist/tex/latex/amscls/amsthm.sty)
(/usr/share/texlive/texmf-dist/tex/latex/amsmath/amscd.sty)
(/usr/share/texlive/texmf-dist/tex/latex/graphics/graphicx.sty
(/usr/share/texlive/texmf-dist/tex/latex/graphics/graphics.sty
(/usr/share/texlive/texmf-dist/tex/latex/graphics/trig.sty)
(/usr/share/texlive/texmf-dist/tex/latex/graphics-cfg/graphics.cfg)
(/usr/share/texlive/texmf-dist/tex/latex/graphics-def/xetex.def)))
(/usr/share/texlive/texmf-dist/tex/latex/graphics/color.sty
(/usr/share/texlive/texmf-dist/tex/latex/graphics-cfg/color.cfg)
(/usr/share/texlive/texmf-dist/tex/latex/graphics/mathcolor.ltx))
(/usr/share/texlive/texmf-dist/tex/latex/xurl/xurl.sty
(/usr/share/texlive/texmf-dist/tex/latex/url/url.sty))
(/usr/share/texlive/texmf-dist/tex/latex/hyperref/hyperref.sty
(/usr/share/texlive/texmf-dist/tex/latex/kvsetkeys/kvsetkeys.sty)
(/usr/share/texlive/texmf-dist/tex/generic/kvdefinekeys/kvdefinekeys.sty)
(/usr/share/texlive/texmf-dist/tex/generic/pdfescape/pdfescape.sty
(/usr/share/texlive/texmf-dist/tex/generic/ltxcmds/ltxcmds.sty)
(/usr/share/texlive/texmf-dist/tex/generic/pdftexcmds/pdftexcmds.sty
(/usr/share/texlive/texmf-dist/tex/generic/infwarerr/infwarerr.sty)))
(/usr/share/texlive/texmf-dist/tex/latex/hycolor/hycolor.sty)
(/usr/share/texlive/texmf-dist/tex/latex/hyperref/nameref.sty
(/usr/share/texlive/texmf-dist/tex/latex/refcount/refcount.sty)
(/usr/share/texlive/texmf-dist/tex/generic/gettitlestring/gettitlestring.sty
(/usr/share/texlive/texmf-dist/tex/latex/kvoptions/kvoptions.sty)))
(/usr/share/texlive/texmf-dist/tex/latex/etoolbox/etoolbox.sty)
(/usr/share/texlive/texmf-dist/tex/generic/stringenc/stringenc.sty)
(/usr/share/texlive/texmf-dist/tex/latex/hyperref/pd1enc.def)
(/usr/share/texlive/texmf-dist/tex/generic/intcalc/intcalc.sty)
(/usr/share/texlive/texmf-dist/tex/latex/hyperref/puenc.def)
(/usr/share/texlive/texmf-dist/tex/generic/bitset/bitset.sty
(/usr/share/texlive/texmf-dist/tex/generic/bigintcalc/bigintcalc.sty))
(/usr/share/texlive/texmf-dist/tex/latex/base/atbegshi-ltx.sty))
(/usr/share/texlive/texmf-dist/tex/latex/hyperref/hxetex.def
(/usr/share/texlive/texmf-dist/tex/latex/rerunfilecheck/rerunfilecheck.sty
(/usr/share/texlive/texmf-dist/tex/latex/base/atveryend-ltx.sty)
(/usr/share/texlive/texmf-dist/tex/generic/uniquecounter/uniquecounter.sty)))
(/usr/share/texlive/texmf-dist/tex/generic/xypic/xy.sty
(/usr/share/texlive/texmf-dist/tex/generic/xypic/xy.tex Bootstrap'ing:
catcodes, docmode, (/usr/share/texlive/texmf-dist/tex/generic/xypic/xyrecat.tex
) (/usr/share/texlive/texmf-dist/tex/generic/xypic/xyidioms.tex)

 Xy-pic version 3.8.9 <2013/10/06>
 Copyright (c) 1991-2013 by Kristoffer H. Rose <krisrose@tug.org> and others
 Xy-pic is free software: see the User's Guide for details.

Loading kernel: messages; fonts; allocations: state, direction,
utility macros; pictures: \xy, positions, objects, decorations;
kernel objects: directionals, circles, text; options; algorithms: directions,
edges, connections;  Xy-pic loaded)
(/usr/share/texlive/texmf-dist/tex/generic/iftex/ifpdf.sty))
(/usr/share/texlive/texmf-dist/tex/generic/xypic/xyarrow.tex
 Xy-pic option: Arrow and Path feature v.3.9 path, \ar, loaded)
(/usr/share/texlive/texmf-dist/tex/generic/xypic/xymatrix.tex
 Xy-pic option: Matrix feature v.3.14 loaded)
(/usr/share/texlive/texmf-dist/tex/generic/xypic/xytips.tex
 Xy-pic option: More Tips extension v.3.11 loaded)
No file 1787.aux.
*geometry* driver: auto-detecting
*geometry* detected driver: xetex

Package hyperref Warning: Rerun to get /PageLabels entry.

(/usr/share/texlive/texmf-dist/tex/latex/amsfonts/umsa.fd)
(/usr/share/texlive/texmf-dist/tex/latex/amsfonts/umsb.fd)

LaTeX Warning: Citation `TY2007' on page 1 undefined on input line 78.


LaTeX Warning: Citation `TY2007' on page 1 undefined on input line 82.


LaTeX Warning: Reference `hpga:thm:mt' on page 1 undefined on input line 82.


LaTeX Warning: Citation `ane' on page 1 undefined on input line 82.


LaTeX Warning: Citation `tuijp2015' on page 1 undefined on input line 82.


[1]

LaTeX Warning: Citation `kuwata2012' on page 2 undefined on input line 84.


LaTeX Warning: Reference `hpga:sec:fp' on page 2 undefined on input line 110.


Package hyperref Warning: Suppressing link with empty target on input line 112.



Package hyperref Warning: Suppressing link with empty target on input line 112.



LaTeX Warning: Citation `Dickson' on page 2 undefined on input line 112.


LaTeX Warning: Citation `fisher2012' on page 2 undefined on input line 117.


LaTeX Warning: Citation `kuwata2012' on page 2 undefined on input line 117.


LaTeX Warning: Reference `hpga:sec:fp' on page 2 undefined on input line 119.


LaTeX Warning: Reference `hpga:sec:3tgrp' on page 2 undefined on input line 119
.


LaTeX Warning: Reference `hpga:sec:wp' on page 2 undefined on input line 119.


LaTeX Warning: Reference `hpga:sec:wf' on page 2 undefined on input line 119.


LaTeX Warning: Reference `hpga:sec:3tlcc' on page 2 undefined on input line 119
.


LaTeX Warning: Reference `hpga:sec:wp3tiie' on page 2 undefined on input line 1
19.


LaTeX Warning: Reference `hpga:sec:pot' on page 2 undefined on input line 120.


Package hyperref Warning: Suppressing link with empty target on input line 120.



[2]

LaTeX Warning: Citation `fulton2008' on page 3 undefined on input line 131.


Package hyperref Warning: Suppressing link with empty target on input line 134.



LaTeX Warning: Citation `pascal1902' on page 3 undefined on input line 139.


LaTeX Warning: Citation `bosma1997' on page 3 undefined on input line 141.


LaTeX Warning: Reference `two' on page 3 undefined on input line 147.


LaTeX Warning: Reference `two' on page 3 undefined on input line 151.


LaTeX Warning: Reference `two' on page 3 undefined on input line 174.


LaTeX Warning: Citation `silverman1985' on page 3 undefined on input line 183.


[3]

LaTeX Warning: Citation `silverman1985' on page 4 undefined on input line 194.


LaTeX Warning: Citation `washington2008' on page 4 undefined on input line 194.



LaTeX Warning: Citation `silverman1985' on page 4 undefined on input line 198.


[4]

LaTeX Warning: Reference `hpga:prop:pglme' on page 5 undefined on input line 26
2.


LaTeX Warning: Reference `hpga:prop:3t2pl' on page 5 undefined on input line 26
3.


[5]

LaTeX Warning: Reference `hpga:prop:wprigepgl' on page 6 undefined on input lin
e 291.


LaTeX Warning: Reference `prop7' on page 6 undefined on input line 291.


LaTeX Warning: Reference `prop7' on page 6 undefined on input line 293.


LaTeX Warning: Citation `silverman1985' on page 6 undefined on input line 301.


LaTeX Warning: Citation `washington2008' on page 6 undefined on input line 301.



LaTeX Warning: Reference `hpga:sec:3tgrp' on page 6 undefined on input line 301
.


LaTeX Warning: Reference `hpga:sec:wp' on page 6 undefined on input line 301.


LaTeX Warning: Reference `hpga:sec:3tlcc' on page 6 undefined on input line 305
.


LaTeX Warning: Reference `hpga:cor:cphpfp' on page 6 undefined on input line 30
5.


LaTeX Warning: Reference `hpga:lem:cwpi' on page 6 undefined on input line 305.



LaTeX Warning: Reference `prop7' on page 6 undefined on input line 315.


LaTeX Warning: Reference `hpga:thm:mt' on page 6 undefined on input line 320.


[6] <xymatrix 5x2 416> <xymatrix 5x2 416>

LaTeX Warning: Reference `hpga:thm:mt' on page 7 undefined on input line 336.


LaTeX Warning: Citation `silverman1985' on page 7 undefined on input line 337.


LaTeX Warning: Reference `hpga:sec:3tgrp' on page 7 undefined on input line 337
.


LaTeX Warning: Reference `hpga:sec:wp' on page 7 undefined on input line 337.


LaTeX Warning: Reference `hpga:prop:wprigepgl' on page 7 undefined on input lin
e 339.


LaTeX Warning: Reference `hpga:prop:pglme' on page 7 undefined on input line 34
3.


LaTeX Warning: Reference `hpga:prop:3t2pl' on page 7 undefined on input line 34
3.


LaTeX Warning: Reference `hpga:lem:pglgalinv' on page 7 undefined on input line
 343.


[7]
[8] (build/1787.aux)

LaTeX Warning: There were undefined references.


LaTeX Warning: Label(s) may have changed. Rerun to get cross-references right.


Package rerunfilecheck Warning: File `1787.out' has changed.
(rerunfilecheck)                Rerun to get outlines right
(rerunfilecheck)                or use package `bookmark'.

 )
Output written on build/1787.pdf (8 pages).
Transcript written on build/1787.log.
