This is XeTeX, Version 3.141592653-2.6-0.999996 (TeX Live 2025/dev/Debian) (preloaded format=xelatex)
entering extended mode
(./1736.tex
LaTeX2e <2024-11-01> patch level 2
L3 programming layer <2025-01-18>
(/usr/share/texlive/texmf-dist/tex/latex/base/article.cls
Document Class: article 2024/06/29 v1.4n Standard LaTeX document class
(/usr/share/texlive/texmf-dist/tex/latex/base/size11.clo))
(/usr/share/texlive/texmf-dist/tex/latex/geometry/geometry.sty
(/usr/share/texlive/texmf-dist/tex/latex/graphics/keyval.sty)
(/usr/share/texlive/texmf-dist/tex/generic/iftex/ifvtex.sty
(/usr/share/texlive/texmf-dist/tex/generic/iftex/iftex.sty)))
(/usr/share/texlive/texmf-dist/tex/latex/fontspec/fontspec.sty
(/usr/share/texlive/texmf-dist/tex/latex/l3packages/xparse/xparse.sty
(/usr/share/texlive/texmf-dist/tex/latex/l3kernel/expl3.sty
(/usr/share/texlive/texmf-dist/tex/latex/l3backend/l3backend-xetex.def)))
(/usr/share/texlive/texmf-dist/tex/latex/fontspec/fontspec-xetex.sty
(/usr/share/texlive/texmf-dist/tex/latex/base/fontenc.sty)
(/usr/share/texlive/texmf-dist/tex/latex/fontspec/fontspec.cfg)))
(/usr/share/texlive/texmf-dist/tex/latex/amsmath/amsmath.sty
For additional information on amsmath, use the `?' option.
(/usr/share/texlive/texmf-dist/tex/latex/amsmath/amstext.sty
(/usr/share/texlive/texmf-dist/tex/latex/amsmath/amsgen.sty))
(/usr/share/texlive/texmf-dist/tex/latex/amsmath/amsbsy.sty)
(/usr/share/texlive/texmf-dist/tex/latex/amsmath/amsopn.sty))
(/usr/share/texlive/texmf-dist/tex/latex/amsfonts/amssymb.sty
(/usr/share/texlive/texmf-dist/tex/latex/amsfonts/amsfonts.sty))
(/usr/share/texlive/texmf-dist/tex/latex/amscls/amsthm.sty)
(/usr/share/texlive/texmf-dist/tex/latex/amsmath/amscd.sty)
(/usr/share/texlive/texmf-dist/tex/latex/graphics/graphicx.sty
(/usr/share/texlive/texmf-dist/tex/latex/graphics/graphics.sty
(/usr/share/texlive/texmf-dist/tex/latex/graphics/trig.sty)
(/usr/share/texlive/texmf-dist/tex/latex/graphics-cfg/graphics.cfg)
(/usr/share/texlive/texmf-dist/tex/latex/graphics-def/xetex.def)))
(/usr/share/texlive/texmf-dist/tex/latex/graphics/color.sty
(/usr/share/texlive/texmf-dist/tex/latex/graphics-cfg/color.cfg)
(/usr/share/texlive/texmf-dist/tex/latex/graphics/mathcolor.ltx))
(/usr/share/texlive/texmf-dist/tex/latex/xurl/xurl.sty
(/usr/share/texlive/texmf-dist/tex/latex/url/url.sty))
(/usr/share/texlive/texmf-dist/tex/latex/hyperref/hyperref.sty
(/usr/share/texlive/texmf-dist/tex/latex/kvsetkeys/kvsetkeys.sty)
(/usr/share/texlive/texmf-dist/tex/generic/kvdefinekeys/kvdefinekeys.sty)
(/usr/share/texlive/texmf-dist/tex/generic/pdfescape/pdfescape.sty
(/usr/share/texlive/texmf-dist/tex/generic/ltxcmds/ltxcmds.sty)
(/usr/share/texlive/texmf-dist/tex/generic/pdftexcmds/pdftexcmds.sty
(/usr/share/texlive/texmf-dist/tex/generic/infwarerr/infwarerr.sty)))
(/usr/share/texlive/texmf-dist/tex/latex/hycolor/hycolor.sty)
(/usr/share/texlive/texmf-dist/tex/latex/hyperref/nameref.sty
(/usr/share/texlive/texmf-dist/tex/latex/refcount/refcount.sty)
(/usr/share/texlive/texmf-dist/tex/generic/gettitlestring/gettitlestring.sty
(/usr/share/texlive/texmf-dist/tex/latex/kvoptions/kvoptions.sty)))
(/usr/share/texlive/texmf-dist/tex/latex/etoolbox/etoolbox.sty)
(/usr/share/texlive/texmf-dist/tex/generic/stringenc/stringenc.sty)
(/usr/share/texlive/texmf-dist/tex/latex/hyperref/pd1enc.def)
(/usr/share/texlive/texmf-dist/tex/generic/intcalc/intcalc.sty)
(/usr/share/texlive/texmf-dist/tex/latex/hyperref/puenc.def)
(/usr/share/texlive/texmf-dist/tex/generic/bitset/bitset.sty
(/usr/share/texlive/texmf-dist/tex/generic/bigintcalc/bigintcalc.sty))
(/usr/share/texlive/texmf-dist/tex/latex/base/atbegshi-ltx.sty))
(/usr/share/texlive/texmf-dist/tex/latex/hyperref/hxetex.def
(/usr/share/texlive/texmf-dist/tex/latex/rerunfilecheck/rerunfilecheck.sty
(/usr/share/texlive/texmf-dist/tex/latex/base/atveryend-ltx.sty)
(/usr/share/texlive/texmf-dist/tex/generic/uniquecounter/uniquecounter.sty)))
No file 1736.aux.
*geometry* driver: auto-detecting
*geometry* detected driver: xetex

Package hyperref Warning: Rerun to get /PageLabels entry.

(/usr/share/texlive/texmf-dist/tex/latex/amsfonts/umsa.fd)
(/usr/share/texlive/texmf-dist/tex/latex/amsfonts/umsb.fd)
[1]

LaTeX Warning: Reference `nabla' on page 2 undefined on input line 62.


LaTeX Warning: Citation `STV' on page 2 undefined on input line 73.


Package hyperref Warning: Token not allowed in a PDF string (Unicode):
(hyperref)                removing `math shift' on input line 75.


Package hyperref Warning: Token not allowed in a PDF string (Unicode):
(hyperref)                removing `\Omega' on input line 75.


Package hyperref Warning: Token not allowed in a PDF string (Unicode):
(hyperref)                removing `superscript' on input line 75.


Package hyperref Warning: Token not allowed in a PDF string (Unicode):
(hyperref)                removing `\bullet' on input line 75.


Package hyperref Warning: Token not allowed in a PDF string (Unicode):
(hyperref)                removing `math shift' on input line 75.


LaTeX Warning: Reference `bff' on page 2 undefined on input line 103.


LaTeX Warning: Reference `bfi' on page 2 undefined on input line 103.


[2]
Underfull \hbox (badness 5175) in paragraph at lines 109--111
\TU/LatinModernRoman(0)/m/n/10.95 These subspaces form the \TU/LatinModernRoman
(0)/m/it/10.95 logarithmic \TU/LatinModernRoman(0)/m/n/10.95 subcomplex $\OT1/c
mr/m/n/10.95 (
[](\OML/cmm/m/it/10.95 U\OT1/cmr/m/n/10.95 )\OML/cmm/m/it/10.95 ; @\OT1/cmr/m/n
/10.95 )$ \TU/LatinModernRoman(0)/m/n/10.95 of the de Rham complex

LaTeX Warning: Citation `STV' on page 3 undefined on input line 115.


LaTeX Warning: Citation `SV2' on page 3 undefined on input line 117.

(/usr/share/texlive/texmf-dist/tex/latex/amsfonts/ueuf.fd)

Package hyperref Warning: Token not allowed in a PDF string (Unicode):
(hyperref)                removing `math shift' on input line 122.


Package hyperref Warning: Token not allowed in a PDF string (Unicode):
(hyperref)                removing `\setbox' on input line 122.


Package hyperref Warning: Token not allowed in a PDF string (Unicode):
(hyperref)                removing `\z@' on input line 122.


Package hyperref Warning: Token not allowed in a PDF string (Unicode):
(hyperref)                removing `\hbox' on input line 122.


Package hyperref Warning: Token not allowed in a PDF string (Unicode):
(hyperref)                removing `\mathsurround' on input line 122.


Package hyperref Warning: Token not allowed in a PDF string (Unicode):
(hyperref)                removing `\z@' on input line 122.


Package hyperref Warning: Token not allowed in a PDF string (Unicode):
(hyperref)                removing `math shift' on input line 122.


Package hyperref Warning: Token not allowed in a PDF string (Unicode):
(hyperref)                removing `\textstyle' on input line 122.


Package hyperref Warning: Token not allowed in a PDF string (Unicode):
(hyperref)                removing `subscript' on input line 122.


Package hyperref Warning: Token not allowed in a PDF string (Unicode):
(hyperref)                removing `math shift' on input line 122.


Package hyperref Warning: Token not allowed in a PDF string (Unicode):
(hyperref)                removing `\mathaccent' on input line 122.


Package hyperref Warning: Token not allowed in a PDF string (Unicode):
(hyperref)                removing `subscript' on input line 122.


Package hyperref Warning: Token not allowed in a PDF string (Unicode):
(hyperref)                removing `math shift' on input line 122.


Package hyperref Warning: Token not allowed in a PDF string (Unicode):
(hyperref)                removing `math shift' on input line 123.


Package hyperref Warning: Token not allowed in a PDF string (Unicode):
(hyperref)                removing `\setbox' on input line 123.


Package hyperref Warning: Token not allowed in a PDF string (Unicode):
(hyperref)                removing `\z@' on input line 123.


Package hyperref Warning: Token not allowed in a PDF string (Unicode):
(hyperref)                removing `\hbox' on input line 123.


Package hyperref Warning: Token not allowed in a PDF string (Unicode):
(hyperref)                removing `\mathsurround' on input line 123.


Package hyperref Warning: Token not allowed in a PDF string (Unicode):
(hyperref)                removing `\z@' on input line 123.


Package hyperref Warning: Token not allowed in a PDF string (Unicode):
(hyperref)                removing `math shift' on input line 123.


Package hyperref Warning: Token not allowed in a PDF string (Unicode):
(hyperref)                removing `\textstyle' on input line 123.


Package hyperref Warning: Token not allowed in a PDF string (Unicode):
(hyperref)                removing `subscript' on input line 123.


Package hyperref Warning: Token not allowed in a PDF string (Unicode):
(hyperref)                removing `math shift' on input line 123.


Package hyperref Warning: Token not allowed in a PDF string (Unicode):
(hyperref)                removing `\mathaccent' on input line 123.


Package hyperref Warning: Token not allowed in a PDF string (Unicode):
(hyperref)                removing `subscript' on input line 123.


Package hyperref Warning: Token not allowed in a PDF string (Unicode):
(hyperref)                removing `math shift' on input line 123.


Package hyperref Warning: Token not allowed in a PDF string (Unicode):
(hyperref)                removing `math shift' on input line 142.


Package hyperref Warning: Token not allowed in a PDF string (Unicode):
(hyperref)                removing `\pi' on input line 142.


Package hyperref Warning: Token not allowed in a PDF string (Unicode):
(hyperref)                removing `math shift' on input line 142.


[3]

LaTeX Warning: Citation `KK' on page 4 undefined on input line 163.


LaTeX Warning: Citation `MFF' on page 4 undefined on input line 177.


LaTeX Warning: Citation `MFF' on page 4 undefined on input line 185.


[4]

Package hyperref Warning: Token not allowed in a PDF string (Unicode):
(hyperref)                removing `math shift' on input line 210.


Package hyperref Warning: Token not allowed in a PDF string (Unicode):
(hyperref)                removing `math shift' on input line 210.


Package hyperref Warning: Token not allowed in a PDF string (Unicode):
(hyperref)                removing `math shift' on input line 210.


Package hyperref Warning: Token not allowed in a PDF string (Unicode):
(hyperref)                removing `superscript' on input line 210.


Package hyperref Warning: Token not allowed in a PDF string (Unicode):
(hyperref)                removing `math shift' on input line 210.


LaTeX Warning: Reference `indices' on page 5 undefined on input line 226.


LaTeX Warning: Citation `SV2' on page 5 undefined on input line 234.


LaTeX Warning: Reference `thm form' on page 5 undefined on input line 245.


LaTeX Warning: Citation `SV2' on page 5 undefined on input line 245.


LaTeX Warning: Reference `thm form' on page 5 undefined on input line 245.


LaTeX Warning: Reference `sec PROOF' on page 5 undefined on input line 245.


LaTeX Warning: Reference `id A' on page 5 undefined on input line 247.


LaTeX Warning: Reference `id B' on page 5 undefined on input line 247.


LaTeX Warning: Reference `reson' on page 5 undefined on input line 247.


[5]

LaTeX Warning: Reference `thm form' on page 6 undefined on input line 250.


Package hyperref Warning: Token not allowed in a PDF string (Unicode):
(hyperref)                removing `math shift' on input line 262.


Package hyperref Warning: Token not allowed in a PDF string (Unicode):
(hyperref)                removing `subscript' on input line 262.


Package hyperref Warning: Token not allowed in a PDF string (Unicode):
(hyperref)                removing `math shift' on input line 262.


Package hyperref Warning: Token not allowed in a PDF string (Unicode):
(hyperref)                removing `math shift' on input line 266.


Package hyperref Warning: Token not allowed in a PDF string (Unicode):
(hyperref)                removing `subscript' on input line 266.


Package hyperref Warning: Token not allowed in a PDF string (Unicode):
(hyperref)                removing `math shift' on input line 266.


LaTeX Warning: Reference `aut' on page 6 undefined on input line 276.


LaTeX Warning: Reference `mult' on page 6 undefined on input line 299.


[6]

LaTeX Warning: Reference `dr com' on page 7 undefined on input line 303.


Package amsmath Warning: Foreign command \atop;
(amsmath)                \frac or \genfrac should be used instead
(amsmath)                 on input line 328.


LaTeX Warning: Citation `SV2' on page 7 undefined on input line 338.


LaTeX Warning: Reference `eta 1f' on page 7 undefined on input line 338.


LaTeX Warning: Reference `eta 0i' on page 7 undefined on input line 338.


[7]

LaTeX Warning: Reference `thm hom' on page 8 undefined on input line 345.


LaTeX Warning: Citation `SV2' on page 8 undefined on input line 345.


LaTeX Warning: Reference `id A' on page 8 undefined on input line 377.


[8]

LaTeX Warning: Reference `id B' on page 9 undefined on input line 404.


LaTeX Warning: Reference `aut' on page 9 undefined on input line 404.


LaTeX Warning: Reference `thm hom' on page 9 undefined on input line 406.


LaTeX Warning: Reference `thm form' on page 9 undefined on input line 415.


LaTeX Warning: Reference `id B' on page 9 undefined on input line 417.


LaTeX Warning: Reference `id A' on page 9 undefined on input line 417.


[9]

LaTeX Warning: Reference `BASIS' on page 10 undefined on input line 449.


LaTeX Warning: Reference `lem elts' on page 10 undefined on input line 449.


LaTeX Warning: Reference `BASIS' on page 10 undefined on input line 457.


LaTeX Warning: Reference `id A' on page 10 undefined on input line 463.


[10]

LaTeX Warning: Reference `id B' on page 11 undefined on input line 475.


LaTeX Warning: Reference `id A' on page 11 undefined on input line 475.


LaTeX Warning: Reference `id B' on page 11 undefined on input line 475.


LaTeX Warning: Reference `id A' on page 11 undefined on input line 504.


LaTeX Warning: Reference `id A' on page 11 undefined on input line 504.


LaTeX Warning: Reference `AA' on page 11 undefined on input line 511.


LaTeX Warning: Reference `BASIS' on page 11 undefined on input line 511.


LaTeX Warning: Reference `AA' on page 11 undefined on input line 511.


[11]

LaTeX Warning: Reference `AA' on page 12 undefined on input line 524.


LaTeX Warning: Reference `Pr4' on page 12 undefined on input line 525.


LaTeX Warning: Reference `Pr3' on page 12 undefined on input line 525.


LaTeX Warning: Reference `Pr2' on page 12 undefined on input line 525.


LaTeX Warning: Reference `Pr1' on page 12 undefined on input line 525.


LaTeX Warning: Reference `thm form' on page 12 undefined on input line 525.


Package hyperref Warning: Token not allowed in a PDF string (Unicode):
(hyperref)                removing `math shift' on input line 527.


Package hyperref Warning: Token not allowed in a PDF string (Unicode):
(hyperref)                removing `math shift' on input line 527.


LaTeX Warning: Reference `AA' on page 12 undefined on input line 528.


LaTeX Warning: Reference `lem pere' on page 12 undefined on input line 530.


LaTeX Warning: Reference `lem pere' on page 12 undefined on input line 537.


LaTeX Warning: Reference `lem pere' on page 12 undefined on input line 543.


LaTeX Warning: Reference `Pr4' on page 12 undefined on input line 553.


LaTeX Warning: Reference `AA' on page 12 undefined on input line 557.


[12]

LaTeX Warning: Reference `G1s12' on page 13 undefined on input line 582.


LaTeX Warning: Reference `G1s12' on page 13 undefined on input line 582.


[13]

LaTeX Warning: Reference `Pr3' on page 14 undefined on input line 625.


LaTeX Warning: Reference `Group 3, s=1' on page 14 undefined on input line 625.



LaTeX Warning: Reference `G1sg1' on page 14 undefined on input line 647.


LaTeX Warning: Reference `G1sg2' on page 14 undefined on input line 649.


[14]

LaTeX Warning: Reference `1 and 2' on page 15 undefined on input line 673.


LaTeX Warning: Reference `G1sg2' on page 15 undefined on input line 695.


LaTeX Warning: Reference `G1sg2' on page 15 undefined on input line 697.


[15]

LaTeX Warning: Reference `fs sum' on page 16 undefined on input line 718.


LaTeX Warning: Reference `fs sum' on page 16 undefined on input line 729.


LaTeX Warning: Reference `ind1' on page 16 undefined on input line 738.


LaTeX Warning: Reference `trick_notes' on page 16 undefined on input line 744.


[16]

LaTeX Warning: Reference `ind1' on page 17 undefined on input line 749.


LaTeX Warning: Reference `ind2' on page 17 undefined on input line 749.


LaTeX Warning: Reference `G1sg2' on page 17 undefined on input line 761.


LaTeX Warning: Reference `G1sg3' on page 17 undefined on input line 763.


LaTeX Warning: Reference `2terms' on page 17 undefined on input line 773.


LaTeX Warning: Reference `2terms' on page 17 undefined on input line 777.


[17]

LaTeX Warning: Reference `sum1' on page 18 undefined on input line 788.


LaTeX Warning: Reference `sum2' on page 18 undefined on input line 788.


LaTeX Warning: Reference `G1sg3' on page 18 undefined on input line 792.


LaTeX Warning: Reference `G1sg3' on page 18 undefined on input line 794.


LaTeX Warning: Reference `fs sum2' on page 18 undefined on input line 802.


LaTeX Warning: Reference `fs sum2' on page 18 undefined on input line 809.


[18]

LaTeX Warning: Reference `2f' on page 19 undefined on input line 823.


LaTeX Warning: Reference `G1sg3' on page 19 undefined on input line 835.


LaTeX Warning: Reference `lem G1s' on page 19 undefined on input line 835.


LaTeX Warning: Reference `Pr3' on page 19 undefined on input line 837.


Package hyperref Warning: Token not allowed in a PDF string (Unicode):
(hyperref)                removing `math shift' on input line 840.


Package hyperref Warning: Token not allowed in a PDF string (Unicode):
(hyperref)                removing `math shift' on input line 840.


LaTeX Warning: Reference `AA' on page 19 undefined on input line 841.


LaTeX Warning: Reference `he' on page 19 undefined on input line 876.


LaTeX Warning: Reference `G21' on page 19 undefined on input line 881.


[19]

LaTeX Warning: Reference `G22' on page 20 undefined on input line 908.


[20]

LaTeX Warning: Reference `G23' on page 21 undefined on input line 928.


LaTeX Warning: Reference `Group 2' on page 21 undefined on input line 928.


LaTeX Warning: Reference `Group 2' on page 21 undefined on input line 931.


LaTeX Warning: Reference `Pr2' on page 21 undefined on input line 946.


Package hyperref Warning: Token not allowed in a PDF string (Unicode):
(hyperref)                removing `math shift' on input line 949.


Package hyperref Warning: Token not allowed in a PDF string (Unicode):
(hyperref)                removing `math shift' on input line 949.


LaTeX Warning: Reference `AA' on page 21 undefined on input line 950.


[21]

LaTeX Warning: Reference `G31' on page 22 undefined on input line 984.


LaTeX Warning: Reference `fr1' on page 22 undefined on input line 993.


LaTeX Warning: Reference `fr1' on page 22 undefined on input line 993.


LaTeX Warning: Reference `fr2' on page 22 undefined on input line 995.


LaTeX Warning: Reference `fr2' on page 22 undefined on input line 999.


LaTeX Warning: Reference `G32' on page 22 undefined on input line 999.


LaTeX Warning: Reference `G32' on page 22 undefined on input line 1009.


LaTeX Warning: Reference `G33' on page 22 undefined on input line 1009.


LaTeX Warning: Reference `Pr1' on page 22 undefined on input line 1012.


LaTeX Warning: Reference `Group 1' on page 22 undefined on input line 1012.


LaTeX Warning: Reference `thm form' on page 22 undefined on input line 1015.


[22]
[23] (build/1736.aux)

LaTeX Warning: There were undefined references.


LaTeX Warning: Label(s) may have changed. Rerun to get cross-references right.


Package rerunfilecheck Warning: File `1736.out' has changed.
(rerunfilecheck)                Rerun to get outlines right
(rerunfilecheck)                or use package `bookmark'.

 )
(see the transcript file for additional information)
Output written on build/1736.pdf (23 pages).
Transcript written on build/1736.log.
