This is XeTeX, Version 3.141592653-2.6-0.999996 (TeX Live 2025/dev/Debian) (preloaded format=xelatex)
entering extended mode
(./1651.tex
LaTeX2e <2024-11-01> patch level 2
L3 programming layer <2025-01-18>
(/usr/share/texlive/texmf-dist/tex/latex/base/article.cls
Document Class: article 2024/06/29 v1.4n Standard LaTeX document class
(/usr/share/texlive/texmf-dist/tex/latex/base/size11.clo))
(/usr/share/texlive/texmf-dist/tex/latex/geometry/geometry.sty
(/usr/share/texlive/texmf-dist/tex/latex/graphics/keyval.sty)
(/usr/share/texlive/texmf-dist/tex/generic/iftex/ifvtex.sty
(/usr/share/texlive/texmf-dist/tex/generic/iftex/iftex.sty)))
(/usr/share/texlive/texmf-dist/tex/latex/fontspec/fontspec.sty
(/usr/share/texlive/texmf-dist/tex/latex/l3packages/xparse/xparse.sty
(/usr/share/texlive/texmf-dist/tex/latex/l3kernel/expl3.sty
(/usr/share/texlive/texmf-dist/tex/latex/l3backend/l3backend-xetex.def)))
(/usr/share/texlive/texmf-dist/tex/latex/fontspec/fontspec-xetex.sty
(/usr/share/texlive/texmf-dist/tex/latex/base/fontenc.sty)
(/usr/share/texlive/texmf-dist/tex/latex/fontspec/fontspec.cfg)))
(/usr/share/texlive/texmf-dist/tex/latex/amsmath/amsmath.sty
For additional information on amsmath, use the `?' option.
(/usr/share/texlive/texmf-dist/tex/latex/amsmath/amstext.sty
(/usr/share/texlive/texmf-dist/tex/latex/amsmath/amsgen.sty))
(/usr/share/texlive/texmf-dist/tex/latex/amsmath/amsbsy.sty)
(/usr/share/texlive/texmf-dist/tex/latex/amsmath/amsopn.sty))
(/usr/share/texlive/texmf-dist/tex/latex/amsfonts/amssymb.sty
(/usr/share/texlive/texmf-dist/tex/latex/amsfonts/amsfonts.sty))
(/usr/share/texlive/texmf-dist/tex/latex/amscls/amsthm.sty)
(/usr/share/texlive/texmf-dist/tex/latex/amsmath/amscd.sty)
(/usr/share/texlive/texmf-dist/tex/latex/graphics/graphicx.sty
(/usr/share/texlive/texmf-dist/tex/latex/graphics/graphics.sty
(/usr/share/texlive/texmf-dist/tex/latex/graphics/trig.sty)
(/usr/share/texlive/texmf-dist/tex/latex/graphics-cfg/graphics.cfg)
(/usr/share/texlive/texmf-dist/tex/latex/graphics-def/xetex.def)))
(/usr/share/texlive/texmf-dist/tex/latex/graphics/color.sty
(/usr/share/texlive/texmf-dist/tex/latex/graphics-cfg/color.cfg)
(/usr/share/texlive/texmf-dist/tex/latex/graphics/mathcolor.ltx))
(/usr/share/texlive/texmf-dist/tex/latex/xurl/xurl.sty
(/usr/share/texlive/texmf-dist/tex/latex/url/url.sty))
(/usr/share/texlive/texmf-dist/tex/latex/hyperref/hyperref.sty
(/usr/share/texlive/texmf-dist/tex/latex/kvsetkeys/kvsetkeys.sty)
(/usr/share/texlive/texmf-dist/tex/generic/kvdefinekeys/kvdefinekeys.sty)
(/usr/share/texlive/texmf-dist/tex/generic/pdfescape/pdfescape.sty
(/usr/share/texlive/texmf-dist/tex/generic/ltxcmds/ltxcmds.sty)
(/usr/share/texlive/texmf-dist/tex/generic/pdftexcmds/pdftexcmds.sty
(/usr/share/texlive/texmf-dist/tex/generic/infwarerr/infwarerr.sty)))
(/usr/share/texlive/texmf-dist/tex/latex/hycolor/hycolor.sty)
(/usr/share/texlive/texmf-dist/tex/latex/hyperref/nameref.sty
(/usr/share/texlive/texmf-dist/tex/latex/refcount/refcount.sty)
(/usr/share/texlive/texmf-dist/tex/generic/gettitlestring/gettitlestring.sty
(/usr/share/texlive/texmf-dist/tex/latex/kvoptions/kvoptions.sty)))
(/usr/share/texlive/texmf-dist/tex/latex/etoolbox/etoolbox.sty)
(/usr/share/texlive/texmf-dist/tex/generic/stringenc/stringenc.sty)
(/usr/share/texlive/texmf-dist/tex/latex/hyperref/pd1enc.def)
(/usr/share/texlive/texmf-dist/tex/generic/intcalc/intcalc.sty)
(/usr/share/texlive/texmf-dist/tex/latex/hyperref/puenc.def)
(/usr/share/texlive/texmf-dist/tex/generic/bitset/bitset.sty
(/usr/share/texlive/texmf-dist/tex/generic/bigintcalc/bigintcalc.sty))
(/usr/share/texlive/texmf-dist/tex/latex/base/atbegshi-ltx.sty))
(/usr/share/texlive/texmf-dist/tex/latex/hyperref/hxetex.def
(/usr/share/texlive/texmf-dist/tex/latex/rerunfilecheck/rerunfilecheck.sty
(/usr/share/texlive/texmf-dist/tex/latex/base/atveryend-ltx.sty)
(/usr/share/texlive/texmf-dist/tex/generic/uniquecounter/uniquecounter.sty)))
No file 1651.aux.
*geometry* driver: auto-detecting
*geometry* detected driver: xetex

Package hyperref Warning: Rerun to get /PageLabels entry.

(/usr/share/texlive/texmf-dist/tex/latex/amsfonts/umsa.fd)
(/usr/share/texlive/texmf-dist/tex/latex/amsfonts/umsb.fd)
[1]

LaTeX Warning: Reference `XY' on page 2 undefined on input line 161.


LaTeX Warning: Reference `xy' on page 2 undefined on input line 161.

(/usr/share/texlive/texmf-dist/tex/latex/amsfonts/ueuf.fd)

LaTeX Warning: Citation `N1' on page 2 undefined on input line 185.


LaTeX Warning: Reference `3.1' on page 2 undefined on input line 188.


LaTeX Warning: Reference `XY' on page 2 undefined on input line 197.


LaTeX Warning: Reference `XY' on page 2 undefined on input line 206.


LaTeX Warning: Reference `xy' on page 2 undefined on input line 206.


LaTeX Warning: Reference `3.0' on page 2 undefined on input line 220.


LaTeX Warning: Reference `3.1' on page 2 undefined on input line 230.


[2]

LaTeX Warning: Reference `3.3' on page 3 undefined on input line 234.


LaTeX Warning: Reference `3.1' on page 3 undefined on input line 237.


LaTeX Warning: Reference `conv1' on page 3 undefined on input line 246.


LaTeX Warning: Reference `3.22' on page 3 undefined on input line 247.


LaTeX Warning: Reference `bb' on page 3 undefined on input line 256.


LaTeX Warning: Reference `M' on page 3 undefined on input line 256.


LaTeX Warning: Reference `3.3' on page 3 undefined on input line 261.


LaTeX Warning: Reference `3.52' on page 3 undefined on input line 261.


LaTeX Warning: Reference `M' on page 3 undefined on input line 262.


LaTeX Warning: Reference `tu' on page 3 undefined on input line 266.


LaTeX Warning: Reference `MM' on page 3 undefined on input line 278.


LaTeX Warning: Reference `3.22' on page 3 undefined on input line 279.


LaTeX Warning: Reference `TT' on page 3 undefined on input line 283.


LaTeX Warning: Reference `S' on page 3 undefined on input line 283.


LaTeX Warning: Reference `3.3' on page 3 undefined on input line 288.


LaTeX Warning: Reference `S' on page 3 undefined on input line 290.


Package hyperref Warning: Suppressing link with empty target on input line 290.



LaTeX Warning: Reference `tu' on page 3 undefined on input line 298.


LaTeX Warning: Reference `T' on page 3 undefined on input line 323.


LaTeX Warning: Reference `3.3' on page 3 undefined on input line 325.


LaTeX Warning: Reference `m' on page 3 undefined on input line 326.


LaTeX Warning: Reference `s' on page 3 undefined on input line 326.


LaTeX Warning: Reference `T' on page 3 undefined on input line 328.


[3]

LaTeX Warning: Reference `tunat' on page 4 undefined on input line 340.


LaTeX Warning: Reference `tusharp' on page 4 undefined on input line 360.


LaTeX Warning: Reference `T' on page 4 undefined on input line 361.


LaTeX Warning: Reference `S' on page 4 undefined on input line 361.


LaTeX Warning: Reference `tusharp' on page 4 undefined on input line 362.


LaTeX Warning: Reference `tsu' on page 4 undefined on input line 366.


LaTeX Warning: Reference `tusharp' on page 4 undefined on input line 367.


LaTeX Warning: Reference `3.33' on page 4 undefined on input line 374.


LaTeX Warning: Reference `Rtt' on page 4 undefined on input line 375.


LaTeX Warning: Reference `M' on page 4 undefined on input line 378.


LaTeX Warning: Reference `S' on page 4 undefined on input line 378.


LaTeX Warning: Reference `T' on page 4 undefined on input line 378.


LaTeX Warning: Reference `M' on page 4 undefined on input line 381.


LaTeX Warning: Reference `S' on page 4 undefined on input line 381.


LaTeX Warning: Reference `T' on page 4 undefined on input line 381.


LaTeX Warning: Reference `T' on page 4 undefined on input line 382.


LaTeX Warning: Reference `tu' on page 4 undefined on input line 385.


LaTeX Warning: Reference `tunat' on page 4 undefined on input line 386.


LaTeX Warning: Reference `T' on page 4 undefined on input line 388.


LaTeX Warning: Reference `tusharp' on page 4 undefined on input line 392.


LaTeX Warning: Reference `S' on page 4 undefined on input line 392.


LaTeX Warning: Reference `T' on page 4 undefined on input line 392.


LaTeX Warning: Reference `ts' on page 4 undefined on input line 393.


LaTeX Warning: Reference `3.1' on page 4 undefined on input line 408.


LaTeX Warning: Reference `3.1' on page 4 undefined on input line 413.


LaTeX Warning: Reference `3.51' on page 4 undefined on input line 418.


LaTeX Warning: Reference `3.5' on page 4 undefined on input line 419.


LaTeX Warning: Reference `3.51' on page 4 undefined on input line 421.


LaTeX Warning: Reference `3.5' on page 4 undefined on input line 422.


[4]

LaTeX Warning: Reference `S' on page 5 undefined on input line 438.


LaTeX Warning: Citation `MNO' on page 5 undefined on input line 441.


LaTeX Warning: Reference `3.51' on page 5 undefined on input line 442.


LaTeX Warning: Reference `Tijr' on page 5 undefined on input line 455.


LaTeX Warning: Reference `3.1' on page 5 undefined on input line 462.


LaTeX Warning: Reference `Tijr' on page 5 undefined on input line 469.


LaTeX Warning: Reference `glMN' on page 5 undefined on input line 508.


LaTeX Warning: Reference `grel' on page 5 undefined on input line 517.


LaTeX Warning: Reference `UY' on page 5 undefined on input line 520.


LaTeX Warning: Reference `3.1' on page 5 undefined on input line 526.


LaTeX Warning: Citation `MNO' on page 5 undefined on input line 527.


LaTeX Warning: Reference `UY' on page 5 undefined on input line 528.


LaTeX Warning: Reference `grprH' on page 5 undefined on input line 533.


LaTeX Warning: Reference `UY' on page 5 undefined on input line 534.


LaTeX Warning: Reference `UY' on page 5 undefined on input line 537.


LaTeX Warning: Reference `3.6' on page 5 undefined on input line 539.


LaTeX Warning: Reference `3.3' on page 5 undefined on input line 539.


[5]

LaTeX Warning: Reference `3.66' on page 6 undefined on input line 548.


LaTeX Warning: Reference `3.5' on page 6 undefined on input line 556.


LaTeX Warning: Reference `3.66' on page 6 undefined on input line 566.


LaTeX Warning: Reference `tu' on page 6 undefined on input line 567.


LaTeX Warning: Reference `3.7' on page 6 undefined on input line 567.


LaTeX Warning: Reference `3.666' on page 6 undefined on input line 574.


LaTeX Warning: Reference `3.666' on page 6 undefined on input line 588.


LaTeX Warning: Reference `3.7' on page 6 undefined on input line 599.


LaTeX Warning: Reference `2.19' on page 6 undefined on input line 624.


LaTeX Warning: Reference `P21' on page 6 undefined on input line 626.


LaTeX Warning: Reference `UY' on page 6 undefined on input line 633.


LaTeX Warning: Reference `2.3.1' on page 6 undefined on input line 661.


[6]

LaTeX Warning: Reference `evalrep' on page 7 undefined on input line 666.


LaTeX Warning: Reference `2.3.1' on page 7 undefined on input line 682.


LaTeX Warning: Reference `2.3.1' on page 7 undefined on input line 686.


LaTeX Warning: Reference `2.3.1' on page 7 undefined on input line 700.


LaTeX Warning: Reference `2.3.1' on page 7 undefined on input line 713.


LaTeX Warning: Reference `2.3.2' on page 7 undefined on input line 716.


LaTeX Warning: Reference `2.3.1' on page 7 undefined on input line 719.


LaTeX Warning: Reference `2.3.2' on page 7 undefined on input line 723.


LaTeX Warning: Reference `2.3.1' on page 7 undefined on input line 736.


LaTeX Warning: Reference `2.3.1' on page 7 undefined on input line 740.


LaTeX Warning: Reference `2.3.3' on page 7 undefined on input line 747.


LaTeX Warning: Reference `2.3.3' on page 7 undefined on input line 751.


LaTeX Warning: Reference `2.3.3' on page 7 undefined on input line 754.


LaTeX Warning: Reference `P22' on page 7 undefined on input line 769.


LaTeX Warning: Reference `UY' on page 7 undefined on input line 770.


LaTeX Warning: Reference `P21' on page 7 undefined on input line 771.


LaTeX Warning: Reference `UY' on page 7 undefined on input line 774.


[7]
[8] (build/1651.aux)

LaTeX Warning: There were undefined references.


LaTeX Warning: Label(s) may have changed. Rerun to get cross-references right.


Package rerunfilecheck Warning: File `1651.out' has changed.
(rerunfilecheck)                Rerun to get outlines right
(rerunfilecheck)                or use package `bookmark'.

 )
Output written on build/1651.pdf (8 pages).
Transcript written on build/1651.log.
