This is XeTeX, Version 3.141592653-2.6-0.999996 (TeX Live 2025/dev/Debian) (preloaded format=xelatex)
entering extended mode
(./2020.tex
LaTeX2e <2024-11-01> patch level 2
L3 programming layer <2025-01-18>
(/usr/share/texlive/texmf-dist/tex/latex/base/article.cls
Document Class: article 2024/06/29 v1.4n Standard LaTeX document class
(/usr/share/texlive/texmf-dist/tex/latex/base/size11.clo))
(/usr/share/texlive/texmf-dist/tex/latex/geometry/geometry.sty
(/usr/share/texlive/texmf-dist/tex/latex/graphics/keyval.sty)
(/usr/share/texlive/texmf-dist/tex/generic/iftex/ifvtex.sty
(/usr/share/texlive/texmf-dist/tex/generic/iftex/iftex.sty)))
(/usr/share/texlive/texmf-dist/tex/latex/fontspec/fontspec.sty
(/usr/share/texlive/texmf-dist/tex/latex/l3packages/xparse/xparse.sty
(/usr/share/texlive/texmf-dist/tex/latex/l3kernel/expl3.sty
(/usr/share/texlive/texmf-dist/tex/latex/l3backend/l3backend-xetex.def)))
(/usr/share/texlive/texmf-dist/tex/latex/fontspec/fontspec-xetex.sty
(/usr/share/texlive/texmf-dist/tex/latex/base/fontenc.sty)
(/usr/share/texlive/texmf-dist/tex/latex/fontspec/fontspec.cfg)))
(/usr/share/texlive/texmf-dist/tex/latex/amsmath/amsmath.sty
For additional information on amsmath, use the `?' option.
(/usr/share/texlive/texmf-dist/tex/latex/amsmath/amstext.sty
(/usr/share/texlive/texmf-dist/tex/latex/amsmath/amsgen.sty))
(/usr/share/texlive/texmf-dist/tex/latex/amsmath/amsbsy.sty)
(/usr/share/texlive/texmf-dist/tex/latex/amsmath/amsopn.sty))
(/usr/share/texlive/texmf-dist/tex/latex/amsfonts/amssymb.sty
(/usr/share/texlive/texmf-dist/tex/latex/amsfonts/amsfonts.sty))
(/usr/share/texlive/texmf-dist/tex/latex/amscls/amsthm.sty)
(/usr/share/texlive/texmf-dist/tex/latex/amsmath/amscd.sty)
(/usr/share/texlive/texmf-dist/tex/latex/graphics/graphicx.sty
(/usr/share/texlive/texmf-dist/tex/latex/graphics/graphics.sty
(/usr/share/texlive/texmf-dist/tex/latex/graphics/trig.sty)
(/usr/share/texlive/texmf-dist/tex/latex/graphics-cfg/graphics.cfg)
(/usr/share/texlive/texmf-dist/tex/latex/graphics-def/xetex.def)))
(/usr/share/texlive/texmf-dist/tex/latex/graphics/color.sty
(/usr/share/texlive/texmf-dist/tex/latex/graphics-cfg/color.cfg)
(/usr/share/texlive/texmf-dist/tex/latex/graphics/mathcolor.ltx))
(/usr/share/texlive/texmf-dist/tex/latex/xurl/xurl.sty
(/usr/share/texlive/texmf-dist/tex/latex/url/url.sty))
(/usr/share/texlive/texmf-dist/tex/latex/hyperref/hyperref.sty
(/usr/share/texlive/texmf-dist/tex/latex/kvsetkeys/kvsetkeys.sty)
(/usr/share/texlive/texmf-dist/tex/generic/kvdefinekeys/kvdefinekeys.sty)
(/usr/share/texlive/texmf-dist/tex/generic/pdfescape/pdfescape.sty
(/usr/share/texlive/texmf-dist/tex/generic/ltxcmds/ltxcmds.sty)
(/usr/share/texlive/texmf-dist/tex/generic/pdftexcmds/pdftexcmds.sty
(/usr/share/texlive/texmf-dist/tex/generic/infwarerr/infwarerr.sty)))
(/usr/share/texlive/texmf-dist/tex/latex/hycolor/hycolor.sty)
(/usr/share/texlive/texmf-dist/tex/latex/hyperref/nameref.sty
(/usr/share/texlive/texmf-dist/tex/latex/refcount/refcount.sty)
(/usr/share/texlive/texmf-dist/tex/generic/gettitlestring/gettitlestring.sty
(/usr/share/texlive/texmf-dist/tex/latex/kvoptions/kvoptions.sty)))
(/usr/share/texlive/texmf-dist/tex/latex/etoolbox/etoolbox.sty)
(/usr/share/texlive/texmf-dist/tex/generic/stringenc/stringenc.sty)
(/usr/share/texlive/texmf-dist/tex/latex/hyperref/pd1enc.def)
(/usr/share/texlive/texmf-dist/tex/generic/intcalc/intcalc.sty)
(/usr/share/texlive/texmf-dist/tex/latex/hyperref/puenc.def)
(/usr/share/texlive/texmf-dist/tex/generic/bitset/bitset.sty
(/usr/share/texlive/texmf-dist/tex/generic/bigintcalc/bigintcalc.sty))
(/usr/share/texlive/texmf-dist/tex/latex/base/atbegshi-ltx.sty))
(/usr/share/texlive/texmf-dist/tex/latex/hyperref/hxetex.def
(/usr/share/texlive/texmf-dist/tex/latex/rerunfilecheck/rerunfilecheck.sty
(/usr/share/texlive/texmf-dist/tex/latex/base/atveryend-ltx.sty)
(/usr/share/texlive/texmf-dist/tex/generic/uniquecounter/uniquecounter.sty)))
No file 2020.aux.
*geometry* driver: auto-detecting
*geometry* detected driver: xetex

Package hyperref Warning: Rerun to get /PageLabels entry.

(/usr/share/texlive/texmf-dist/tex/latex/amsfonts/umsa.fd)
(/usr/share/texlive/texmf-dist/tex/latex/amsfonts/umsb.fd)
[1]

LaTeX Warning: Reference `cor:premet-dedekind' on page 2 undefined on input lin
e 156.


LaTeX Warning: Citation `BBselecta' on page 2 undefined on input line 168.


LaTeX Warning: Citation `KKZ' on page 2 undefined on input line 168.


[2]
Underfull \hbox (badness 1067) in paragraph at lines 202--206
\TU/LatinModernRoman(0)/m/n/10.95 The classical result of Shephard–Todd and Che
valley asserts that the subalgebra $\OML/cmm/m/it/10.95 S\OT1/cmr/m/n/10.95 (\O
ML/cmm/m/it/10.95 V\OT1/cmr/m/n/10.95 )[]$

LaTeX Warning: Citation `KKZ' on page 3 undefined on input line 208.


LaTeX Warning: Reference `thm:main' on page 3 undefined on input line 211.


LaTeX Warning: Reference `thm:main' on page 3 undefined on input line 222.


LaTeX Warning: Reference `thm:main' on page 3 undefined on input line 232.


LaTeX Warning: Reference `thm:main' on page 3 undefined on input line 236.


LaTeX Warning: Reference `sect:main' on page 3 undefined on input line 245.


LaTeX Warning: Reference `prop:automorphism' on page 3 undefined on input line 
285.


[3]

LaTeX Warning: Reference `claim:cocycle' on page 4 undefined on input line 309.



LaTeX Warning: Reference `claim:cocycle' on page 4 undefined on input line 311.



LaTeX Warning: Reference `lem:action' on page 4 undefined on input line 323.


LaTeX Warning: Reference `prop:automorphism' on page 4 undefined on input line 
326.


LaTeX Warning: Reference `claim:cocycle' on page 4 undefined on input line 339.



LaTeX Warning: Reference `claim:cocycle' on page 4 undefined on input line 346.



LaTeX Warning: Reference `lem:action' on page 4 undefined on input line 346.


LaTeX Warning: Reference `prop:automorphism' on page 4 undefined on input line 
348.


LaTeX Warning: Reference `prop:automorphism' on page 4 undefined on input line 
350.


LaTeX Warning: Reference `lem:action' on page 4 undefined on input line 370.


LaTeX Warning: Reference `claim:cocycle' on page 4 undefined on input line 373.



[4]

LaTeX Warning: Reference `lem:Q' on page 5 undefined on input line 403.


LaTeX Warning: Reference `lem:Q' on page 5 undefined on input line 409.


LaTeX Warning: Reference `lem:action' on page 5 undefined on input line 413.


LaTeX Warning: Reference `lem:J_c' on page 5 undefined on input line 434.


LaTeX Warning: Reference `prop:automorphism' on page 5 undefined on input line 
434.


LaTeX Warning: Reference `prop:automorphism' on page 5 undefined on input line 
435.


LaTeX Warning: Reference `thm:main' on page 5 undefined on input line 438.


LaTeX Warning: Reference `prop:automorphism' on page 5 undefined on input line 
439.


LaTeX Warning: Reference `lem:J_c' on page 5 undefined on input line 454.


LaTeX Warning: Reference `rem:injectivity' on page 5 undefined on input line 45
5.


LaTeX Warning: Reference `thm:main' on page 5 undefined on input line 456.


LaTeX Warning: Reference `thm:main2' on page 5 undefined on input line 459.


LaTeX Warning: Reference `thm:main2' on page 5 undefined on input line 471.


[5]

LaTeX Warning: Reference `thm:Premet' on page 6 undefined on input line 506.


LaTeX Warning: Reference `lem:dedekind' on page 6 undefined on input line 555.


LaTeX Warning: Reference `thm:Premet' on page 6 undefined on input line 555.


LaTeX Warning: Reference `thm:Premet' on page 6 undefined on input line 558.


[6]
[7] (build/2020.aux)

LaTeX Warning: There were undefined references.


LaTeX Warning: Label(s) may have changed. Rerun to get cross-references right.


Package rerunfilecheck Warning: File `2020.out' has changed.
(rerunfilecheck)                Rerun to get outlines right
(rerunfilecheck)                or use package `bookmark'.

 )
(see the transcript file for additional information)
Output written on build/2020.pdf (7 pages).
Transcript written on build/2020.log.
