This is XeTeX, Version 3.141592653-2.6-0.999996 (TeX Live 2025/dev/Debian) (preloaded format=xelatex)
entering extended mode
(./2006.tex
LaTeX2e <2024-11-01> patch level 2
L3 programming layer <2025-01-18>
(/usr/share/texlive/texmf-dist/tex/latex/base/article.cls
Document Class: article 2024/06/29 v1.4n Standard LaTeX document class
(/usr/share/texlive/texmf-dist/tex/latex/base/size11.clo))
(/usr/share/texlive/texmf-dist/tex/latex/geometry/geometry.sty
(/usr/share/texlive/texmf-dist/tex/latex/graphics/keyval.sty)
(/usr/share/texlive/texmf-dist/tex/generic/iftex/ifvtex.sty
(/usr/share/texlive/texmf-dist/tex/generic/iftex/iftex.sty)))
(/usr/share/texlive/texmf-dist/tex/latex/fontspec/fontspec.sty
(/usr/share/texlive/texmf-dist/tex/latex/l3packages/xparse/xparse.sty
(/usr/share/texlive/texmf-dist/tex/latex/l3kernel/expl3.sty
(/usr/share/texlive/texmf-dist/tex/latex/l3backend/l3backend-xetex.def)))
(/usr/share/texlive/texmf-dist/tex/latex/fontspec/fontspec-xetex.sty
(/usr/share/texlive/texmf-dist/tex/latex/base/fontenc.sty)
(/usr/share/texlive/texmf-dist/tex/latex/fontspec/fontspec.cfg)))
(/usr/share/texlive/texmf-dist/tex/latex/amsmath/amsmath.sty
For additional information on amsmath, use the `?' option.
(/usr/share/texlive/texmf-dist/tex/latex/amsmath/amstext.sty
(/usr/share/texlive/texmf-dist/tex/latex/amsmath/amsgen.sty))
(/usr/share/texlive/texmf-dist/tex/latex/amsmath/amsbsy.sty)
(/usr/share/texlive/texmf-dist/tex/latex/amsmath/amsopn.sty))
(/usr/share/texlive/texmf-dist/tex/latex/amsfonts/amssymb.sty
(/usr/share/texlive/texmf-dist/tex/latex/amsfonts/amsfonts.sty))
(/usr/share/texlive/texmf-dist/tex/latex/amscls/amsthm.sty)
(/usr/share/texlive/texmf-dist/tex/latex/amsmath/amscd.sty)
(/usr/share/texlive/texmf-dist/tex/latex/graphics/graphicx.sty
(/usr/share/texlive/texmf-dist/tex/latex/graphics/graphics.sty
(/usr/share/texlive/texmf-dist/tex/latex/graphics/trig.sty)
(/usr/share/texlive/texmf-dist/tex/latex/graphics-cfg/graphics.cfg)
(/usr/share/texlive/texmf-dist/tex/latex/graphics-def/xetex.def)))
(/usr/share/texlive/texmf-dist/tex/latex/graphics/color.sty
(/usr/share/texlive/texmf-dist/tex/latex/graphics-cfg/color.cfg)
(/usr/share/texlive/texmf-dist/tex/latex/graphics/mathcolor.ltx))
(/usr/share/texlive/texmf-dist/tex/latex/xurl/xurl.sty
(/usr/share/texlive/texmf-dist/tex/latex/url/url.sty))
(/usr/share/texlive/texmf-dist/tex/latex/hyperref/hyperref.sty
(/usr/share/texlive/texmf-dist/tex/latex/kvsetkeys/kvsetkeys.sty)
(/usr/share/texlive/texmf-dist/tex/generic/kvdefinekeys/kvdefinekeys.sty)
(/usr/share/texlive/texmf-dist/tex/generic/pdfescape/pdfescape.sty
(/usr/share/texlive/texmf-dist/tex/generic/ltxcmds/ltxcmds.sty)
(/usr/share/texlive/texmf-dist/tex/generic/pdftexcmds/pdftexcmds.sty
(/usr/share/texlive/texmf-dist/tex/generic/infwarerr/infwarerr.sty)))
(/usr/share/texlive/texmf-dist/tex/latex/hycolor/hycolor.sty)
(/usr/share/texlive/texmf-dist/tex/latex/hyperref/nameref.sty
(/usr/share/texlive/texmf-dist/tex/latex/refcount/refcount.sty)
(/usr/share/texlive/texmf-dist/tex/generic/gettitlestring/gettitlestring.sty
(/usr/share/texlive/texmf-dist/tex/latex/kvoptions/kvoptions.sty)))
(/usr/share/texlive/texmf-dist/tex/latex/etoolbox/etoolbox.sty)
(/usr/share/texlive/texmf-dist/tex/generic/stringenc/stringenc.sty)
(/usr/share/texlive/texmf-dist/tex/latex/hyperref/pd1enc.def)
(/usr/share/texlive/texmf-dist/tex/generic/intcalc/intcalc.sty)
(/usr/share/texlive/texmf-dist/tex/latex/hyperref/puenc.def)
(/usr/share/texlive/texmf-dist/tex/generic/bitset/bitset.sty
(/usr/share/texlive/texmf-dist/tex/generic/bigintcalc/bigintcalc.sty))
(/usr/share/texlive/texmf-dist/tex/latex/base/atbegshi-ltx.sty))
(/usr/share/texlive/texmf-dist/tex/latex/hyperref/hxetex.def
(/usr/share/texlive/texmf-dist/tex/latex/rerunfilecheck/rerunfilecheck.sty
(/usr/share/texlive/texmf-dist/tex/latex/base/atveryend-ltx.sty)
(/usr/share/texlive/texmf-dist/tex/generic/uniquecounter/uniquecounter.sty)))
(/usr/share/texlive/texmf-dist/tex/latex/tools/array.sty)
(/usr/share/texlive/texmf-dist/tex/latex/tools/enumerate.sty)
No file 2006.aux.
*geometry* driver: auto-detecting
*geometry* detected driver: xetex

Package hyperref Warning: Rerun to get /PageLabels entry.

(/usr/share/texlive/texmf-dist/tex/latex/amsfonts/umsa.fd)
(/usr/share/texlive/texmf-dist/tex/latex/amsfonts/umsb.fd)

Package amsmath Warning: Foreign command \atopwithdelims;
(amsmath)                \frac or \genfrac should be used instead
(amsmath)                 on input line 59.


[1]
[2]

Package hyperref Warning: Token not allowed in a PDF string (Unicode):
(hyperref)                removing `\\' on input line 178.


LaTeX Warning: Citation `rupel1' on page 3 undefined on input line 188.


[3]

LaTeX Warning: Citation `ringel2' on page 4 undefined on input line 239.


LaTeX Warning: Citation `green' on page 4 undefined on input line 254.


LaTeX Warning: Citation `leclerc' on page 4 undefined on input line 284.


LaTeX Warning: Citation `Rosso' on page 4 undefined on input line 285.


LaTeX Warning: Citation `kleshchev-ram1' on page 4 undefined on input line 321.



LaTeX Warning: Citation `leclerc' on page 4 undefined on input line 321.


LaTeX Warning: Citation `kleshchev-ram1' on page 4 undefined on input line 323.



[4]

LaTeX Warning: Citation `leclerc' on page 5 undefined on input line 330.


LaTeX Warning: Reference `eq:shuffle_product' on page 5 undefined on input line
 334.


[5]
[6]

LaTeX Warning: Reference `sec:feigin' on page 7 undefined on input line 565.


Package hyperref Warning: Suppressing link with empty target on input line 565.



LaTeX Warning: Reference `subsec:hall_gen_feigin' on page 7 undefined on input 
line 565.


LaTeX Warning: Reference `eq:Omega' on page 7 undefined on input line 602.


[7]

LaTeX Warning: Reference `th:hall_comult' on page 8 undefined on input line 668
.


LaTeX Warning: Reference `th:hall_comult' on page 8 undefined on input line 701
.


[8]

LaTeX Warning: Reference `eq:flag_identity' on page 9 undefined on input line 7
15.


LaTeX Warning: Reference `eq:green_equality' on page 9 undefined on input line 
715.


LaTeX Warning: Reference `eq:flag_identity' on page 9 undefined on input line 7
16.


LaTeX Warning: Reference `eq:green_equality' on page 9 undefined on input line 
716.


LaTeX Warning: Reference `eq:flag_identity' on page 9 undefined on input line 7
17.


LaTeX Warning: Reference `eq:green_equality' on page 9 undefined on input line 
719.


LaTeX Warning: Reference `eq:exp_equality' on page 9 undefined on input line 76
6.


LaTeX Warning: Reference `eq:exp_equality2' on page 9 undefined on input line 7
80.


LaTeX Warning: Reference `eq:zeta' on page 9 undefined on input line 788.


LaTeX Warning: Reference `eq:exp_equality2' on page 9 undefined on input line 7
88.


[9]

LaTeX Warning: Reference `lem:exp_equality' on page 10 undefined on input line 
809.


LaTeX Warning: Reference `lem:flag_identity' on page 10 undefined on input line
 812.


LaTeX Warning: Reference `lem:flag_identity' on page 10 undefined on input line
 815.


LaTeX Warning: Reference `th:shuffle_character' on page 10 undefined on input l
ine 873.


[10]
[11] (build/2006.aux)

LaTeX Warning: There were undefined references.


LaTeX Warning: Label(s) may have changed. Rerun to get cross-references right.


Package rerunfilecheck Warning: File `2006.out' has changed.
(rerunfilecheck)                Rerun to get outlines right
(rerunfilecheck)                or use package `bookmark'.

 )
Output written on build/2006.pdf (11 pages).
Transcript written on build/2006.log.
