This is XeTeX, Version 3.141592653-2.6-0.999996 (TeX Live 2025/dev/Debian) (preloaded format=xelatex)
entering extended mode
(./1618.tex
LaTeX2e <2024-11-01> patch level 2
L3 programming layer <2025-01-18>
(/usr/share/texlive/texmf-dist/tex/latex/base/article.cls
Document Class: article 2024/06/29 v1.4n Standard LaTeX document class
(/usr/share/texlive/texmf-dist/tex/latex/base/size11.clo))
(/usr/share/texlive/texmf-dist/tex/latex/geometry/geometry.sty
(/usr/share/texlive/texmf-dist/tex/latex/graphics/keyval.sty)
(/usr/share/texlive/texmf-dist/tex/generic/iftex/ifvtex.sty
(/usr/share/texlive/texmf-dist/tex/generic/iftex/iftex.sty)))
(/usr/share/texlive/texmf-dist/tex/latex/fontspec/fontspec.sty
(/usr/share/texlive/texmf-dist/tex/latex/l3packages/xparse/xparse.sty
(/usr/share/texlive/texmf-dist/tex/latex/l3kernel/expl3.sty
(/usr/share/texlive/texmf-dist/tex/latex/l3backend/l3backend-xetex.def)))
(/usr/share/texlive/texmf-dist/tex/latex/fontspec/fontspec-xetex.sty
(/usr/share/texlive/texmf-dist/tex/latex/base/fontenc.sty)
(/usr/share/texlive/texmf-dist/tex/latex/fontspec/fontspec.cfg)))
(/usr/share/texlive/texmf-dist/tex/latex/amsmath/amsmath.sty
For additional information on amsmath, use the `?' option.
(/usr/share/texlive/texmf-dist/tex/latex/amsmath/amstext.sty
(/usr/share/texlive/texmf-dist/tex/latex/amsmath/amsgen.sty))
(/usr/share/texlive/texmf-dist/tex/latex/amsmath/amsbsy.sty)
(/usr/share/texlive/texmf-dist/tex/latex/amsmath/amsopn.sty))
(/usr/share/texlive/texmf-dist/tex/latex/amsfonts/amssymb.sty
(/usr/share/texlive/texmf-dist/tex/latex/amsfonts/amsfonts.sty))
(/usr/share/texlive/texmf-dist/tex/latex/amscls/amsthm.sty)
(/usr/share/texlive/texmf-dist/tex/latex/amsmath/amscd.sty)
(/usr/share/texlive/texmf-dist/tex/latex/graphics/graphicx.sty
(/usr/share/texlive/texmf-dist/tex/latex/graphics/graphics.sty
(/usr/share/texlive/texmf-dist/tex/latex/graphics/trig.sty)
(/usr/share/texlive/texmf-dist/tex/latex/graphics-cfg/graphics.cfg)
(/usr/share/texlive/texmf-dist/tex/latex/graphics-def/xetex.def)))
(/usr/share/texlive/texmf-dist/tex/latex/graphics/color.sty
(/usr/share/texlive/texmf-dist/tex/latex/graphics-cfg/color.cfg)
(/usr/share/texlive/texmf-dist/tex/latex/graphics/mathcolor.ltx))
(/usr/share/texlive/texmf-dist/tex/latex/xurl/xurl.sty
(/usr/share/texlive/texmf-dist/tex/latex/url/url.sty))
(/usr/share/texlive/texmf-dist/tex/latex/hyperref/hyperref.sty
(/usr/share/texlive/texmf-dist/tex/latex/kvsetkeys/kvsetkeys.sty)
(/usr/share/texlive/texmf-dist/tex/generic/kvdefinekeys/kvdefinekeys.sty)
(/usr/share/texlive/texmf-dist/tex/generic/pdfescape/pdfescape.sty
(/usr/share/texlive/texmf-dist/tex/generic/ltxcmds/ltxcmds.sty)
(/usr/share/texlive/texmf-dist/tex/generic/pdftexcmds/pdftexcmds.sty
(/usr/share/texlive/texmf-dist/tex/generic/infwarerr/infwarerr.sty)))
(/usr/share/texlive/texmf-dist/tex/latex/hycolor/hycolor.sty)
(/usr/share/texlive/texmf-dist/tex/latex/hyperref/nameref.sty
(/usr/share/texlive/texmf-dist/tex/latex/refcount/refcount.sty)
(/usr/share/texlive/texmf-dist/tex/generic/gettitlestring/gettitlestring.sty
(/usr/share/texlive/texmf-dist/tex/latex/kvoptions/kvoptions.sty)))
(/usr/share/texlive/texmf-dist/tex/latex/etoolbox/etoolbox.sty)
(/usr/share/texlive/texmf-dist/tex/generic/stringenc/stringenc.sty)
(/usr/share/texlive/texmf-dist/tex/latex/hyperref/pd1enc.def)
(/usr/share/texlive/texmf-dist/tex/generic/intcalc/intcalc.sty)
(/usr/share/texlive/texmf-dist/tex/latex/hyperref/puenc.def)
(/usr/share/texlive/texmf-dist/tex/generic/bitset/bitset.sty
(/usr/share/texlive/texmf-dist/tex/generic/bigintcalc/bigintcalc.sty))
(/usr/share/texlive/texmf-dist/tex/latex/base/atbegshi-ltx.sty))
(/usr/share/texlive/texmf-dist/tex/latex/hyperref/hxetex.def
(/usr/share/texlive/texmf-dist/tex/latex/rerunfilecheck/rerunfilecheck.sty
(/usr/share/texlive/texmf-dist/tex/latex/base/atveryend-ltx.sty)
(/usr/share/texlive/texmf-dist/tex/generic/uniquecounter/uniquecounter.sty)))
(/usr/share/texlive/texmf-dist/tex/latex/mathtools/mathtools.sty
(/usr/share/texlive/texmf-dist/tex/latex/tools/calc.sty)
(/usr/share/texlive/texmf-dist/tex/latex/mathtools/mhsetup.sty))
(/usr/share/texlive/texmf-dist/tex/latex/braket/braket.sty)
(/usr/share/texlive/texmf-dist/tex/latex/tools/enumerate.sty)
No file 1618.aux.
*geometry* driver: auto-detecting
*geometry* detected driver: xetex

Package hyperref Warning: Rerun to get /PageLabels entry.

(/usr/share/texlive/texmf-dist/tex/latex/amsfonts/umsa.fd)
(/usr/share/texlive/texmf-dist/tex/latex/amsfonts/umsb.fd)

LaTeX Warning: Citation `orlik1992arrangements' on page 1 undefined on input li
ne 49.


LaTeX Warning: Citation `terao1981generalized-im' on page 1 undefined on input 
line 65.


[1]

LaTeX Warning: Citation `ziegler1991binary-potams' on page 2 undefined on input
 line 88.


LaTeX Warning: Citation `brylawski1975modular-totams' on page 2 undefined on in
put line 88.


LaTeX Warning: Citation `lindstrom1978strong-joctsa' on page 2 undefined on inp
ut line 88.


LaTeX Warning: Citation `ziegler1991binary-potams' on page 2 undefined on input
 line 90.


LaTeX Warning: Citation `brylawski1975modular-totams' on page 2 undefined on in
put line 90.


LaTeX Warning: Citation `borissova2016regular-etpad' on page 2 undefined on inp
ut line 97.


LaTeX Warning: Citation `oxley2011matroid' on page 2 undefined on input line 97
.


Package hyperref Warning: Suppressing link with empty target on input line 110.



LaTeX Warning: Reference `modularly extended matroid' on page 2 undefined on in
put line 110.


LaTeX Warning: Citation `suyama2019signed-dm' on page 2 undefined on input line
 112.


LaTeX Warning: Citation `torielli2020freeness-a' on page 2 undefined on input l
ine 112.


Package hyperref Warning: Suppressing link with empty target on input line 113.



LaTeX Warning: Reference `definition divisional flag' on page 2 undefined on in
put line 118.


LaTeX Warning: Reference `definition divisional freeness' on page 2 undefined o
n input line 118.


LaTeX Warning: Citation `welsh2010matroid' on page 2 undefined on input line 13
6.


LaTeX Warning: Citation `oxley2011matroid' on page 2 undefined on input line 14
3.


[2]

LaTeX Warning: Citation `orlik1992arrangements' on page 3 undefined on input li
ne 190.


LaTeX Warning: Citation `brylawski1975modular-totams' on page 3 undefined on in
put line 194.


LaTeX Warning: Citation `brylawski1975modular-totams' on page 3 undefined on in
put line 195.


LaTeX Warning: Citation `brylawski1975modular-totams' on page 3 undefined on in
put line 207.


[3]

LaTeX Warning: Citation `brylawski1975modular-totams' on page 4 undefined on in
put line 212.


LaTeX Warning: Citation `jambu1998generalization-t' on page 4 undefined on inpu
t line 217.


LaTeX Warning: Citation `brylawski1975modular-totams' on page 4 undefined on in
put line 222.


LaTeX Warning: Citation `brylawski1975modular-totams' on page 4 undefined on in
put line 226.


LaTeX Warning: Citation `probert2018chordality' on page 4 undefined on input li
ne 231.


LaTeX Warning: Citation `stanley1971modular-au' on page 4 undefined on input li
ne 235.


LaTeX Warning: Citation `abe2016divisionally-im' on page 4 undefined on input l
ine 242.


LaTeX Warning: Reference `Abe division' on page 4 undefined on input line 246.


LaTeX Warning: Reference `Abe division' on page 4 undefined on input line 260.


LaTeX Warning: Reference `Oxley interval' on page 4 undefined on input line 270
.


LaTeX Warning: Reference `Oxley interval 1' on page 4 undefined on input line 2
70.


LaTeX Warning: Citation `abe2017restrictions-pilt' on page 4 undefined on input
 line 274.


LaTeX Warning: Reference `brylawski modular equivalent' on page 4 undefined on 
input line 283.


LaTeX Warning: Reference `brylawski modular equivalent 3' on page 4 undefined o
n input line 283.


LaTeX Warning: Reference `stanley division' on page 4 undefined on input line 2
84.


[4]

LaTeX Warning: Reference `divisional flag' on page 5 undefined on input line 28
7.


LaTeX Warning: Citation `ziegler1991binary-potams' on page 5 undefined on input
 line 294.


LaTeX Warning: Reference `modular coatom divisional' on page 5 undefined on inp
ut line 300.


LaTeX Warning: Citation `brylawski1975modular-totams' on page 5 undefined on in
put line 306.


LaTeX Warning: Citation `brylawski1975modular-totams' on page 5 undefined on in
put line 316.


LaTeX Warning: Reference `simple matroid geometric lattice correspondence' on p
age 5 undefined on input line 326.


LaTeX Warning: Reference `brylawski modular equivalent' on page 5 undefined on 
input line 327.


LaTeX Warning: Reference `brylawski modular equivalent 2' on page 5 undefined o
n input line 327.


LaTeX Warning: Reference `brylawski modular equivalent' on page 5 undefined on 
input line 327.


LaTeX Warning: Reference `brylawski modular equivalent 4' on page 5 undefined o
n input line 327.


LaTeX Warning: Reference `brylawski modular equivalent' on page 5 undefined on 
input line 336.


LaTeX Warning: Reference `brylawski modular equivalent 3' on page 5 undefined o
n input line 336.


LaTeX Warning: Reference `brylawski modular equivalent' on page 5 undefined on 
input line 339.


LaTeX Warning: Reference `brylawski modular equivalent 2' on page 5 undefined o
n input line 339.


LaTeX Warning: Reference `Brylawski decomposition' on page 5 undefined on input
 line 340.


LaTeX Warning: Reference `brylawski modular equivalent' on page 5 undefined on 
input line 340.


LaTeX Warning: Reference `brylawski modular equivalent 3' on page 5 undefined o
n input line 340.


[5]

LaTeX Warning: Reference `Brylawski contraction' on page 6 undefined on input l
ine 355.


LaTeX Warning: Reference `main divisionally free' on page 6 undefined on input 
line 366.


LaTeX Warning: Reference `Brylawski modular intersection' on page 6 undefined o
n input line 381.


LaTeX Warning: Reference `Brylawski modular intersection' on page 6 undefined o
n input line 392.


LaTeX Warning: Reference `Probert' on page 6 undefined on input line 393.


LaTeX Warning: Reference `main matroid claim i' on page 6 undefined on input li
ne 409.


LaTeX Warning: Reference `modular coatom divisional' on page 6 undefined on inp
ut line 412.


LaTeX Warning: Reference `restriction modular flat' on page 6 undefined on inpu
t line 412.


LaTeX Warning: Reference `Probert' on page 6 undefined on input line 416.


LaTeX Warning: Reference `restriction modular flat' on page 6 undefined on inpu
t line 419.


LaTeX Warning: Reference `Ziegler case of modular coatom' on page 6 undefined o
n input line 421.


LaTeX Warning: Reference `divisional atom of modular join' on page 6 undefined 
on input line 430.


LaTeX Warning: Reference `Brylawski contraction' on page 6 undefined on input l
ine 431.


LaTeX Warning: Reference `main divisionally free' on page 6 undefined on input 
line 434.


LaTeX Warning: Reference `main matroid' on page 6 undefined on input line 434.


LaTeX Warning: Reference `divisional flag' on page 6 undefined on input line 43
4.


[6]
[7] (build/1618.aux)

LaTeX Warning: There were undefined references.


LaTeX Warning: Label(s) may have changed. Rerun to get cross-references right.


Package rerunfilecheck Warning: File `1618.out' has changed.
(rerunfilecheck)                Rerun to get outlines right
(rerunfilecheck)                or use package `bookmark'.

 )
Output written on build/1618.pdf (7 pages).
Transcript written on build/1618.log.
