This is XeTeX, Version 3.141592653-2.6-0.999996 (TeX Live 2025/dev/Debian) (preloaded format=xelatex)
entering extended mode
(./1701.tex
LaTeX2e <2024-11-01> patch level 2
L3 programming layer <2025-01-18>
(/usr/share/texlive/texmf-dist/tex/latex/base/article.cls
Document Class: article 2024/06/29 v1.4n Standard LaTeX document class
(/usr/share/texlive/texmf-dist/tex/latex/base/size11.clo))
(/usr/share/texlive/texmf-dist/tex/latex/geometry/geometry.sty
(/usr/share/texlive/texmf-dist/tex/latex/graphics/keyval.sty)
(/usr/share/texlive/texmf-dist/tex/generic/iftex/ifvtex.sty
(/usr/share/texlive/texmf-dist/tex/generic/iftex/iftex.sty)))
(/usr/share/texlive/texmf-dist/tex/latex/fontspec/fontspec.sty
(/usr/share/texlive/texmf-dist/tex/latex/l3packages/xparse/xparse.sty
(/usr/share/texlive/texmf-dist/tex/latex/l3kernel/expl3.sty
(/usr/share/texlive/texmf-dist/tex/latex/l3backend/l3backend-xetex.def)))
(/usr/share/texlive/texmf-dist/tex/latex/fontspec/fontspec-xetex.sty
(/usr/share/texlive/texmf-dist/tex/latex/base/fontenc.sty)
(/usr/share/texlive/texmf-dist/tex/latex/fontspec/fontspec.cfg)))
(/usr/share/texlive/texmf-dist/tex/latex/amsmath/amsmath.sty
For additional information on amsmath, use the `?' option.
(/usr/share/texlive/texmf-dist/tex/latex/amsmath/amstext.sty
(/usr/share/texlive/texmf-dist/tex/latex/amsmath/amsgen.sty))
(/usr/share/texlive/texmf-dist/tex/latex/amsmath/amsbsy.sty)
(/usr/share/texlive/texmf-dist/tex/latex/amsmath/amsopn.sty))
(/usr/share/texlive/texmf-dist/tex/latex/amsfonts/amssymb.sty
(/usr/share/texlive/texmf-dist/tex/latex/amsfonts/amsfonts.sty))
(/usr/share/texlive/texmf-dist/tex/latex/amscls/amsthm.sty)
(/usr/share/texlive/texmf-dist/tex/latex/amsmath/amscd.sty)
(/usr/share/texlive/texmf-dist/tex/latex/graphics/graphicx.sty
(/usr/share/texlive/texmf-dist/tex/latex/graphics/graphics.sty
(/usr/share/texlive/texmf-dist/tex/latex/graphics/trig.sty)
(/usr/share/texlive/texmf-dist/tex/latex/graphics-cfg/graphics.cfg)
(/usr/share/texlive/texmf-dist/tex/latex/graphics-def/xetex.def)))
(/usr/share/texlive/texmf-dist/tex/latex/graphics/color.sty
(/usr/share/texlive/texmf-dist/tex/latex/graphics-cfg/color.cfg)
(/usr/share/texlive/texmf-dist/tex/latex/graphics/mathcolor.ltx))
(/usr/share/texlive/texmf-dist/tex/latex/xurl/xurl.sty
(/usr/share/texlive/texmf-dist/tex/latex/url/url.sty))
(/usr/share/texlive/texmf-dist/tex/latex/hyperref/hyperref.sty
(/usr/share/texlive/texmf-dist/tex/latex/kvsetkeys/kvsetkeys.sty)
(/usr/share/texlive/texmf-dist/tex/generic/kvdefinekeys/kvdefinekeys.sty)
(/usr/share/texlive/texmf-dist/tex/generic/pdfescape/pdfescape.sty
(/usr/share/texlive/texmf-dist/tex/generic/ltxcmds/ltxcmds.sty)
(/usr/share/texlive/texmf-dist/tex/generic/pdftexcmds/pdftexcmds.sty
(/usr/share/texlive/texmf-dist/tex/generic/infwarerr/infwarerr.sty)))
(/usr/share/texlive/texmf-dist/tex/latex/hycolor/hycolor.sty)
(/usr/share/texlive/texmf-dist/tex/latex/hyperref/nameref.sty
(/usr/share/texlive/texmf-dist/tex/latex/refcount/refcount.sty)
(/usr/share/texlive/texmf-dist/tex/generic/gettitlestring/gettitlestring.sty
(/usr/share/texlive/texmf-dist/tex/latex/kvoptions/kvoptions.sty)))
(/usr/share/texlive/texmf-dist/tex/latex/etoolbox/etoolbox.sty)
(/usr/share/texlive/texmf-dist/tex/generic/stringenc/stringenc.sty)
(/usr/share/texlive/texmf-dist/tex/latex/hyperref/pd1enc.def)
(/usr/share/texlive/texmf-dist/tex/generic/intcalc/intcalc.sty)
(/usr/share/texlive/texmf-dist/tex/latex/hyperref/puenc.def)
(/usr/share/texlive/texmf-dist/tex/generic/bitset/bitset.sty
(/usr/share/texlive/texmf-dist/tex/generic/bigintcalc/bigintcalc.sty))
(/usr/share/texlive/texmf-dist/tex/latex/base/atbegshi-ltx.sty))
(/usr/share/texlive/texmf-dist/tex/latex/hyperref/hxetex.def
(/usr/share/texlive/texmf-dist/tex/latex/rerunfilecheck/rerunfilecheck.sty
(/usr/share/texlive/texmf-dist/tex/latex/base/atveryend-ltx.sty)
(/usr/share/texlive/texmf-dist/tex/generic/uniquecounter/uniquecounter.sty)))
No file 1701.aux.
*geometry* driver: auto-detecting
*geometry* detected driver: xetex

Package hyperref Warning: Rerun to get /PageLabels entry.

(/usr/share/texlive/texmf-dist/tex/latex/amsfonts/umsa.fd)
(/usr/share/texlive/texmf-dist/tex/latex/amsfonts/umsb.fd)
[1]

LaTeX Warning: Citation `CoSi99' on page 2 undefined on input line 58.


LaTeX Warning: Citation `Fe15a' on page 2 undefined on input line 58.


LaTeX Warning: Citation `Hr02' on page 2 undefined on input line 58.


LaTeX Warning: Citation `Ho07b' on page 2 undefined on input line 58.


LaTeX Warning: Citation `BCDW16' on page 2 undefined on input line 58.


LaTeX Warning: Citation `Ki' on page 2 undefined on input line 66.


LaTeX Warning: Citation `Zol2' on page 2 undefined on input line 66.


LaTeX Warning: Citation `MR' on page 2 undefined on input line 68.


LaTeX Warning: Citation `Zol2' on page 2 undefined on input line 68.


LaTeX Warning: Citation `MMN' on page 2 undefined on input line 70.


LaTeX Warning: Citation `Ka' on page 2 undefined on input line 72.


LaTeX Warning: Citation `Vi' on page 2 undefined on input line 74.


LaTeX Warning: Citation `Zol1' on page 2 undefined on input line 74.


LaTeX Warning: Citation `Kh1' on page 2 undefined on input line 80.


LaTeX Warning: Citation `Kh2' on page 2 undefined on input line 80.


LaTeX Warning: Citation `VG' on page 2 undefined on input line 90.


LaTeX Warning: Citation `Kh1' on page 2 undefined on input line 90.


LaTeX Warning: Citation `GV' on page 2 undefined on input line 90.


LaTeX Warning: Reference `theorem1' on page 2 undefined on input line 92.


LaTeX Warning: Reference `theorem1'' on page 2 undefined on input line 92.


LaTeX Warning: Reference `theorem2' on page 2 undefined on input line 92.


LaTeX Warning: Reference `theorem3' on page 2 undefined on input line 92.


LaTeX Warning: Reference `section3' on page 2 undefined on input line 92.


[2]

LaTeX Warning: Reference `theorem4' on page 3 undefined on input line 96.


Package hyperref Warning: Suppressing link with empty target on input line 98.


LaTeX Warning: Reference `syst2' on page 3 undefined on input line 109.


LaTeX Warning: Citation `Ko' on page 3 undefined on input line 122.


LaTeX Warning: Reference `syst2' on page 3 undefined on input line 136.


LaTeX Warning: Reference `example1' on page 3 undefined on input line 137.


[3]

LaTeX Warning: Citation `Go' on page 4 undefined on input line 168.


LaTeX Warning: Citation `GV' on page 4 undefined on input line 168.


LaTeX Warning: Reference `syst2' on page 4 undefined on input line 170.


LaTeX Warning: Reference `matrix2' on page 4 undefined on input line 170.


LaTeX Warning: Reference `theorem1' on page 4 undefined on input line 183.


LaTeX Warning: Reference `cond1' on page 4 undefined on input line 183.


LaTeX Warning: Reference `syst2' on page 4 undefined on input line 189.


LaTeX Warning: Reference `theorem1' on page 4 undefined on input line 193.


LaTeX Warning: Reference `syst2' on page 4 undefined on input line 193.


LaTeX Warning: Reference `matrix2' on page 4 undefined on input line 193.


LaTeX Warning: Reference `syst2' on page 4 undefined on input line 199.


LaTeX Warning: Reference `matrix2' on page 4 undefined on input line 199.


LaTeX Warning: Reference `theorem1' on page 4 undefined on input line 199.


[4]

LaTeX Warning: Citation `MMN' on page 5 undefined on input line 244.


LaTeX Warning: Reference `cond1' on page 5 undefined on input line 244.


LaTeX Warning: Reference `theorem1' on page 5 undefined on input line 244.


LaTeX Warning: Reference `syst2' on page 5 undefined on input line 253.


LaTeX Warning: Reference `matrix2' on page 5 undefined on input line 253.


[5]

LaTeX Warning: Reference `theorem5' on page 6 undefined on input line 270.


LaTeX Warning: Reference `theorem1' on page 6 undefined on input line 270.


LaTeX Warning: Reference `syst1' on page 6 undefined on input line 273.


LaTeX Warning: Reference `syst1' on page 6 undefined on input line 281.


LaTeX Warning: Citation `Wa' on page 6 undefined on input line 281.


LaTeX Warning: Reference `ffm' on page 6 undefined on input line 311.


LaTeX Warning: Reference `syst1' on page 6 undefined on input line 311.


[6]

LaTeX Warning: Reference `normestimate' on page 7 undefined on input line 359.


LaTeX Warning: Reference `theorem5' on page 7 undefined on input line 371.


[7]

LaTeX Warning: Reference `cond' on page 8 undefined on input line 387.


[8]
[9] (build/1701.aux)

LaTeX Warning: There were undefined references.


LaTeX Warning: Label(s) may have changed. Rerun to get cross-references right.


Package rerunfilecheck Warning: File `1701.out' has changed.
(rerunfilecheck)                Rerun to get outlines right
(rerunfilecheck)                or use package `bookmark'.

 )
Output written on build/1701.pdf (9 pages).
Transcript written on build/1701.log.
