This is XeTeX, Version 3.141592653-2.6-0.999996 (TeX Live 2025/dev/Debian) (preloaded format=xelatex)
entering extended mode
(./2003.tex
LaTeX2e <2024-11-01> patch level 2
L3 programming layer <2025-01-18>
(/usr/share/texlive/texmf-dist/tex/latex/base/article.cls
Document Class: article 2024/06/29 v1.4n Standard LaTeX document class
(/usr/share/texlive/texmf-dist/tex/latex/base/size11.clo))
(/usr/share/texlive/texmf-dist/tex/latex/geometry/geometry.sty
(/usr/share/texlive/texmf-dist/tex/latex/graphics/keyval.sty)
(/usr/share/texlive/texmf-dist/tex/generic/iftex/ifvtex.sty
(/usr/share/texlive/texmf-dist/tex/generic/iftex/iftex.sty)))
(/usr/share/texlive/texmf-dist/tex/latex/fontspec/fontspec.sty
(/usr/share/texlive/texmf-dist/tex/latex/l3packages/xparse/xparse.sty
(/usr/share/texlive/texmf-dist/tex/latex/l3kernel/expl3.sty
(/usr/share/texlive/texmf-dist/tex/latex/l3backend/l3backend-xetex.def)))
(/usr/share/texlive/texmf-dist/tex/latex/fontspec/fontspec-xetex.sty
(/usr/share/texlive/texmf-dist/tex/latex/base/fontenc.sty)
(/usr/share/texlive/texmf-dist/tex/latex/fontspec/fontspec.cfg)))
(/usr/share/texlive/texmf-dist/tex/latex/amsmath/amsmath.sty
For additional information on amsmath, use the `?' option.
(/usr/share/texlive/texmf-dist/tex/latex/amsmath/amstext.sty
(/usr/share/texlive/texmf-dist/tex/latex/amsmath/amsgen.sty))
(/usr/share/texlive/texmf-dist/tex/latex/amsmath/amsbsy.sty)
(/usr/share/texlive/texmf-dist/tex/latex/amsmath/amsopn.sty))
(/usr/share/texlive/texmf-dist/tex/latex/amsfonts/amssymb.sty
(/usr/share/texlive/texmf-dist/tex/latex/amsfonts/amsfonts.sty))
(/usr/share/texlive/texmf-dist/tex/latex/amscls/amsthm.sty)
(/usr/share/texlive/texmf-dist/tex/latex/amsmath/amscd.sty)
(/usr/share/texlive/texmf-dist/tex/latex/graphics/graphicx.sty
(/usr/share/texlive/texmf-dist/tex/latex/graphics/graphics.sty
(/usr/share/texlive/texmf-dist/tex/latex/graphics/trig.sty)
(/usr/share/texlive/texmf-dist/tex/latex/graphics-cfg/graphics.cfg)
(/usr/share/texlive/texmf-dist/tex/latex/graphics-def/xetex.def)))
(/usr/share/texlive/texmf-dist/tex/latex/graphics/color.sty
(/usr/share/texlive/texmf-dist/tex/latex/graphics-cfg/color.cfg)
(/usr/share/texlive/texmf-dist/tex/latex/graphics/mathcolor.ltx))
(/usr/share/texlive/texmf-dist/tex/latex/xurl/xurl.sty
(/usr/share/texlive/texmf-dist/tex/latex/url/url.sty))
(/usr/share/texlive/texmf-dist/tex/latex/hyperref/hyperref.sty
(/usr/share/texlive/texmf-dist/tex/latex/kvsetkeys/kvsetkeys.sty)
(/usr/share/texlive/texmf-dist/tex/generic/kvdefinekeys/kvdefinekeys.sty)
(/usr/share/texlive/texmf-dist/tex/generic/pdfescape/pdfescape.sty
(/usr/share/texlive/texmf-dist/tex/generic/ltxcmds/ltxcmds.sty)
(/usr/share/texlive/texmf-dist/tex/generic/pdftexcmds/pdftexcmds.sty
(/usr/share/texlive/texmf-dist/tex/generic/infwarerr/infwarerr.sty)))
(/usr/share/texlive/texmf-dist/tex/latex/hycolor/hycolor.sty)
(/usr/share/texlive/texmf-dist/tex/latex/hyperref/nameref.sty
(/usr/share/texlive/texmf-dist/tex/latex/refcount/refcount.sty)
(/usr/share/texlive/texmf-dist/tex/generic/gettitlestring/gettitlestring.sty
(/usr/share/texlive/texmf-dist/tex/latex/kvoptions/kvoptions.sty)))
(/usr/share/texlive/texmf-dist/tex/latex/etoolbox/etoolbox.sty)
(/usr/share/texlive/texmf-dist/tex/generic/stringenc/stringenc.sty)
(/usr/share/texlive/texmf-dist/tex/latex/hyperref/pd1enc.def)
(/usr/share/texlive/texmf-dist/tex/generic/intcalc/intcalc.sty)
(/usr/share/texlive/texmf-dist/tex/latex/hyperref/puenc.def)
(/usr/share/texlive/texmf-dist/tex/generic/bitset/bitset.sty
(/usr/share/texlive/texmf-dist/tex/generic/bigintcalc/bigintcalc.sty))
(/usr/share/texlive/texmf-dist/tex/latex/base/atbegshi-ltx.sty))
(/usr/share/texlive/texmf-dist/tex/latex/hyperref/hxetex.def
(/usr/share/texlive/texmf-dist/tex/latex/rerunfilecheck/rerunfilecheck.sty
(/usr/share/texlive/texmf-dist/tex/latex/base/atveryend-ltx.sty)
(/usr/share/texlive/texmf-dist/tex/generic/uniquecounter/uniquecounter.sty)))
No file 2003.aux.
*geometry* driver: auto-detecting
*geometry* detected driver: xetex

Package hyperref Warning: Rerun to get /PageLabels entry.

(/usr/share/texlive/texmf-dist/tex/latex/amsfonts/umsa.fd)
(/usr/share/texlive/texmf-dist/tex/latex/amsfonts/umsb.fd)

LaTeX Warning: Citation `C' on page 1 undefined on input line 54.


LaTeX Warning: Citation `BO' on page 1 undefined on input line 54.


LaTeX Warning: Citation `dJ' on page 1 undefined on input line 57.


LaTeX Warning: Citation `BO' on page 1 undefined on input line 57.


LaTeX Warning: Citation `Sz' on page 1 undefined on input line 60.


LaTeX Warning: Citation `RV2' on page 1 undefined on input line 65.


LaTeX Warning: Reference `vgl-Bessel' on page 1 undefined on input line 67.


[1]

LaTeX Warning: Citation `RR' on page 2 undefined on input line 93.


LaTeX Warning: Citation `H' on page 2 undefined on input line 130.


LaTeX Warning: Citation `HS' on page 2 undefined on input line 130.


LaTeX Warning: Citation `O1' on page 2 undefined on input line 130.


LaTeX Warning: Citation `RR' on page 2 undefined on input line 130.


LaTeX Warning: Citation `R2' on page 2 undefined on input line 132.


LaTeX Warning: Citation `RV2' on page 2 undefined on input line 132.


LaTeX Warning: Citation `RR' on page 2 undefined on input line 133.


LaTeX Warning: Citation `RR' on page 2 undefined on input line 134.


LaTeX Warning: Reference `jacobi-pol-def' on page 2 undefined on input line 134
.


LaTeX Warning: Citation `RR' on page 2 undefined on input line 136.


LaTeX Warning: Citation `J' on page 2 undefined on input line 140.


LaTeX Warning: Citation `BH' on page 2 undefined on input line 141.


[2]

LaTeX Warning: Citation `F' on page 3 undefined on input line 153.


LaTeX Warning: Citation `Hel' on page 3 undefined on input line 154.


LaTeX Warning: Citation `Du' on page 3 undefined on input line 157.


LaTeX Warning: Citation `K3' on page 3 undefined on input line 157.


LaTeX Warning: Citation `BH' on page 3 undefined on input line 158.


LaTeX Warning: Citation `V1' on page 3 undefined on input line 158.


LaTeX Warning: Citation `Z' on page 3 undefined on input line 158.


LaTeX Warning: Reference `clt' on page 3 undefined on input line 160.


LaTeX Warning: Citation `RV2' on page 3 undefined on input line 175.


LaTeX Warning: Citation `A' on page 3 undefined on input line 182.


LaTeX Warning: Citation `FK' on page 3 undefined on input line 190.


LaTeX Warning: Citation `RV2' on page 3 undefined on input line 207.


LaTeX Warning: Reference `multipl' on page 3 undefined on input line 208.


[3]

LaTeX Warning: Reference `jacobi-pol-def' on page 4 undefined on input line 221
.


LaTeX Warning: Citation `dJ' on page 4 undefined on input line 244.


LaTeX Warning: Citation `O' on page 4 undefined on input line 244.


LaTeX Warning: Reference `multipl' on page 4 undefined on input line 249.


LaTeX Warning: Citation `R1' on page 4 undefined on input line 276.


LaTeX Warning: Citation `R1' on page 4 undefined on input line 291.


LaTeX Warning: Citation `RV2' on page 4 undefined on input line 291.


LaTeX Warning: Citation `R2' on page 4 undefined on input line 299.


[4]

LaTeX Warning: Citation `R1' on page 5 undefined on input line 318.


LaTeX Warning: Citation `RV2' on page 5 undefined on input line 319.


LaTeX Warning: Reference `jacobi-pol-def' on page 5 undefined on input line 319
.


LaTeX Warning: Reference `int-rep-prop' on page 5 undefined on input line 320.


LaTeX Warning: Reference `Bessel-inte' on page 5 undefined on input line 320.


LaTeX Warning: Reference `int-rep-prop' on page 5 undefined on input line 324.


LaTeX Warning: Reference `Bessel-inte' on page 5 undefined on input line 324.


LaTeX Warning: Reference `vgl-Bessel' on page 5 undefined on input line 344.


LaTeX Warning: Reference `int-rep-prop' on page 5 undefined on input line 348.


LaTeX Warning: Reference `Bessel-inte' on page 5 undefined on input line 349.


LaTeX Warning: Reference `int-rep-Bessel' on page 5 undefined on input line 353
.


LaTeX Warning: Reference `int-rep-prop' on page 5 undefined on input line 374.


[5]

LaTeX Warning: Reference `main-estimate' on page 6 undefined on input line 446.



LaTeX Warning: Citation `O1' on page 6 undefined on input line 462.


[6]

LaTeX Warning: Citation `RR' on page 7 undefined on input line 473.


LaTeX Warning: Reference `int-rep' on page 7 undefined on input line 474.


LaTeX Warning: Reference `int-rep' on page 7 undefined on input line 476.


LaTeX Warning: Citation `OLBC' on page 7 undefined on input line 493.


LaTeX Warning: Reference `vgl-Bessel' on page 7 undefined on input line 496.


LaTeX Warning: Citation `Sz' on page 7 undefined on input line 496.


LaTeX Warning: Citation `K1' on page 7 undefined on input line 498.


LaTeX Warning: Citation `K2' on page 7 undefined on input line 498.


Package hyperref Warning: Token not allowed in a PDF string (Unicode):
(hyperref)                removing `math shift' on input line 502.


Package hyperref Warning: Token not allowed in a PDF string (Unicode):
(hyperref)                removing `subscript' on input line 502.


Package hyperref Warning: Token not allowed in a PDF string (Unicode):
(hyperref)                removing `math shift' on input line 502.


Package hyperref Warning: Token not allowed in a PDF string (Unicode):
(hyperref)                removing `math shift' on input line 511.


Package hyperref Warning: Token not allowed in a PDF string (Unicode):
(hyperref)                removing `subscript' on input line 511.


Package hyperref Warning: Token not allowed in a PDF string (Unicode):
(hyperref)                removing `math shift' on input line 511.


[7]

LaTeX Warning: Citation `BH' on page 8 undefined on input line 573.


LaTeX Warning: Citation `Du' on page 8 undefined on input line 573.


LaTeX Warning: Citation `J' on page 8 undefined on input line 573.


LaTeX Warning: Citation `J' on page 8 undefined on input line 580.


LaTeX Warning: Citation `F' on page 8 undefined on input line 581.


LaTeX Warning: Reference `def-Faltung' on page 8 undefined on input line 597.


LaTeX Warning: Reference `1-dim-bsp-1' on page 8 undefined on input line 603.


[8]

Package hyperref Warning: Token not allowed in a PDF string (Unicode):
(hyperref)                removing `math shift' on input line 607.


Package hyperref Warning: Token not allowed in a PDF string (Unicode):
(hyperref)                removing `subscript' on input line 607.


Package hyperref Warning: Token not allowed in a PDF string (Unicode):
(hyperref)                removing `math shift' on input line 607.


LaTeX Warning: Citation `D' on page 9 undefined on input line 630.


LaTeX Warning: Citation `D' on page 9 undefined on input line 632.


LaTeX Warning: Citation `D' on page 9 undefined on input line 634.


Package hyperref Warning: Suppressing link with empty target on input line 658.



LaTeX Warning: Reference `tensor-zerl' on page 9 undefined on input line 682.


[9]

Package hyperref Warning: Token not allowed in a PDF string (Unicode):
(hyperref)                removing `math shift' on input line 713.


Package hyperref Warning: Token not allowed in a PDF string (Unicode):
(hyperref)                removing `math shift' on input line 713.


LaTeX Warning: Reference `Section2' on page 10 undefined on input line 715.


LaTeX Warning: Citation `BH' on page 10 undefined on input line 718.


LaTeX Warning: Citation `J' on page 10 undefined on input line 718.


LaTeX Warning: Citation `R1' on page 10 undefined on input line 735.


LaTeX Warning: Citation `FK' on page 10 undefined on input line 746.


LaTeX Warning: Citation `V0' on page 10 undefined on input line 746.


Package hyperref Warning: Token not allowed in a PDF string (Unicode):
(hyperref)                removing `math shift' on input line 750.


Package hyperref Warning: Token not allowed in a PDF string (Unicode):
(hyperref)                removing `subscript' on input line 750.


Package hyperref Warning: Token not allowed in a PDF string (Unicode):
(hyperref)                removing `math shift' on input line 750.


LaTeX Warning: Citation `BH' on page 10 undefined on input line 756.


LaTeX Warning: Citation `Z' on page 10 undefined on input line 756.


[10]

LaTeX Warning: Reference `int-rep' on page 11 undefined on input line 804.


LaTeX Warning: Reference `m-int-rep' on page 11 undefined on input line 829.


LaTeX Warning: Reference `ableitung-power' on page 11 undefined on input line 8
29.


LaTeX Warning: Reference `entwickel' on page 11 undefined on input line 834.


[11]

LaTeX Warning: Reference `class-Jacobi1' on page 12 undefined on input line 866
.


LaTeX Warning: Reference `class-Jacobi2' on page 12 undefined on input line 866
.


LaTeX Warning: Reference `basic-prop-moment' on page 12 undefined on input line
 871.


LaTeX Warning: Citation `M' on page 12 undefined on input line 895.


[12]

LaTeX Warning: Reference `basic-prop-moment' on page 13 undefined on input line
 948.


LaTeX Warning: Reference `a_rs' on page 13 undefined on input line 961.


LaTeX Warning: Reference `group' on page 13 undefined on input line 961.


LaTeX Warning: Reference `int-rep-prop' on page 13 undefined on input line 962.



LaTeX Warning: Reference `quad-wachstum-oben' on page 13 undefined on input lin
e 964.


LaTeX Warning: Reference `quad-wachstum' on page 13 undefined on input line 992
.


LaTeX Warning: Reference `int-rep-prop' on page 13 undefined on input line 1001
.


LaTeX Warning: Reference `quad-wachstum' on page 13 undefined on input line 100
3.


[13]

LaTeX Warning: Reference `basic-prop-moment' on page 14 undefined on input line
 1017.


LaTeX Warning: Reference `quad-wachstum' on page 14 undefined on input line 101
7.


LaTeX Warning: Reference `quad-wachstum-oben' on page 14 undefined on input lin
e 1045.


LaTeX Warning: Reference `basic-prop-moment' on page 14 undefined on input line
 1056.


LaTeX Warning: Citation `BH' on page 14 undefined on input line 1061.


LaTeX Warning: Reference `basic-prop-moment' on page 14 undefined on input line
 1062.


LaTeX Warning: Reference `basic-prop-moment' on page 14 undefined on input line
 1083.


LaTeX Warning: Citation `BH' on page 14 undefined on input line 1083.


LaTeX Warning: Citation `BH' on page 14 undefined on input line 1085.


LaTeX Warning: Reference `quad-wachstum' on page 14 undefined on input line 109
8.


[14]

LaTeX Warning: Reference `subsectionrandomwalk' on page 15 undefined on input l
ine 1123.


LaTeX Warning: Reference `diffbar' on page 15 undefined on input line 1125.


LaTeX Warning: Reference `basic-prop-moment' on page 15 undefined on input line
 1126.


LaTeX Warning: Reference `sn-wachstum' on page 15 undefined on input line 1135.



LaTeX Warning: Reference `vgl-Bessel' on page 15 undefined on input line 1137.


LaTeX Warning: Reference `exp-limit' on page 15 undefined on input line 1153.


LaTeX Warning: Reference `Dunkl-Gaussian-eq' on page 15 undefined on input line
 1162.


LaTeX Warning: Citation `BH' on page 15 undefined on input line 1164.


[15]
Underfull \hbox (badness 2452) in paragraph at lines 1268--1270
[]\TU/LatinModernRoman(0)/m/n/10.95 Rösler M., Bessel convolutions on matrix co
nes, []\TU/LatinModernRoman(0)/m/it/10.95 Compos. Math.[] \TU/LatinModernRoman(
0)/b/n/10.95 143 \TU/LatinModernRoman(0)/m/n/10.95 (2007), 749–779,

[16]
[17] (build/2003.aux)

LaTeX Warning: There were undefined references.


LaTeX Warning: Label(s) may have changed. Rerun to get cross-references right.


Package rerunfilecheck Warning: File `2003.out' has changed.
(rerunfilecheck)                Rerun to get outlines right
(rerunfilecheck)                or use package `bookmark'.

 )
(see the transcript file for additional information)
Output written on build/2003.pdf (17 pages).
Transcript written on build/2003.log.
