This is XeTeX, Version 3.141592653-2.6-0.999996 (TeX Live 2025/dev/Debian) (preloaded format=xelatex)
entering extended mode
(./1891.tex
LaTeX2e <2024-11-01> patch level 2
L3 programming layer <2025-01-18>
(/usr/share/texlive/texmf-dist/tex/latex/base/article.cls
Document Class: article 2024/06/29 v1.4n Standard LaTeX document class
(/usr/share/texlive/texmf-dist/tex/latex/base/size11.clo))
(/usr/share/texlive/texmf-dist/tex/latex/geometry/geometry.sty
(/usr/share/texlive/texmf-dist/tex/latex/graphics/keyval.sty)
(/usr/share/texlive/texmf-dist/tex/generic/iftex/ifvtex.sty
(/usr/share/texlive/texmf-dist/tex/generic/iftex/iftex.sty)))
(/usr/share/texlive/texmf-dist/tex/latex/fontspec/fontspec.sty
(/usr/share/texlive/texmf-dist/tex/latex/l3packages/xparse/xparse.sty
(/usr/share/texlive/texmf-dist/tex/latex/l3kernel/expl3.sty
(/usr/share/texlive/texmf-dist/tex/latex/l3backend/l3backend-xetex.def)))
(/usr/share/texlive/texmf-dist/tex/latex/fontspec/fontspec-xetex.sty
(/usr/share/texlive/texmf-dist/tex/latex/base/fontenc.sty)
(/usr/share/texlive/texmf-dist/tex/latex/fontspec/fontspec.cfg)))
(/usr/share/texlive/texmf-dist/tex/latex/amsmath/amsmath.sty
For additional information on amsmath, use the `?' option.
(/usr/share/texlive/texmf-dist/tex/latex/amsmath/amstext.sty
(/usr/share/texlive/texmf-dist/tex/latex/amsmath/amsgen.sty))
(/usr/share/texlive/texmf-dist/tex/latex/amsmath/amsbsy.sty)
(/usr/share/texlive/texmf-dist/tex/latex/amsmath/amsopn.sty))
(/usr/share/texlive/texmf-dist/tex/latex/amsfonts/amssymb.sty
(/usr/share/texlive/texmf-dist/tex/latex/amsfonts/amsfonts.sty))
(/usr/share/texlive/texmf-dist/tex/latex/amscls/amsthm.sty)
(/usr/share/texlive/texmf-dist/tex/latex/amsmath/amscd.sty)
(/usr/share/texlive/texmf-dist/tex/latex/graphics/graphicx.sty
(/usr/share/texlive/texmf-dist/tex/latex/graphics/graphics.sty
(/usr/share/texlive/texmf-dist/tex/latex/graphics/trig.sty)
(/usr/share/texlive/texmf-dist/tex/latex/graphics-cfg/graphics.cfg)
(/usr/share/texlive/texmf-dist/tex/latex/graphics-def/xetex.def)))
(/usr/share/texlive/texmf-dist/tex/latex/graphics/color.sty
(/usr/share/texlive/texmf-dist/tex/latex/graphics-cfg/color.cfg)
(/usr/share/texlive/texmf-dist/tex/latex/graphics/mathcolor.ltx))
(/usr/share/texlive/texmf-dist/tex/latex/xurl/xurl.sty
(/usr/share/texlive/texmf-dist/tex/latex/url/url.sty))
(/usr/share/texlive/texmf-dist/tex/latex/hyperref/hyperref.sty
(/usr/share/texlive/texmf-dist/tex/latex/kvsetkeys/kvsetkeys.sty)
(/usr/share/texlive/texmf-dist/tex/generic/kvdefinekeys/kvdefinekeys.sty)
(/usr/share/texlive/texmf-dist/tex/generic/pdfescape/pdfescape.sty
(/usr/share/texlive/texmf-dist/tex/generic/ltxcmds/ltxcmds.sty)
(/usr/share/texlive/texmf-dist/tex/generic/pdftexcmds/pdftexcmds.sty
(/usr/share/texlive/texmf-dist/tex/generic/infwarerr/infwarerr.sty)))
(/usr/share/texlive/texmf-dist/tex/latex/hycolor/hycolor.sty)
(/usr/share/texlive/texmf-dist/tex/latex/hyperref/nameref.sty
(/usr/share/texlive/texmf-dist/tex/latex/refcount/refcount.sty)
(/usr/share/texlive/texmf-dist/tex/generic/gettitlestring/gettitlestring.sty
(/usr/share/texlive/texmf-dist/tex/latex/kvoptions/kvoptions.sty)))
(/usr/share/texlive/texmf-dist/tex/latex/etoolbox/etoolbox.sty)
(/usr/share/texlive/texmf-dist/tex/generic/stringenc/stringenc.sty)
(/usr/share/texlive/texmf-dist/tex/latex/hyperref/pd1enc.def)
(/usr/share/texlive/texmf-dist/tex/generic/intcalc/intcalc.sty)
(/usr/share/texlive/texmf-dist/tex/latex/hyperref/puenc.def)
(/usr/share/texlive/texmf-dist/tex/generic/bitset/bitset.sty
(/usr/share/texlive/texmf-dist/tex/generic/bigintcalc/bigintcalc.sty))
(/usr/share/texlive/texmf-dist/tex/latex/base/atbegshi-ltx.sty))
(/usr/share/texlive/texmf-dist/tex/latex/hyperref/hxetex.def
(/usr/share/texlive/texmf-dist/tex/latex/rerunfilecheck/rerunfilecheck.sty
(/usr/share/texlive/texmf-dist/tex/latex/base/atveryend-ltx.sty)
(/usr/share/texlive/texmf-dist/tex/generic/uniquecounter/uniquecounter.sty)))
No file 1891.aux.
*geometry* driver: auto-detecting
*geometry* detected driver: xetex

Package hyperref Warning: Rerun to get /PageLabels entry.

(/usr/share/texlive/texmf-dist/tex/latex/amsfonts/umsa.fd)
(/usr/share/texlive/texmf-dist/tex/latex/amsfonts/umsb.fd)

Package hyperref Warning: Token not allowed in a PDF string (Unicode):
(hyperref)                removing `math shift' on input line 72.


Package hyperref Warning: Token not allowed in a PDF string (Unicode):
(hyperref)                removing `subscript' on input line 72.


Package hyperref Warning: Token not allowed in a PDF string (Unicode):
(hyperref)                removing `math shift' on input line 72.


[1]

LaTeX Warning: Reference `eq:recursion-q-2k' on page 2 undefined on input line 
98.


LaTeX Warning: Citation `KT-PI' on page 2 undefined on input line 106.


LaTeX Warning: Citation `KT05' on page 2 undefined on input line 106.


LaTeX Warning: Reference `eq:formal-q' on page 2 undefined on input line 116.


LaTeX Warning: Citation `KT05' on page 2 undefined on input line 117.


LaTeX Warning: Citation `AKT-P' on page 2 undefined on input line 121.


LaTeX Warning: Citation `Umeta' on page 2 undefined on input line 123.


LaTeX Warning: Reference `eq:formal-q' on page 2 undefined on input line 128.


LaTeX Warning: Citation `Kamimoto-Koike' on page 2 undefined on input line 129.



LaTeX Warning: Citation `KT-PI' on page 2 undefined on input line 135.


LaTeX Warning: Reference `eq:formal-q' on page 2 undefined on input line 141.


LaTeX Warning: Reference `eq:formal-q' on page 2 undefined on input line 144.


LaTeX Warning: Citation `Costin08' on page 2 undefined on input line 146.


LaTeX Warning: Citation `Joshi-Kitaev' on page 2 undefined on input line 150.


LaTeX Warning: Citation `FIKN' on page 2 undefined on input line 152.


LaTeX Warning: Citation `Kap' on page 2 undefined on input line 152.


LaTeX Warning: Citation `Takei' on page 2 undefined on input line 152.


Package hyperref Warning: Token not allowed in a PDF string (Unicode):
(hyperref)                removing `math shift' on input line 155.


Package hyperref Warning: Token not allowed in a PDF string (Unicode):
(hyperref)                removing `\tau' on input line 155.


Package hyperref Warning: Token not allowed in a PDF string (Unicode):
(hyperref)                removing `math shift' on input line 155.


LaTeX Warning: Citation `JM2' on page 2 undefined on input line 158.


[2]

LaTeX Warning: Reference `eq:Ham-PI' on page 3 undefined on input line 210.


LaTeX Warning: Citation `JMU' on page 3 undefined on input line 213.


LaTeX Warning: Citation `JM2' on page 3 undefined on input line 213.


LaTeX Warning: Reference `eq:Ham-PI' on page 3 undefined on input line 216.


LaTeX Warning: Reference `eq:formal-q' on page 3 undefined on input line 217.


LaTeX Warning: Reference `eq:sigma' on page 3 undefined on input line 227.


LaTeX Warning: Citation `JMU' on page 3 undefined on input line 234.


LaTeX Warning: Citation `Okamoto' on page 3 undefined on input line 234.


LaTeX Warning: Reference `eq:formal-q' on page 3 undefined on input line 236.


LaTeX Warning: Reference `eq:Lax-matrix' on page 3 undefined on input line 245.



LaTeX Warning: Citation `JMU' on page 3 undefined on input line 245.


Package hyperref Warning: Suppressing link with empty target on input line 246.



LaTeX Warning: Reference `eq:parity-sigma' on page 3 undefined on input line 24
7.


LaTeX Warning: Reference `eq:tau' on page 3 undefined on input line 247.


LaTeX Warning: Reference `eq:Ham-PI' on page 3 undefined on input line 255.


LaTeX Warning: Reference `eq:Lax-matrix' on page 3 undefined on input line 257.



LaTeX Warning: Reference `eq:q0' on page 3 undefined on input line 288.


LaTeX Warning: Reference `eq:sp-curve' on page 3 undefined on input line 301.


LaTeX Warning: Reference `eq:Lax-matrix' on page 3 undefined on input line 304.



[3]

LaTeX Warning: Citation `KT-PI' on page 4 undefined on input line 308.


LaTeX Warning: Reference `eq:formal-q' on page 4 undefined on input line 312.


LaTeX Warning: Reference `eq:sp-curve' on page 4 undefined on input line 318.


LaTeX Warning: Citation `Olsha' on page 4 undefined on input line 320.


LaTeX Warning: Citation `Takasaki' on page 4 undefined on input line 320.


LaTeX Warning: Citation `Nakamura' on page 4 undefined on input line 322.


LaTeX Warning: Citation `KNS' on page 4 undefined on input line 327.


LaTeX Warning: Reference `eq:Lax-matrix' on page 4 undefined on input line 333.



LaTeX Warning: Reference `eq:sp-curve' on page 4 undefined on input line 366.


LaTeX Warning: Reference `eq:Lax-scalar' on page 4 undefined on input line 368.



LaTeX Warning: Reference `eq:sp-curve' on page 4 undefined on input line 375.


LaTeX Warning: Reference `eq:sp-curve' on page 4 undefined on input line 379.


LaTeX Warning: Reference `eq:Lax-scalar' on page 4 undefined on input line 387.



[4]

LaTeX Warning: Reference `eq:Riccati' on page 5 undefined on input line 396.


LaTeX Warning: Reference `eq:recursion-for-Pm' on page 5 undefined on input lin
e 419.


LaTeX Warning: Reference `eq:recursion-for-Pm' on page 5 undefined on input lin
e 423.


LaTeX Warning: Reference `eq:asymp-P' on page 5 undefined on input line 441.


LaTeX Warning: Reference `eq:asymp-P' on page 5 undefined on input line 444.


LaTeX Warning: Reference `eq:Riccati' on page 5 undefined on input line 445.


LaTeX Warning: Citation `KT05' on page 5 undefined on input line 455.


LaTeX Warning: Reference `eq:odd-even-relation' on page 5 undefined on input li
ne 475.


[5]

LaTeX Warning: Citation `KT-PI' on page 6 undefined on input line 489.


LaTeX Warning: Citation `KT-PI' on page 6 undefined on input line 492.


LaTeX Warning: Reference `eq:Lax-scalar' on page 6 undefined on input line 526.



LaTeX Warning: Reference `fig:contour' on page 6 undefined on input line 533.


LaTeX Warning: Citation `KT05' on page 6 undefined on input line 534.


LaTeX Warning: Reference `eq:Lax-scalar' on page 6 undefined on input line 551.



LaTeX Warning: Citation `KT-PI' on page 6 undefined on input line 552.


LaTeX Warning: Reference `eq:dt-P' on page 6 undefined on input line 554.


LaTeX Warning: Reference `eq:dt-Podd' on page 6 undefined on input line 554.


LaTeX Warning: Citation `KT-PI' on page 6 undefined on input line 557.


LaTeX Warning: Reference `eq:dt-Podd' on page 6 undefined on input line 560.


LaTeX Warning: Reference `eq:odd-even-relation' on page 6 undefined on input li
ne 561.


LaTeX Warning: Reference `eq:WKB-IM' on page 6 undefined on input line 591.


LaTeX Warning: Reference `eq:sp-curve' on page 6 undefined on input line 592.


LaTeX Warning: Citation `EO07' on page 6 undefined on input line 593.


LaTeX Warning: Reference `eq:Lax-scalar' on page 6 undefined on input line 595.



LaTeX Warning: Reference `eq:sp-curve' on page 6 undefined on input line 596.


LaTeX Warning: Citation `DM14' on page 6 undefined on input line 597.


LaTeX Warning: Citation `DM14-2' on page 6 undefined on input line 597.


[6]

LaTeX Warning: Reference `eq:WKB-IM' on page 7 undefined on input line 600.


LaTeX Warning: Reference `eq:parity' on page 7 undefined on input line 602.


LaTeX Warning: Reference `eq:WKB-IM' on page 7 undefined on input line 603.


LaTeX Warning: Reference `eq:contour-integral-Podd' on page 7 undefined on inpu
t line 604.


LaTeX Warning: Reference `eq:Lax-matrix' on page 7 undefined on input line 616.



LaTeX Warning: Reference `eq:Lax-matrix' on page 7 undefined on input line 636.



LaTeX Warning: Citation `EO07' on page 7 undefined on input line 642.


LaTeX Warning: Reference `eq:sp-curve' on page 7 undefined on input line 643.


LaTeX Warning: Reference `eq:sp-curve' on page 7 undefined on input line 666.


[7]

LaTeX Warning: Reference `eq:par-rep' on page 8 undefined on input line 678.


LaTeX Warning: Reference `eq:par-rep' on page 8 undefined on input line 681.


LaTeX Warning: Citation `EO07' on page 8 undefined on input line 682.


LaTeX Warning: Citation `EO07' on page 8 undefined on input line 684.


LaTeX Warning: Citation `DM14' on page 8 undefined on input line 684.


LaTeX Warning: Reference `eq:par-rep' on page 8 undefined on input line 688.


LaTeX Warning: Reference `eq:top-rec' on page 8 undefined on input line 729.


[8]

LaTeX Warning: Citation `EO07' on page 9 undefined on input line 757.


LaTeX Warning: Reference `section:variation-formula' on page 9 undefined on inp
ut line 781.


LaTeX Warning: Reference `eq:Lax-scalar' on page 9 undefined on input line 788.



[9]

LaTeX Warning: Reference `eq:Riccati-solution' on page 10 undefined on input li
ne 876.


LaTeX Warning: Reference `eq:Lax-scalar' on page 10 undefined on input line 877
.


LaTeX Warning: Reference `conj:2' on page 10 undefined on input line 892.


LaTeX Warning: Reference `subsection:WKB-for-scalar-Lax' on page 10 undefined o
n input line 897.


LaTeX Warning: Reference `eq:dS-is-P' on page 10 undefined on input line 898.


LaTeX Warning: Reference `conj:2' on page 10 undefined on input line 899.


LaTeX Warning: Reference `section:proof' on page 10 undefined on input line 900
.


LaTeX Warning: Reference `conj:1' on page 10 undefined on input line 901.


LaTeX Warning: Reference `eq:top-rec' on page 10 undefined on input line 904.


LaTeX Warning: Citation `DM14-2' on page 10 undefined on input line 907.


LaTeX Warning: Reference `eq:Lax-scalar' on page 10 undefined on input line 908
.


LaTeX Warning: Reference `eq:hbar-correction-in-quantization' on page 10 undefi
ned on input line 909.


LaTeX Warning: Reference `eq:hbar-correction-in-quantization2' on page 10 undef
ined on input line 909.


LaTeX Warning: Reference `conj:2' on page 10 undefined on input line 914.


LaTeX Warning: Reference `eq:open-Fgn' on page 10 undefined on input line 915.


LaTeX Warning: Reference `eq:Lax-scalar' on page 10 undefined on input line 917
.


Package hyperref Warning: Token not allowed in a PDF string (Unicode):
(hyperref)                removing `math shift' on input line 923.


Package hyperref Warning: Token not allowed in a PDF string (Unicode):
(hyperref)                removing `\tau' on input line 923.


Package hyperref Warning: Token not allowed in a PDF string (Unicode):
(hyperref)                removing `math shift' on input line 923.


LaTeX Warning: Citation `DGZJ' on page 10 undefined on input line 929.


LaTeX Warning: Citation `EO07' on page 10 undefined on input line 929.


LaTeX Warning: Citation `EO07' on page 10 undefined on input line 932.


LaTeX Warning: Citation `EO07' on page 10 undefined on input line 948.


LaTeX Warning: Citation `EO07' on page 10 undefined on input line 955.


[10]

LaTeX Warning: Citation `DGZJ' on page 11 undefined on input line 966.


LaTeX Warning: Citation `EO07' on page 11 undefined on input line 966.


LaTeX Warning: Reference `section:proof' on page 11 undefined on input line 978
.


LaTeX Warning: Reference `def:tau-function' on page 11 undefined on input line 
981.


LaTeX Warning: Reference `eq:top-rec' on page 11 undefined on input line 994.


LaTeX Warning: Reference `eq:normalization-of-Fg' on page 11 undefined on input
 line 1007.


LaTeX Warning: Reference `eq:asympt-Wgn' on page 11 undefined on input line 104
3.


LaTeX Warning: Reference `eq:asympt-Fgn' on page 11 undefined on input line 104
5.


LaTeX Warning: Reference `eq:asympt-Wgn' on page 11 undefined on input line 104
6.


LaTeX Warning: Reference `eq:open-Fgn' on page 11 undefined on input line 1048.



[11]

LaTeX Warning: Citation `EO07' on page 12 undefined on input line 1065.


LaTeX Warning: Citation `EO07' on page 12 undefined on input line 1110.


LaTeX Warning: Reference `eq:variation-Wgn' on page 12 undefined on input line 
1112.


LaTeX Warning: Citation `DM14' on page 12 undefined on input line 1119.


LaTeX Warning: Citation `DM14-2' on page 12 undefined on input line 1119.


[12]

LaTeX Warning: Citation `DM14' on page 13 undefined on input line 1165.


LaTeX Warning: Reference `eq:top-rec' on page 13 undefined on input line 1166.


LaTeX Warning: Reference `eq:pre-diff-recursion' on page 13 undefined on input 
line 1211.


LaTeX Warning: Reference `eq:diff-rec' on page 13 undefined on input line 1232.



LaTeX Warning: Reference `eq:diff-rec' on page 13 undefined on input line 1237.



LaTeX Warning: Citation `DM14' on page 13 undefined on input line 1238.


LaTeX Warning: Citation `DM14-2' on page 13 undefined on input line 1238.


LaTeX Warning: Citation `DM14' on page 13 undefined on input line 1239.


LaTeX Warning: Citation `DM14-2' on page 13 undefined on input line 1239.


LaTeX Warning: Reference `eq:sp-curve' on page 13 undefined on input line 1242.



LaTeX Warning: Reference `eq:diff-rec' on page 13 undefined on input line 1246.



[13]

LaTeX Warning: Reference `eq:variation-openFgn-2' on page 14 undefined on input
 line 1251.


LaTeX Warning: Reference `eq:variation-openFgn-2' on page 14 undefined on input
 line 1284.


LaTeX Warning: Reference `eq:t-derivative-recursion' on page 14 undefined on in
put line 1285.


LaTeX Warning: Reference `eq:asympt-Fgn' on page 14 undefined on input line 129
3.


LaTeX Warning: Reference `eq:diff-rec' on page 14 undefined on input line 1294.



LaTeX Warning: Reference `eq:Riccati-solution' on page 14 undefined on input li
ne 1305.


LaTeX Warning: Reference `eq:Riccati-2' on page 14 undefined on input line 1306
.


LaTeX Warning: Reference `eq:dt-Riccati-2' on page 14 undefined on input line 1
307.


LaTeX Warning: Reference `eq:tau-conjecture-g' on page 14 undefined on input li
ne 1308.


LaTeX Warning: Reference `eq:Riccati' on page 14 undefined on input line 1327.


LaTeX Warning: Reference `subsection:WKB-for-scalar-Lax' on page 14 undefined o
n input line 1328.


LaTeX Warning: Reference `eq:parity-sigma' on page 14 undefined on input line 1
329.


[14]

LaTeX Warning: Reference `conj:2' on page 15 undefined on input line 1362.


LaTeX Warning: Reference `conj:1' on page 15 undefined on input line 1362.


Package hyperref Warning: Token not allowed in a PDF string (Unicode):
(hyperref)                removing `math shift' on input line 1367.


Package hyperref Warning: Token not allowed in a PDF string (Unicode):
(hyperref)                removing `math shift' on input line 1367.


LaTeX Warning: Reference `subsec:proof-A-1' on page 15 undefined on input line 
1370.


LaTeX Warning: Reference `eq:assume-A-1' on page 15 undefined on input line 137
1.


LaTeX Warning: Reference `eq:assume-A-1' on page 15 undefined on input line 137
3.


LaTeX Warning: Reference `subsec:proof-A-2' on page 15 undefined on input line 
1373.


LaTeX Warning: Citation `DM14' on page 15 undefined on input line 1401.


LaTeX Warning: Citation `DM14-2' on page 15 undefined on input line 1401.


LaTeX Warning: Citation `DM14' on page 15 undefined on input line 1403.


LaTeX Warning: Citation `DM14' on page 15 undefined on input line 1417.


LaTeX Warning: Reference `eq:Ggn' on page 15 undefined on input line 1419.


LaTeX Warning: Reference `eq:partial-Riccati' on page 15 undefined on input lin
e 1442.


LaTeX Warning: Reference `eq:partial-Riccati' on page 15 undefined on input lin
e 1452.


[15]

LaTeX Warning: Reference `prop:partial-Riccati' on page 16 undefined on input l
ine 1458.


LaTeX Warning: Reference `eq:claim-A-1' on page 16 undefined on input line 1460
.


LaTeX Warning: Reference `eq:claim-A-1' on page 16 undefined on input line 1461
.


LaTeX Warning: Reference `eq:Egn' on page 16 undefined on input line 1465.


LaTeX Warning: Reference `thm:diff-rec' on page 16 undefined on input line 1478
.


LaTeX Warning: Reference `eq:Ggn' on page 16 undefined on input line 1479.


LaTeX Warning: Reference `eq:Ggn-2' on page 16 undefined on input line 1495.


LaTeX Warning: Reference `eq:Egn' on page 16 undefined on input line 1495.


LaTeX Warning: Reference `eq:prin-G-and-E' on page 16 undefined on input line 1
506.


LaTeX Warning: Reference `eq:sum-prin-G-and-E' on page 16 undefined on input li
ne 1508.


LaTeX Warning: Reference `thm:variation-of-open-free-energy' on page 16 undefin
ed on input line 1512.


Package hyperref Warning: Token not allowed in a PDF string (Unicode):
(hyperref)                removing `math shift' on input line 1539.


Package hyperref Warning: Token not allowed in a PDF string (Unicode):
(hyperref)                removing `math shift' on input line 1539.


LaTeX Warning: Reference `lem:tderivative-and-partial-Riccati' on page 16 undef
ined on input line 1542.


LaTeX Warning: Reference `eq:parity-sigma' on page 16 undefined on input line 1
555.


[16]

LaTeX Warning: Reference `eq:assume-A-1' on page 17 undefined on input line 156
6.


LaTeX Warning: Reference `eq:claim-A-1' on page 17 undefined on input line 1567
.


LaTeX Warning: Reference `eq:compare-coefficients' on page 17 undefined on inpu
t line 1568.


LaTeX Warning: Reference `lem:Gg1' on page 17 undefined on input line 1569.


LaTeX Warning: Reference `eq:diff-rec' on page 17 undefined on input line 1591.



LaTeX Warning: Reference `lem:decay-Wgn-Fgn' on page 17 undefined on input line
 1612.


LaTeX Warning: Reference `eq:n-is-1-part-in-Ggn' on page 17 undefined on input 
line 1624.


LaTeX Warning: Reference `eq:dt-closed-Fg' on page 17 undefined on input line 1
625.


LaTeX Warning: Reference `eq:explicit-Gg1' on page 17 undefined on input line 1
625.


Package hyperref Warning: Token not allowed in a PDF string (Unicode):
(hyperref)                removing `math shift' on input line 1628.


Package hyperref Warning: Token not allowed in a PDF string (Unicode):
(hyperref)                removing `math shift' on input line 1628.


LaTeX Warning: Reference `eq:claim-A-3' on page 17 undefined on input line 1630
.


LaTeX Warning: Reference `eq:assume-A-1' on page 17 undefined on input line 163
3.


LaTeX Warning: Reference `eq:claim-A-1' on page 17 undefined on input line 1646
.


LaTeX Warning: Reference `eq:assume-A-1' on page 17 undefined on input line 164
7.


LaTeX Warning: Reference `eq:recursion-for-Pm' on page 17 undefined on input li
ne 1658.


LaTeX Warning: Reference `eq:recursion-for-Pm' on page 17 undefined on input li
ne 1659.


LaTeX Warning: Reference `eq:claim-A-5' on page 17 undefined on input line 1660
.


LaTeX Warning: Reference `eq:decay-of-Fgn-prin' on page 17 undefined on input l
ine 1664.


LaTeX Warning: Reference `eq:claim-A-4' on page 17 undefined on input line 1665
.


LaTeX Warning: Reference `eq:claim-A-5' on page 17 undefined on input line 1666
.


LaTeX Warning: Reference `eq:dt-P' on page 17 undefined on input line 1667.


[17]

LaTeX Warning: Reference `eq:assume-A-1' on page 18 undefined on input line 168
1.


LaTeX Warning: Reference `rem:asymptotics' on page 18 undefined on input line 1
683.


LaTeX Warning: Reference `eq:claim-A-2' on page 18 undefined on input line 1688
.


LaTeX Warning: Reference `eq:claim-A-1' on page 18 undefined on input line 1691
.


LaTeX Warning: Reference `eq:claim-B-3' on page 18 undefined on input line 1692
.


LaTeX Warning: Reference `prop:integral-for-Sm' on page 18 undefined on input l
ine 1694.


LaTeX Warning: Reference `eq:claim-B-4' on page 18 undefined on input line 1698
.


LaTeX Warning: Reference `eq:compare-coefficients' on page 18 undefined on inpu
t line 1706.


LaTeX Warning: Reference `lem:Gg1' on page 18 undefined on input line 1707.


LaTeX Warning: Reference `eq:recursion-for-Pm' on page 18 undefined on input li
ne 1726.


LaTeX Warning: Reference `eq:S-rec-section3' on page 18 undefined on input line
 1727.


LaTeX Warning: Reference `eq:P-rec-section3' on page 18 undefined on input line
 1728.


LaTeX Warning: Reference `thm:Podd-and-t-derivative' on page 18 undefined on in
put line 1741.


LaTeX Warning: Reference `eq:claim-B-5' on page 18 undefined on input line 1742
.


LaTeX Warning: Reference `eq:final-remark' on page 18 undefined on input line 1
743.


LaTeX Warning: Reference `thm:induction-scheme' on page 18 undefined on input l
ine 1746.


LaTeX Warning: Reference `conj:2' on page 18 undefined on input line 1747.


LaTeX Warning: Reference `conj:1' on page 18 undefined on input line 1747.


[18]
[19]
[20] (build/1891.aux)

LaTeX Warning: There were undefined references.


LaTeX Warning: Label(s) may have changed. Rerun to get cross-references right.


Package rerunfilecheck Warning: File `1891.out' has changed.
(rerunfilecheck)                Rerun to get outlines right
(rerunfilecheck)                or use package `bookmark'.

 )
Output written on build/1891.pdf (20 pages).
Transcript written on build/1891.log.
