test_all_three_existing_difficulty_levels_remain_accepted (test_schema_enum.SchemaEnum.test_all_three_existing_difficulty_levels_remain_accepted) ... ok
test_duplicate_problem_id_remains_rejected (test_schema_enum.SchemaEnum.test_duplicate_problem_id_remains_rejected) ... ok
test_duplicate_source_id_remains_rejected (test_schema_enum.SchemaEnum.test_duplicate_source_id_remains_rejected) ... ok
test_duplicate_tex_path_remains_rejected (test_schema_enum.SchemaEnum.test_duplicate_tex_path_remains_rejected) ... ok
test_existing_problem_not_null_constraints_remain_including_paths (test_schema_enum.SchemaEnum.test_existing_problem_not_null_constraints_remain_including_paths) ... ok
test_existing_source_not_null_constraints_remain (test_schema_enum.SchemaEnum.test_existing_source_not_null_constraints_remain) ... ok
test_foreign_key_update_still_rejects_missing_source (test_schema_enum.SchemaEnum.test_foreign_key_update_still_rejects_missing_source) ... ok
test_historical_schema_rejects_new_origin (test_schema_enum.SchemaEnum.test_historical_schema_rejects_new_origin) ... ok
test_invalid_difficulty_remains_rejected_for_new_origin (test_schema_enum.SchemaEnum.test_invalid_difficulty_remains_rejected_for_new_origin) ... ok
test_invalid_status_remains_rejected_for_new_origin (test_schema_enum.SchemaEnum.test_invalid_status_remains_rejected_for_new_origin) ... ok
test_missing_foreign_source_remains_rejected (test_schema_enum.SchemaEnum.test_missing_foreign_source_remains_rejected) ... ok
test_new_origin_is_accepted_by_actual_schema (test_schema_enum.SchemaEnum.test_new_origin_is_accepted_by_actual_schema) ... ok
test_old_origins_remain_accepted_in_old_and_new_schema (test_schema_enum.SchemaEnum.test_old_origins_remain_accepted_in_old_and_new_schema) ... ok
test_only_exact_origin_enum_bytes_change (test_schema_enum.SchemaEnum.test_only_exact_origin_enum_bytes_change) ... ok
test_referenced_source_cannot_be_deleted (test_schema_enum.SchemaEnum.test_referenced_source_cannot_be_deleted) ... ok
test_tables_columns_indices_and_foreign_key_structure_unchanged (test_schema_enum.SchemaEnum.test_tables_columns_indices_and_foreign_key_structure_unchanged) ... ok
test_unknown_origins_remain_rejected (test_schema_enum.SchemaEnum.test_unknown_origins_remain_rejected) ... ok

----------------------------------------------------------------------
Ran 17 tests in 0.014s

OK
