test_all_three_existing_difficulty_levels_remain_accepted (test_schema_enum.SchemaEnum.test_all_three_existing_difficulty_levels_remain_accepted) ... 
  test_all_three_existing_difficulty_levels_remain_accepted (test_schema_enum.SchemaEnum.test_all_three_existing_difficulty_levels_remain_accepted) (level='H1') ... ERROR
  test_all_three_existing_difficulty_levels_remain_accepted (test_schema_enum.SchemaEnum.test_all_three_existing_difficulty_levels_remain_accepted) (level='H2') ... ERROR
  test_all_three_existing_difficulty_levels_remain_accepted (test_schema_enum.SchemaEnum.test_all_three_existing_difficulty_levels_remain_accepted) (level='H3') ... ERROR
test_duplicate_problem_id_remains_rejected (test_schema_enum.SchemaEnum.test_duplicate_problem_id_remains_rejected) ... ERROR
test_duplicate_source_id_remains_rejected (test_schema_enum.SchemaEnum.test_duplicate_source_id_remains_rejected) ... ok
test_duplicate_tex_path_remains_rejected (test_schema_enum.SchemaEnum.test_duplicate_tex_path_remains_rejected) ... ERROR
test_existing_problem_not_null_constraints_remain_including_paths (test_schema_enum.SchemaEnum.test_existing_problem_not_null_constraints_remain_including_paths) ... ok
test_existing_source_not_null_constraints_remain (test_schema_enum.SchemaEnum.test_existing_source_not_null_constraints_remain) ... ok
test_foreign_key_update_still_rejects_missing_source (test_schema_enum.SchemaEnum.test_foreign_key_update_still_rejects_missing_source) ... ERROR
test_historical_schema_rejects_new_origin (test_schema_enum.SchemaEnum.test_historical_schema_rejects_new_origin) ... ok
test_invalid_difficulty_remains_rejected_for_new_origin (test_schema_enum.SchemaEnum.test_invalid_difficulty_remains_rejected_for_new_origin) ... ok
test_invalid_status_remains_rejected_for_new_origin (test_schema_enum.SchemaEnum.test_invalid_status_remains_rejected_for_new_origin) ... 
  test_invalid_status_remains_rejected_for_new_origin (test_schema_enum.SchemaEnum.test_invalid_status_remains_rejected_for_new_origin) (status='pending') ... FAIL
  test_invalid_status_remains_rejected_for_new_origin (test_schema_enum.SchemaEnum.test_invalid_status_remains_rejected_for_new_origin) (status='source_body_compile_checked_pending_origin_gate') ... FAIL
  test_invalid_status_remains_rejected_for_new_origin (test_schema_enum.SchemaEnum.test_invalid_status_remains_rejected_for_new_origin) (status='') ... FAIL
  test_invalid_status_remains_rejected_for_new_origin (test_schema_enum.SchemaEnum.test_invalid_status_remains_rejected_for_new_origin) (status='verified_editable_tex ') ... FAIL
  test_invalid_status_remains_rejected_for_new_origin (test_schema_enum.SchemaEnum.test_invalid_status_remains_rejected_for_new_origin) (status=1) ... FAIL
  test_invalid_status_remains_rejected_for_new_origin (test_schema_enum.SchemaEnum.test_invalid_status_remains_rejected_for_new_origin) (status=False) ... FAIL
test_missing_foreign_source_remains_rejected (test_schema_enum.SchemaEnum.test_missing_foreign_source_remains_rejected) ... FAIL
test_new_origin_is_accepted_by_actual_schema (test_schema_enum.SchemaEnum.test_new_origin_is_accepted_by_actual_schema) ... FAIL
test_old_origins_remain_accepted_in_old_and_new_schema (test_schema_enum.SchemaEnum.test_old_origins_remain_accepted_in_old_and_new_schema) ... ok
test_only_exact_origin_enum_bytes_change (test_schema_enum.SchemaEnum.test_only_exact_origin_enum_bytes_change) ... FAIL
test_referenced_source_cannot_be_deleted (test_schema_enum.SchemaEnum.test_referenced_source_cannot_be_deleted) ... ERROR
test_tables_columns_indices_and_foreign_key_structure_unchanged (test_schema_enum.SchemaEnum.test_tables_columns_indices_and_foreign_key_structure_unchanged) ... ok
test_unknown_origins_remain_rejected (test_schema_enum.SchemaEnum.test_unknown_origins_remain_rejected) ... ok

======================================================================
ERROR: test_all_three_existing_difficulty_levels_remain_accepted (test_schema_enum.SchemaEnum.test_all_three_existing_difficulty_levels_remain_accepted) (level='H1')
----------------------------------------------------------------------
Traceback (most recent call last):
  File "/tmp/corpus-transcription-schema-fix/tests/test_schema_enum.py", line 74, in test_all_three_existing_difficulty_levels_remain_accepted
    self.insert_problem(db, difficulty_level=level)
  File "/tmp/corpus-transcription-schema-fix/tests/test_schema_enum.py", line 36, in insert_problem
    db.execute('INSERT INTO problems VALUES (?,?,?,?,?,?,?,?,?,?,?,?)', tuple(row[k] for k in PROBLEM_COLUMNS))
sqlite3.IntegrityError: CHECK constraint failed: origin_class IN ('human_authored_native_tex','human_authored_proof_assistant_transcription')

======================================================================
ERROR: test_all_three_existing_difficulty_levels_remain_accepted (test_schema_enum.SchemaEnum.test_all_three_existing_difficulty_levels_remain_accepted) (level='H2')
----------------------------------------------------------------------
Traceback (most recent call last):
  File "/tmp/corpus-transcription-schema-fix/tests/test_schema_enum.py", line 74, in test_all_three_existing_difficulty_levels_remain_accepted
    self.insert_problem(db, difficulty_level=level)
  File "/tmp/corpus-transcription-schema-fix/tests/test_schema_enum.py", line 36, in insert_problem
    db.execute('INSERT INTO problems VALUES (?,?,?,?,?,?,?,?,?,?,?,?)', tuple(row[k] for k in PROBLEM_COLUMNS))
sqlite3.IntegrityError: CHECK constraint failed: origin_class IN ('human_authored_native_tex','human_authored_proof_assistant_transcription')

======================================================================
ERROR: test_all_three_existing_difficulty_levels_remain_accepted (test_schema_enum.SchemaEnum.test_all_three_existing_difficulty_levels_remain_accepted) (level='H3')
----------------------------------------------------------------------
Traceback (most recent call last):
  File "/tmp/corpus-transcription-schema-fix/tests/test_schema_enum.py", line 74, in test_all_three_existing_difficulty_levels_remain_accepted
    self.insert_problem(db, difficulty_level=level)
  File "/tmp/corpus-transcription-schema-fix/tests/test_schema_enum.py", line 36, in insert_problem
    db.execute('INSERT INTO problems VALUES (?,?,?,?,?,?,?,?,?,?,?,?)', tuple(row[k] for k in PROBLEM_COLUMNS))
sqlite3.IntegrityError: CHECK constraint failed: origin_class IN ('human_authored_native_tex','human_authored_proof_assistant_transcription')

======================================================================
ERROR: test_duplicate_problem_id_remains_rejected (test_schema_enum.SchemaEnum.test_duplicate_problem_id_remains_rejected)
----------------------------------------------------------------------
Traceback (most recent call last):
  File "/tmp/corpus-transcription-schema-fix/tests/test_schema_enum.py", line 93, in test_duplicate_problem_id_remains_rejected
    self.insert_problem(db)
  File "/tmp/corpus-transcription-schema-fix/tests/test_schema_enum.py", line 36, in insert_problem
    db.execute('INSERT INTO problems VALUES (?,?,?,?,?,?,?,?,?,?,?,?)', tuple(row[k] for k in PROBLEM_COLUMNS))
sqlite3.IntegrityError: CHECK constraint failed: origin_class IN ('human_authored_native_tex','human_authored_proof_assistant_transcription')

======================================================================
ERROR: test_duplicate_tex_path_remains_rejected (test_schema_enum.SchemaEnum.test_duplicate_tex_path_remains_rejected)
----------------------------------------------------------------------
Traceback (most recent call last):
  File "/tmp/corpus-transcription-schema-fix/tests/test_schema_enum.py", line 100, in test_duplicate_tex_path_remains_rejected
    self.insert_problem(db)
  File "/tmp/corpus-transcription-schema-fix/tests/test_schema_enum.py", line 36, in insert_problem
    db.execute('INSERT INTO problems VALUES (?,?,?,?,?,?,?,?,?,?,?,?)', tuple(row[k] for k in PROBLEM_COLUMNS))
sqlite3.IntegrityError: CHECK constraint failed: origin_class IN ('human_authored_native_tex','human_authored_proof_assistant_transcription')

======================================================================
ERROR: test_foreign_key_update_still_rejects_missing_source (test_schema_enum.SchemaEnum.test_foreign_key_update_still_rejects_missing_source)
----------------------------------------------------------------------
Traceback (most recent call last):
  File "/tmp/corpus-transcription-schema-fix/tests/test_schema_enum.py", line 126, in test_foreign_key_update_still_rejects_missing_source
    self.insert_problem(db)
  File "/tmp/corpus-transcription-schema-fix/tests/test_schema_enum.py", line 36, in insert_problem
    db.execute('INSERT INTO problems VALUES (?,?,?,?,?,?,?,?,?,?,?,?)', tuple(row[k] for k in PROBLEM_COLUMNS))
sqlite3.IntegrityError: CHECK constraint failed: origin_class IN ('human_authored_native_tex','human_authored_proof_assistant_transcription')

======================================================================
ERROR: test_referenced_source_cannot_be_deleted (test_schema_enum.SchemaEnum.test_referenced_source_cannot_be_deleted)
----------------------------------------------------------------------
Traceback (most recent call last):
  File "/tmp/corpus-transcription-schema-fix/tests/test_schema_enum.py", line 119, in test_referenced_source_cannot_be_deleted
    self.insert_problem(db)
  File "/tmp/corpus-transcription-schema-fix/tests/test_schema_enum.py", line 36, in insert_problem
    db.execute('INSERT INTO problems VALUES (?,?,?,?,?,?,?,?,?,?,?,?)', tuple(row[k] for k in PROBLEM_COLUMNS))
sqlite3.IntegrityError: CHECK constraint failed: origin_class IN ('human_authored_native_tex','human_authored_proof_assistant_transcription')

======================================================================
FAIL: test_invalid_status_remains_rejected_for_new_origin (test_schema_enum.SchemaEnum.test_invalid_status_remains_rejected_for_new_origin) (status='pending')
----------------------------------------------------------------------
sqlite3.IntegrityError: CHECK constraint failed: origin_class IN ('human_authored_native_tex','human_authored_proof_assistant_transcription')

During handling of the above exception, another exception occurred:

Traceback (most recent call last):
  File "/tmp/corpus-transcription-schema-fix/tests/test_schema_enum.py", line 88, in test_invalid_status_remains_rejected_for_new_origin
    with self.assertRaisesRegex(sqlite3.IntegrityError, 'CHECK constraint failed: status='):
         ^^^^^^^^^^^^^^^^^^^^^^^^^^^^^^^^^^^^^^^^^^^^^^^^^^^^^^^^^^^^^^^^^^^^^^^^^^^^^^^^^^
AssertionError: "CHECK constraint failed: status=" does not match "CHECK constraint failed: origin_class IN ('human_authored_native_tex','human_authored_proof_assistant_transcription')"

======================================================================
FAIL: test_invalid_status_remains_rejected_for_new_origin (test_schema_enum.SchemaEnum.test_invalid_status_remains_rejected_for_new_origin) (status='source_body_compile_checked_pending_origin_gate')
----------------------------------------------------------------------
sqlite3.IntegrityError: CHECK constraint failed: origin_class IN ('human_authored_native_tex','human_authored_proof_assistant_transcription')

During handling of the above exception, another exception occurred:

Traceback (most recent call last):
  File "/tmp/corpus-transcription-schema-fix/tests/test_schema_enum.py", line 88, in test_invalid_status_remains_rejected_for_new_origin
    with self.assertRaisesRegex(sqlite3.IntegrityError, 'CHECK constraint failed: status='):
         ^^^^^^^^^^^^^^^^^^^^^^^^^^^^^^^^^^^^^^^^^^^^^^^^^^^^^^^^^^^^^^^^^^^^^^^^^^^^^^^^^^
AssertionError: "CHECK constraint failed: status=" does not match "CHECK constraint failed: origin_class IN ('human_authored_native_tex','human_authored_proof_assistant_transcription')"

======================================================================
FAIL: test_invalid_status_remains_rejected_for_new_origin (test_schema_enum.SchemaEnum.test_invalid_status_remains_rejected_for_new_origin) (status='')
----------------------------------------------------------------------
sqlite3.IntegrityError: CHECK constraint failed: origin_class IN ('human_authored_native_tex','human_authored_proof_assistant_transcription')

During handling of the above exception, another exception occurred:

Traceback (most recent call last):
  File "/tmp/corpus-transcription-schema-fix/tests/test_schema_enum.py", line 88, in test_invalid_status_remains_rejected_for_new_origin
    with self.assertRaisesRegex(sqlite3.IntegrityError, 'CHECK constraint failed: status='):
         ^^^^^^^^^^^^^^^^^^^^^^^^^^^^^^^^^^^^^^^^^^^^^^^^^^^^^^^^^^^^^^^^^^^^^^^^^^^^^^^^^^
AssertionError: "CHECK constraint failed: status=" does not match "CHECK constraint failed: origin_class IN ('human_authored_native_tex','human_authored_proof_assistant_transcription')"

======================================================================
FAIL: test_invalid_status_remains_rejected_for_new_origin (test_schema_enum.SchemaEnum.test_invalid_status_remains_rejected_for_new_origin) (status='verified_editable_tex ')
----------------------------------------------------------------------
sqlite3.IntegrityError: CHECK constraint failed: origin_class IN ('human_authored_native_tex','human_authored_proof_assistant_transcription')

During handling of the above exception, another exception occurred:

Traceback (most recent call last):
  File "/tmp/corpus-transcription-schema-fix/tests/test_schema_enum.py", line 88, in test_invalid_status_remains_rejected_for_new_origin
    with self.assertRaisesRegex(sqlite3.IntegrityError, 'CHECK constraint failed: status='):
         ^^^^^^^^^^^^^^^^^^^^^^^^^^^^^^^^^^^^^^^^^^^^^^^^^^^^^^^^^^^^^^^^^^^^^^^^^^^^^^^^^^
AssertionError: "CHECK constraint failed: status=" does not match "CHECK constraint failed: origin_class IN ('human_authored_native_tex','human_authored_proof_assistant_transcription')"

======================================================================
FAIL: test_invalid_status_remains_rejected_for_new_origin (test_schema_enum.SchemaEnum.test_invalid_status_remains_rejected_for_new_origin) (status=1)
----------------------------------------------------------------------
sqlite3.IntegrityError: CHECK constraint failed: origin_class IN ('human_authored_native_tex','human_authored_proof_assistant_transcription')

During handling of the above exception, another exception occurred:

Traceback (most recent call last):
  File "/tmp/corpus-transcription-schema-fix/tests/test_schema_enum.py", line 88, in test_invalid_status_remains_rejected_for_new_origin
    with self.assertRaisesRegex(sqlite3.IntegrityError, 'CHECK constraint failed: status='):
         ^^^^^^^^^^^^^^^^^^^^^^^^^^^^^^^^^^^^^^^^^^^^^^^^^^^^^^^^^^^^^^^^^^^^^^^^^^^^^^^^^^
AssertionError: "CHECK constraint failed: status=" does not match "CHECK constraint failed: origin_class IN ('human_authored_native_tex','human_authored_proof_assistant_transcription')"

======================================================================
FAIL: test_invalid_status_remains_rejected_for_new_origin (test_schema_enum.SchemaEnum.test_invalid_status_remains_rejected_for_new_origin) (status=False)
----------------------------------------------------------------------
sqlite3.IntegrityError: CHECK constraint failed: origin_class IN ('human_authored_native_tex','human_authored_proof_assistant_transcription')

During handling of the above exception, another exception occurred:

Traceback (most recent call last):
  File "/tmp/corpus-transcription-schema-fix/tests/test_schema_enum.py", line 88, in test_invalid_status_remains_rejected_for_new_origin
    with self.assertRaisesRegex(sqlite3.IntegrityError, 'CHECK constraint failed: status='):
         ^^^^^^^^^^^^^^^^^^^^^^^^^^^^^^^^^^^^^^^^^^^^^^^^^^^^^^^^^^^^^^^^^^^^^^^^^^^^^^^^^^
AssertionError: "CHECK constraint failed: status=" does not match "CHECK constraint failed: origin_class IN ('human_authored_native_tex','human_authored_proof_assistant_transcription')"

======================================================================
FAIL: test_missing_foreign_source_remains_rejected (test_schema_enum.SchemaEnum.test_missing_foreign_source_remains_rejected)
----------------------------------------------------------------------
sqlite3.IntegrityError: CHECK constraint failed: origin_class IN ('human_authored_native_tex','human_authored_proof_assistant_transcription')

During handling of the above exception, another exception occurred:

Traceback (most recent call last):
  File "/tmp/corpus-transcription-schema-fix/tests/test_schema_enum.py", line 113, in test_missing_foreign_source_remains_rejected
    with self.assertRaisesRegex(sqlite3.IntegrityError, 'FOREIGN KEY constraint failed'):
         ^^^^^^^^^^^^^^^^^^^^^^^^^^^^^^^^^^^^^^^^^^^^^^^^^^^^^^^^^^^^^^^^^^^^^^^^^^^^^^^
AssertionError: "FOREIGN KEY constraint failed" does not match "CHECK constraint failed: origin_class IN ('human_authored_native_tex','human_authored_proof_assistant_transcription')"

======================================================================
FAIL: test_new_origin_is_accepted_by_actual_schema (test_schema_enum.SchemaEnum.test_new_origin_is_accepted_by_actual_schema)
----------------------------------------------------------------------
Traceback (most recent call last):
  File "/tmp/corpus-transcription-schema-fix/tests/test_schema_enum.py", line 41, in test_new_origin_is_accepted_by_actual_schema
    self.insert_problem(db)
  File "/tmp/corpus-transcription-schema-fix/tests/test_schema_enum.py", line 36, in insert_problem
    db.execute('INSERT INTO problems VALUES (?,?,?,?,?,?,?,?,?,?,?,?)', tuple(row[k] for k in PROBLEM_COLUMNS))
sqlite3.IntegrityError: CHECK constraint failed: origin_class IN ('human_authored_native_tex','human_authored_proof_assistant_transcription')

During handling of the above exception, another exception occurred:

Traceback (most recent call last):
  File "/tmp/corpus-transcription-schema-fix/tests/test_schema_enum.py", line 43, in test_new_origin_is_accepted_by_actual_schema
    self.fail('new accurate origin rejected by actual SQLite DDL: ' + str(exc))
AssertionError: new accurate origin rejected by actual SQLite DDL: CHECK constraint failed: origin_class IN ('human_authored_native_tex','human_authored_proof_assistant_transcription')

======================================================================
FAIL: test_only_exact_origin_enum_bytes_change (test_schema_enum.SchemaEnum.test_only_exact_origin_enum_bytes_change)
----------------------------------------------------------------------
Traceback (most recent call last):
  File "/tmp/corpus-transcription-schema-fix/tests/test_schema_enum.py", line 151, in test_only_exact_origin_enum_bytes_change
    self.assertEqual(after, before.replace(old_enum, new_enum, 1))
AssertionError: b"PRA[710 chars]tion')),status TEXT NOT NULL CHECK(status='ver[55 chars]);\n" != b"PRA[710 chars]tion','human_authored_checked_published_transc[104 chars]);\n"

----------------------------------------------------------------------
Ran 17 tests in 0.017s

FAILED (failures=9, errors=7)
