This is XeTeX, Version 3.141592653-2.6-0.999996 (TeX Live 2025/dev/Debian) (preloaded format=xelatex)
entering extended mode
(./2000.tex
LaTeX2e <2024-11-01> patch level 2
L3 programming layer <2025-01-18>
(/usr/share/texlive/texmf-dist/tex/latex/base/article.cls
Document Class: article 2024/06/29 v1.4n Standard LaTeX document class
(/usr/share/texlive/texmf-dist/tex/latex/base/size11.clo))
(/usr/share/texlive/texmf-dist/tex/latex/geometry/geometry.sty
(/usr/share/texlive/texmf-dist/tex/latex/graphics/keyval.sty)
(/usr/share/texlive/texmf-dist/tex/generic/iftex/ifvtex.sty
(/usr/share/texlive/texmf-dist/tex/generic/iftex/iftex.sty)))
(/usr/share/texlive/texmf-dist/tex/latex/fontspec/fontspec.sty
(/usr/share/texlive/texmf-dist/tex/latex/l3packages/xparse/xparse.sty
(/usr/share/texlive/texmf-dist/tex/latex/l3kernel/expl3.sty
(/usr/share/texlive/texmf-dist/tex/latex/l3backend/l3backend-xetex.def)))
(/usr/share/texlive/texmf-dist/tex/latex/fontspec/fontspec-xetex.sty
(/usr/share/texlive/texmf-dist/tex/latex/base/fontenc.sty)
(/usr/share/texlive/texmf-dist/tex/latex/fontspec/fontspec.cfg)))
(/usr/share/texlive/texmf-dist/tex/latex/amsmath/amsmath.sty
For additional information on amsmath, use the `?' option.
(/usr/share/texlive/texmf-dist/tex/latex/amsmath/amstext.sty
(/usr/share/texlive/texmf-dist/tex/latex/amsmath/amsgen.sty))
(/usr/share/texlive/texmf-dist/tex/latex/amsmath/amsbsy.sty)
(/usr/share/texlive/texmf-dist/tex/latex/amsmath/amsopn.sty))
(/usr/share/texlive/texmf-dist/tex/latex/amsfonts/amssymb.sty
(/usr/share/texlive/texmf-dist/tex/latex/amsfonts/amsfonts.sty))
(/usr/share/texlive/texmf-dist/tex/latex/amscls/amsthm.sty)
(/usr/share/texlive/texmf-dist/tex/latex/amsmath/amscd.sty)
(/usr/share/texlive/texmf-dist/tex/latex/graphics/graphicx.sty
(/usr/share/texlive/texmf-dist/tex/latex/graphics/graphics.sty
(/usr/share/texlive/texmf-dist/tex/latex/graphics/trig.sty)
(/usr/share/texlive/texmf-dist/tex/latex/graphics-cfg/graphics.cfg)
(/usr/share/texlive/texmf-dist/tex/latex/graphics-def/xetex.def)))
(/usr/share/texlive/texmf-dist/tex/latex/graphics/color.sty
(/usr/share/texlive/texmf-dist/tex/latex/graphics-cfg/color.cfg)
(/usr/share/texlive/texmf-dist/tex/latex/graphics/mathcolor.ltx))
(/usr/share/texlive/texmf-dist/tex/latex/xurl/xurl.sty
(/usr/share/texlive/texmf-dist/tex/latex/url/url.sty))
(/usr/share/texlive/texmf-dist/tex/latex/hyperref/hyperref.sty
(/usr/share/texlive/texmf-dist/tex/latex/kvsetkeys/kvsetkeys.sty)
(/usr/share/texlive/texmf-dist/tex/generic/kvdefinekeys/kvdefinekeys.sty)
(/usr/share/texlive/texmf-dist/tex/generic/pdfescape/pdfescape.sty
(/usr/share/texlive/texmf-dist/tex/generic/ltxcmds/ltxcmds.sty)
(/usr/share/texlive/texmf-dist/tex/generic/pdftexcmds/pdftexcmds.sty
(/usr/share/texlive/texmf-dist/tex/generic/infwarerr/infwarerr.sty)))
(/usr/share/texlive/texmf-dist/tex/latex/hycolor/hycolor.sty)
(/usr/share/texlive/texmf-dist/tex/latex/hyperref/nameref.sty
(/usr/share/texlive/texmf-dist/tex/latex/refcount/refcount.sty)
(/usr/share/texlive/texmf-dist/tex/generic/gettitlestring/gettitlestring.sty
(/usr/share/texlive/texmf-dist/tex/latex/kvoptions/kvoptions.sty)))
(/usr/share/texlive/texmf-dist/tex/latex/etoolbox/etoolbox.sty)
(/usr/share/texlive/texmf-dist/tex/generic/stringenc/stringenc.sty)
(/usr/share/texlive/texmf-dist/tex/latex/hyperref/pd1enc.def)
(/usr/share/texlive/texmf-dist/tex/generic/intcalc/intcalc.sty)
(/usr/share/texlive/texmf-dist/tex/latex/hyperref/puenc.def)
(/usr/share/texlive/texmf-dist/tex/generic/bitset/bitset.sty
(/usr/share/texlive/texmf-dist/tex/generic/bigintcalc/bigintcalc.sty))
(/usr/share/texlive/texmf-dist/tex/latex/base/atbegshi-ltx.sty))
(/usr/share/texlive/texmf-dist/tex/latex/hyperref/hxetex.def
(/usr/share/texlive/texmf-dist/tex/latex/rerunfilecheck/rerunfilecheck.sty
(/usr/share/texlive/texmf-dist/tex/latex/base/atveryend-ltx.sty)
(/usr/share/texlive/texmf-dist/tex/generic/uniquecounter/uniquecounter.sty)))
No file 2000.aux.
*geometry* driver: auto-detecting
*geometry* detected driver: xetex

Package hyperref Warning: Rerun to get /PageLabels entry.

(/usr/share/texlive/texmf-dist/tex/latex/amsfonts/umsa.fd)
(/usr/share/texlive/texmf-dist/tex/latex/amsfonts/umsb.fd)
(/usr/share/texlive/texmf-dist/tex/latex/amsfonts/ueuf.fd)

Package hyperref Warning: Token not allowed in a PDF string (Unicode):
(hyperref)                removing `math shift' on input line 62.


Package hyperref Warning: Token not allowed in a PDF string (Unicode):
(hyperref)                removing `math shift' on input line 62.


Package hyperref Warning: Token not allowed in a PDF string (Unicode):
(hyperref)                removing `math shift' on input line 62.


Package hyperref Warning: Token not allowed in a PDF string (Unicode):
(hyperref)                removing `subscript' on input line 62.


Package hyperref Warning: Token not allowed in a PDF string (Unicode):
(hyperref)                removing `\ell' on input line 62.


Package hyperref Warning: Token not allowed in a PDF string (Unicode):
(hyperref)                removing `math shift' on input line 62.


LaTeX Warning: Citation `NdORM1' on page 1 undefined on input line 64.


LaTeX Warning: Citation `MT' on page 1 undefined on input line 76.


[1]

LaTeX Warning: Citation `Dix' on page 2 undefined on input line 147.


[2]

LaTeX Warning: Citation `Shapo' on page 3 undefined on input line 208.


LaTeX Warning: Citation `KacRai' on page 3 undefined on input line 208.


LaTeX Warning: Reference `PnHkcomm' on page 3 undefined on input line 258.


[3]

LaTeX Warning: Reference `ActionP2' on page 4 undefined on input line 275.


LaTeX Warning: Reference `lemma1' on page 4 undefined on input line 299.


LaTeX Warning: Reference `IPl=1' on page 4 undefined on input line 304.


LaTeX Warning: Reference `ActionP2' on page 4 undefined on input line 308.


LaTeX Warning: Reference `KDl1' on page 4 undefined on input line 309.


LaTeX Warning: Reference `anyl-basis' on page 4 undefined on input line 314.


LaTeX Warning: Reference `PnHkcomm' on page 4 undefined on input line 337.


LaTeX Warning: Reference `IPlge2-2' on page 4 undefined on input line 337.


LaTeX Warning: Reference `lemma2' on page 4 undefined on input line 349.


[4]

LaTeX Warning: Reference `prop1' on page 5 undefined on input line 369.


LaTeX Warning: Reference `prop1' on page 5 undefined on input line 386.


LaTeX Warning: Reference `prop1' on page 5 undefined on input line 387.


LaTeX Warning: Reference `prop1' on page 5 undefined on input line 413.


Package hyperref Warning: Token not allowed in a PDF string (Unicode):
(hyperref)                removing `math shift' on input line 417.


Package hyperref Warning: Token not allowed in a PDF string (Unicode):
(hyperref)                removing `\not' on input line 417.


Package hyperref Warning: Token not allowed in a PDF string (Unicode):
(hyperref)                removing `math shift' on input line 417.


Package hyperref Warning: Token not allowed in a PDF string (Unicode):
(hyperref)                removing `math shift' on input line 427.


Package hyperref Warning: Token not allowed in a PDF string (Unicode):
(hyperref)                removing `subscript' on input line 427.


Package hyperref Warning: Token not allowed in a PDF string (Unicode):
(hyperref)                removing `\ell' on input line 427.


Package hyperref Warning: Token not allowed in a PDF string (Unicode):
(hyperref)                removing `math shift' on input line 427.


LaTeX Warning: Reference `prop2' on page 5 undefined on input line 431.


LaTeX Warning: Reference `lemma5' on page 5 undefined on input line 447.


LaTeX Warning: Reference `theorem2' on page 5 undefined on input line 457.


LaTeX Warning: Citation `LuMazoZhao' on page 5 undefined on input line 457.


Package hyperref Warning: Token not allowed in a PDF string (Unicode):
(hyperref)                removing `math shift' on input line 459.


Package hyperref Warning: Token not allowed in a PDF string (Unicode):
(hyperref)                removing `\not' on input line 459.


Package hyperref Warning: Token not allowed in a PDF string (Unicode):
(hyperref)                removing `math shift' on input line 459.


[5]

LaTeX Warning: Reference `lemma3' on page 6 undefined on input line 497.


LaTeX Warning: Reference `SEC:VM' on page 6 undefined on input line 538.


[6]

LaTeX Warning: Reference `lemma3' on page 7 undefined on input line 577.


LaTeX Warning: Reference `lemma4' on page 7 undefined on input line 610.


LaTeX Warning: Citation `Dob95' on page 7 undefined on input line 615.


LaTeX Warning: Citation `Dob97' on page 7 undefined on input line 615.


LaTeX Warning: Reference `lemma4' on page 7 undefined on input line 617.


[7]

LaTeX Warning: Reference `KDQuoSpa' on page 8 undefined on input line 727.


LaTeX Warning: Reference `Prod-m-Nk' on page 8 undefined on input line 741.


LaTeX Warning: Reference `Prod-m-Nk-2' on page 8 undefined on input line 753.


LaTeX Warning: Reference `KDQuoSpa' on page 8 undefined on input line 758.


LaTeX Warning: Reference `KDQuoSpa' on page 8 undefined on input line 760.


LaTeX Warning: Reference `Prod-m-Nk' on page 8 undefined on input line 760.


LaTeX Warning: Reference `Prod-m-Nk-2' on page 8 undefined on input line 761.


[8]

LaTeX Warning: Reference `KDinQuotient' on page 9 undefined on input line 768.


Underfull \hbox (badness 2521) in paragraph at lines 770--774
[]\TU/LatinModernRoman(0)/m/n/10.95 (iii) The basis vectors of level $\OML/cmm/
m/it/10.95 N[] \OT1/cmr/m/n/10.95 = \OML/cmm/m/it/10.95 ^^U \OT1/cmr/m/n/10.95 
+ 1$ \TU/LatinModernRoman(0)/m/n/10.95 subspace are $\OML/cmm/m/it/10.95 P[][]u
[][]$ \TU/LatinModernRoman(0)/m/n/10.95 and $[] \OT1/cmr/m/n/10.95 =$

LaTeX Warning: Reference `SVinQuotientSpace' on page 9 undefined on input line 
799.


LaTeX Warning: Reference `Assumption-lambda' on page 9 undefined on input line 
806.


LaTeX Warning: Reference `lemma5' on page 9 undefined on input line 807.


[9]
[10] (build/2000.aux)

LaTeX Warning: There were undefined references.


LaTeX Warning: Label(s) may have changed. Rerun to get cross-references right.


Package rerunfilecheck Warning: File `2000.out' has changed.
(rerunfilecheck)                Rerun to get outlines right
(rerunfilecheck)                or use package `bookmark'.

 )
(see the transcript file for additional information)
Output written on build/2000.pdf (10 pages).
Transcript written on build/2000.log.
