This is XeTeX, Version 3.141592653-2.6-0.999996 (TeX Live 2025/dev/Debian) (preloaded format=xelatex)
entering extended mode
(./1700.tex
LaTeX2e <2024-11-01> patch level 2
L3 programming layer <2025-01-18>
(/usr/share/texlive/texmf-dist/tex/latex/base/article.cls
Document Class: article 2024/06/29 v1.4n Standard LaTeX document class
(/usr/share/texlive/texmf-dist/tex/latex/base/size11.clo))
(/usr/share/texlive/texmf-dist/tex/latex/geometry/geometry.sty
(/usr/share/texlive/texmf-dist/tex/latex/graphics/keyval.sty)
(/usr/share/texlive/texmf-dist/tex/generic/iftex/ifvtex.sty
(/usr/share/texlive/texmf-dist/tex/generic/iftex/iftex.sty)))
(/usr/share/texlive/texmf-dist/tex/latex/fontspec/fontspec.sty
(/usr/share/texlive/texmf-dist/tex/latex/l3packages/xparse/xparse.sty
(/usr/share/texlive/texmf-dist/tex/latex/l3kernel/expl3.sty
(/usr/share/texlive/texmf-dist/tex/latex/l3backend/l3backend-xetex.def)))
(/usr/share/texlive/texmf-dist/tex/latex/fontspec/fontspec-xetex.sty
(/usr/share/texlive/texmf-dist/tex/latex/base/fontenc.sty)
(/usr/share/texlive/texmf-dist/tex/latex/fontspec/fontspec.cfg)))
(/usr/share/texlive/texmf-dist/tex/latex/amsmath/amsmath.sty
For additional information on amsmath, use the `?' option.
(/usr/share/texlive/texmf-dist/tex/latex/amsmath/amstext.sty
(/usr/share/texlive/texmf-dist/tex/latex/amsmath/amsgen.sty))
(/usr/share/texlive/texmf-dist/tex/latex/amsmath/amsbsy.sty)
(/usr/share/texlive/texmf-dist/tex/latex/amsmath/amsopn.sty))
(/usr/share/texlive/texmf-dist/tex/latex/amsfonts/amssymb.sty
(/usr/share/texlive/texmf-dist/tex/latex/amsfonts/amsfonts.sty))
(/usr/share/texlive/texmf-dist/tex/latex/amscls/amsthm.sty)
(/usr/share/texlive/texmf-dist/tex/latex/amsmath/amscd.sty)
(/usr/share/texlive/texmf-dist/tex/latex/graphics/graphicx.sty
(/usr/share/texlive/texmf-dist/tex/latex/graphics/graphics.sty
(/usr/share/texlive/texmf-dist/tex/latex/graphics/trig.sty)
(/usr/share/texlive/texmf-dist/tex/latex/graphics-cfg/graphics.cfg)
(/usr/share/texlive/texmf-dist/tex/latex/graphics-def/xetex.def)))
(/usr/share/texlive/texmf-dist/tex/latex/graphics/color.sty
(/usr/share/texlive/texmf-dist/tex/latex/graphics-cfg/color.cfg)
(/usr/share/texlive/texmf-dist/tex/latex/graphics/mathcolor.ltx))
(/usr/share/texlive/texmf-dist/tex/latex/xurl/xurl.sty
(/usr/share/texlive/texmf-dist/tex/latex/url/url.sty))
(/usr/share/texlive/texmf-dist/tex/latex/hyperref/hyperref.sty
(/usr/share/texlive/texmf-dist/tex/latex/kvsetkeys/kvsetkeys.sty)
(/usr/share/texlive/texmf-dist/tex/generic/kvdefinekeys/kvdefinekeys.sty)
(/usr/share/texlive/texmf-dist/tex/generic/pdfescape/pdfescape.sty
(/usr/share/texlive/texmf-dist/tex/generic/ltxcmds/ltxcmds.sty)
(/usr/share/texlive/texmf-dist/tex/generic/pdftexcmds/pdftexcmds.sty
(/usr/share/texlive/texmf-dist/tex/generic/infwarerr/infwarerr.sty)))
(/usr/share/texlive/texmf-dist/tex/latex/hycolor/hycolor.sty)
(/usr/share/texlive/texmf-dist/tex/latex/hyperref/nameref.sty
(/usr/share/texlive/texmf-dist/tex/latex/refcount/refcount.sty)
(/usr/share/texlive/texmf-dist/tex/generic/gettitlestring/gettitlestring.sty
(/usr/share/texlive/texmf-dist/tex/latex/kvoptions/kvoptions.sty)))
(/usr/share/texlive/texmf-dist/tex/latex/etoolbox/etoolbox.sty)
(/usr/share/texlive/texmf-dist/tex/generic/stringenc/stringenc.sty)
(/usr/share/texlive/texmf-dist/tex/latex/hyperref/pd1enc.def)
(/usr/share/texlive/texmf-dist/tex/generic/intcalc/intcalc.sty)
(/usr/share/texlive/texmf-dist/tex/latex/hyperref/puenc.def)
(/usr/share/texlive/texmf-dist/tex/generic/bitset/bitset.sty
(/usr/share/texlive/texmf-dist/tex/generic/bigintcalc/bigintcalc.sty))
(/usr/share/texlive/texmf-dist/tex/latex/base/atbegshi-ltx.sty))
(/usr/share/texlive/texmf-dist/tex/latex/hyperref/hxetex.def
(/usr/share/texlive/texmf-dist/tex/latex/rerunfilecheck/rerunfilecheck.sty
(/usr/share/texlive/texmf-dist/tex/latex/base/atveryend-ltx.sty)
(/usr/share/texlive/texmf-dist/tex/generic/uniquecounter/uniquecounter.sty)))
(/usr/share/texlive/texmf-dist/tex/latex/tabu/tabu.sty
(/usr/share/texlive/texmf-dist/tex/latex/tools/array.sty)
(/usr/share/texlive/texmf-dist/tex/latex/varwidth/varwidth.sty))
No file 1700.aux.
*geometry* driver: auto-detecting
*geometry* detected driver: xetex

Package hyperref Warning: Rerun to get /PageLabels entry.

(/usr/share/texlive/texmf-dist/tex/latex/amsfonts/umsa.fd)
(/usr/share/texlive/texmf-dist/tex/latex/amsfonts/umsb.fd)
[1]

LaTeX Warning: Reference `e1' on page 2 undefined on input line 137.


LaTeX Warning: Reference `e1' on page 2 undefined on input line 146.


LaTeX Warning: Citation `Guillarmou' on page 2 undefined on input line 156.


LaTeX Warning: Citation `MM' on page 2 undefined on input line 156.


LaTeX Warning: Citation `V' on page 2 undefined on input line 156.


LaTeX Warning: Citation `BMW' on page 2 undefined on input line 167.


LaTeX Warning: Reference `normRF' on page 2 undefined on input line 170.


LaTeX Warning: Citation `WXShi' on page 2 undefined on input line 180.


LaTeX Warning: Citation `Chen-Zhu' on page 2 undefined on input line 180.


LaTeX Warning: Citation `Bahuaud' on page 2 undefined on input line 181.


LaTeX Warning: Citation `Bamler' on page 2 undefined on input line 182.


LaTeX Warning: Citation `QSW' on page 2 undefined on input line 182.


LaTeX Warning: Citation `SSS' on page 2 undefined on input line 182.


LaTeX Warning: Citation `BahuaudWoolgar' on page 2 undefined on input line 183.



LaTeX Warning: Citation `BMW' on page 2 undefined on input line 184.


LaTeX Warning: Citation `BW' on page 2 undefined on input line 184.


LaTeX Warning: Citation `R' on page 2 undefined on input line 184.


LaTeX Warning: Citation `Ammar' on page 2 undefined on input line 184.


[2] (/usr/share/texlive/texmf-dist/tex/latex/amsfonts/ueuf.fd)

LaTeX Warning: Citation `GL' on page 3 undefined on input line 219.


LaTeX Warning: Reference `eq1.3' on page 3 undefined on input line 225.


LaTeX Warning: Reference `proposition1.5' on page 3 undefined on input line 232
.


LaTeX Warning: Citation `Gr' on page 3 undefined on input line 240.


[3]

LaTeX Warning: Reference `e1' on page 4 undefined on input line 243.


LaTeX Warning: Citation `FG2' on page 4 undefined on input line 250.


LaTeX Warning: Citation `FG2' on page 4 undefined on input line 252.


LaTeX Warning: Citation `CDLS' on page 4 undefined on input line 257.


LaTeX Warning: Citation `Gr' on page 4 undefined on input line 261.


LaTeX Warning: Citation `Guillarmou' on page 4 undefined on input line 261.


LaTeX Warning: Citation `Gr' on page 4 undefined on input line 269.


LaTeX Warning: Citation `Guillarmou' on page 4 undefined on input line 275.


LaTeX Warning: Reference `proposition1.5' on page 4 undefined on input line 281
.


[4]

LaTeX Warning: Reference `eq1.3' on page 5 undefined on input line 289.


LaTeX Warning: Reference `proposition1.5' on page 5 undefined on input line 289
.


LaTeX Warning: Reference `proposition1.5' on page 5 undefined on input line 296
.


LaTeX Warning: Reference `definition1.1' on page 5 undefined on input line 320.



LaTeX Warning: Reference `definition1.6' on page 5 undefined on input line 320.



[5]

LaTeX Warning: Reference `definition1.6' on page 6 undefined on input line 322.



LaTeX Warning: Reference `definition1.1' on page 6 undefined on input line 322.



LaTeX Warning: Reference `eq1.7' on page 6 undefined on input line 329.


LaTeX Warning: Citation `Guillarmou' on page 6 undefined on input line 331.


LaTeX Warning: Reference `definition1.6' on page 6 undefined on input line 334.



LaTeX Warning: Reference `normRF' on page 6 undefined on input line 340.


LaTeX Warning: Citation `Bahuaud' on page 6 undefined on input line 343.


LaTeX Warning: Reference `normRF' on page 6 undefined on input line 343.


LaTeX Warning: Citation `Besse' on page 6 undefined on input line 347.


LaTeX Warning: Reference `normRF' on page 6 undefined on input line 357.


[6]

LaTeX Warning: Reference `normRF' on page 7 undefined on input line 365.


LaTeX Warning: Citation `Bahuaud' on page 7 undefined on input line 365.


LaTeX Warning: Citation `Chen-Zhu' on page 7 undefined on input line 366.


LaTeX Warning: Reference `rf1' on page 7 undefined on input line 366.


LaTeX Warning: Citation `Bahuaud' on page 7 undefined on input line 367.


LaTeX Warning: Citation `Bahuaud' on page 7 undefined on input line 367.


LaTeX Warning: Reference `rf1' on page 7 undefined on input line 370.


LaTeX Warning: Reference `prop:even-expansions-preserved' on page 7 undefined o
n input line 379.


LaTeX Warning: Reference `rf2' on page 7 undefined on input line 389.


LaTeX Warning: Reference `lemma:expansion' on page 7 undefined on input line 39
6.


LaTeX Warning: Reference `appendix:first-odd-term-olgxx' on page 7 undefined on
 input line 396.


LaTeX Warning: Reference `eqn:hess-asymp-xx' on page 7 undefined on input line 
400.


LaTeX Warning: Reference `eqn:laplacian-asymp-xx' on page 7 undefined on input 
line 400.


LaTeX Warning: Reference `lemma:expansion' on page 7 undefined on input line 40
0.


LaTeX Warning: Reference `lemma:expansion' on page 7 undefined on input line 41
6.


LaTeX Warning: Reference `appendix:first-odd-term-olgxx' on page 7 undefined on
 input line 416.


LaTeX Warning: Reference `eqn:hess-asymp-ab' on page 7 undefined on input line 
420.


LaTeX Warning: Reference `eqn:laplacian-asymp-ab' on page 7 undefined on input 
line 420.


[7]

LaTeX Warning: Reference `eqn:mixed-ref-1' on page 8 undefined on input line 45
1.


LaTeX Warning: Reference `eqn:mixed-ref-2' on page 8 undefined on input line 45
5.


LaTeX Warning: Reference `lemma:expansion' on page 8 undefined on input line 47
7.


[8]

LaTeX Warning: Reference `eqn:mixed-ref-1' on page 9 undefined on input line 51
7.


LaTeX Warning: Reference `eqn:mixed-ref-2' on page 9 undefined on input line 51
7.


LaTeX Warning: Reference `eqn:mixed-ref-3' on page 9 undefined on input line 52
1.


LaTeX Warning: Reference `eqn:mixed-ref-4' on page 9 undefined on input line 52
1.


LaTeX Warning: Reference `eqn:mixed-ref-5' on page 9 undefined on input line 52
1.


[9]

LaTeX Warning: Reference `prop:even-expansions-preserved' on page 10 undefined 
on input line 525.


LaTeX Warning: Reference `prop:even-expansions-preserved' on page 10 undefined 
on input line 546.


LaTeX Warning: Reference `eq2.1' on page 10 undefined on input line 569.


[10]

LaTeX Warning: Reference `appendix:first-odd-term-olgxx' on page 11 undefined o
n input line 587.


LaTeX Warning: Reference `sec:hess-lap-asymp' on page 11 undefined on input lin
e 589.


LaTeX Warning: Reference `eqA.5' on page 11 undefined on input line 600.


LaTeX Warning: Reference `eqA.7' on page 11 undefined on input line 600.


LaTeX Warning: Reference `eq2.1' on page 11 undefined on input line 616.


LaTeX Warning: Reference `prop:linear-system' on page 11 undefined on input lin
e 627.


LaTeX Warning: Reference `prop:volume-renorm-preserved' on page 11 undefined on
 input line 632.


LaTeX Warning: Reference `prop:volume-renorm-preserved' on page 11 undefined on
 input line 634.


[11]

LaTeX Warning: Reference `lemma1.7' on page 12 undefined on input line 650.


LaTeX Warning: Reference `lemma1.7' on page 12 undefined on input line 667.


LaTeX Warning: Reference `corollary3.4' on page 12 undefined on input line 668.



LaTeX Warning: Reference `prop:even-expansions-preserved' on page 12 undefined 
on input line 671.


LaTeX Warning: Reference `prop:volume-renorm-preserved' on page 12 undefined on
 input line 671.


LaTeX Warning: Reference `TheoremA' on page 12 undefined on input line 671.


[12]

LaTeX Warning: Reference `defn-even' on page 13 undefined on input line 690.


LaTeX Warning: Reference `lemma:expansion' on page 13 undefined on input line 7
05.


[13]

LaTeX Warning: Reference `lemma:expansion' on page 14 undefined on input line 7
65.


[14]

LaTeX Warning: Reference `eqn:mixed-ref-3' on page 15 undefined on input line 8
45.


LaTeX Warning: Reference `eqn:mixed-ref-4' on page 15 undefined on input line 8
45.


LaTeX Warning: Reference `eqn:mixed-ref-5' on page 15 undefined on input line 8
45.


[15]
[16]
[17] (build/1700.aux)

LaTeX Warning: There were undefined references.


LaTeX Warning: Label(s) may have changed. Rerun to get cross-references right.


Package rerunfilecheck Warning: File `1700.out' has changed.
(rerunfilecheck)                Rerun to get outlines right
(rerunfilecheck)                or use package `bookmark'.

 )
Output written on build/1700.pdf (17 pages).
Transcript written on build/1700.log.
