This is XeTeX, Version 3.141592653-2.6-0.999996 (TeX Live 2025/dev/Debian) (preloaded format=xelatex)
entering extended mode
(./1771.tex
LaTeX2e <2024-11-01> patch level 2
L3 programming layer <2025-01-18>
(/usr/share/texlive/texmf-dist/tex/latex/base/article.cls
Document Class: article 2024/06/29 v1.4n Standard LaTeX document class
(/usr/share/texlive/texmf-dist/tex/latex/base/size11.clo))
(/usr/share/texlive/texmf-dist/tex/latex/geometry/geometry.sty
(/usr/share/texlive/texmf-dist/tex/latex/graphics/keyval.sty)
(/usr/share/texlive/texmf-dist/tex/generic/iftex/ifvtex.sty
(/usr/share/texlive/texmf-dist/tex/generic/iftex/iftex.sty)))
(/usr/share/texlive/texmf-dist/tex/latex/fontspec/fontspec.sty
(/usr/share/texlive/texmf-dist/tex/latex/l3packages/xparse/xparse.sty
(/usr/share/texlive/texmf-dist/tex/latex/l3kernel/expl3.sty
(/usr/share/texlive/texmf-dist/tex/latex/l3backend/l3backend-xetex.def)))
(/usr/share/texlive/texmf-dist/tex/latex/fontspec/fontspec-xetex.sty
(/usr/share/texlive/texmf-dist/tex/latex/base/fontenc.sty)
(/usr/share/texlive/texmf-dist/tex/latex/fontspec/fontspec.cfg)))
(/usr/share/texlive/texmf-dist/tex/latex/amsmath/amsmath.sty
For additional information on amsmath, use the `?' option.
(/usr/share/texlive/texmf-dist/tex/latex/amsmath/amstext.sty
(/usr/share/texlive/texmf-dist/tex/latex/amsmath/amsgen.sty))
(/usr/share/texlive/texmf-dist/tex/latex/amsmath/amsbsy.sty)
(/usr/share/texlive/texmf-dist/tex/latex/amsmath/amsopn.sty))
(/usr/share/texlive/texmf-dist/tex/latex/amsfonts/amssymb.sty
(/usr/share/texlive/texmf-dist/tex/latex/amsfonts/amsfonts.sty))
(/usr/share/texlive/texmf-dist/tex/latex/amscls/amsthm.sty)
(/usr/share/texlive/texmf-dist/tex/latex/amsmath/amscd.sty)
(/usr/share/texlive/texmf-dist/tex/latex/graphics/graphicx.sty
(/usr/share/texlive/texmf-dist/tex/latex/graphics/graphics.sty
(/usr/share/texlive/texmf-dist/tex/latex/graphics/trig.sty)
(/usr/share/texlive/texmf-dist/tex/latex/graphics-cfg/graphics.cfg)
(/usr/share/texlive/texmf-dist/tex/latex/graphics-def/xetex.def)))
(/usr/share/texlive/texmf-dist/tex/latex/graphics/color.sty
(/usr/share/texlive/texmf-dist/tex/latex/graphics-cfg/color.cfg)
(/usr/share/texlive/texmf-dist/tex/latex/graphics/mathcolor.ltx))
(/usr/share/texlive/texmf-dist/tex/latex/xurl/xurl.sty
(/usr/share/texlive/texmf-dist/tex/latex/url/url.sty))
(/usr/share/texlive/texmf-dist/tex/latex/hyperref/hyperref.sty
(/usr/share/texlive/texmf-dist/tex/latex/kvsetkeys/kvsetkeys.sty)
(/usr/share/texlive/texmf-dist/tex/generic/kvdefinekeys/kvdefinekeys.sty)
(/usr/share/texlive/texmf-dist/tex/generic/pdfescape/pdfescape.sty
(/usr/share/texlive/texmf-dist/tex/generic/ltxcmds/ltxcmds.sty)
(/usr/share/texlive/texmf-dist/tex/generic/pdftexcmds/pdftexcmds.sty
(/usr/share/texlive/texmf-dist/tex/generic/infwarerr/infwarerr.sty)))
(/usr/share/texlive/texmf-dist/tex/latex/hycolor/hycolor.sty)
(/usr/share/texlive/texmf-dist/tex/latex/hyperref/nameref.sty
(/usr/share/texlive/texmf-dist/tex/latex/refcount/refcount.sty)
(/usr/share/texlive/texmf-dist/tex/generic/gettitlestring/gettitlestring.sty
(/usr/share/texlive/texmf-dist/tex/latex/kvoptions/kvoptions.sty)))
(/usr/share/texlive/texmf-dist/tex/latex/etoolbox/etoolbox.sty)
(/usr/share/texlive/texmf-dist/tex/generic/stringenc/stringenc.sty)
(/usr/share/texlive/texmf-dist/tex/latex/hyperref/pd1enc.def)
(/usr/share/texlive/texmf-dist/tex/generic/intcalc/intcalc.sty)
(/usr/share/texlive/texmf-dist/tex/latex/hyperref/puenc.def)
(/usr/share/texlive/texmf-dist/tex/generic/bitset/bitset.sty
(/usr/share/texlive/texmf-dist/tex/generic/bigintcalc/bigintcalc.sty))
(/usr/share/texlive/texmf-dist/tex/latex/base/atbegshi-ltx.sty))
(/usr/share/texlive/texmf-dist/tex/latex/hyperref/hxetex.def
(/usr/share/texlive/texmf-dist/tex/latex/rerunfilecheck/rerunfilecheck.sty
(/usr/share/texlive/texmf-dist/tex/latex/base/atveryend-ltx.sty)
(/usr/share/texlive/texmf-dist/tex/generic/uniquecounter/uniquecounter.sty)))
(/usr/share/texlive/texmf-dist/tex/latex/jknapltx/mathrsfs.sty)
(/usr/share/texlive/texmf-dist/tex/generic/xypic/xy.sty
(/usr/share/texlive/texmf-dist/tex/generic/xypic/xy.tex Bootstrap'ing:
catcodes, docmode, (/usr/share/texlive/texmf-dist/tex/generic/xypic/xyrecat.tex
) (/usr/share/texlive/texmf-dist/tex/generic/xypic/xyidioms.tex)

 Xy-pic version 3.8.9 <2013/10/06>
 Copyright (c) 1991-2013 by Kristoffer H. Rose <krisrose@tug.org> and others
 Xy-pic is free software: see the User's Guide for details.

Loading kernel: messages; fonts; allocations: state, direction,
utility macros; pictures: \xy, positions, objects, decorations;
kernel objects: directionals, circles, text; options; algorithms: directions,
edges, connections;  Xy-pic loaded)
(/usr/share/texlive/texmf-dist/tex/generic/iftex/ifpdf.sty)
(/usr/share/texlive/texmf-dist/tex/generic/xypic/xyall.tex
 Xy-pic option: All features v.3.8
(/usr/share/texlive/texmf-dist/tex/generic/xypic/xycurve.tex
 Xy-pic option: Curve and Spline extension v.3.12 curve, circles, loaded)
(/usr/share/texlive/texmf-dist/tex/generic/xypic/xyframe.tex
 Xy-pic option: Frame and Bracket extension v.3.14 loaded)
(/usr/share/texlive/texmf-dist/tex/generic/xypic/xycmtip.tex
 Xy-pic option: Computer Modern tip extension v.3.7
(/usr/share/texlive/texmf-dist/tex/generic/xypic/xytips.tex
 Xy-pic option: More Tips extension v.3.11 loaded) loaded)
(/usr/share/texlive/texmf-dist/tex/generic/xypic/xyline.tex
 Xy-pic option: Line styles extension v.3.10 loaded)
(/usr/share/texlive/texmf-dist/tex/generic/xypic/xyrotate.tex
 Xy-pic option: Rotate and Scale extension v.3.8 loaded)
(/usr/share/texlive/texmf-dist/tex/generic/xypic/xycolor.tex
 Xy-pic option: Colour extension v.3.11 loaded)
(/usr/share/texlive/texmf-dist/tex/generic/xypic/xymatrix.tex
 Xy-pic option: Matrix feature v.3.14 loaded)
(/usr/share/texlive/texmf-dist/tex/generic/xypic/xyarrow.tex
 Xy-pic option: Arrow and Path feature v.3.9 path, \ar, loaded)
(/usr/share/texlive/texmf-dist/tex/generic/xypic/xygraph.tex
 Xy-pic option: Graph feature v.3.11 loaded) loaded))
(/usr/share/texlive/texmf-dist/tex/generic/xypic/xyall.tex
 Xy-pic option: All features v.3.8 not reloaded)
No file 1771.aux.
*geometry* driver: auto-detecting
*geometry* detected driver: xetex

Package hyperref Warning: Rerun to get /PageLabels entry.

(/usr/share/texlive/texmf-dist/tex/latex/amsfonts/umsa.fd)
(/usr/share/texlive/texmf-dist/tex/latex/amsfonts/umsb.fd)
(/usr/share/texlive/texmf-dist/tex/latex/jknapltx/ursfs.fd)

LaTeX Warning: Reference `sect:Fil' on page 1 undefined on input line 93.


LaTeX Warning: Citation `ESY' on page 1 undefined on input line 93.


LaTeX Warning: Citation `ESY' on page 1 undefined on input line 95.


LaTeX Warning: Citation `KKP' on page 1 undefined on input line 95.


LaTeX Warning: Reference `sect:Fil' on page 1 undefined on input line 95.


[1]

LaTeX Warning: Reference `eq:H-prod' on page 2 undefined on input line 106.


LaTeX Warning: Citation `S2' on page 2 undefined on input line 112.


Package hyperref Warning: Suppressing link with empty target on input line 112.



LaTeX Warning: Citation `S2' on page 2 undefined on input line 112.


LaTeX Warning: Citation `M_twistor' on page 2 undefined on input line 112.


LaTeX Warning: Reference `sect:Fil' on page 2 undefined on input line 114.


LaTeX Warning: Citation `Y' on page 2 undefined on input line 114.


LaTeX Warning: Citation `Y' on page 2 undefined on input line 114.


LaTeX Warning: Citation `S' on page 2 undefined on input line 114.


LaTeX Warning: Citation `SY' on page 2 undefined on input line 114.


LaTeX Warning: Citation `M_GKZ' on page 2 undefined on input line 114.


LaTeX Warning: Reference `sect:Resolution' on page 2 undefined on input line 11
5.


Package hyperref Warning: Suppressing link with empty target on input line 115.



[2]

LaTeX Warning: Citation `Y' on page 3 undefined on input line 140.


LaTeX Warning: Citation `Y' on page 3 undefined on input line 140.


LaTeX Warning: Citation `M_GKZ' on page 3 undefined on input line 140.


LaTeX Warning: Citation `SY' on page 3 undefined on input line 141.


LaTeX Warning: Citation `S' on page 3 undefined on input line 141.


LaTeX Warning: Citation `M_GKZ' on page 3 undefined on input line 141.


LaTeX Warning: Citation `M_GKZ' on page 3 undefined on input line 141.


LaTeX Warning: Citation `M_GKZ' on page 3 undefined on input line 141.


[3]

LaTeX Warning: Reference `eq:non-deg-local' on page 4 undefined on input line 1
89.


LaTeX Warning: Citation `ESY' on page 4 undefined on input line 191.


LaTeX Warning: Citation `KKP' on page 4 undefined on input line 191.


LaTeX Warning: Citation `Y' on page 4 undefined on input line 191.


LaTeX Warning: Citation `ESY' on page 4 undefined on input line 191.


LaTeX Warning: Reference `eq:with-df' on page 4 undefined on input line 209.


LaTeX Warning: Reference `eq:without-df' on page 4 undefined on input line 209.



LaTeX Warning: Citation `Y' on page 4 undefined on input line 217.


LaTeX Warning: Citation `ESY' on page 4 undefined on input line 217.


LaTeX Warning: Reference `eq:extended' on page 4 undefined on input line 219.


LaTeX Warning: Reference `eq:with-df' on page 4 undefined on input line 219.


LaTeX Warning: Reference `eq:without-df' on page 4 undefined on input line 219.



[4]

LaTeX Warning: Reference `eq:extended' on page 5 undefined on input line 231.


LaTeX Warning: Citation `SY' on page 5 undefined on input line 234.


LaTeX Warning: Citation `SY' on page 5 undefined on input line 234.


LaTeX Warning: Citation `ESY' on page 5 undefined on input line 234.


LaTeX Warning: Citation `M_GKZ' on page 5 undefined on input line 234.


LaTeX Warning: Citation `Y' on page 5 undefined on input line 245.


LaTeX Warning: Reference `eq:non-deg-local' on page 5 undefined on input line 2
47.


LaTeX Warning: Citation `Y' on page 5 undefined on input line 247.


LaTeX Warning: Citation `Y' on page 5 undefined on input line 249.


LaTeX Warning: Citation `Y' on page 5 undefined on input line 253.


LaTeX Warning: Citation `Y' on page 5 undefined on input line 253.


LaTeX Warning: Citation `Y' on page 5 undefined on input line 254.


LaTeX Warning: Citation `Y' on page 5 undefined on input line 256.


[5]

LaTeX Warning: Citation `Y' on page 6 undefined on input line 258.


LaTeX Warning: Citation `KKP' on page 6 undefined on input line 258.


LaTeX Warning: Reference `Prop:Kont-Log' on page 6 undefined on input line 258.



LaTeX Warning: Reference `eq:Kont-loc-gen' on page 6 undefined on input line 29
8.


LaTeX Warning: Reference `eq:chart-u-1' on page 6 undefined on input line 298.


LaTeX Warning: Reference `eq:chart-u-2' on page 6 undefined on input line 298.


LaTeX Warning: Reference `eq:chart-v-1' on page 6 undefined on input line 298.


LaTeX Warning: Reference `eq:chart-v-2' on page 6 undefined on input line 298.


LaTeX Warning: Citation `Y' on page 6 undefined on input line 300.


LaTeX Warning: Reference `eq:RpiF' on page 6 undefined on input line 300.


LaTeX Warning: Citation `ESY' on page 6 undefined on input line 304.


LaTeX Warning: Citation `M_Kont' on page 6 undefined on input line 304.


LaTeX Warning: Citation `KKP' on page 6 undefined on input line 304.


LaTeX Warning: Reference `eq:H-fil' on page 6 undefined on input line 304.


LaTeX Warning: Citation `Y' on page 6 undefined on input line 306.


LaTeX Warning: Reference `Thm:Kunneth' on page 6 undefined on input line 312.


LaTeX Warning: Reference `sect:elim' on page 6 undefined on input line 312.


LaTeX Warning: Reference `sect:relations' on page 6 undefined on input line 312
.


[6]
[7]

LaTeX Warning: Reference `sect:elim' on page 8 undefined on input line 372.


LaTeX Warning: Reference `sect:elim' on page 8 undefined on input line 387.


[8]

LaTeX Warning: Reference `eq:Kunneth-Y1' on page 9 undefined on input line 418.



LaTeX Warning: Reference `eq:cup_gr' on page 9 undefined on input line 420.


LaTeX Warning: Reference `eq:Kunneth-Y1' on page 9 undefined on input line 420.



LaTeX Warning: Reference `eq:cup_gr' on page 9 undefined on input line 420.


LaTeX Warning: Citation `SW' on page 9 undefined on input line 420.


LaTeX Warning: Reference `sect:elim' on page 9 undefined on input line 423.


LaTeX Warning: Reference `eq:Y_LocCoor' on page 9 undefined on input line 432.


LaTeX Warning: Reference `eq:Y_LocBeh' on page 9 undefined on input line 432.


[9]

LaTeX Warning: Reference `eq:Yv_LocCoor' on page 10 undefined on input line 437
.


LaTeX Warning: Reference `eq:Yu_LocCoor' on page 10 undefined on input line 437
.


LaTeX Warning: Reference `eq:Yv_LocBeh' on page 10 undefined on input line 437.



LaTeX Warning: Reference `eq:Yu_LocBeh' on page 10 undefined on input line 437.



LaTeX Warning: Reference `eq:g_Gen' on page 10 undefined on input line 445.


LaTeX Warning: Citation `H' on page 10 undefined on input line 453.


LaTeX Warning: Reference `Thm:Kunneth' on page 10 undefined on input line 458.


[10]
[11] (build/1771.aux)

LaTeX Warning: There were undefined references.


LaTeX Warning: Label(s) may have changed. Rerun to get cross-references right.


Package rerunfilecheck Warning: File `1771.out' has changed.
(rerunfilecheck)                Rerun to get outlines right
(rerunfilecheck)                or use package `bookmark'.

 )
Output written on build/1771.pdf (11 pages).
Transcript written on build/1771.log.
