This is XeTeX, Version 3.141592653-2.6-0.999996 (TeX Live 2025/dev/Debian) (preloaded format=xelatex)
entering extended mode
(./1767.tex
LaTeX2e <2024-11-01> patch level 2
L3 programming layer <2025-01-18>
(/usr/share/texlive/texmf-dist/tex/latex/base/article.cls
Document Class: article 2024/06/29 v1.4n Standard LaTeX document class
(/usr/share/texlive/texmf-dist/tex/latex/base/size11.clo))
(/usr/share/texlive/texmf-dist/tex/latex/geometry/geometry.sty
(/usr/share/texlive/texmf-dist/tex/latex/graphics/keyval.sty)
(/usr/share/texlive/texmf-dist/tex/generic/iftex/ifvtex.sty
(/usr/share/texlive/texmf-dist/tex/generic/iftex/iftex.sty)))
(/usr/share/texlive/texmf-dist/tex/latex/fontspec/fontspec.sty
(/usr/share/texlive/texmf-dist/tex/latex/l3packages/xparse/xparse.sty
(/usr/share/texlive/texmf-dist/tex/latex/l3kernel/expl3.sty
(/usr/share/texlive/texmf-dist/tex/latex/l3backend/l3backend-xetex.def)))
(/usr/share/texlive/texmf-dist/tex/latex/fontspec/fontspec-xetex.sty
(/usr/share/texlive/texmf-dist/tex/latex/base/fontenc.sty)
(/usr/share/texlive/texmf-dist/tex/latex/fontspec/fontspec.cfg)))
(/usr/share/texlive/texmf-dist/tex/latex/amsmath/amsmath.sty
For additional information on amsmath, use the `?' option.
(/usr/share/texlive/texmf-dist/tex/latex/amsmath/amstext.sty
(/usr/share/texlive/texmf-dist/tex/latex/amsmath/amsgen.sty))
(/usr/share/texlive/texmf-dist/tex/latex/amsmath/amsbsy.sty)
(/usr/share/texlive/texmf-dist/tex/latex/amsmath/amsopn.sty))
(/usr/share/texlive/texmf-dist/tex/latex/amsfonts/amssymb.sty
(/usr/share/texlive/texmf-dist/tex/latex/amsfonts/amsfonts.sty))
(/usr/share/texlive/texmf-dist/tex/latex/amscls/amsthm.sty)
(/usr/share/texlive/texmf-dist/tex/latex/amsmath/amscd.sty)
(/usr/share/texlive/texmf-dist/tex/latex/graphics/graphicx.sty
(/usr/share/texlive/texmf-dist/tex/latex/graphics/graphics.sty
(/usr/share/texlive/texmf-dist/tex/latex/graphics/trig.sty)
(/usr/share/texlive/texmf-dist/tex/latex/graphics-cfg/graphics.cfg)
(/usr/share/texlive/texmf-dist/tex/latex/graphics-def/xetex.def)))
(/usr/share/texlive/texmf-dist/tex/latex/graphics/color.sty
(/usr/share/texlive/texmf-dist/tex/latex/graphics-cfg/color.cfg)
(/usr/share/texlive/texmf-dist/tex/latex/graphics/mathcolor.ltx))
(/usr/share/texlive/texmf-dist/tex/latex/xurl/xurl.sty
(/usr/share/texlive/texmf-dist/tex/latex/url/url.sty))
(/usr/share/texlive/texmf-dist/tex/latex/hyperref/hyperref.sty
(/usr/share/texlive/texmf-dist/tex/latex/kvsetkeys/kvsetkeys.sty)
(/usr/share/texlive/texmf-dist/tex/generic/kvdefinekeys/kvdefinekeys.sty)
(/usr/share/texlive/texmf-dist/tex/generic/pdfescape/pdfescape.sty
(/usr/share/texlive/texmf-dist/tex/generic/ltxcmds/ltxcmds.sty)
(/usr/share/texlive/texmf-dist/tex/generic/pdftexcmds/pdftexcmds.sty
(/usr/share/texlive/texmf-dist/tex/generic/infwarerr/infwarerr.sty)))
(/usr/share/texlive/texmf-dist/tex/latex/hycolor/hycolor.sty)
(/usr/share/texlive/texmf-dist/tex/latex/hyperref/nameref.sty
(/usr/share/texlive/texmf-dist/tex/latex/refcount/refcount.sty)
(/usr/share/texlive/texmf-dist/tex/generic/gettitlestring/gettitlestring.sty
(/usr/share/texlive/texmf-dist/tex/latex/kvoptions/kvoptions.sty)))
(/usr/share/texlive/texmf-dist/tex/latex/etoolbox/etoolbox.sty)
(/usr/share/texlive/texmf-dist/tex/generic/stringenc/stringenc.sty)
(/usr/share/texlive/texmf-dist/tex/latex/hyperref/pd1enc.def)
(/usr/share/texlive/texmf-dist/tex/generic/intcalc/intcalc.sty)
(/usr/share/texlive/texmf-dist/tex/latex/hyperref/puenc.def)
(/usr/share/texlive/texmf-dist/tex/generic/bitset/bitset.sty
(/usr/share/texlive/texmf-dist/tex/generic/bigintcalc/bigintcalc.sty))
(/usr/share/texlive/texmf-dist/tex/latex/base/atbegshi-ltx.sty))
(/usr/share/texlive/texmf-dist/tex/latex/hyperref/hxetex.def
(/usr/share/texlive/texmf-dist/tex/latex/rerunfilecheck/rerunfilecheck.sty
(/usr/share/texlive/texmf-dist/tex/latex/base/atveryend-ltx.sty)
(/usr/share/texlive/texmf-dist/tex/generic/uniquecounter/uniquecounter.sty)))
No file 1767.aux.
*geometry* driver: auto-detecting
*geometry* detected driver: xetex

Package hyperref Warning: Rerun to get /PageLabels entry.

(/usr/share/texlive/texmf-dist/tex/latex/amsfonts/umsa.fd)
(/usr/share/texlive/texmf-dist/tex/latex/amsfonts/umsb.fd)
[1]

LaTeX Warning: Citation `majid2' on page 2 undefined on input line 62.


LaTeX Warning: Citation `majid' on page 2 undefined on input line 62.


LaTeX Warning: Citation `Kassel' on page 2 undefined on input line 62.


LaTeX Warning: Citation `Takeuchi' on page 2 undefined on input line 62.


LaTeX Warning: Citation `Kassel' on page 2 undefined on input line 77.


LaTeX Warning: Citation `majid' on page 2 undefined on input line 77.


LaTeX Warning: Citation `Mo' on page 2 undefined on input line 84.


LaTeX Warning: Reference `mp4' on page 2 undefined on input line 84.


[2]

LaTeX Warning: Citation `majid2' on page 3 undefined on input line 93.


LaTeX Warning: Reference `carMaj' on page 3 undefined on input line 96.


LaTeX Warning: Citation `abm' on page 3 undefined on input line 102.


LaTeX Warning: Citation `abm' on page 3 undefined on input line 127.


LaTeX Warning: Citation `abm' on page 3 undefined on input line 142.


LaTeX Warning: Citation `abm' on page 3 undefined on input line 143.


[3]

LaTeX Warning: Reference `primitive' on page 4 undefined on input line 156.


LaTeX Warning: Reference `primitive' on page 4 undefined on input line 156.


LaTeX Warning: Reference `primitive' on page 4 undefined on input line 156.


LaTeX Warning: Reference `primitive' on page 4 undefined on input line 165.


LaTeX Warning: Reference `mp4' on page 4 undefined on input line 166.


LaTeX Warning: Reference `mp4' on page 4 undefined on input line 171.


LaTeX Warning: Reference `mp2' on page 4 undefined on input line 173.


LaTeX Warning: Reference `mp2' on page 4 undefined on input line 179.


LaTeX Warning: Reference `mp2' on page 4 undefined on input line 179.


LaTeX Warning: Reference `mp2' on page 4 undefined on input line 179.


LaTeX Warning: Reference `mp2' on page 4 undefined on input line 179.


LaTeX Warning: Reference `mp2' on page 4 undefined on input line 188.


LaTeX Warning: Reference `mp3' on page 4 undefined on input line 188.


LaTeX Warning: Reference `mp' on page 4 undefined on input line 188.


LaTeX Warning: Reference `mp3' on page 4 undefined on input line 188.


LaTeX Warning: Reference `mp3' on page 4 undefined on input line 192.


LaTeX Warning: Reference `mp3' on page 4 undefined on input line 192.


LaTeX Warning: Reference `mp3' on page 4 undefined on input line 192.


LaTeX Warning: Reference `mp3' on page 4 undefined on input line 192.


[4]

LaTeX Warning: Reference `mp2' on page 5 undefined on input line 197.


LaTeX Warning: Reference `001' on page 5 undefined on input line 197.


LaTeX Warning: Reference `mp3' on page 5 undefined on input line 201.


LaTeX Warning: Reference `mp3' on page 5 undefined on input line 207.


LaTeX Warning: Reference `mp3' on page 5 undefined on input line 207.


LaTeX Warning: Reference `mp3' on page 5 undefined on input line 207.


LaTeX Warning: Reference `mp3' on page 5 undefined on input line 207.


LaTeX Warning: Reference `mp3' on page 5 undefined on input line 212.


LaTeX Warning: Reference `mp2' on page 5 undefined on input line 224.


LaTeX Warning: Reference `mp2' on page 5 undefined on input line 224.


LaTeX Warning: Reference `mp2' on page 5 undefined on input line 224.


LaTeX Warning: Reference `mp2' on page 5 undefined on input line 224.


LaTeX Warning: Reference `mp2' on page 5 undefined on input line 228.


LaTeX Warning: Reference `001' on page 5 undefined on input line 228.


LaTeX Warning: Reference `002' on page 5 undefined on input line 228.


LaTeX Warning: Reference `003' on page 5 undefined on input line 228.


LaTeX Warning: Reference `mp2' on page 5 undefined on input line 228.


LaTeX Warning: Reference `001' on page 5 undefined on input line 228.


LaTeX Warning: Reference `002' on page 5 undefined on input line 228.


LaTeX Warning: Reference `003' on page 5 undefined on input line 228.


LaTeX Warning: Reference `mp' on page 5 undefined on input line 229.


LaTeX Warning: Reference `carMaj' on page 5 undefined on input line 246.


LaTeX Warning: Reference `mapex1' on page 5 undefined on input line 247.


LaTeX Warning: Reference `mp' on page 5 undefined on input line 247.


LaTeX Warning: Reference `mp' on page 5 undefined on input line 247.


[5]

LaTeX Warning: Reference `primaclasi' on page 6 undefined on input line 263.


LaTeX Warning: Reference `mapex1' on page 6 undefined on input line 263.


LaTeX Warning: Reference `toatemorf' on page 6 undefined on input line 263.


LaTeX Warning: Reference `C1' on page 6 undefined on input line 263.


LaTeX Warning: Reference `C6' on page 6 undefined on input line 263.


LaTeX Warning: Reference `primitive' on page 6 undefined on input line 263.


LaTeX Warning: Reference `C4' on page 6 undefined on input line 263.


LaTeX Warning: Reference `C4' on page 6 undefined on input line 267.


LaTeX Warning: Reference `C3' on page 6 undefined on input line 267.


LaTeX Warning: Reference `C3' on page 6 undefined on input line 271.


LaTeX Warning: Reference `primitive' on page 6 undefined on input line 271.


LaTeX Warning: Reference `C3' on page 6 undefined on input line 280.


LaTeX Warning: Reference `C3' on page 6 undefined on input line 280.


LaTeX Warning: Reference `C3' on page 6 undefined on input line 280.


LaTeX Warning: Reference `C3' on page 6 undefined on input line 280.


[6]

LaTeX Warning: Reference `C3' on page 7 undefined on input line 294.


LaTeX Warning: Reference `C3' on page 7 undefined on input line 294.


LaTeX Warning: Reference `C3' on page 7 undefined on input line 294.


LaTeX Warning: Reference `C3' on page 7 undefined on input line 294.


LaTeX Warning: Reference `C1' on page 7 undefined on input line 306.


LaTeX Warning: Reference `C5' on page 7 undefined on input line 306.


LaTeX Warning: Reference `C6' on page 7 undefined on input line 306.


LaTeX Warning: Reference `C2' on page 7 undefined on input line 306.


LaTeX Warning: Reference `C1' on page 7 undefined on input line 308.


LaTeX Warning: Reference `C6' on page 7 undefined on input line 314.


LaTeX Warning: Reference `C5' on page 7 undefined on input line 314.


LaTeX Warning: Reference `cuad3' on page 7 undefined on input line 324.


[7]

LaTeX Warning: Reference `impr' on page 8 undefined on input line 344.


LaTeX Warning: Reference `impr' on page 8 undefined on input line 353.


LaTeX Warning: Reference `impr2' on page 8 undefined on input line 353.


LaTeX Warning: Reference `impr' on page 8 undefined on input line 353.


LaTeX Warning: Reference `impr2' on page 8 undefined on input line 353.


LaTeX Warning: Reference `impr' on page 8 undefined on input line 374.


LaTeX Warning: Reference `impr' on page 8 undefined on input line 374.


[8]
[9] (build/1767.aux)

LaTeX Warning: There were undefined references.


LaTeX Warning: Label(s) may have changed. Rerun to get cross-references right.


Package rerunfilecheck Warning: File `1767.out' has changed.
(rerunfilecheck)                Rerun to get outlines right
(rerunfilecheck)                or use package `bookmark'.

 )
Output written on build/1767.pdf (9 pages).
Transcript written on build/1767.log.
