This is XeTeX, Version 3.141592653-2.6-0.999996 (TeX Live 2025/dev/Debian) (preloaded format=xelatex)
entering extended mode
(./2019.tex
LaTeX2e <2024-11-01> patch level 2
L3 programming layer <2025-01-18>
(/usr/share/texlive/texmf-dist/tex/latex/base/article.cls
Document Class: article 2024/06/29 v1.4n Standard LaTeX document class
(/usr/share/texlive/texmf-dist/tex/latex/base/size11.clo))
(/usr/share/texlive/texmf-dist/tex/latex/geometry/geometry.sty
(/usr/share/texlive/texmf-dist/tex/latex/graphics/keyval.sty)
(/usr/share/texlive/texmf-dist/tex/generic/iftex/ifvtex.sty
(/usr/share/texlive/texmf-dist/tex/generic/iftex/iftex.sty)))
(/usr/share/texlive/texmf-dist/tex/latex/fontspec/fontspec.sty
(/usr/share/texlive/texmf-dist/tex/latex/l3packages/xparse/xparse.sty
(/usr/share/texlive/texmf-dist/tex/latex/l3kernel/expl3.sty
(/usr/share/texlive/texmf-dist/tex/latex/l3backend/l3backend-xetex.def)))
(/usr/share/texlive/texmf-dist/tex/latex/fontspec/fontspec-xetex.sty
(/usr/share/texlive/texmf-dist/tex/latex/base/fontenc.sty)
(/usr/share/texlive/texmf-dist/tex/latex/fontspec/fontspec.cfg)))
(/usr/share/texlive/texmf-dist/tex/latex/amsmath/amsmath.sty
For additional information on amsmath, use the `?' option.
(/usr/share/texlive/texmf-dist/tex/latex/amsmath/amstext.sty
(/usr/share/texlive/texmf-dist/tex/latex/amsmath/amsgen.sty))
(/usr/share/texlive/texmf-dist/tex/latex/amsmath/amsbsy.sty)
(/usr/share/texlive/texmf-dist/tex/latex/amsmath/amsopn.sty))
(/usr/share/texlive/texmf-dist/tex/latex/amsfonts/amssymb.sty
(/usr/share/texlive/texmf-dist/tex/latex/amsfonts/amsfonts.sty))
(/usr/share/texlive/texmf-dist/tex/latex/amscls/amsthm.sty)
(/usr/share/texlive/texmf-dist/tex/latex/amsmath/amscd.sty)
(/usr/share/texlive/texmf-dist/tex/latex/graphics/graphicx.sty
(/usr/share/texlive/texmf-dist/tex/latex/graphics/graphics.sty
(/usr/share/texlive/texmf-dist/tex/latex/graphics/trig.sty)
(/usr/share/texlive/texmf-dist/tex/latex/graphics-cfg/graphics.cfg)
(/usr/share/texlive/texmf-dist/tex/latex/graphics-def/xetex.def)))
(/usr/share/texlive/texmf-dist/tex/latex/graphics/color.sty
(/usr/share/texlive/texmf-dist/tex/latex/graphics-cfg/color.cfg)
(/usr/share/texlive/texmf-dist/tex/latex/graphics/mathcolor.ltx))
(/usr/share/texlive/texmf-dist/tex/latex/xurl/xurl.sty
(/usr/share/texlive/texmf-dist/tex/latex/url/url.sty))
(/usr/share/texlive/texmf-dist/tex/latex/hyperref/hyperref.sty
(/usr/share/texlive/texmf-dist/tex/latex/kvsetkeys/kvsetkeys.sty)
(/usr/share/texlive/texmf-dist/tex/generic/kvdefinekeys/kvdefinekeys.sty)
(/usr/share/texlive/texmf-dist/tex/generic/pdfescape/pdfescape.sty
(/usr/share/texlive/texmf-dist/tex/generic/ltxcmds/ltxcmds.sty)
(/usr/share/texlive/texmf-dist/tex/generic/pdftexcmds/pdftexcmds.sty
(/usr/share/texlive/texmf-dist/tex/generic/infwarerr/infwarerr.sty)))
(/usr/share/texlive/texmf-dist/tex/latex/hycolor/hycolor.sty)
(/usr/share/texlive/texmf-dist/tex/latex/hyperref/nameref.sty
(/usr/share/texlive/texmf-dist/tex/latex/refcount/refcount.sty)
(/usr/share/texlive/texmf-dist/tex/generic/gettitlestring/gettitlestring.sty
(/usr/share/texlive/texmf-dist/tex/latex/kvoptions/kvoptions.sty)))
(/usr/share/texlive/texmf-dist/tex/latex/etoolbox/etoolbox.sty)
(/usr/share/texlive/texmf-dist/tex/generic/stringenc/stringenc.sty)
(/usr/share/texlive/texmf-dist/tex/latex/hyperref/pd1enc.def)
(/usr/share/texlive/texmf-dist/tex/generic/intcalc/intcalc.sty)
(/usr/share/texlive/texmf-dist/tex/latex/hyperref/puenc.def)
(/usr/share/texlive/texmf-dist/tex/generic/bitset/bitset.sty
(/usr/share/texlive/texmf-dist/tex/generic/bigintcalc/bigintcalc.sty))
(/usr/share/texlive/texmf-dist/tex/latex/base/atbegshi-ltx.sty))
(/usr/share/texlive/texmf-dist/tex/latex/hyperref/hxetex.def
(/usr/share/texlive/texmf-dist/tex/latex/rerunfilecheck/rerunfilecheck.sty
(/usr/share/texlive/texmf-dist/tex/latex/base/atveryend-ltx.sty)
(/usr/share/texlive/texmf-dist/tex/generic/uniquecounter/uniquecounter.sty)))
No file 2019.aux.
*geometry* driver: auto-detecting
*geometry* detected driver: xetex

Package hyperref Warning: Rerun to get /PageLabels entry.

(/usr/share/texlive/texmf-dist/tex/latex/amsfonts/umsa.fd)
(/usr/share/texlive/texmf-dist/tex/latex/amsfonts/umsb.fd)
[1]

LaTeX Warning: Reference `sesi1' on page 2 undefined on input line 87.


LaTeX Warning: Reference `sesi2' on page 2 undefined on input line 87.


LaTeX Warning: Citation `A' on page 2 undefined on input line 88.


LaTeX Warning: Reference `sesi3' on page 2 undefined on input line 89.


LaTeX Warning: Reference `sec-idem' on page 2 undefined on input line 90.


LaTeX Warning: Citation `A' on page 2 undefined on input line 90.

(/usr/share/texlive/texmf-dist/tex/latex/amsfonts/ueuf.fd)

LaTeX Warning: Reference `bax-t-inter' on page 2 undefined on input line 133.


LaTeX Warning: Reference `baxt-inv1' on page 2 undefined on input line 145.


LaTeX Warning: Reference `bax-t2' on page 2 undefined on input line 145.


LaTeX Warning: Reference `ref-baxt' on page 2 undefined on input line 145.


LaTeX Warning: Reference `ref-baxt' on page 2 undefined on input line 150.


LaTeX Warning: Citation `K' on page 2 undefined on input line 150.


Package hyperref Warning: Token not allowed in a PDF string (Unicode):
(hyperref)                removing `math shift' on input line 153.


Package hyperref Warning: Token not allowed in a PDF string (Unicode):
(hyperref)                removing `math shift' on input line 153.


[2]

LaTeX Warning: Citation `CJ' on page 3 undefined on input line 213.


LaTeX Warning: Reference `sesi1' on page 3 undefined on input line 225.


LaTeX Warning: Reference `sesi3' on page 3 undefined on input line 225.


[3]

Package hyperref Warning: Token not allowed in a PDF string (Unicode):
(hyperref)                removing `math shift' on input line 230.


Package hyperref Warning: Token not allowed in a PDF string (Unicode):
(hyperref)                removing `math shift' on input line 230.


LaTeX Warning: Citation `AK' on page 4 undefined on input line 232.


LaTeX Warning: Citation `Mo' on page 4 undefined on input line 233.


LaTeX Warning: Reference `sesi1' on page 4 undefined on input line 240.


LaTeX Warning: Reference `sesi3' on page 4 undefined on input line 240.


LaTeX Warning: Citation `AK' on page 4 undefined on input line 241.


LaTeX Warning: Citation `AK' on page 4 undefined on input line 249.


LaTeX Warning: Reference `Res' on page 4 undefined on input line 272.


LaTeX Warning: Reference `spec-JM1' on page 4 undefined on input line 272.


LaTeX Warning: Reference `sesi1' on page 4 undefined on input line 278.


LaTeX Warning: Reference `sesi3' on page 4 undefined on input line 278.


LaTeX Warning: Reference `Res' on page 4 undefined on input line 282.


[4]

LaTeX Warning: Reference `somme-idem1' on page 5 undefined on input line 288.


LaTeX Warning: Reference `spec-JM1' on page 5 undefined on input line 288.


LaTeX Warning: Reference `sesi1' on page 5 undefined on input line 289.


LaTeX Warning: Reference `sesi3' on page 5 undefined on input line 289.


Package hyperref Warning: Token not allowed in a PDF string (Unicode):
(hyperref)                removing `math shift' on input line 294.


Package hyperref Warning: Token not allowed in a PDF string (Unicode):
(hyperref)                removing `math shift' on input line 294.


LaTeX Warning: Reference `prop-fus1' on page 5 undefined on input line 296.


LaTeX Warning: Reference `idem-JM-inter1' on page 5 undefined on input line 296
.


LaTeX Warning: Reference `m-croc2' on page 5 undefined on input line 319.


LaTeX Warning: Reference `eq-idem11' on page 5 undefined on input line 345.


LaTeX Warning: Reference `bax-t2' on page 5 undefined on input line 346.


[5]

LaTeX Warning: Reference `eq-idem11' on page 6 undefined on input line 354.


LaTeX Warning: Reference `eq-idem11' on page 6 undefined on input line 358.


LaTeX Warning: Reference `eq-idem11' on page 6 undefined on input line 362.


LaTeX Warning: Reference `baxt-inv1' on page 6 undefined on input line 368.


LaTeX Warning: Reference `def-F1' on page 6 undefined on input line 369.


LaTeX Warning: Reference `eq-inter11' on page 6 undefined on input line 373.


LaTeX Warning: Reference `eq-inter21' on page 6 undefined on input line 377.


LaTeX Warning: Reference `eq-inter21' on page 6 undefined on input line 381.


LaTeX Warning: Reference `eq-inter31' on page 6 undefined on input line 385.


LaTeX Warning: Reference `prop-fus1' on page 6 undefined on input line 389.


LaTeX Warning: Reference `lemm-f1b' on page 6 undefined on input line 398.


LaTeX Warning: Reference `lemm-f1' on page 6 undefined on input line 398.


LaTeX Warning: Reference `eq-F1b' on page 6 undefined on input line 411.


LaTeX Warning: Reference `def-F1' on page 6 undefined on input line 414.


[6]

LaTeX Warning: Reference `eq-F1c' on page 7 undefined on input line 436.


LaTeX Warning: Reference `eq-F1b' on page 7 undefined on input line 439.


LaTeX Warning: Reference `m-croc2' on page 7 undefined on input line 450.


LaTeX Warning: Reference `lemm-f1' on page 7 undefined on input line 454.


LaTeX Warning: Citation `IMO' on page 7 undefined on input line 454.


LaTeX Warning: Reference `m-croc2' on page 7 undefined on input line 465.


[7]

LaTeX Warning: Reference `eq-F11d' on page 8 undefined on input line 480.


LaTeX Warning: Reference `eq-F11b' on page 8 undefined on input line 485.


LaTeX Warning: Reference `eq-F11d' on page 8 undefined on input line 488.


LaTeX Warning: Reference `eq-F11d' on page 8 undefined on input line 503.


LaTeX Warning: Reference `eq-F11dg' on page 8 undefined on input line 508.


LaTeX Warning: Reference `eq-F11dr' on page 8 undefined on input line 508.


LaTeX Warning: Reference `eq-F11d' on page 8 undefined on input line 508.


LaTeX Warning: Reference `eq-F11c' on page 8 undefined on input line 511.


LaTeX Warning: Reference `eq-F11d' on page 8 undefined on input line 512.


LaTeX Warning: Reference `prop-f1' on page 8 undefined on input line 515.


LaTeX Warning: Reference `eq-F1b' on page 8 undefined on input line 515.


[8]

LaTeX Warning: Reference `lemm-f1' on page 9 undefined on input line 519.


LaTeX Warning: Reference `prop-fus1' on page 9 undefined on input line 523.


LaTeX Warning: Reference `idem-JM-inter1' on page 9 undefined on input line 524
.


LaTeX Warning: Reference `prop-idem11' on page 9 undefined on input line 524.


LaTeX Warning: Reference `prop-f1' on page 9 undefined on input line 524.


[9] (build/2019.aux)

LaTeX Warning: There were undefined references.


LaTeX Warning: Label(s) may have changed. Rerun to get cross-references right.


Package rerunfilecheck Warning: File `2019.out' has changed.
(rerunfilecheck)                Rerun to get outlines right
(rerunfilecheck)                or use package `bookmark'.

 )
Output written on build/2019.pdf (9 pages).
Transcript written on build/2019.log.
