This is XeTeX, Version 3.141592653-2.6-0.999996 (TeX Live 2025/dev/Debian) (preloaded format=xelatex)
entering extended mode
(./2007.tex
LaTeX2e <2024-11-01> patch level 2
L3 programming layer <2025-01-18>
(/usr/share/texlive/texmf-dist/tex/latex/base/article.cls
Document Class: article 2024/06/29 v1.4n Standard LaTeX document class
(/usr/share/texlive/texmf-dist/tex/latex/base/size11.clo))
(/usr/share/texlive/texmf-dist/tex/latex/geometry/geometry.sty
(/usr/share/texlive/texmf-dist/tex/latex/graphics/keyval.sty)
(/usr/share/texlive/texmf-dist/tex/generic/iftex/ifvtex.sty
(/usr/share/texlive/texmf-dist/tex/generic/iftex/iftex.sty)))
(/usr/share/texlive/texmf-dist/tex/latex/fontspec/fontspec.sty
(/usr/share/texlive/texmf-dist/tex/latex/l3packages/xparse/xparse.sty
(/usr/share/texlive/texmf-dist/tex/latex/l3kernel/expl3.sty
(/usr/share/texlive/texmf-dist/tex/latex/l3backend/l3backend-xetex.def)))
(/usr/share/texlive/texmf-dist/tex/latex/fontspec/fontspec-xetex.sty
(/usr/share/texlive/texmf-dist/tex/latex/base/fontenc.sty)
(/usr/share/texlive/texmf-dist/tex/latex/fontspec/fontspec.cfg)))
(/usr/share/texlive/texmf-dist/tex/latex/amsmath/amsmath.sty
For additional information on amsmath, use the `?' option.
(/usr/share/texlive/texmf-dist/tex/latex/amsmath/amstext.sty
(/usr/share/texlive/texmf-dist/tex/latex/amsmath/amsgen.sty))
(/usr/share/texlive/texmf-dist/tex/latex/amsmath/amsbsy.sty)
(/usr/share/texlive/texmf-dist/tex/latex/amsmath/amsopn.sty))
(/usr/share/texlive/texmf-dist/tex/latex/amsfonts/amssymb.sty
(/usr/share/texlive/texmf-dist/tex/latex/amsfonts/amsfonts.sty))
(/usr/share/texlive/texmf-dist/tex/latex/amscls/amsthm.sty)
(/usr/share/texlive/texmf-dist/tex/latex/amsmath/amscd.sty)
(/usr/share/texlive/texmf-dist/tex/latex/graphics/graphicx.sty
(/usr/share/texlive/texmf-dist/tex/latex/graphics/graphics.sty
(/usr/share/texlive/texmf-dist/tex/latex/graphics/trig.sty)
(/usr/share/texlive/texmf-dist/tex/latex/graphics-cfg/graphics.cfg)
(/usr/share/texlive/texmf-dist/tex/latex/graphics-def/xetex.def)))
(/usr/share/texlive/texmf-dist/tex/latex/graphics/color.sty
(/usr/share/texlive/texmf-dist/tex/latex/graphics-cfg/color.cfg)
(/usr/share/texlive/texmf-dist/tex/latex/graphics/mathcolor.ltx))
(/usr/share/texlive/texmf-dist/tex/latex/xurl/xurl.sty
(/usr/share/texlive/texmf-dist/tex/latex/url/url.sty))
(/usr/share/texlive/texmf-dist/tex/latex/hyperref/hyperref.sty
(/usr/share/texlive/texmf-dist/tex/latex/kvsetkeys/kvsetkeys.sty)
(/usr/share/texlive/texmf-dist/tex/generic/kvdefinekeys/kvdefinekeys.sty)
(/usr/share/texlive/texmf-dist/tex/generic/pdfescape/pdfescape.sty
(/usr/share/texlive/texmf-dist/tex/generic/ltxcmds/ltxcmds.sty)
(/usr/share/texlive/texmf-dist/tex/generic/pdftexcmds/pdftexcmds.sty
(/usr/share/texlive/texmf-dist/tex/generic/infwarerr/infwarerr.sty)))
(/usr/share/texlive/texmf-dist/tex/latex/hycolor/hycolor.sty)
(/usr/share/texlive/texmf-dist/tex/latex/hyperref/nameref.sty
(/usr/share/texlive/texmf-dist/tex/latex/refcount/refcount.sty)
(/usr/share/texlive/texmf-dist/tex/generic/gettitlestring/gettitlestring.sty
(/usr/share/texlive/texmf-dist/tex/latex/kvoptions/kvoptions.sty)))
(/usr/share/texlive/texmf-dist/tex/latex/etoolbox/etoolbox.sty)
(/usr/share/texlive/texmf-dist/tex/generic/stringenc/stringenc.sty)
(/usr/share/texlive/texmf-dist/tex/latex/hyperref/pd1enc.def)
(/usr/share/texlive/texmf-dist/tex/generic/intcalc/intcalc.sty)
(/usr/share/texlive/texmf-dist/tex/latex/hyperref/puenc.def)
(/usr/share/texlive/texmf-dist/tex/generic/bitset/bitset.sty
(/usr/share/texlive/texmf-dist/tex/generic/bigintcalc/bigintcalc.sty))
(/usr/share/texlive/texmf-dist/tex/latex/base/atbegshi-ltx.sty))
(/usr/share/texlive/texmf-dist/tex/latex/hyperref/hxetex.def
(/usr/share/texlive/texmf-dist/tex/latex/rerunfilecheck/rerunfilecheck.sty
(/usr/share/texlive/texmf-dist/tex/latex/base/atveryend-ltx.sty)
(/usr/share/texlive/texmf-dist/tex/generic/uniquecounter/uniquecounter.sty)))
(/usr/share/texlive/texmf-dist/tex/latex/tools/enumerate.sty)
No file 2007.aux.
*geometry* driver: auto-detecting
*geometry* detected driver: xetex

Package hyperref Warning: Rerun to get /PageLabels entry.

(/usr/share/texlive/texmf-dist/tex/latex/amsfonts/umsa.fd)
(/usr/share/texlive/texmf-dist/tex/latex/amsfonts/umsb.fd)
(/usr/share/texlive/texmf-dist/tex/latex/amsfonts/ueuf.fd)

LaTeX Warning: Citation `Morris-RRepsQForms' on page 1 undefined on input line 
67.


LaTeX Warning: Citation `Raghunathan-ArithLattsSSGrps' on page 1 undefined on i
nput line 77.


LaTeX Warning: Citation `Morris-RRepsQForms' on page 1 undefined on input line 
80.


LaTeX Warning: Citation `Morris-RRepsQForms' on page 1 undefined on input line 
84.


LaTeX Warning: Citation `PrasadRapinchuk-Prescribed' on page 1 undefined on inp
ut line 85.


LaTeX Warning: Citation `Tits-RepLinIrred' on page 1 undefined on input line 86
.


LaTeX Warning: Reference `PfSect' on page 1 undefined on input line 86.


LaTeX Warning: Citation `DemazureGrothendieck-SGA3' on page 1 undefined on inpu
t line 99.


[1]

LaTeX Warning: Citation `Tits-RepLinIrred' on page 2 undefined on input line 10
1.


LaTeX Warning: Citation `KnusEtAl-BookOfInvols' on page 2 undefined on input li
ne 114.


LaTeX Warning: Citation `PlatonovRapinchukBook' on page 2 undefined on input li
ne 130.


LaTeX Warning: Citation `PlatonovRapinchukBook' on page 2 undefined on input li
ne 137.


LaTeX Warning: Citation `Tits-RepLinIrred' on page 2 undefined on input line 14
1.


LaTeX Warning: Reference `HighWt' on page 2 undefined on input line 192.


LaTeX Warning: Reference `HighWt-IrredIff' on page 2 undefined on input line 19
2.


LaTeX Warning: Reference `HighWt' on page 2 undefined on input line 196.


LaTeX Warning: Reference `HighWt-IrredIff' on page 2 undefined on input line 19
6.


[2]

LaTeX Warning: Citation `Morris-RRepsQForms' on page 3 undefined on input line 
200.


LaTeX Warning: Citation `Kneser-LectGalCohoClassical' on page 3 undefined on in
put line 211.


LaTeX Warning: Citation `PlatonovRapinchukBook' on page 3 undefined on input li
ne 221.


LaTeX Warning: Citation `PlatonovRapinchukBook' on page 3 undefined on input li
ne 240.


LaTeX Warning: Reference `HasRUniv' on page 3 undefined on input line 250.


LaTeX Warning: Reference `BetaDefn' on page 3 undefined on input line 252.


LaTeX Warning: Citation `PlatonovRapinchukBook' on page 3 undefined on input li
ne 288.


LaTeX Warning: Reference `KneserHasse' on page 3 undefined on input line 296.


[3]

LaTeX Warning: Reference `SplitOverQuadIff-weight' on page 4 undefined on input
 line 302.


LaTeX Warning: Reference `BetaDefn' on page 4 undefined on input line 310.


LaTeX Warning: Reference `BetaDefn' on page 4 undefined on input line 314.


LaTeX Warning: Citation `PlatonovRapinchukBook' on page 4 undefined on input li
ne 323.


[4] (build/2007.aux)

LaTeX Warning: There were undefined references.


LaTeX Warning: Label(s) may have changed. Rerun to get cross-references right.


Package rerunfilecheck Warning: File `2007.out' has changed.
(rerunfilecheck)                Rerun to get outlines right
(rerunfilecheck)                or use package `bookmark'.

 )
Output written on build/2007.pdf (4 pages).
Transcript written on build/2007.log.
