This is XeTeX, Version 3.141592653-2.6-0.999996 (TeX Live 2025/dev/Debian) (preloaded format=xelatex)
entering extended mode
(./2005.tex
LaTeX2e <2024-11-01> patch level 2
L3 programming layer <2025-01-18>
(/usr/share/texlive/texmf-dist/tex/latex/base/article.cls
Document Class: article 2024/06/29 v1.4n Standard LaTeX document class
(/usr/share/texlive/texmf-dist/tex/latex/base/size11.clo))
(/usr/share/texlive/texmf-dist/tex/latex/geometry/geometry.sty
(/usr/share/texlive/texmf-dist/tex/latex/graphics/keyval.sty)
(/usr/share/texlive/texmf-dist/tex/generic/iftex/ifvtex.sty
(/usr/share/texlive/texmf-dist/tex/generic/iftex/iftex.sty)))
(/usr/share/texlive/texmf-dist/tex/latex/fontspec/fontspec.sty
(/usr/share/texlive/texmf-dist/tex/latex/l3packages/xparse/xparse.sty
(/usr/share/texlive/texmf-dist/tex/latex/l3kernel/expl3.sty
(/usr/share/texlive/texmf-dist/tex/latex/l3backend/l3backend-xetex.def)))
(/usr/share/texlive/texmf-dist/tex/latex/fontspec/fontspec-xetex.sty
(/usr/share/texlive/texmf-dist/tex/latex/base/fontenc.sty)
(/usr/share/texlive/texmf-dist/tex/latex/fontspec/fontspec.cfg)))
(/usr/share/texlive/texmf-dist/tex/latex/amsmath/amsmath.sty
For additional information on amsmath, use the `?' option.
(/usr/share/texlive/texmf-dist/tex/latex/amsmath/amstext.sty
(/usr/share/texlive/texmf-dist/tex/latex/amsmath/amsgen.sty))
(/usr/share/texlive/texmf-dist/tex/latex/amsmath/amsbsy.sty)
(/usr/share/texlive/texmf-dist/tex/latex/amsmath/amsopn.sty))
(/usr/share/texlive/texmf-dist/tex/latex/amsfonts/amssymb.sty
(/usr/share/texlive/texmf-dist/tex/latex/amsfonts/amsfonts.sty))
(/usr/share/texlive/texmf-dist/tex/latex/amscls/amsthm.sty)
(/usr/share/texlive/texmf-dist/tex/latex/amsmath/amscd.sty)
(/usr/share/texlive/texmf-dist/tex/latex/graphics/graphicx.sty
(/usr/share/texlive/texmf-dist/tex/latex/graphics/graphics.sty
(/usr/share/texlive/texmf-dist/tex/latex/graphics/trig.sty)
(/usr/share/texlive/texmf-dist/tex/latex/graphics-cfg/graphics.cfg)
(/usr/share/texlive/texmf-dist/tex/latex/graphics-def/xetex.def)))
(/usr/share/texlive/texmf-dist/tex/latex/graphics/color.sty
(/usr/share/texlive/texmf-dist/tex/latex/graphics-cfg/color.cfg)
(/usr/share/texlive/texmf-dist/tex/latex/graphics/mathcolor.ltx))
(/usr/share/texlive/texmf-dist/tex/latex/xurl/xurl.sty
(/usr/share/texlive/texmf-dist/tex/latex/url/url.sty))
(/usr/share/texlive/texmf-dist/tex/latex/hyperref/hyperref.sty
(/usr/share/texlive/texmf-dist/tex/latex/kvsetkeys/kvsetkeys.sty)
(/usr/share/texlive/texmf-dist/tex/generic/kvdefinekeys/kvdefinekeys.sty)
(/usr/share/texlive/texmf-dist/tex/generic/pdfescape/pdfescape.sty
(/usr/share/texlive/texmf-dist/tex/generic/ltxcmds/ltxcmds.sty)
(/usr/share/texlive/texmf-dist/tex/generic/pdftexcmds/pdftexcmds.sty
(/usr/share/texlive/texmf-dist/tex/generic/infwarerr/infwarerr.sty)))
(/usr/share/texlive/texmf-dist/tex/latex/hycolor/hycolor.sty)
(/usr/share/texlive/texmf-dist/tex/latex/hyperref/nameref.sty
(/usr/share/texlive/texmf-dist/tex/latex/refcount/refcount.sty)
(/usr/share/texlive/texmf-dist/tex/generic/gettitlestring/gettitlestring.sty
(/usr/share/texlive/texmf-dist/tex/latex/kvoptions/kvoptions.sty)))
(/usr/share/texlive/texmf-dist/tex/latex/etoolbox/etoolbox.sty)
(/usr/share/texlive/texmf-dist/tex/generic/stringenc/stringenc.sty)
(/usr/share/texlive/texmf-dist/tex/latex/hyperref/pd1enc.def)
(/usr/share/texlive/texmf-dist/tex/generic/intcalc/intcalc.sty)
(/usr/share/texlive/texmf-dist/tex/latex/hyperref/puenc.def)
(/usr/share/texlive/texmf-dist/tex/generic/bitset/bitset.sty
(/usr/share/texlive/texmf-dist/tex/generic/bigintcalc/bigintcalc.sty))
(/usr/share/texlive/texmf-dist/tex/latex/base/atbegshi-ltx.sty))
(/usr/share/texlive/texmf-dist/tex/latex/hyperref/hxetex.def
(/usr/share/texlive/texmf-dist/tex/latex/rerunfilecheck/rerunfilecheck.sty
(/usr/share/texlive/texmf-dist/tex/latex/base/atveryend-ltx.sty)
(/usr/share/texlive/texmf-dist/tex/generic/uniquecounter/uniquecounter.sty)))
(/usr/share/texlive/texmf-dist/tex/latex/tools/enumerate.sty)
No file 2005.aux.
*geometry* driver: auto-detecting
*geometry* detected driver: xetex

Package hyperref Warning: Rerun to get /PageLabels entry.

(/usr/share/texlive/texmf-dist/tex/latex/amsfonts/umsa.fd)
(/usr/share/texlive/texmf-dist/tex/latex/amsfonts/umsb.fd)
(/usr/share/texlive/texmf-dist/tex/latex/amsfonts/ueuf.fd)
[1]

LaTeX Warning: Citation `DFO3' on page 2 undefined on input line 123.


Package amsmath Warning: Foreign command \atopwithdelims;
(amsmath)                \frac or \genfrac should be used instead
(amsmath)                 on input line 167.


[2]

Package hyperref Warning: Token not allowed in a PDF string (Unicode):
(hyperref)                removing `math shift' on input line 204.


Package hyperref Warning: Token not allowed in a PDF string (Unicode):
(hyperref)                removing `math shift' on input line 204.


LaTeX Warning: Citation `GT' on page 3 undefined on input line 228.


LaTeX Warning: Citation `GT' on page 3 undefined on input line 230.


LaTeX Warning: Reference `equ_3' on page 3 undefined on input line 256.


LaTeX Warning: Reference `def-gamma' on page 3 undefined on input line 257.


LaTeX Warning: Citation `Zh' on page 3 undefined on input line 257.


LaTeX Warning: Citation `Tar-Naz' on page 3 undefined on input line 260.


Package hyperref Warning: Token not allowed in a PDF string (Unicode):
(hyperref)                removing `math shift' on input line 262.


Package hyperref Warning: Token not allowed in a PDF string (Unicode):
(hyperref)                removing `math shift' on input line 262.


LaTeX Warning: Reference `Gelfand--Tsetlin theorem' on page 3 undefined on inpu
t line 265.


LaTeX Warning: Citation `DFO3' on page 3 undefined on input line 268.


[3]

LaTeX Warning: Citation `DFO3' on page 4 undefined on input line 280.


LaTeX Warning: Citation `Maz2' on page 4 undefined on input line 280.


LaTeX Warning: Reference `Gelfand--Tsetlin formulas' on page 4 undefined on inp
ut line 287.


LaTeX Warning: Reference `action of Gamma in finite dimensional modules' on pag
e 4 undefined on input line 288.


LaTeX Warning: Reference `lemma elements of Gamma separates tableaux' on page 4
 undefined on input line 307.


LaTeX Warning: Citation `FO2' on page 4 undefined on input line 325.


Package hyperref Warning: Token not allowed in a PDF string (Unicode):
(hyperref)                removing `math shift' on input line 346.


Package hyperref Warning: Token not allowed in a PDF string (Unicode):
(hyperref)                removing `math shift' on input line 346.


Package hyperref Warning: Suppressing link with empty target on input line 350.



[4]
[5]

LaTeX Warning: Reference `inclutions of Omega +' on page 6 undefined on input l
ine 457.


LaTeX Warning: Reference `inclutions for Omega c +' on page 6 undefined on inpu
t line 464.


LaTeX Warning: Reference `inclutions of Omega +' on page 6 undefined on input l
ine 470.


LaTeX Warning: Reference `inclutions for Omega c +' on page 6 undefined on inpu
t line 480.


LaTeX Warning: Reference `inclutions for Omega c +' on page 6 undefined on inpu
t line 485.


LaTeX Warning: Reference `a and b behavior' on page 6 undefined on input line 4
86.


LaTeX Warning: Reference `inclutions of Omega +' on page 6 undefined on input l
ine 487.


LaTeX Warning: Reference `inclutions for Omega c +' on page 6 undefined on inpu
t line 489.


LaTeX Warning: Reference `a and b behavior' on page 6 undefined on input line 4
90.


LaTeX Warning: Reference `inclutions of Omega +' on page 6 undefined on input l
ine 491.


LaTeX Warning: Reference `inclutions for Omega c +' on page 6 undefined on inpu
t line 493.


LaTeX Warning: Reference `inclutions for Omega c +' on page 6 undefined on inpu
t line 503.


LaTeX Warning: Reference `inclutions for Omega c +' on page 6 undefined on inpu
t line 516.


LaTeX Warning: Reference `inclutions for Omega c +' on page 6 undefined on inpu
t line 518.


LaTeX Warning: Reference `a and b behavior' on page 6 undefined on input line 5
19.


LaTeX Warning: Reference `inclutions of Omega +' on page 6 undefined on input l
ine 519.


LaTeX Warning: Reference `inclutions for Omega c +' on page 6 undefined on inpu
t line 521.


LaTeX Warning: Reference `inclutions for Omega c +' on page 6 undefined on inpu
t line 523.


LaTeX Warning: Reference `a and b behavior' on page 6 undefined on input line 5
24.


LaTeX Warning: Reference `inclutions of Omega +' on page 6 undefined on input l
ine 524.


[6]

LaTeX Warning: Reference `elements of Gamma separates tableaux' on page 7 undef
ined on input line 556.


LaTeX Warning: Reference `properties of relation less or equal' on page 7 undef
ined on input line 558.


LaTeX Warning: Reference `notation' on page 7 undefined on input line 563.


LaTeX Warning: Reference `submodules of V(T(L))' on page 7 undefined on input l
ine 573.


LaTeX Warning: Reference `Gelfand--Tsetlin modules property' on page 7 undefine
d on input line 576.


LaTeX Warning: Reference `paths for connected tableaux' on page 7 undefined on 
input line 616.


[7]

LaTeX Warning: Reference `properties of relation less or equal' on page 8 undef
ined on input line 626.


LaTeX Warning: Reference `basis of submodule generated by T' on page 8 undefine
d on input line 635.


LaTeX Warning: Reference `basis of submodule generated by T' on page 8 undefine
d on input line 655.


LaTeX Warning: Reference `when two tableaux generate the same submodule' on pag
e 8 undefined on input line 656.


LaTeX Warning: Reference `basis of submodule generated by T' on page 8 undefine
d on input line 663.


LaTeX Warning: Reference `Gelfand--Tsetlin formulas' on page 8 undefined on inp
ut line 680.


LaTeX Warning: Reference `def-cont' on page 8 undefined on input line 692.


LaTeX Warning: Reference `basis of submodule generated by T' on page 8 undefine
d on input line 703.


LaTeX Warning: Reference `when two tableaux generate the same submodule' on pag
e 8 undefined on input line 703.


[8]
[9] (build/2005.aux)

LaTeX Warning: There were undefined references.


LaTeX Warning: Label(s) may have changed. Rerun to get cross-references right.


Package rerunfilecheck Warning: File `2005.out' has changed.
(rerunfilecheck)                Rerun to get outlines right
(rerunfilecheck)                or use package `bookmark'.

 )
Output written on build/2005.pdf (9 pages).
Transcript written on build/2005.log.
