This is XeTeX, Version 3.141592653-2.6-0.999996 (TeX Live 2025/dev/Debian) (preloaded format=xelatex)
entering extended mode
(./2014.tex
LaTeX2e <2024-11-01> patch level 2
L3 programming layer <2025-01-18>
(/usr/share/texlive/texmf-dist/tex/latex/base/article.cls
Document Class: article 2024/06/29 v1.4n Standard LaTeX document class
(/usr/share/texlive/texmf-dist/tex/latex/base/size11.clo))
(/usr/share/texlive/texmf-dist/tex/latex/geometry/geometry.sty
(/usr/share/texlive/texmf-dist/tex/latex/graphics/keyval.sty)
(/usr/share/texlive/texmf-dist/tex/generic/iftex/ifvtex.sty
(/usr/share/texlive/texmf-dist/tex/generic/iftex/iftex.sty)))
(/usr/share/texlive/texmf-dist/tex/latex/fontspec/fontspec.sty
(/usr/share/texlive/texmf-dist/tex/latex/l3packages/xparse/xparse.sty
(/usr/share/texlive/texmf-dist/tex/latex/l3kernel/expl3.sty
(/usr/share/texlive/texmf-dist/tex/latex/l3backend/l3backend-xetex.def)))
(/usr/share/texlive/texmf-dist/tex/latex/fontspec/fontspec-xetex.sty
(/usr/share/texlive/texmf-dist/tex/latex/base/fontenc.sty)
(/usr/share/texlive/texmf-dist/tex/latex/fontspec/fontspec.cfg)))
(/usr/share/texlive/texmf-dist/tex/latex/amsmath/amsmath.sty
For additional information on amsmath, use the `?' option.
(/usr/share/texlive/texmf-dist/tex/latex/amsmath/amstext.sty
(/usr/share/texlive/texmf-dist/tex/latex/amsmath/amsgen.sty))
(/usr/share/texlive/texmf-dist/tex/latex/amsmath/amsbsy.sty)
(/usr/share/texlive/texmf-dist/tex/latex/amsmath/amsopn.sty))
(/usr/share/texlive/texmf-dist/tex/latex/amsfonts/amssymb.sty
(/usr/share/texlive/texmf-dist/tex/latex/amsfonts/amsfonts.sty))
(/usr/share/texlive/texmf-dist/tex/latex/amscls/amsthm.sty)
(/usr/share/texlive/texmf-dist/tex/latex/amsmath/amscd.sty)
(/usr/share/texlive/texmf-dist/tex/latex/graphics/graphicx.sty
(/usr/share/texlive/texmf-dist/tex/latex/graphics/graphics.sty
(/usr/share/texlive/texmf-dist/tex/latex/graphics/trig.sty)
(/usr/share/texlive/texmf-dist/tex/latex/graphics-cfg/graphics.cfg)
(/usr/share/texlive/texmf-dist/tex/latex/graphics-def/xetex.def)))
(/usr/share/texlive/texmf-dist/tex/latex/graphics/color.sty
(/usr/share/texlive/texmf-dist/tex/latex/graphics-cfg/color.cfg)
(/usr/share/texlive/texmf-dist/tex/latex/graphics/mathcolor.ltx))
(/usr/share/texlive/texmf-dist/tex/latex/xurl/xurl.sty
(/usr/share/texlive/texmf-dist/tex/latex/url/url.sty))
(/usr/share/texlive/texmf-dist/tex/latex/hyperref/hyperref.sty
(/usr/share/texlive/texmf-dist/tex/latex/kvsetkeys/kvsetkeys.sty)
(/usr/share/texlive/texmf-dist/tex/generic/kvdefinekeys/kvdefinekeys.sty)
(/usr/share/texlive/texmf-dist/tex/generic/pdfescape/pdfescape.sty
(/usr/share/texlive/texmf-dist/tex/generic/ltxcmds/ltxcmds.sty)
(/usr/share/texlive/texmf-dist/tex/generic/pdftexcmds/pdftexcmds.sty
(/usr/share/texlive/texmf-dist/tex/generic/infwarerr/infwarerr.sty)))
(/usr/share/texlive/texmf-dist/tex/latex/hycolor/hycolor.sty)
(/usr/share/texlive/texmf-dist/tex/latex/hyperref/nameref.sty
(/usr/share/texlive/texmf-dist/tex/latex/refcount/refcount.sty)
(/usr/share/texlive/texmf-dist/tex/generic/gettitlestring/gettitlestring.sty
(/usr/share/texlive/texmf-dist/tex/latex/kvoptions/kvoptions.sty)))
(/usr/share/texlive/texmf-dist/tex/latex/etoolbox/etoolbox.sty)
(/usr/share/texlive/texmf-dist/tex/generic/stringenc/stringenc.sty)
(/usr/share/texlive/texmf-dist/tex/latex/hyperref/pd1enc.def)
(/usr/share/texlive/texmf-dist/tex/generic/intcalc/intcalc.sty)
(/usr/share/texlive/texmf-dist/tex/latex/hyperref/puenc.def)
(/usr/share/texlive/texmf-dist/tex/generic/bitset/bitset.sty
(/usr/share/texlive/texmf-dist/tex/generic/bigintcalc/bigintcalc.sty))
(/usr/share/texlive/texmf-dist/tex/latex/base/atbegshi-ltx.sty))
(/usr/share/texlive/texmf-dist/tex/latex/hyperref/hxetex.def
(/usr/share/texlive/texmf-dist/tex/latex/rerunfilecheck/rerunfilecheck.sty
(/usr/share/texlive/texmf-dist/tex/latex/base/atveryend-ltx.sty)
(/usr/share/texlive/texmf-dist/tex/generic/uniquecounter/uniquecounter.sty)))
No file 2014.aux.
*geometry* driver: auto-detecting
*geometry* detected driver: xetex

Package hyperref Warning: Rerun to get /PageLabels entry.

(/usr/share/texlive/texmf-dist/tex/latex/amsfonts/umsa.fd)
(/usr/share/texlive/texmf-dist/tex/latex/amsfonts/umsb.fd)

LaTeX Warning: Citation `Yang1951' on page 1 undefined on input line 101.


LaTeX Warning: Citation `Dunkl1988' on page 1 undefined on input line 101.


LaTeX Warning: Citation `Dunkl1989' on page 1 undefined on input line 101.


LaTeX Warning: Citation `Dunkl1991' on page 1 undefined on input line 101.


LaTeX Warning: Citation `Rosler2003' on page 1 undefined on input line 101.


LaTeX Warning: Citation `Dunkl2002' on page 1 undefined on input line 101.


LaTeX Warning: Citation `NowakStempak2009b' on page 1 undefined on input line 1
01.


LaTeX Warning: Citation `NowakStempak2009a' on page 1 undefined on input line 1
01.


LaTeX Warning: Citation `Rosenblum1994' on page 1 undefined on input line 101.


LaTeX Warning: Citation `Plyushchay2000' on page 1 undefined on input line 101.



LaTeX Warning: Citation `Plyushchay2000' on page 1 undefined on input line 101.



[1]

LaTeX Warning: Citation `Szego1975' on page 2 undefined on input line 103.


LaTeX Warning: Citation `Chihara1955' on page 2 undefined on input line 103.


LaTeX Warning: Citation `Chihara1978' on page 2 undefined on input line 103.


LaTeX Warning: Citation `DickinsonWarsi1963' on page 2 undefined on input line 
103.


LaTeX Warning: Citation `DuttaChatterjeaMore1975' on page 2 undefined on input 
line 103.


LaTeX Warning: Citation `Rosenblum1994' on page 2 undefined on input line 103.


LaTeX Warning: Citation `Rosler1998' on page 2 undefined on input line 103.


LaTeX Warning: Citation `Rosenblum1994' on page 2 undefined on input line 105.


LaTeX Warning: Citation `Hormander1990-I' on page 2 undefined on input line 129
.


LaTeX Warning: Reference `[D sigma,x]=1+2Sigma, ...' on page 2 undefined on inp
ut line 173.


[2]

LaTeX Warning: Reference `psi (m)(x)' on page 3 undefined on input line 189.


LaTeX Warning: Reference `L' on page 3 undefined on input line 217.


LaTeX Warning: Reference `[L,Sigma]=B' Sigma+Sigma B'=0' on page 3 undefined on
 input line 217.


LaTeX Warning: Reference `phi 0' on page 3 undefined on input line 223.


LaTeX Warning: Reference `phi k' on page 3 undefined on input line 223.


LaTeX Warning: Citation `Szego1975' on page 3 undefined on input line 232.


[3]

LaTeX Warning: Reference `p k' on page 4 undefined on input line 241.


LaTeX Warning: Reference `D sigma p k' on page 4 undefined on input line 241.


LaTeX Warning: Reference `recurrence' on page 4 undefined on input line 249.


LaTeX Warning: Reference `x -1 p k' on page 4 undefined on input line 249.


LaTeX Warning: Citation `Rosler1998' on page 4 undefined on input line 255.


LaTeX Warning: Citation `Rosler2003' on page 4 undefined on input line 255.


LaTeX Warning: Citation `AskeyWainger1965' on page 4 undefined on input line 25
5.


LaTeX Warning: Citation `Erdelyi1960' on page 4 undefined on input line 255.


LaTeX Warning: Citation `Muckenhoupt1970b' on page 4 undefined on input line 25
5.


LaTeX Warning: Citation `Muckenhoupt1970a-II' on page 4 undefined on input line
 255.


LaTeX Warning: Citation `BonanClark1990' on page 4 undefined on input line 255.



LaTeX Warning: Citation `AlvCalaza:generalizedHermite' on page 4 undefined on i
nput line 255.


LaTeX Warning: Reference `t:upper estimates of xi k' on page 4 undefined on inp
ut line 274.


[4]

LaTeX Warning: Reference `[D sigma,x]=1+2Sigma, ...' on page 5 undefined on inp
ut line 311.


Package hyperref Warning: Suppressing link with empty target on input line 321.



LaTeX Warning: Reference `t:Sobolev' on page 5 undefined on input line 321.


LaTeX Warning: Reference `SS_sigma^m, sigma ge0' on page 5 undefined on input l
ine 322.


LaTeX Warning: Reference `SS_sigma,odd^m, sigma<0' on page 5 undefined on input
 line 322.


LaTeX Warning: Reference `cl:phi(x)' on page 5 undefined on input line 351.


LaTeX Warning: Reference `cl:phi(x)' on page 5 undefined on input line 351.


[5]

LaTeX Warning: Reference `|x| ge1' on page 6 undefined on input line 362.


LaTeX Warning: Reference `|x| le1' on page 6 undefined on input line 362.


LaTeX Warning: Reference `cl:phi(x)' on page 6 undefined on input line 364.


LaTeX Warning: Reference `cl:phi(x)' on page 6 undefined on input line 368.


LaTeX Warning: Reference `cl:phi(x)' on page 6 undefined on input line 368.


LaTeX Warning: Reference `int x 1t n f (n+1)(t) dt' on page 6 undefined on inpu
t line 368.


LaTeX Warning: Reference `cl:phi(x)' on page 6 undefined on input line 368.


LaTeX Warning: Reference `psi (m)(x)' on page 6 undefined on input line 395.


LaTeX Warning: Reference `psi (m)(x)' on page 6 undefined on input line 399.


LaTeX Warning: Reference `psi (m)(x)' on page 6 undefined on input line 408.


[6]

LaTeX Warning: Reference `l:SS m+lceil sigma/2 rceil subset SS w,sigma m' on pa
ge 7 undefined on input line 454.


LaTeX Warning: Reference `l:SS_w,sigma^m' subset SS^m' on page 7 undefined on i
nput line 454.


LaTeX Warning: Reference `l:SS m+1 subset SS w,sigma m' on page 7 undefined on 
input line 460.


LaTeX Warning: Reference `l:SS w,sigma m' subset SS m' on page 7 undefined on i
nput line 460.


LaTeX Warning: Reference `c:x^-1:SS_w,sigma,odd^m' to SS_w,sigma,ev^m' on page 
7 undefined on input line 504.


LaTeX Warning: Reference `l:SS_w,sigma^M_m subset SS_sigma^m' on page 7 undefin
ed on input line 527.


[7]

LaTeX Warning: Reference `l:SS m+lceil sigma/2 rceil subset SS w,sigma m' on pa
ge 8 undefined on input line 538.


LaTeX Warning: Reference `l:SS m+1 subset SS w,sigma m' on page 8 undefined on 
input line 538.


LaTeX Warning: Reference `l:SS_w,sigma^M_m subset SS_sigma^m' on page 8 undefin
ed on input line 538.


LaTeX Warning: Reference `c:SS=SS w,sigma' on page 8 undefined on input line 55
2.


LaTeX Warning: Reference `c:SS_w,sigma subset SS_sigma' on page 8 undefined on 
input line 552.


LaTeX Warning: Reference `l:SS_sigma is a core of LL' on page 8 undefined on in
put line 560.


LaTeX Warning: Reference `[L,Sigma]=B' Sigma+Sigma B'=0' on page 8 undefined on
 input line 562.


LaTeX Warning: Reference `L' on page 8 undefined on input line 562.


LaTeX Warning: Reference `[L,B]' on page 8 undefined on input line 562.


[8]

LaTeX Warning: Reference `L' on page 9 undefined on input line 602.


LaTeX Warning: Reference `cl:L m, m even' on page 9 undefined on input line 602
.


LaTeX Warning: Reference `L' on page 9 undefined on input line 604.


LaTeX Warning: Reference `cl:L m, m odd' on page 9 undefined on input line 608.



LaTeX Warning: Reference `p:SS sigma,m' subset W sigma m' on page 9 undefined o
n input line 616.


LaTeX Warning: Reference `SS_sigma^m, sigma ge0' on page 9 undefined on input l
ine 617.


LaTeX Warning: Reference `SS_sigma,odd^m, sigma<0' on page 9 undefined on input
 line 617.


LaTeX Warning: Reference `l:(1+L) m' on page 9 undefined on input line 619.


LaTeX Warning: Reference `ss:L' on page 9 undefined on input line 652.


[9]

LaTeX Warning: Reference `c:Sobolev' on page 10 undefined on input line 659.


LaTeX Warning: Citation `Roe1998' on page 10 undefined on input line 662.


LaTeX Warning: Reference `p:Sobolev' on page 10 undefined on input line 664.


LaTeX Warning: Reference `phi k' on page 10 undefined on input line 670.


LaTeX Warning: Reference `B phi k' on page 10 undefined on input line 670.


LaTeX Warning: Reference `sum k|c k|(1+k) m/2' on page 10 undefined on input li
ne 675.


LaTeX Warning: Reference `|langle phi k,x iD sigma j phi rangle sigma|' on page
 10 undefined on input line 675.


LaTeX Warning: Reference `t:upper estimates of xi k' on page 10 undefined on in
put line 675.


LaTeX Warning: Reference `sum k|c k|(1+k) m/2' on page 10 undefined on input li
ne 683.


LaTeX Warning: Reference `|langle phi k,x iD sigma j phi rangle sigma|' on page
 10 undefined on input line 683.


LaTeX Warning: Reference `t:upper estimates of xi k' on page 10 undefined on in
put line 683.


LaTeX Warning: Reference `|x| sigma/2 |x iD sigma j phi(x)|' on page 10 undefin
ed on input line 688.


LaTeX Warning: Reference `x -1 p k' on page 10 undefined on input line 691.


[10]

LaTeX Warning: Reference `p:SS sigma,m' subset W sigma m' on page 11 undefined 
on input line 721.


LaTeX Warning: Reference `p:Sobolev' on page 11 undefined on input line 721.


LaTeX Warning: Reference `l:ell 2 2m subset CC m' on page 11 undefined on input
 line 721.


LaTeX Warning: Reference `l:Xi' on page 11 undefined on input line 721.


LaTeX Warning: Reference `x -1 p k' on page 11 undefined on input line 725.


LaTeX Warning: Reference `c:x^-1:SS_sigma,odd^m_1 to SS_sigma,ev^m bounded' on 
page 11 undefined on input line 729.


LaTeX Warning: Reference `x -1 p k' on page 11 undefined on input line 729.


LaTeX Warning: Reference `l:SS_w,sigma^M_m subset SS_sigma^m' on page 11 undefi
ned on input line 742.


LaTeX Warning: Reference `c:x^-1:SS_sigma,odd^m_1 to SS_sigma,ev^m bounded' on 
page 11 undefined on input line 752.


LaTeX Warning: Reference `l:SS_sigma^m+2 subset SS_w,sigma^m' on page 11 undefi
ned on input line 762.


LaTeX Warning: Reference `l:SS_w,sigma^m' subset SS^m' on page 11 undefined on 
input line 766.


LaTeX Warning: Reference `l:SS w,sigma m' subset SS m' on page 11 undefined on 
input line 766.


LaTeX Warning: Reference `l:SS_sigma^m+2 subset SS_w,sigma^m' on page 11 undefi
ned on input line 766.


LaTeX Warning: Reference `l:SS_ev/odd^M_m,ev/odd subset SS_sigma,ev/odd^m' on p
age 11 undefined on input line 774.


LaTeX Warning: Reference `c:SS_sigma^m' subset SS^m' on page 11 undefined on in
put line 774.


LaTeX Warning: Reference `l:SS_ev/odd^M_m,ev/odd subset SS_sigma,ev/odd^m' on p
age 11 undefined on input line 777.


LaTeX Warning: Reference `c:SS_sigma^m' subset SS^m' on page 11 undefined on in
put line 777.


LaTeX Warning: Reference `p:SS sigma,m' subset W sigma m' on page 11 undefined 
on input line 777.


LaTeX Warning: Reference `p:Sobolev' on page 11 undefined on input line 777.


Package hyperref Warning: Suppressing link with empty target on input line 777.



LaTeX Warning: Reference `t:Sobolev' on page 11 undefined on input line 777.


[11]
[12]
[13] (build/2014.aux)

LaTeX Warning: There were undefined references.


LaTeX Warning: Label(s) may have changed. Rerun to get cross-references right.


Package rerunfilecheck Warning: File `2014.out' has changed.
(rerunfilecheck)                Rerun to get outlines right
(rerunfilecheck)                or use package `bookmark'.

 )
Output written on build/2014.pdf (13 pages).
Transcript written on build/2014.log.
