This is XeTeX, Version 3.141592653-2.6-0.999996 (TeX Live 2025/dev/Debian) (preloaded format=xelatex)
entering extended mode
(./1699.tex
LaTeX2e <2024-11-01> patch level 2
L3 programming layer <2025-01-18>
(/usr/share/texlive/texmf-dist/tex/latex/base/article.cls
Document Class: article 2024/06/29 v1.4n Standard LaTeX document class
(/usr/share/texlive/texmf-dist/tex/latex/base/size11.clo))
(/usr/share/texlive/texmf-dist/tex/latex/geometry/geometry.sty
(/usr/share/texlive/texmf-dist/tex/latex/graphics/keyval.sty)
(/usr/share/texlive/texmf-dist/tex/generic/iftex/ifvtex.sty
(/usr/share/texlive/texmf-dist/tex/generic/iftex/iftex.sty)))
(/usr/share/texlive/texmf-dist/tex/latex/fontspec/fontspec.sty
(/usr/share/texlive/texmf-dist/tex/latex/l3packages/xparse/xparse.sty
(/usr/share/texlive/texmf-dist/tex/latex/l3kernel/expl3.sty
(/usr/share/texlive/texmf-dist/tex/latex/l3backend/l3backend-xetex.def)))
(/usr/share/texlive/texmf-dist/tex/latex/fontspec/fontspec-xetex.sty
(/usr/share/texlive/texmf-dist/tex/latex/base/fontenc.sty)
(/usr/share/texlive/texmf-dist/tex/latex/fontspec/fontspec.cfg)))
(/usr/share/texlive/texmf-dist/tex/latex/amsmath/amsmath.sty
For additional information on amsmath, use the `?' option.
(/usr/share/texlive/texmf-dist/tex/latex/amsmath/amstext.sty
(/usr/share/texlive/texmf-dist/tex/latex/amsmath/amsgen.sty))
(/usr/share/texlive/texmf-dist/tex/latex/amsmath/amsbsy.sty)
(/usr/share/texlive/texmf-dist/tex/latex/amsmath/amsopn.sty))
(/usr/share/texlive/texmf-dist/tex/latex/amsfonts/amssymb.sty
(/usr/share/texlive/texmf-dist/tex/latex/amsfonts/amsfonts.sty))
(/usr/share/texlive/texmf-dist/tex/latex/amscls/amsthm.sty)
(/usr/share/texlive/texmf-dist/tex/latex/amsmath/amscd.sty)
(/usr/share/texlive/texmf-dist/tex/latex/graphics/graphicx.sty
(/usr/share/texlive/texmf-dist/tex/latex/graphics/graphics.sty
(/usr/share/texlive/texmf-dist/tex/latex/graphics/trig.sty)
(/usr/share/texlive/texmf-dist/tex/latex/graphics-cfg/graphics.cfg)
(/usr/share/texlive/texmf-dist/tex/latex/graphics-def/xetex.def)))
(/usr/share/texlive/texmf-dist/tex/latex/graphics/color.sty
(/usr/share/texlive/texmf-dist/tex/latex/graphics-cfg/color.cfg)
(/usr/share/texlive/texmf-dist/tex/latex/graphics/mathcolor.ltx))
(/usr/share/texlive/texmf-dist/tex/latex/xurl/xurl.sty
(/usr/share/texlive/texmf-dist/tex/latex/url/url.sty))
(/usr/share/texlive/texmf-dist/tex/latex/hyperref/hyperref.sty
(/usr/share/texlive/texmf-dist/tex/latex/kvsetkeys/kvsetkeys.sty)
(/usr/share/texlive/texmf-dist/tex/generic/kvdefinekeys/kvdefinekeys.sty)
(/usr/share/texlive/texmf-dist/tex/generic/pdfescape/pdfescape.sty
(/usr/share/texlive/texmf-dist/tex/generic/ltxcmds/ltxcmds.sty)
(/usr/share/texlive/texmf-dist/tex/generic/pdftexcmds/pdftexcmds.sty
(/usr/share/texlive/texmf-dist/tex/generic/infwarerr/infwarerr.sty)))
(/usr/share/texlive/texmf-dist/tex/latex/hycolor/hycolor.sty)
(/usr/share/texlive/texmf-dist/tex/latex/hyperref/nameref.sty
(/usr/share/texlive/texmf-dist/tex/latex/refcount/refcount.sty)
(/usr/share/texlive/texmf-dist/tex/generic/gettitlestring/gettitlestring.sty
(/usr/share/texlive/texmf-dist/tex/latex/kvoptions/kvoptions.sty)))
(/usr/share/texlive/texmf-dist/tex/latex/etoolbox/etoolbox.sty)
(/usr/share/texlive/texmf-dist/tex/generic/stringenc/stringenc.sty)
(/usr/share/texlive/texmf-dist/tex/latex/hyperref/pd1enc.def)
(/usr/share/texlive/texmf-dist/tex/generic/intcalc/intcalc.sty)
(/usr/share/texlive/texmf-dist/tex/latex/hyperref/puenc.def)
(/usr/share/texlive/texmf-dist/tex/generic/bitset/bitset.sty
(/usr/share/texlive/texmf-dist/tex/generic/bigintcalc/bigintcalc.sty))
(/usr/share/texlive/texmf-dist/tex/latex/base/atbegshi-ltx.sty))
(/usr/share/texlive/texmf-dist/tex/latex/hyperref/hxetex.def
(/usr/share/texlive/texmf-dist/tex/latex/rerunfilecheck/rerunfilecheck.sty
(/usr/share/texlive/texmf-dist/tex/latex/base/atveryend-ltx.sty)
(/usr/share/texlive/texmf-dist/tex/generic/uniquecounter/uniquecounter.sty)))
No file 1699.aux.
*geometry* driver: auto-detecting
*geometry* detected driver: xetex

Package hyperref Warning: Rerun to get /PageLabels entry.

(/usr/share/texlive/texmf-dist/tex/latex/amsfonts/umsa.fd)
(/usr/share/texlive/texmf-dist/tex/latex/amsfonts/umsb.fd)
[1] (/usr/share/texlive/texmf-dist/tex/latex/amsfonts/ueuf.fd)

LaTeX Warning: Citation `golsok2000' on page 2 undefined on input line 53.


LaTeX Warning: Citation `mks' on page 2 undefined on input line 53.


[2]

LaTeX Warning: Reference `L3' on page 3 undefined on input line 107.


LaTeX Warning: Reference `L3' on page 3 undefined on input line 114.


Underfull \hbox (badness 1194) in paragraph at lines 142--145
[]$\OML/cmm/m/it/10.95 G\OMS/cmsy/m/n/10.95 ^^@$\TU/LatinModernRoman(0)/m/it/10
.95 invariant semisimple Nijenhuis $\OT1/cmr/m/n/10.95 (1\OML/cmm/m/it/10.95 ; 
\OT1/cmr/m/n/10.95 1)$\TU/LatinModernRoman(0)/m/it/10.95 -tensors $\OML/cmm/m/i
t/10.95 N [] [] T\OT1/cmr/m/n/10.95 (\OML/cmm/m/it/10.95 G\OT1/cmr/m/n/10.95 /\
OML/cmm/m/it/10.95 K\OT1/cmr/m/n/10.95 ) \OMS/cmsy/m/n/10.95 ! \OML/cmm/m/it/10
.95 T\OT1/cmr/m/n/10.95 (\OML/cmm/m/it/10.95 G\OT1/cmr/m/n/10.95 /\OML/cmm/m/it
/10.95 K\OT1/cmr/m/n/10.95 )$ \TU/LatinModernRoman(0)/m/it/10.95 with the spec-


[3]

LaTeX Warning: Reference `L4' on page 4 undefined on input line 159.


LaTeX Warning: Reference `L3' on page 4 undefined on input line 159.


LaTeX Warning: Reference `L3' on page 4 undefined on input line 159.


LaTeX Warning: Reference `L3' on page 4 undefined on input line 161.


LaTeX Warning: Reference `T1' on page 4 undefined on input line 166.


LaTeX Warning: Citation `golsok2000' on page 4 undefined on input line 171.


LaTeX Warning: Citation `mks' on page 4 undefined on input line 171.


LaTeX Warning: Citation `pBi-Lie' on page 4 undefined on input line 171.


LaTeX Warning: Citation `odsokIntMatrEq' on page 4 undefined on input line 171.



LaTeX Warning: Citation `golsok2000' on page 4 undefined on input line 173.


LaTeX Warning: Citation `p5' on page 4 undefined on input line 173.


LaTeX Warning: Reference `T1' on page 4 undefined on input line 175.


[4]

LaTeX Warning: Reference `T1' on page 5 undefined on input line 187.


LaTeX Warning: Citation `besse' on page 5 undefined on input line 192.


LaTeX Warning: Citation `helgason' on page 5 undefined on input line 194.


LaTeX Warning: Citation `vinbergOnishIII' on page 5 undefined on input line 194
.


LaTeX Warning: Reference `ex1' on page 5 undefined on input line 194.


LaTeX Warning: Reference `T1' on page 5 undefined on input line 194.


LaTeX Warning: Reference `ex1' on page 5 undefined on input line 194.


LaTeX Warning: Reference `exa4' on page 5 undefined on input line 197.


LaTeX Warning: Reference `onish' on page 5 undefined on input line 197.


LaTeX Warning: Reference `T1' on page 5 undefined on input line 197.


LaTeX Warning: Reference `ex1' on page 5 undefined on input line 197.


[5]

LaTeX Warning: Reference `ex1' on page 6 undefined on input line 205.


LaTeX Warning: Citation `oni62' on page 6 undefined on input line 209.


LaTeX Warning: Citation `oni69' on page 6 undefined on input line 209.


LaTeX Warning: Citation `oni62' on page 6 undefined on input line 211.


Package hyperref Warning: Token not allowed in a PDF string (Unicode):
(hyperref)                removing `math shift' on input line 256.


Package hyperref Warning: Token not allowed in a PDF string (Unicode):
(hyperref)                removing `math shift' on input line 256.


LaTeX Warning: Citation `p4' on page 6 undefined on input line 258.


[6]

LaTeX Warning: Reference `10.80' on page 7 undefined on input line 285.


LaTeX Warning: Citation `bols'' on page 7 undefined on input line 287.


LaTeX Warning: Citation `bw' on page 7 undefined on input line 289.


[7]

LaTeX Warning: Citation `DK' on page 8 undefined on input line 299.


LaTeX Warning: Reference `prop' on page 8 undefined on input line 303.


LaTeX Warning: Reference `below' on page 8 undefined on input line 307.


LaTeX Warning: Citation `p4' on page 8 undefined on input line 307.


LaTeX Warning: Citation `p3' on page 8 undefined on input line 307.


LaTeX Warning: Reference `rem' on page 8 undefined on input line 311.


LaTeX Warning: Citation `sadetov' on page 8 undefined on input line 325.


[8]

LaTeX Warning: Citation `ortegar' on page 9 undefined on input line 337.


LaTeX Warning: Reference `lemM' on page 9 undefined on input line 339.


LaTeX Warning: Citation `p3' on page 9 undefined on input line 344.


LaTeX Warning: Citation `p3' on page 9 undefined on input line 346.


Package hyperref Warning: Token not allowed in a PDF string (Unicode):
(hyperref)                removing `math shift' on input line 355.


Package hyperref Warning: Token not allowed in a PDF string (Unicode):
(hyperref)                removing `math shift' on input line 355.


[9]

LaTeX Warning: Citation `Magri97' on page 10 undefined on input line 366.


LaTeX Warning: Reference `L4' on page 10 undefined on input line 369.


LaTeX Warning: Citation `t12' on page 10 undefined on input line 372.


LaTeX Warning: Citation `t12' on page 10 undefined on input line 384.


LaTeX Warning: Reference `L4' on page 10 undefined on input line 401.


[10]

LaTeX Warning: Reference `defi2' on page 11 undefined on input line 403.


LaTeX Warning: Reference `L4' on page 11 undefined on input line 409.


LaTeX Warning: Reference `symplf' on page 11 undefined on input line 409.


LaTeX Warning: Reference `o' on page 11 undefined on input line 429.


LaTeX Warning: Reference `L56' on page 11 undefined on input line 433.


[11]

LaTeX Warning: Reference `L56' on page 12 undefined on input line 440.


LaTeX Warning: Reference `L56' on page 12 undefined on input line 446.


LaTeX Warning: Reference `stab' on page 12 undefined on input line 450.


LaTeX Warning: Reference `L56' on page 12 undefined on input line 455.


[12]

LaTeX Warning: Reference `reem' on page 13 undefined on input line 464.


LaTeX Warning: Reference `L56' on page 13 undefined on input line 469.


LaTeX Warning: Reference `mom' on page 13 undefined on input line 480.


LaTeX Warning: Reference `mom0' on page 13 undefined on input line 480.


LaTeX Warning: Reference `o' on page 13 undefined on input line 482.


[13]

LaTeX Warning: Reference `L56' on page 14 undefined on input line 505.


LaTeX Warning: Reference `L56' on page 14 undefined on input line 505.


LaTeX Warning: Reference `L56' on page 14 undefined on input line 505.


LaTeX Warning: Reference `L56' on page 14 undefined on input line 507.


LaTeX Warning: Reference `T1' on page 14 undefined on input line 532.


LaTeX Warning: Reference `L5' on page 14 undefined on input line 540.


LaTeX Warning: Reference `L5' on page 14 undefined on input line 542.


[14]

LaTeX Warning: Reference `constt' on page 15 undefined on input line 545.


LaTeX Warning: Reference `lemk' on page 15 undefined on input line 549.


LaTeX Warning: Reference `L5' on page 15 undefined on input line 554.


LaTeX Warning: Reference `lemk' on page 15 undefined on input line 555.


LaTeX Warning: Reference `lemk' on page 15 undefined on input line 555.


LaTeX Warning: Reference `sec:Bi-Poisson0' on page 15 undefined on input line 5
66.


LaTeX Warning: Reference `T1' on page 15 undefined on input line 568.


LaTeX Warning: Reference `ctgl' on page 15 undefined on input line 578.


LaTeX Warning: Reference `constt' on page 15 undefined on input line 578.


[15]

LaTeX Warning: Reference `eq67' on page 16 undefined on input line 586.


LaTeX Warning: Reference `eq67' on page 16 undefined on input line 593.


LaTeX Warning: Reference `eq78' on page 16 undefined on input line 593.


LaTeX Warning: Reference `lrais' on page 16 undefined on input line 593.


LaTeX Warning: Reference `lemk' on page 16 undefined on input line 595.


LaTeX Warning: Reference `rem' on page 16 undefined on input line 597.


LaTeX Warning: Reference `dec' on page 16 undefined on input line 597.


LaTeX Warning: Reference `lemk' on page 16 undefined on input line 597.


LaTeX Warning: Reference `below' on page 16 undefined on input line 597.


LaTeX Warning: Reference `below' on page 16 undefined on input line 597.


LaTeX Warning: Reference `equiv' on page 16 undefined on input line 597.


LaTeX Warning: Reference `lemk' on page 16 undefined on input line 599.


LaTeX Warning: Reference `below' on page 16 undefined on input line 599.


LaTeX Warning: Reference `L56' on page 16 undefined on input line 603.


LaTeX Warning: Reference `lemk' on page 16 undefined on input line 604.


LaTeX Warning: Reference `lemk' on page 16 undefined on input line 604.


LaTeX Warning: Reference `stab' on page 16 undefined on input line 604.


LaTeX Warning: Reference `lemk' on page 16 undefined on input line 604.


LaTeX Warning: Reference `stab' on page 16 undefined on input line 610.


[16]

LaTeX Warning: Reference `below' on page 17 undefined on input line 615.


LaTeX Warning: Reference `eq67' on page 17 undefined on input line 615.


LaTeX Warning: Reference `eq78' on page 17 undefined on input line 617.


LaTeX Warning: Reference `lrais' on page 17 undefined on input line 617.


LaTeX Warning: Reference `stab' on page 17 undefined on input line 618.


LaTeX Warning: Reference `lemk' on page 17 undefined on input line 620.


LaTeX Warning: Reference `stab' on page 17 undefined on input line 620.


LaTeX Warning: Reference `equiv' on page 17 undefined on input line 625.


LaTeX Warning: Reference `below' on page 17 undefined on input line 625.


LaTeX Warning: Reference `rai1' on page 17 undefined on input line 637.


LaTeX Warning: Citation `rais' on page 17 undefined on input line 640.


LaTeX Warning: Reference `rai2' on page 17 undefined on input line 644.


LaTeX Warning: Reference `rai1' on page 17 undefined on input line 644.


LaTeX Warning: Citation `pRais' on page 17 undefined on input line 644.


LaTeX Warning: Reference `eq67' on page 17 undefined on input line 647.


LaTeX Warning: Citation `p5' on page 17 undefined on input line 647.


[17]
[18] (build/1699.aux)

LaTeX Warning: There were undefined references.


LaTeX Warning: Label(s) may have changed. Rerun to get cross-references right.


Package rerunfilecheck Warning: File `1699.out' has changed.
(rerunfilecheck)                Rerun to get outlines right
(rerunfilecheck)                or use package `bookmark'.

 )
(see the transcript file for additional information)
Output written on build/1699.pdf (18 pages).
Transcript written on build/1699.log.
