This is XeTeX, Version 3.141592653-2.6-0.999996 (TeX Live 2025/dev/Debian) (preloaded format=xelatex)
entering extended mode
(./2002.tex
LaTeX2e <2024-11-01> patch level 2
L3 programming layer <2025-01-18>
(/usr/share/texlive/texmf-dist/tex/latex/base/article.cls
Document Class: article 2024/06/29 v1.4n Standard LaTeX document class
(/usr/share/texlive/texmf-dist/tex/latex/base/size11.clo))
(/usr/share/texlive/texmf-dist/tex/latex/geometry/geometry.sty
(/usr/share/texlive/texmf-dist/tex/latex/graphics/keyval.sty)
(/usr/share/texlive/texmf-dist/tex/generic/iftex/ifvtex.sty
(/usr/share/texlive/texmf-dist/tex/generic/iftex/iftex.sty)))
(/usr/share/texlive/texmf-dist/tex/latex/fontspec/fontspec.sty
(/usr/share/texlive/texmf-dist/tex/latex/l3packages/xparse/xparse.sty
(/usr/share/texlive/texmf-dist/tex/latex/l3kernel/expl3.sty
(/usr/share/texlive/texmf-dist/tex/latex/l3backend/l3backend-xetex.def)))
(/usr/share/texlive/texmf-dist/tex/latex/fontspec/fontspec-xetex.sty
(/usr/share/texlive/texmf-dist/tex/latex/base/fontenc.sty)
(/usr/share/texlive/texmf-dist/tex/latex/fontspec/fontspec.cfg)))
(/usr/share/texlive/texmf-dist/tex/latex/amsmath/amsmath.sty
For additional information on amsmath, use the `?' option.
(/usr/share/texlive/texmf-dist/tex/latex/amsmath/amstext.sty
(/usr/share/texlive/texmf-dist/tex/latex/amsmath/amsgen.sty))
(/usr/share/texlive/texmf-dist/tex/latex/amsmath/amsbsy.sty)
(/usr/share/texlive/texmf-dist/tex/latex/amsmath/amsopn.sty))
(/usr/share/texlive/texmf-dist/tex/latex/amsfonts/amssymb.sty
(/usr/share/texlive/texmf-dist/tex/latex/amsfonts/amsfonts.sty))
(/usr/share/texlive/texmf-dist/tex/latex/amscls/amsthm.sty)
(/usr/share/texlive/texmf-dist/tex/latex/amsmath/amscd.sty)
(/usr/share/texlive/texmf-dist/tex/latex/graphics/graphicx.sty
(/usr/share/texlive/texmf-dist/tex/latex/graphics/graphics.sty
(/usr/share/texlive/texmf-dist/tex/latex/graphics/trig.sty)
(/usr/share/texlive/texmf-dist/tex/latex/graphics-cfg/graphics.cfg)
(/usr/share/texlive/texmf-dist/tex/latex/graphics-def/xetex.def)))
(/usr/share/texlive/texmf-dist/tex/latex/graphics/color.sty
(/usr/share/texlive/texmf-dist/tex/latex/graphics-cfg/color.cfg)
(/usr/share/texlive/texmf-dist/tex/latex/graphics/mathcolor.ltx))
(/usr/share/texlive/texmf-dist/tex/latex/xurl/xurl.sty
(/usr/share/texlive/texmf-dist/tex/latex/url/url.sty))
(/usr/share/texlive/texmf-dist/tex/latex/hyperref/hyperref.sty
(/usr/share/texlive/texmf-dist/tex/latex/kvsetkeys/kvsetkeys.sty)
(/usr/share/texlive/texmf-dist/tex/generic/kvdefinekeys/kvdefinekeys.sty)
(/usr/share/texlive/texmf-dist/tex/generic/pdfescape/pdfescape.sty
(/usr/share/texlive/texmf-dist/tex/generic/ltxcmds/ltxcmds.sty)
(/usr/share/texlive/texmf-dist/tex/generic/pdftexcmds/pdftexcmds.sty
(/usr/share/texlive/texmf-dist/tex/generic/infwarerr/infwarerr.sty)))
(/usr/share/texlive/texmf-dist/tex/latex/hycolor/hycolor.sty)
(/usr/share/texlive/texmf-dist/tex/latex/hyperref/nameref.sty
(/usr/share/texlive/texmf-dist/tex/latex/refcount/refcount.sty)
(/usr/share/texlive/texmf-dist/tex/generic/gettitlestring/gettitlestring.sty
(/usr/share/texlive/texmf-dist/tex/latex/kvoptions/kvoptions.sty)))
(/usr/share/texlive/texmf-dist/tex/latex/etoolbox/etoolbox.sty)
(/usr/share/texlive/texmf-dist/tex/generic/stringenc/stringenc.sty)
(/usr/share/texlive/texmf-dist/tex/latex/hyperref/pd1enc.def)
(/usr/share/texlive/texmf-dist/tex/generic/intcalc/intcalc.sty)
(/usr/share/texlive/texmf-dist/tex/latex/hyperref/puenc.def)
(/usr/share/texlive/texmf-dist/tex/generic/bitset/bitset.sty
(/usr/share/texlive/texmf-dist/tex/generic/bigintcalc/bigintcalc.sty))
(/usr/share/texlive/texmf-dist/tex/latex/base/atbegshi-ltx.sty))
(/usr/share/texlive/texmf-dist/tex/latex/hyperref/hxetex.def
(/usr/share/texlive/texmf-dist/tex/latex/rerunfilecheck/rerunfilecheck.sty
(/usr/share/texlive/texmf-dist/tex/latex/base/atveryend-ltx.sty)
(/usr/share/texlive/texmf-dist/tex/generic/uniquecounter/uniquecounter.sty)))
No file 2002.aux.
*geometry* driver: auto-detecting
*geometry* detected driver: xetex

Package hyperref Warning: Rerun to get /PageLabels entry.

(/usr/share/texlive/texmf-dist/tex/latex/amsfonts/umsa.fd)
(/usr/share/texlive/texmf-dist/tex/latex/amsfonts/umsb.fd)
[1]

LaTeX Warning: Citation `Conway' on page 2 undefined on input line 154.


[2]

LaTeX Warning: Citation `M' on page 3 undefined on input line 179.


LaTeX Warning: Citation `Ahlfors' on page 3 undefined on input line 194.


LaTeX Warning: Citation `Ahlfors' on page 3 undefined on input line 202.


LaTeX Warning: Citation `Ahlfors' on page 3 undefined on input line 212.


[3]

LaTeX Warning: Reference `Hilbert_space' on page 4 undefined on input line 277.



Package hyperref Warning: Token not allowed in a PDF string (Unicode):
(hyperref)                removing `math shift' on input line 316.


Package hyperref Warning: Token not allowed in a PDF string (Unicode):
(hyperref)                removing `math shift' on input line 316.


[4]

LaTeX Warning: Reference `Hilbert_space' on page 5 undefined on input line 326.



LaTeX Warning: Reference `z_z_star_coefficients' on page 5 undefined on input l
ine 327.


LaTeX Warning: Citation `HS' on page 5 undefined on input line 387.


[5]

LaTeX Warning: Reference `z_z_star_coefficients' on page 6 undefined on input l
ine 404.


LaTeX Warning: Reference `norm_of_z' on page 6 undefined on input line 415.


LaTeX Warning: Reference `resolvent_system' on page 6 undefined on input line 4
22.


LaTeX Warning: Reference `resolvent_system' on page 6 undefined on input line 4
46.


[6]

LaTeX Warning: Reference `int_ops_resolvent_z' on page 7 undefined on input lin
e 495.


LaTeX Warning: Reference `schuryounginq' on page 7 undefined on input line 502.



[7]

LaTeX Warning: Reference `resolvent_system' on page 8 undefined on input line 5
58.


LaTeX Warning: Reference `resolvent_system' on page 8 undefined on input line 5
73.


LaTeX Warning: Reference `int_ops_resolvent_z' on page 8 undefined on input lin
e 579.


LaTeX Warning: Reference `resolvent_system' on page 8 undefined on input line 5
88.


LaTeX Warning: Reference `resolvent_system' on page 8 undefined on input line 5
96.


LaTeX Warning: Reference `norm_of_z' on page 8 undefined on input line 609.


[8]

LaTeX Warning: Reference `resolvent_of_z' on page 9 undefined on input line 618
.


Package hyperref Warning: Token not allowed in a PDF string (Unicode):
(hyperref)                removing `math shift' on input line 626.


Package hyperref Warning: Token not allowed in a PDF string (Unicode):
(hyperref)                removing `superscript' on input line 626.


Package hyperref Warning: Token not allowed in a PDF string (Unicode):
(hyperref)                removing `math shift' on input line 626.


LaTeX Warning: Reference `commutator_calculation' on page 9 undefined on input 
line 653.


[9]
[10]

LaTeX Warning: Reference `z_z_star_coefficients' on page 11 undefined on input 
line 858.


[11]

LaTeX Warning: Reference `kernelequ' on page 12 undefined on input line 891.


LaTeX Warning: Reference `kernelequ' on page 12 undefined on input line 905.


LaTeX Warning: Reference `ghomsol' on page 12 undefined on input line 933.


LaTeX Warning: Reference `kernelequ' on page 12 undefined on input line 934.


LaTeX Warning: Reference `ghomsol' on page 12 undefined on input line 952.


[12]

LaTeX Warning: Reference `z_z_star_coefficients' on page 13 undefined on input 
line 976.


LaTeX Warning: Reference `system_resolvent_z_z_star' on page 13 undefined on in
put line 988.


LaTeX Warning: Reference `system_resolvent_z_z_star' on page 13 undefined on in
put line 1003.


LaTeX Warning: Reference `discspecthm' on page 13 undefined on input line 1004.



LaTeX Warning: Reference `ghomsol' on page 13 undefined on input line 1010.


[13]

LaTeX Warning: Reference `acompini' on page 14 undefined on input line 1051.


LaTeX Warning: Reference `system_resolvent_z_z_star' on page 14 undefined on in
put line 1056.


LaTeX Warning: Reference `schuryounginq' on page 14 undefined on input line 109
7.


LaTeX Warning: Reference `discspecthm' on page 14 undefined on input line 1112.



LaTeX Warning: Reference `acompgen' on page 14 undefined on input line 1113.


[14]

LaTeX Warning: Reference `acompini' on page 15 undefined on input line 1135.


LaTeX Warning: Reference `system_resolvent_z_z_star' on page 15 undefined on in
put line 1140.


LaTeX Warning: Reference `schuryounginq' on page 15 undefined on input line 116
3.


LaTeX Warning: Reference `discspecthm' on page 15 undefined on input line 1180.



LaTeX Warning: Reference `resolvent_z_z_star' on page 15 undefined on input lin
e 1180.


LaTeX Warning: Reference `system_resolvent_z_z_star' on page 15 undefined on in
put line 1186.


[15]

LaTeX Warning: Reference `discspecthm' on page 16 undefined on input line 1194.



LaTeX Warning: Reference `system_resolvent_z_z_star' on page 16 undefined on in
put line 1196.


LaTeX Warning: Reference `resolvent_z_z_star' on page 16 undefined on input lin
e 1209.


[16]

LaTeX Warning: Reference `pants_toeplitz_def' on page 17 undefined on input lin
e 1286.


LaTeX Warning: Reference `pants_toeplitz_def' on page 17 undefined on input lin
e 1287.


LaTeX Warning: Reference `toeplitz_disk' on page 17 undefined on input line 129
3.


LaTeX Warning: Reference `toeplitz_disk' on page 17 undefined on input line 131
1.


LaTeX Warning: Reference `homo_T' on page 17 undefined on input line 1312.


LaTeX Warning: Reference `teone' on page 17 undefined on input line 1316.


LaTeX Warning: Reference `tfonf' on page 17 undefined on input line 1316.


LaTeX Warning: Reference `tgong' on page 17 undefined on input line 1316.


[17] (build/2002.aux)

LaTeX Warning: There were undefined references.


LaTeX Warning: Label(s) may have changed. Rerun to get cross-references right.


Package rerunfilecheck Warning: File `2002.out' has changed.
(rerunfilecheck)                Rerun to get outlines right
(rerunfilecheck)                or use package `bookmark'.

 )
Output written on build/2002.pdf (17 pages).
Transcript written on build/2002.log.
