This is XeTeX, Version 3.141592653-2.6-0.999996 (TeX Live 2025/dev/Debian) (preloaded format=xelatex)
entering extended mode
(./1817.tex
LaTeX2e <2024-11-01> patch level 2
L3 programming layer <2025-01-18>
(/usr/share/texlive/texmf-dist/tex/latex/base/article.cls
Document Class: article 2024/06/29 v1.4n Standard LaTeX document class
(/usr/share/texlive/texmf-dist/tex/latex/base/size11.clo))
(/usr/share/texlive/texmf-dist/tex/latex/geometry/geometry.sty
(/usr/share/texlive/texmf-dist/tex/latex/graphics/keyval.sty)
(/usr/share/texlive/texmf-dist/tex/generic/iftex/ifvtex.sty
(/usr/share/texlive/texmf-dist/tex/generic/iftex/iftex.sty)))
(/usr/share/texlive/texmf-dist/tex/latex/fontspec/fontspec.sty
(/usr/share/texlive/texmf-dist/tex/latex/l3packages/xparse/xparse.sty
(/usr/share/texlive/texmf-dist/tex/latex/l3kernel/expl3.sty
(/usr/share/texlive/texmf-dist/tex/latex/l3backend/l3backend-xetex.def)))
(/usr/share/texlive/texmf-dist/tex/latex/fontspec/fontspec-xetex.sty
(/usr/share/texlive/texmf-dist/tex/latex/base/fontenc.sty)
(/usr/share/texlive/texmf-dist/tex/latex/fontspec/fontspec.cfg)))
(/usr/share/texlive/texmf-dist/tex/latex/amsmath/amsmath.sty
For additional information on amsmath, use the `?' option.
(/usr/share/texlive/texmf-dist/tex/latex/amsmath/amstext.sty
(/usr/share/texlive/texmf-dist/tex/latex/amsmath/amsgen.sty))
(/usr/share/texlive/texmf-dist/tex/latex/amsmath/amsbsy.sty)
(/usr/share/texlive/texmf-dist/tex/latex/amsmath/amsopn.sty))
(/usr/share/texlive/texmf-dist/tex/latex/amsfonts/amssymb.sty
(/usr/share/texlive/texmf-dist/tex/latex/amsfonts/amsfonts.sty))
(/usr/share/texlive/texmf-dist/tex/latex/amscls/amsthm.sty)
(/usr/share/texlive/texmf-dist/tex/latex/amsmath/amscd.sty)
(/usr/share/texlive/texmf-dist/tex/latex/graphics/graphicx.sty
(/usr/share/texlive/texmf-dist/tex/latex/graphics/graphics.sty
(/usr/share/texlive/texmf-dist/tex/latex/graphics/trig.sty)
(/usr/share/texlive/texmf-dist/tex/latex/graphics-cfg/graphics.cfg)
(/usr/share/texlive/texmf-dist/tex/latex/graphics-def/xetex.def)))
(/usr/share/texlive/texmf-dist/tex/latex/graphics/color.sty
(/usr/share/texlive/texmf-dist/tex/latex/graphics-cfg/color.cfg)
(/usr/share/texlive/texmf-dist/tex/latex/graphics/mathcolor.ltx))
(/usr/share/texlive/texmf-dist/tex/latex/xurl/xurl.sty
(/usr/share/texlive/texmf-dist/tex/latex/url/url.sty))
(/usr/share/texlive/texmf-dist/tex/latex/hyperref/hyperref.sty
(/usr/share/texlive/texmf-dist/tex/latex/kvsetkeys/kvsetkeys.sty)
(/usr/share/texlive/texmf-dist/tex/generic/kvdefinekeys/kvdefinekeys.sty)
(/usr/share/texlive/texmf-dist/tex/generic/pdfescape/pdfescape.sty
(/usr/share/texlive/texmf-dist/tex/generic/ltxcmds/ltxcmds.sty)
(/usr/share/texlive/texmf-dist/tex/generic/pdftexcmds/pdftexcmds.sty
(/usr/share/texlive/texmf-dist/tex/generic/infwarerr/infwarerr.sty)))
(/usr/share/texlive/texmf-dist/tex/latex/hycolor/hycolor.sty)
(/usr/share/texlive/texmf-dist/tex/latex/hyperref/nameref.sty
(/usr/share/texlive/texmf-dist/tex/latex/refcount/refcount.sty)
(/usr/share/texlive/texmf-dist/tex/generic/gettitlestring/gettitlestring.sty
(/usr/share/texlive/texmf-dist/tex/latex/kvoptions/kvoptions.sty)))
(/usr/share/texlive/texmf-dist/tex/latex/etoolbox/etoolbox.sty)
(/usr/share/texlive/texmf-dist/tex/generic/stringenc/stringenc.sty)
(/usr/share/texlive/texmf-dist/tex/latex/hyperref/pd1enc.def)
(/usr/share/texlive/texmf-dist/tex/generic/intcalc/intcalc.sty)
(/usr/share/texlive/texmf-dist/tex/latex/hyperref/puenc.def)
(/usr/share/texlive/texmf-dist/tex/generic/bitset/bitset.sty
(/usr/share/texlive/texmf-dist/tex/generic/bigintcalc/bigintcalc.sty))
(/usr/share/texlive/texmf-dist/tex/latex/base/atbegshi-ltx.sty))
(/usr/share/texlive/texmf-dist/tex/latex/hyperref/hxetex.def
(/usr/share/texlive/texmf-dist/tex/latex/rerunfilecheck/rerunfilecheck.sty
(/usr/share/texlive/texmf-dist/tex/latex/base/atveryend-ltx.sty)
(/usr/share/texlive/texmf-dist/tex/generic/uniquecounter/uniquecounter.sty)))
No file 1817.aux.
*geometry* driver: auto-detecting
*geometry* detected driver: xetex

Package hyperref Warning: Rerun to get /PageLabels entry.


Underfull \hbox (badness 1694) in paragraph at lines 41--41
\TU/LatinModernRoman(0)/m/n/10.95 all new eventually-q-increasing support are r
etained as one inverse-Hankel task. The exact

Underfull \hbox (badness 2080) in paragraph at lines 41--41
\TU/LatinModernRoman(0)/m/n/10.95 moment/coefficient/reproducing-kernel definit
ions and absolute-double-sum inversion Lemma 2.1
(/usr/share/texlive/texmf-dist/tex/latex/amsfonts/umsa.fd)
(/usr/share/texlive/texmf-dist/tex/latex/amsfonts/umsb.fd)

Package amsmath Warning: Foreign command \over;
(amsmath)                \frac or \genfrac should be used instead
(amsmath)                 on input line 63.


[1]

LaTeX Warning: Citation `B:C:I' on page 2 undefined on input line 77.


LaTeX Warning: Citation `S:T' on page 2 undefined on input line 83.


LaTeX Warning: Citation `B:C:I' on page 2 undefined on input line 83.


LaTeX Warning: Citation `Y' on page 2 undefined on input line 85.


LaTeX Warning: Reference `eq:Hank' on page 2 undefined on input line 85.


LaTeX Warning: Citation `B:S1' on page 2 undefined on input line 87.


LaTeX Warning: Citation `B:S1' on page 2 undefined on input line 97.


LaTeX Warning: Reference `eq:N-repker' on page 2 undefined on input line 99.


LaTeX Warning: Reference `eq:AH' on page 2 undefined on input line 118.


LaTeX Warning: Reference `eq:AH1' on page 2 undefined on input line 120.


[2]

LaTeX Warning: Reference `eq:AH' on page 3 undefined on input line 126.


LaTeX Warning: Reference `eq:AH1' on page 3 undefined on input line 126.


LaTeX Warning: Citation `B:S1' on page 3 undefined on input line 126.


LaTeX Warning: Reference `eq:AH' on page 3 undefined on input line 126.


LaTeX Warning: Reference `eq:AH' on page 3 undefined on input line 126.


LaTeX Warning: Reference `eq:AH' on page 3 undefined on input line 128.


LaTeX Warning: Citation `E:G:T' on page 3 undefined on input line 128.


LaTeX Warning: Reference `eq:minexpt' on page 3 undefined on input line 130.


LaTeX Warning: Citation `B:S1' on page 3 undefined on input line 132.


LaTeX Warning: Reference `eq:AH' on page 3 undefined on input line 144.


LaTeX Warning: Reference `eq:AH1' on page 3 undefined on input line 148.


LaTeX Warning: Reference `eq:AH1' on page 3 undefined on input line 149.


LaTeX Warning: Reference `eq:AH' on page 3 undefined on input line 150.


LaTeX Warning: Citation `B:P' on page 3 undefined on input line 173.


[3]

LaTeX Warning: Citation `B:S2' on page 4 undefined on input line 187.


LaTeX Warning: Citation `B:S2' on page 4 undefined on input line 189.


LaTeX Warning: Reference `eq:qinc' on page 4 undefined on input line 193.


LaTeX Warning: Reference `eq:betan' on page 4 undefined on input line 200.


LaTeX Warning: Reference `eq:rec' on page 4 undefined on input line 221.


LaTeX Warning: Reference `section2' on page 4 undefined on input line 221.


LaTeX Warning: Reference `eq:Un' on page 4 undefined on input line 221.


LaTeX Warning: Reference `eq:Vn' on page 4 undefined on input line 221.


LaTeX Warning: Reference `section3' on page 4 undefined on input line 221.


LaTeX Warning: Reference `section4' on page 4 undefined on input line 221.


LaTeX Warning: Reference `thm:defqinc' on page 4 undefined on input line 230.


LaTeX Warning: Reference `thm:evtlogconvex' on page 4 undefined on input line 2
37.


LaTeX Warning: Reference `thm:Vevtlogconv' on page 4 undefined on input line 23
7.


LaTeX Warning: Reference `thm:VnsqrtUn' on page 4 undefined on input line 237.


LaTeX Warning: Reference `thm:AH-logcv2' on page 4 undefined on input line 237.



LaTeX Warning: Citation `B:S1' on page 4 undefined on input line 246.


LaTeX Warning: Citation `B:S2' on page 4 undefined on input line 246.


LaTeX Warning: Citation `B:S3' on page 4 undefined on input line 246.


LaTeX Warning: Reference `eq:lead' on page 4 undefined on input line 251.


[4]

LaTeX Warning: Citation `B:S1' on page 5 undefined on input line 273.


LaTeX Warning: Citation `Ak' on page 5 undefined on input line 288.


[5]

LaTeX Warning: Reference `eq:akl' on page 6 undefined on input line 309.


LaTeX Warning: Reference `thm:defAH' on page 6 undefined on input line 315.


LaTeX Warning: Reference `eq:suffAH' on page 6 undefined on input line 317.


LaTeX Warning: Reference `eq:suffAH' on page 6 undefined on input line 324.


LaTeX Warning: Reference `eq:akl' on page 6 undefined on input line 324.


LaTeX Warning: Reference `eq:suffAH' on page 6 undefined on input line 324.


LaTeX Warning: Reference `eq:I=B(B^tH)' on page 6 undefined on input line 328.


LaTeX Warning: Reference `eq:A=BBt' on page 6 undefined on input line 328.


LaTeX Warning: Reference `eq:suffAH1' on page 6 undefined on input line 332.


LaTeX Warning: Reference `eq:c_k' on page 6 undefined on input line 336.


LaTeX Warning: Reference `eq:suffAH1' on page 6 undefined on input line 345.


LaTeX Warning: Reference `eq:c_k' on page 6 undefined on input line 345.


LaTeX Warning: Reference `eq:rec' on page 6 undefined on input line 357.


[6]

LaTeX Warning: Reference `eq:x' on page 7 undefined on input line 368.


LaTeX Warning: Reference `eq:c_k' on page 7 undefined on input line 372.


LaTeX Warning: Reference `eq:b_n' on page 7 undefined on input line 372.


LaTeX Warning: Citation `B:S2' on page 7 undefined on input line 378.


LaTeX Warning: Citation `B:P' on page 7 undefined on input line 387.


LaTeX Warning: Citation `B:P:H' on page 7 undefined on input line 387.


LaTeX Warning: Citation `Le' on page 7 undefined on input line 387.


Package hyperref Warning: Token not allowed in a PDF string (Unicode):
(hyperref)                removing `math shift' on input line 395.


Package hyperref Warning: Token not allowed in a PDF string (Unicode):
(hyperref)                removing `subscript' on input line 395.


Package hyperref Warning: Token not allowed in a PDF string (Unicode):
(hyperref)                removing `math shift' on input line 395.


LaTeX Warning: Reference `eq:rec' on page 7 undefined on input line 396.


[7]

LaTeX Warning: Reference `eq:x' on page 8 undefined on input line 424.


LaTeX Warning: Reference `eq:lead' on page 8 undefined on input line 424.


LaTeX Warning: Reference `eq:recsym' on page 8 undefined on input line 426.


LaTeX Warning: Reference `eq:u0' on page 8 undefined on input line 430.


LaTeX Warning: Reference `eq:recsym' on page 8 undefined on input line 430.


LaTeX Warning: Reference `eq:u' on page 8 undefined on input line 434.


LaTeX Warning: Reference `eq:u1' on page 8 undefined on input line 440.


LaTeX Warning: Reference `eq:u' on page 8 undefined on input line 440.


LaTeX Warning: Reference `eq:Jacobimat' on page 8 undefined on input line 480.


[8]

LaTeX Warning: Reference `thm:increasofbn' on page 9 undefined on input line 49
7.


LaTeX Warning: Reference `eq:shiftU2' on page 9 undefined on input line 501.


LaTeX Warning: Reference `eq:u' on page 9 undefined on input line 514.


LaTeX Warning: Citation `G:R' on page 9 undefined on input line 529.


LaTeX Warning: Reference `thm:defqinc' on page 9 undefined on input line 546.


LaTeX Warning: Reference `eq:Un' on page 9 undefined on input line 546.


[9]

LaTeX Warning: Reference `eq:u' on page 10 undefined on input line 557.


LaTeX Warning: Reference `eq:ind1*' on page 10 undefined on input line 567.


LaTeX Warning: Reference `eq:uq' on page 10 undefined on input line 567.


LaTeX Warning: Reference `eq:ind1*' on page 10 undefined on input line 571.


LaTeX Warning: Reference `eq:q-infty' on page 10 undefined on input line 571.


LaTeX Warning: Reference `eq:u1' on page 10 undefined on input line 575.


LaTeX Warning: Reference `thm:logconvex' on page 10 undefined on input line 581
.


LaTeX Warning: Reference `thm:defqinc' on page 10 undefined on input line 583.


LaTeX Warning: Reference `eq:Un' on page 10 undefined on input line 583.


LaTeX Warning: Reference `eq:qinc' on page 10 undefined on input line 586.


[10]

LaTeX Warning: Reference `thm:increasofbn' on page 11 undefined on input line 6
09.


LaTeX Warning: Reference `thm:logconvex' on page 11 undefined on input line 613
.


Package hyperref Warning: Token not allowed in a PDF string (Unicode):
(hyperref)                removing `math shift' on input line 622.


Package hyperref Warning: Token not allowed in a PDF string (Unicode):
(hyperref)                removing `subscript' on input line 622.


Package hyperref Warning: Token not allowed in a PDF string (Unicode):
(hyperref)                removing `math shift' on input line 622.


Package hyperref Warning: Token not allowed in a PDF string (Unicode):
(hyperref)                removing `math shift' on input line 622.


Package hyperref Warning: Token not allowed in a PDF string (Unicode):
(hyperref)                removing `subscript' on input line 622.


Package hyperref Warning: Token not allowed in a PDF string (Unicode):
(hyperref)                removing `math shift' on input line 622.


LaTeX Warning: Reference `eq:c_k' on page 11 undefined on input line 624.


LaTeX Warning: Citation `Ak' on page 11 undefined on input line 624.


LaTeX Warning: Reference `eq:P2n(0)' on page 11 undefined on input line 634.


LaTeX Warning: Reference `eq:c_k' on page 11 undefined on input line 639.


LaTeX Warning: Reference `eq:Vn' on page 11 undefined on input line 639.


LaTeX Warning: Reference `eq:vkl1' on page 11 undefined on input line 662.


LaTeX Warning: Reference `eq:v0l' on page 11 undefined on input line 665.


LaTeX Warning: Reference `eq:vkl1' on page 11 undefined on input line 665.


[11]

LaTeX Warning: Citation `Ak' on page 12 undefined on input line 674.


LaTeX Warning: Reference `eq:vkl1' on page 12 undefined on input line 692.


LaTeX Warning: Reference `eq:v0l' on page 12 undefined on input line 707.


LaTeX Warning: Reference `eq:shiftV1' on page 12 undefined on input line 707.


LaTeX Warning: Reference `eq:shiftvkl1' on page 12 undefined on input line 707.



LaTeX Warning: Reference `eq:vkl1+' on page 12 undefined on input line 707.


LaTeX Warning: Reference `eq:shiftV1' on page 12 undefined on input line 707.


LaTeX Warning: Reference `eq:v0l(1)' on page 12 undefined on input line 709.


LaTeX Warning: Reference `eq:v1l' on page 12 undefined on input line 713.


LaTeX Warning: Reference `eq:v0l' on page 12 undefined on input line 713.


LaTeX Warning: Reference `eq:shiftV2' on page 12 undefined on input line 721.


[12]

LaTeX Warning: Reference `eq:shiftV1a' on page 13 undefined on input line 723.


LaTeX Warning: Reference `eq:shiftV3' on page 13 undefined on input line 723.


LaTeX Warning: Reference `thm:defqinc' on page 13 undefined on input line 726.


LaTeX Warning: Reference `eq:Vn' on page 13 undefined on input line 726.


LaTeX Warning: Reference `thm:qinc-indet' on page 13 undefined on input line 73
3.


LaTeX Warning: Reference `eq:vkl1' on page 13 undefined on input line 733.


LaTeX Warning: Reference `eq:logcv-q' on page 13 undefined on input line 733.


LaTeX Warning: Reference `eq:v0l' on page 13 undefined on input line 742.


LaTeX Warning: Reference `eq:vklq' on page 13 undefined on input line 747.


LaTeX Warning: Reference `eq:vklq' on page 13 undefined on input line 749.


LaTeX Warning: Reference `eq:vkl1q' on page 13 undefined on input line 749.


LaTeX Warning: Reference `eq:vklq' on page 13 undefined on input line 754.


LaTeX Warning: Reference `eq:V_nlogcv' on page 13 undefined on input line 762.


LaTeX Warning: Reference `thm:defqinc' on page 13 undefined on input line 767.


LaTeX Warning: Reference `eq:Vn' on page 13 undefined on input line 767.


LaTeX Warning: Reference `thm:qinc-indet' on page 13 undefined on input line 77
0.


LaTeX Warning: Reference `eq:qinc' on page 13 undefined on input line 770.


LaTeX Warning: Reference `thm:V_nlogcv' on page 13 undefined on input line 770.



LaTeX Warning: Reference `eq:shiftV1a' on page 13 undefined on input line 770.


LaTeX Warning: Reference `thm:evtlogconvex' on page 13 undefined on input line 
773.


LaTeX Warning: Reference `thm:Vevtlogconv' on page 13 undefined on input line 7
73.


Package hyperref Warning: Token not allowed in a PDF string (Unicode):
(hyperref)                removing `math shift' on input line 784.


Package hyperref Warning: Token not allowed in a PDF string (Unicode):
(hyperref)                removing `math shift' on input line 784.


LaTeX Warning: Reference `section4' on page 13 undefined on input line 786.


[13]

LaTeX Warning: Reference `eq:suffAH1' on page 14 undefined on input line 788.


LaTeX Warning: Reference `eq:Un' on page 14 undefined on input line 793.


LaTeX Warning: Reference `eq:Vn' on page 14 undefined on input line 793.


LaTeX Warning: Reference `thm:defqinc' on page 14 undefined on input line 798.


LaTeX Warning: Reference `eq:series' on page 14 undefined on input line 802.


LaTeX Warning: Reference `thm:defAH' on page 14 undefined on input line 802.


LaTeX Warning: Reference `thm:evtlogconvex' on page 14 undefined on input line 
805.


LaTeX Warning: Reference `thm:Vevtlogconv' on page 14 undefined on input line 8
05.


LaTeX Warning: Reference `eq:qinc' on page 14 undefined on input line 805.


[14]
[15] (build/1817.aux)

LaTeX Warning: There were undefined references.


LaTeX Warning: Label(s) may have changed. Rerun to get cross-references right.


Package rerunfilecheck Warning: File `1817.out' has changed.
(rerunfilecheck)                Rerun to get outlines right
(rerunfilecheck)                or use package `bookmark'.

 )
(see the transcript file for additional information)
Output written on build/1817.pdf (15 pages).
Transcript written on build/1817.log.
