This is XeTeX, Version 3.141592653-2.6-0.999996 (TeX Live 2025/dev/Debian) (preloaded format=xelatex)
entering extended mode
(./1772.tex
LaTeX2e <2024-11-01> patch level 2
L3 programming layer <2025-01-18>
(/usr/share/texlive/texmf-dist/tex/latex/base/article.cls
Document Class: article 2024/06/29 v1.4n Standard LaTeX document class
(/usr/share/texlive/texmf-dist/tex/latex/base/size11.clo))
(/usr/share/texlive/texmf-dist/tex/latex/geometry/geometry.sty
(/usr/share/texlive/texmf-dist/tex/latex/graphics/keyval.sty)
(/usr/share/texlive/texmf-dist/tex/generic/iftex/ifvtex.sty
(/usr/share/texlive/texmf-dist/tex/generic/iftex/iftex.sty)))
(/usr/share/texlive/texmf-dist/tex/latex/fontspec/fontspec.sty
(/usr/share/texlive/texmf-dist/tex/latex/l3packages/xparse/xparse.sty
(/usr/share/texlive/texmf-dist/tex/latex/l3kernel/expl3.sty
(/usr/share/texlive/texmf-dist/tex/latex/l3backend/l3backend-xetex.def)))
(/usr/share/texlive/texmf-dist/tex/latex/fontspec/fontspec-xetex.sty
(/usr/share/texlive/texmf-dist/tex/latex/base/fontenc.sty)
(/usr/share/texlive/texmf-dist/tex/latex/fontspec/fontspec.cfg)))
(/usr/share/texlive/texmf-dist/tex/latex/amsmath/amsmath.sty
For additional information on amsmath, use the `?' option.
(/usr/share/texlive/texmf-dist/tex/latex/amsmath/amstext.sty
(/usr/share/texlive/texmf-dist/tex/latex/amsmath/amsgen.sty))
(/usr/share/texlive/texmf-dist/tex/latex/amsmath/amsbsy.sty)
(/usr/share/texlive/texmf-dist/tex/latex/amsmath/amsopn.sty))
(/usr/share/texlive/texmf-dist/tex/latex/amsfonts/amssymb.sty
(/usr/share/texlive/texmf-dist/tex/latex/amsfonts/amsfonts.sty))
(/usr/share/texlive/texmf-dist/tex/latex/amscls/amsthm.sty)
(/usr/share/texlive/texmf-dist/tex/latex/amsmath/amscd.sty)
(/usr/share/texlive/texmf-dist/tex/latex/graphics/graphicx.sty
(/usr/share/texlive/texmf-dist/tex/latex/graphics/graphics.sty
(/usr/share/texlive/texmf-dist/tex/latex/graphics/trig.sty)
(/usr/share/texlive/texmf-dist/tex/latex/graphics-cfg/graphics.cfg)
(/usr/share/texlive/texmf-dist/tex/latex/graphics-def/xetex.def)))
(/usr/share/texlive/texmf-dist/tex/latex/graphics/color.sty
(/usr/share/texlive/texmf-dist/tex/latex/graphics-cfg/color.cfg)
(/usr/share/texlive/texmf-dist/tex/latex/graphics/mathcolor.ltx))
(/usr/share/texlive/texmf-dist/tex/latex/xurl/xurl.sty
(/usr/share/texlive/texmf-dist/tex/latex/url/url.sty))
(/usr/share/texlive/texmf-dist/tex/latex/hyperref/hyperref.sty
(/usr/share/texlive/texmf-dist/tex/latex/kvsetkeys/kvsetkeys.sty)
(/usr/share/texlive/texmf-dist/tex/generic/kvdefinekeys/kvdefinekeys.sty)
(/usr/share/texlive/texmf-dist/tex/generic/pdfescape/pdfescape.sty
(/usr/share/texlive/texmf-dist/tex/generic/ltxcmds/ltxcmds.sty)
(/usr/share/texlive/texmf-dist/tex/generic/pdftexcmds/pdftexcmds.sty
(/usr/share/texlive/texmf-dist/tex/generic/infwarerr/infwarerr.sty)))
(/usr/share/texlive/texmf-dist/tex/latex/hycolor/hycolor.sty)
(/usr/share/texlive/texmf-dist/tex/latex/hyperref/nameref.sty
(/usr/share/texlive/texmf-dist/tex/latex/refcount/refcount.sty)
(/usr/share/texlive/texmf-dist/tex/generic/gettitlestring/gettitlestring.sty
(/usr/share/texlive/texmf-dist/tex/latex/kvoptions/kvoptions.sty)))
(/usr/share/texlive/texmf-dist/tex/latex/etoolbox/etoolbox.sty)
(/usr/share/texlive/texmf-dist/tex/generic/stringenc/stringenc.sty)
(/usr/share/texlive/texmf-dist/tex/latex/hyperref/pd1enc.def)
(/usr/share/texlive/texmf-dist/tex/generic/intcalc/intcalc.sty)
(/usr/share/texlive/texmf-dist/tex/latex/hyperref/puenc.def)
(/usr/share/texlive/texmf-dist/tex/generic/bitset/bitset.sty
(/usr/share/texlive/texmf-dist/tex/generic/bigintcalc/bigintcalc.sty))
(/usr/share/texlive/texmf-dist/tex/latex/base/atbegshi-ltx.sty))
(/usr/share/texlive/texmf-dist/tex/latex/hyperref/hxetex.def
(/usr/share/texlive/texmf-dist/tex/latex/rerunfilecheck/rerunfilecheck.sty
(/usr/share/texlive/texmf-dist/tex/latex/base/atveryend-ltx.sty)
(/usr/share/texlive/texmf-dist/tex/generic/uniquecounter/uniquecounter.sty)))
No file 1772.aux.
*geometry* driver: auto-detecting
*geometry* detected driver: xetex

Package hyperref Warning: Rerun to get /PageLabels entry.

(/usr/share/texlive/texmf-dist/tex/latex/amsfonts/umsa.fd)
(/usr/share/texlive/texmf-dist/tex/latex/amsfonts/umsb.fd)
[1]

LaTeX Warning: Citation `Mellin' on page 2 undefined on input line 66.


LaTeX Warning: Reference `1a' on page 2 undefined on input line 72.


LaTeX Warning: Reference `1a' on page 2 undefined on input line 76.


LaTeX Warning: Reference `2a' on page 2 undefined on input line 76.


LaTeX Warning: Reference `0d' on page 2 undefined on input line 79.


LaTeX Warning: Reference `2a' on page 2 undefined on input line 79.


LaTeX Warning: Reference `0d' on page 2 undefined on input line 82.


LaTeX Warning: Reference `2a' on page 2 undefined on input line 82.


LaTeX Warning: Reference `2a' on page 2 undefined on input line 82.


LaTeX Warning: Reference `2a' on page 2 undefined on input line 88.


LaTeX Warning: Reference `remark1' on page 2 undefined on input line 88.


LaTeX Warning: Reference `2a' on page 2 undefined on input line 88.


LaTeX Warning: Reference `remark1' on page 2 undefined on input line 88.


LaTeX Warning: Reference `1a' on page 2 undefined on input line 92.


LaTeX Warning: Reference `theorem2' on page 2 undefined on input line 101.


LaTeX Warning: Reference `1a' on page 2 undefined on input line 103.


[2]

LaTeX Warning: Citation `TL' on page 3 undefined on input line 129.


LaTeX Warning: Reference `1' on page 3 undefined on input line 162.


LaTeX Warning: Reference `3a' on page 3 undefined on input line 162.


LaTeX Warning: Reference `app' on page 3 undefined on input line 162.


LaTeX Warning: Reference `app2' on page 3 undefined on input line 162.


LaTeX Warning: Reference `1b' on page 3 undefined on input line 172.


LaTeX Warning: Reference `equa' on page 3 undefined on input line 172.


[3]

LaTeX Warning: Citation `Sh' on page 4 undefined on input line 176.


LaTeX Warning: Reference `equa' on page 4 undefined on input line 177.


LaTeX Warning: Reference `equa' on page 4 undefined on input line 179.


LaTeX Warning: Reference `equa' on page 4 undefined on input line 181.


LaTeX Warning: Reference `1b' on page 4 undefined on input line 181.


LaTeX Warning: Reference `1b' on page 4 undefined on input line 181.


LaTeX Warning: Reference `1b' on page 4 undefined on input line 181.


LaTeX Warning: Reference `lem2' on page 4 undefined on input line 197.


LaTeX Warning: Citation `EGSV' on page 4 undefined on input line 197.


LaTeX Warning: Reference `conds' on page 4 undefined on input line 203.


LaTeX Warning: Reference `lem2' on page 4 undefined on input line 205.


LaTeX Warning: Reference `theorem2' on page 4 undefined on input line 205.


LaTeX Warning: Reference `theorem1' on page 4 undefined on input line 210.


LaTeX Warning: Citation `MTV' on page 4 undefined on input line 210.


LaTeX Warning: Citation `MTV' on page 4 undefined on input line 210.


[4]

LaTeX Warning: Reference `e1' on page 5 undefined on input line 239.


LaTeX Warning: Reference `dif' on page 5 undefined on input line 239.


LaTeX Warning: Reference `L1' on page 5 undefined on input line 239.


LaTeX Warning: Reference `L1' on page 5 undefined on input line 255.


LaTeX Warning: Reference `L2' on page 5 undefined on input line 255.


[5]

LaTeX Warning: Reference `dif' on page 6 undefined on input line 272.


LaTeX Warning: Reference `e2' on page 6 undefined on input line 272.


LaTeX Warning: Reference `e4' on page 6 undefined on input line 274.


LaTeX Warning: Reference `L3' on page 6 undefined on input line 276.


LaTeX Warning: Reference `L4' on page 6 undefined on input line 280.


LaTeX Warning: Reference `1a' on page 6 undefined on input line 283.


LaTeX Warning: Reference `1a' on page 6 undefined on input line 291.


LaTeX Warning: Reference `3' on page 6 undefined on input line 306.


LaTeX Warning: Citation `MTV' on page 6 undefined on input line 306.


LaTeX Warning: Reference `4' on page 6 undefined on input line 308.


LaTeX Warning: Reference `B2' on page 6 undefined on input line 317.


LaTeX Warning: Reference `A' on page 6 undefined on input line 317.


[6]

LaTeX Warning: Reference `4' on page 7 undefined on input line 323.


LaTeX Warning: Reference `6' on page 7 undefined on input line 323.


LaTeX Warning: Reference `5' on page 7 undefined on input line 328.


LaTeX Warning: Reference `L4' on page 7 undefined on input line 328.


LaTeX Warning: Reference `7' on page 7 undefined on input line 332.


LaTeX Warning: Reference `7' on page 7 undefined on input line 334.


LaTeX Warning: Reference `1a' on page 7 undefined on input line 334.


LaTeX Warning: Reference `7' on page 7 undefined on input line 334.


LaTeX Warning: Reference `1a' on page 7 undefined on input line 338.


LaTeX Warning: Reference `theorem1' on page 7 undefined on input line 340.


LaTeX Warning: Reference `1a' on page 7 undefined on input line 342.


LaTeX Warning: Reference `3' on page 7 undefined on input line 349.


LaTeX Warning: Reference `9' on page 7 undefined on input line 358.


LaTeX Warning: Reference `yt' on page 7 undefined on input line 358.


LaTeX Warning: Reference `3t' on page 7 undefined on input line 362.


LaTeX Warning: Reference `4' on page 7 undefined on input line 362.


LaTeX Warning: Reference `9' on page 7 undefined on input line 364.


LaTeX Warning: Reference `8' on page 7 undefined on input line 364.


LaTeX Warning: Reference `7' on page 7 undefined on input line 364.


LaTeX Warning: Reference `theorem1' on page 7 undefined on input line 375.


LaTeX Warning: Reference `2a' on page 7 undefined on input line 375.


LaTeX Warning: Reference `1a' on page 7 undefined on input line 375.


LaTeX Warning: Reference `0d' on page 7 undefined on input line 375.


LaTeX Warning: Reference `remark2' on page 7 undefined on input line 375.


LaTeX Warning: Reference `theorem1' on page 7 undefined on input line 375.


LaTeX Warning: Reference `theorem2' on page 7 undefined on input line 375.


LaTeX Warning: Reference `1a' on page 7 undefined on input line 375.


LaTeX Warning: Reference `1a' on page 7 undefined on input line 375.


[7]

LaTeX Warning: Reference `2a' on page 8 undefined on input line 387.


LaTeX Warning: Citation `Mellin' on page 8 undefined on input line 387.


LaTeX Warning: Reference `8a' on page 8 undefined on input line 392.


LaTeX Warning: Reference `10' on page 8 undefined on input line 392.


LaTeX Warning: Reference `1a' on page 8 undefined on input line 392.


LaTeX Warning: Reference `theorem1' on page 8 undefined on input line 394.

(/usr/share/texlive/texmf-dist/tex/latex/amsfonts/ueuf.fd)
[8] (build/1772.aux)

LaTeX Warning: There were undefined references.


LaTeX Warning: Label(s) may have changed. Rerun to get cross-references right.


Package rerunfilecheck Warning: File `1772.out' has changed.
(rerunfilecheck)                Rerun to get outlines right
(rerunfilecheck)                or use package `bookmark'.

 )
Output written on build/1772.pdf (8 pages).
Transcript written on build/1772.log.
