This is XeTeX, Version 3.141592653-2.6-0.999996 (TeX Live 2025/dev/Debian) (preloaded format=xelatex)
entering extended mode
(./2012.tex
LaTeX2e <2024-11-01> patch level 2
L3 programming layer <2025-01-18>
(/usr/share/texlive/texmf-dist/tex/latex/base/article.cls
Document Class: article 2024/06/29 v1.4n Standard LaTeX document class
(/usr/share/texlive/texmf-dist/tex/latex/base/size11.clo))
(/usr/share/texlive/texmf-dist/tex/latex/geometry/geometry.sty
(/usr/share/texlive/texmf-dist/tex/latex/graphics/keyval.sty)
(/usr/share/texlive/texmf-dist/tex/generic/iftex/ifvtex.sty
(/usr/share/texlive/texmf-dist/tex/generic/iftex/iftex.sty)))
(/usr/share/texlive/texmf-dist/tex/latex/fontspec/fontspec.sty
(/usr/share/texlive/texmf-dist/tex/latex/l3packages/xparse/xparse.sty
(/usr/share/texlive/texmf-dist/tex/latex/l3kernel/expl3.sty
(/usr/share/texlive/texmf-dist/tex/latex/l3backend/l3backend-xetex.def)))
(/usr/share/texlive/texmf-dist/tex/latex/fontspec/fontspec-xetex.sty
(/usr/share/texlive/texmf-dist/tex/latex/base/fontenc.sty)
(/usr/share/texlive/texmf-dist/tex/latex/fontspec/fontspec.cfg)))
(/usr/share/texlive/texmf-dist/tex/latex/amsmath/amsmath.sty
For additional information on amsmath, use the `?' option.
(/usr/share/texlive/texmf-dist/tex/latex/amsmath/amstext.sty
(/usr/share/texlive/texmf-dist/tex/latex/amsmath/amsgen.sty))
(/usr/share/texlive/texmf-dist/tex/latex/amsmath/amsbsy.sty)
(/usr/share/texlive/texmf-dist/tex/latex/amsmath/amsopn.sty))
(/usr/share/texlive/texmf-dist/tex/latex/amsfonts/amssymb.sty
(/usr/share/texlive/texmf-dist/tex/latex/amsfonts/amsfonts.sty))
(/usr/share/texlive/texmf-dist/tex/latex/amscls/amsthm.sty)
(/usr/share/texlive/texmf-dist/tex/latex/amsmath/amscd.sty)
(/usr/share/texlive/texmf-dist/tex/latex/graphics/graphicx.sty
(/usr/share/texlive/texmf-dist/tex/latex/graphics/graphics.sty
(/usr/share/texlive/texmf-dist/tex/latex/graphics/trig.sty)
(/usr/share/texlive/texmf-dist/tex/latex/graphics-cfg/graphics.cfg)
(/usr/share/texlive/texmf-dist/tex/latex/graphics-def/xetex.def)))
(/usr/share/texlive/texmf-dist/tex/latex/graphics/color.sty
(/usr/share/texlive/texmf-dist/tex/latex/graphics-cfg/color.cfg)
(/usr/share/texlive/texmf-dist/tex/latex/graphics/mathcolor.ltx))
(/usr/share/texlive/texmf-dist/tex/latex/xurl/xurl.sty
(/usr/share/texlive/texmf-dist/tex/latex/url/url.sty))
(/usr/share/texlive/texmf-dist/tex/latex/hyperref/hyperref.sty
(/usr/share/texlive/texmf-dist/tex/latex/kvsetkeys/kvsetkeys.sty)
(/usr/share/texlive/texmf-dist/tex/generic/kvdefinekeys/kvdefinekeys.sty)
(/usr/share/texlive/texmf-dist/tex/generic/pdfescape/pdfescape.sty
(/usr/share/texlive/texmf-dist/tex/generic/ltxcmds/ltxcmds.sty)
(/usr/share/texlive/texmf-dist/tex/generic/pdftexcmds/pdftexcmds.sty
(/usr/share/texlive/texmf-dist/tex/generic/infwarerr/infwarerr.sty)))
(/usr/share/texlive/texmf-dist/tex/latex/hycolor/hycolor.sty)
(/usr/share/texlive/texmf-dist/tex/latex/hyperref/nameref.sty
(/usr/share/texlive/texmf-dist/tex/latex/refcount/refcount.sty)
(/usr/share/texlive/texmf-dist/tex/generic/gettitlestring/gettitlestring.sty
(/usr/share/texlive/texmf-dist/tex/latex/kvoptions/kvoptions.sty)))
(/usr/share/texlive/texmf-dist/tex/latex/etoolbox/etoolbox.sty)
(/usr/share/texlive/texmf-dist/tex/generic/stringenc/stringenc.sty)
(/usr/share/texlive/texmf-dist/tex/latex/hyperref/pd1enc.def)
(/usr/share/texlive/texmf-dist/tex/generic/intcalc/intcalc.sty)
(/usr/share/texlive/texmf-dist/tex/latex/hyperref/puenc.def)
(/usr/share/texlive/texmf-dist/tex/generic/bitset/bitset.sty
(/usr/share/texlive/texmf-dist/tex/generic/bigintcalc/bigintcalc.sty))
(/usr/share/texlive/texmf-dist/tex/latex/base/atbegshi-ltx.sty))
(/usr/share/texlive/texmf-dist/tex/latex/hyperref/hxetex.def
(/usr/share/texlive/texmf-dist/tex/latex/rerunfilecheck/rerunfilecheck.sty
(/usr/share/texlive/texmf-dist/tex/latex/base/atveryend-ltx.sty)
(/usr/share/texlive/texmf-dist/tex/generic/uniquecounter/uniquecounter.sty)))
(/usr/share/texlive/texmf-dist/tex/generic/xypic/xy.sty
(/usr/share/texlive/texmf-dist/tex/generic/xypic/xy.tex Bootstrap'ing:
catcodes, docmode, (/usr/share/texlive/texmf-dist/tex/generic/xypic/xyrecat.tex
) (/usr/share/texlive/texmf-dist/tex/generic/xypic/xyidioms.tex)

 Xy-pic version 3.8.9 <2013/10/06>
 Copyright (c) 1991-2013 by Kristoffer H. Rose <krisrose@tug.org> and others
 Xy-pic is free software: see the User's Guide for details.

Loading kernel: messages; fonts; allocations: state, direction,
utility macros; pictures: \xy, positions, objects, decorations;
kernel objects: directionals, circles, text; options; algorithms: directions,
edges, connections;  Xy-pic loaded)
(/usr/share/texlive/texmf-dist/tex/generic/iftex/ifpdf.sty)
(/usr/share/texlive/texmf-dist/tex/generic/xypic/xyall.tex
 Xy-pic option: All features v.3.8
(/usr/share/texlive/texmf-dist/tex/generic/xypic/xycurve.tex
 Xy-pic option: Curve and Spline extension v.3.12 curve, circles, loaded)
(/usr/share/texlive/texmf-dist/tex/generic/xypic/xyframe.tex
 Xy-pic option: Frame and Bracket extension v.3.14 loaded)
(/usr/share/texlive/texmf-dist/tex/generic/xypic/xycmtip.tex
 Xy-pic option: Computer Modern tip extension v.3.7
(/usr/share/texlive/texmf-dist/tex/generic/xypic/xytips.tex
 Xy-pic option: More Tips extension v.3.11 loaded) loaded)
(/usr/share/texlive/texmf-dist/tex/generic/xypic/xyline.tex
 Xy-pic option: Line styles extension v.3.10 loaded)
(/usr/share/texlive/texmf-dist/tex/generic/xypic/xyrotate.tex
 Xy-pic option: Rotate and Scale extension v.3.8 loaded)
(/usr/share/texlive/texmf-dist/tex/generic/xypic/xycolor.tex
 Xy-pic option: Colour extension v.3.11 loaded)
(/usr/share/texlive/texmf-dist/tex/generic/xypic/xymatrix.tex
 Xy-pic option: Matrix feature v.3.14 loaded)
(/usr/share/texlive/texmf-dist/tex/generic/xypic/xyarrow.tex
 Xy-pic option: Arrow and Path feature v.3.9 path, \ar, loaded)
(/usr/share/texlive/texmf-dist/tex/generic/xypic/xygraph.tex
 Xy-pic option: Graph feature v.3.11 loaded) loaded))
No file 2012.aux.
*geometry* driver: auto-detecting
*geometry* detected driver: xetex

Package hyperref Warning: Rerun to get /PageLabels entry.

(/usr/share/texlive/texmf-dist/tex/latex/amsfonts/umsa.fd)
(/usr/share/texlive/texmf-dist/tex/latex/amsfonts/umsb.fd)

LaTeX Warning: Citation `B-G-G' on page 1 undefined on input line 49.


LaTeX Warning: Citation `L' on page 1 undefined on input line 49.


LaTeX Warning: Citation `Mo1' on page 1 undefined on input line 49.


LaTeX Warning: Citation `Mo2' on page 1 undefined on input line 49.


LaTeX Warning: Citation `B1' on page 1 undefined on input line 80.


LaTeX Warning: Citation `B2' on page 1 undefined on input line 80.


LaTeX Warning: Citation `L' on page 1 undefined on input line 80.


[1]

LaTeX Warning: Citation `B' on page 2 undefined on input line 104.


Package hyperref Warning: Suppressing link with empty target on input line 109.



LaTeX Warning: Citation `Tak' on page 2 undefined on input line 142.


LaTeX Warning: Citation `M-M' on page 2 undefined on input line 164.


LaTeX Warning: Citation `G' on page 2 undefined on input line 165.


LaTeX Warning: Citation `A-B-M-P' on page 2 undefined on input line 166.


[2]

LaTeX Warning: Reference `Lagrangian pair and bi-decomposable forms.' on page 3
 undefined on input line 281.


LaTeX Warning: Reference `Monge-Ampere systems and Lagrangian pairs' on page 3 
undefined on input line 305.


[3]

LaTeX Warning: Reference `bi-decomposable-form' on page 4 undefined on input li
ne 385.


LaTeX Warning: Reference `bi-decomposability' on page 4 undefined on input line
 404.


[4]

LaTeX Warning: Reference `symplectic basis' on page 5 undefined on input line 4
66.


LaTeX Warning: Citation `B2' on page 5 undefined on input line 468.


LaTeX Warning: Citation `L' on page 5 undefined on input line 468.


LaTeX Warning: Reference `symplectic basis' on page 5 undefined on input line 4
69.


LaTeX Warning: Citation `L' on page 5 undefined on input line 479.


LaTeX Warning: Reference `effective' on page 5 undefined on input line 500.


LaTeX Warning: Reference `Lych' on page 5 undefined on input line 505.


LaTeX Warning: Reference `bi-decomposable2' on page 5 undefined on input line 5
12.


LaTeX Warning: Reference `bi-decomposable-form' on page 5 undefined on input li
ne 519.


LaTeX Warning: Reference `bi-decomposable2' on page 5 undefined on input line 5
29.


LaTeX Warning: Reference `Uniqueness' on page 5 undefined on input line 562.


LaTeX Warning: Reference `uniqueness 2' on page 5 undefined on input line 583.


LaTeX Warning: Citation `H' on page 5 undefined on input line 585.


LaTeX Warning: Reference `symplectic basis' on page 5 undefined on input line 5
92.


[5]

LaTeX Warning: Reference `uniqueness 2' on page 6 undefined on input line 634.


LaTeX Warning: Citation `G-K-Z' on page 6 undefined on input line 672.


LaTeX Warning: Citation `G-H' on page 6 undefined on input line 672.


LaTeX Warning: Reference `uniqueness 2' on page 6 undefined on input line 718.


LaTeX Warning: Reference `proj.geom' on page 6 undefined on input line 730.


LaTeX Warning: Reference `proj.geom' on page 6 undefined on input line 733.


[6]

LaTeX Warning: Citation `Tak' on page 7 undefined on input line 757.


LaTeX Warning: Citation `Tak' on page 7 undefined on input line 758.


Package hyperref Warning: Suppressing link with empty target on input line 767.



LaTeX Warning: Citation `Tak' on page 7 undefined on input line 768.

(/usr/share/texlive/texmf-dist/tex/latex/amsfonts/ueuf.fd)

LaTeX Warning: Citation `I-M' on page 7 undefined on input line 864.


[7]

LaTeX Warning: Citation `Tak' on page 8 undefined on input line 952.


LaTeX Warning: Citation `K' on page 8 undefined on input line 953.


LaTeX Warning: Citation `Tan1' on page 8 undefined on input line 955.


LaTeX Warning: Citation `Y' on page 8 undefined on input line 955.


LaTeX Warning: Citation `Tan' on page 8 undefined on input line 956.


LaTeX Warning: Reference `bi-decomposable-form' on page 8 undefined on input li
ne 972.


LaTeX Warning: Reference `Uniqueness' on page 8 undefined on input line 972.


[8]

LaTeX Warning: Reference `Lagrangian contact structures.' on page 9 undefined o
n input line 997.


[9]

LaTeX Warning: Citation `Y' on page 10 undefined on input line 1141.


[10]

LaTeX Warning: Reference `prolongation-calculation' on page 11 undefined on inp
ut line 1228.


LaTeX Warning: Citation `Tan' on page 11 undefined on input line 1230.


LaTeX Warning: Citation `Tan' on page 11 undefined on input line 1231.


LaTeX Warning: Reference `Homogeneous M-A systems with Lagrangian pairs.' on pa
ge 11 undefined on input line 1237.

<xymatrix 3x2 108> <xymatrix 3x2 108>
[11]

LaTeX Warning: Reference `Automorphisms' on page 12 undefined on input line 137
6.


[12]
Underfull \hbox (badness 1584) in paragraph at lines 1422--1425
\TU/LatinModernRoman(0)/m/n/10.95 Then the volume form $\OT1/cmr/m/n/10.95 
[]$ \TU/LatinModernRoman(0)/m/n/10.95 on $\OML/cmm/m/it/10.95 W[]$ \TU/LatinMod
ernRoman(0)/m/n/10.95 (resp. $\OT1/cmr/m/n/10.95 
[]$ \TU/LatinModernRoman(0)/m/n/10.95 on $\OML/cmm/m/it/10.95 W[]$\TU/LatinMode
rnRoman(0)/m/n/10.95 ) is transformed to $[]\OT1/cmr/m/n/10.95 ([] \OML/cmm/m/i
t/10.95 A\OT1/cmr/m/n/10.95 )
[]$ \TU/LatinModernRoman(0)/m/n/10.95 (resp.

[13]
[14] (build/2012.aux)

LaTeX Warning: There were undefined references.


LaTeX Warning: Label(s) may have changed. Rerun to get cross-references right.


Package rerunfilecheck Warning: File `2012.out' has changed.
(rerunfilecheck)                Rerun to get outlines right
(rerunfilecheck)                or use package `bookmark'.

 )
(see the transcript file for additional information)
Output written on build/2012.pdf (14 pages).
Transcript written on build/2012.log.
