This is XeTeX, Version 3.141592653-2.6-0.999996 (TeX Live 2025/dev/Debian) (preloaded format=xelatex)
entering extended mode
(./2018.tex
LaTeX2e <2024-11-01> patch level 2
L3 programming layer <2025-01-18>
(/usr/share/texlive/texmf-dist/tex/latex/base/article.cls
Document Class: article 2024/06/29 v1.4n Standard LaTeX document class
(/usr/share/texlive/texmf-dist/tex/latex/base/size11.clo))
(/usr/share/texlive/texmf-dist/tex/latex/geometry/geometry.sty
(/usr/share/texlive/texmf-dist/tex/latex/graphics/keyval.sty)
(/usr/share/texlive/texmf-dist/tex/generic/iftex/ifvtex.sty
(/usr/share/texlive/texmf-dist/tex/generic/iftex/iftex.sty)))
(/usr/share/texlive/texmf-dist/tex/latex/fontspec/fontspec.sty
(/usr/share/texlive/texmf-dist/tex/latex/l3packages/xparse/xparse.sty
(/usr/share/texlive/texmf-dist/tex/latex/l3kernel/expl3.sty
(/usr/share/texlive/texmf-dist/tex/latex/l3backend/l3backend-xetex.def)))
(/usr/share/texlive/texmf-dist/tex/latex/fontspec/fontspec-xetex.sty
(/usr/share/texlive/texmf-dist/tex/latex/base/fontenc.sty)
(/usr/share/texlive/texmf-dist/tex/latex/fontspec/fontspec.cfg)))
(/usr/share/texlive/texmf-dist/tex/latex/amsmath/amsmath.sty
For additional information on amsmath, use the `?' option.
(/usr/share/texlive/texmf-dist/tex/latex/amsmath/amstext.sty
(/usr/share/texlive/texmf-dist/tex/latex/amsmath/amsgen.sty))
(/usr/share/texlive/texmf-dist/tex/latex/amsmath/amsbsy.sty)
(/usr/share/texlive/texmf-dist/tex/latex/amsmath/amsopn.sty))
(/usr/share/texlive/texmf-dist/tex/latex/amsfonts/amssymb.sty
(/usr/share/texlive/texmf-dist/tex/latex/amsfonts/amsfonts.sty))
(/usr/share/texlive/texmf-dist/tex/latex/amscls/amsthm.sty)
(/usr/share/texlive/texmf-dist/tex/latex/amsmath/amscd.sty)
(/usr/share/texlive/texmf-dist/tex/latex/graphics/graphicx.sty
(/usr/share/texlive/texmf-dist/tex/latex/graphics/graphics.sty
(/usr/share/texlive/texmf-dist/tex/latex/graphics/trig.sty)
(/usr/share/texlive/texmf-dist/tex/latex/graphics-cfg/graphics.cfg)
(/usr/share/texlive/texmf-dist/tex/latex/graphics-def/xetex.def)))
(/usr/share/texlive/texmf-dist/tex/latex/graphics/color.sty
(/usr/share/texlive/texmf-dist/tex/latex/graphics-cfg/color.cfg)
(/usr/share/texlive/texmf-dist/tex/latex/graphics/mathcolor.ltx))
(/usr/share/texlive/texmf-dist/tex/latex/xurl/xurl.sty
(/usr/share/texlive/texmf-dist/tex/latex/url/url.sty))
(/usr/share/texlive/texmf-dist/tex/latex/hyperref/hyperref.sty
(/usr/share/texlive/texmf-dist/tex/latex/kvsetkeys/kvsetkeys.sty)
(/usr/share/texlive/texmf-dist/tex/generic/kvdefinekeys/kvdefinekeys.sty)
(/usr/share/texlive/texmf-dist/tex/generic/pdfescape/pdfescape.sty
(/usr/share/texlive/texmf-dist/tex/generic/ltxcmds/ltxcmds.sty)
(/usr/share/texlive/texmf-dist/tex/generic/pdftexcmds/pdftexcmds.sty
(/usr/share/texlive/texmf-dist/tex/generic/infwarerr/infwarerr.sty)))
(/usr/share/texlive/texmf-dist/tex/latex/hycolor/hycolor.sty)
(/usr/share/texlive/texmf-dist/tex/latex/hyperref/nameref.sty
(/usr/share/texlive/texmf-dist/tex/latex/refcount/refcount.sty)
(/usr/share/texlive/texmf-dist/tex/generic/gettitlestring/gettitlestring.sty
(/usr/share/texlive/texmf-dist/tex/latex/kvoptions/kvoptions.sty)))
(/usr/share/texlive/texmf-dist/tex/latex/etoolbox/etoolbox.sty)
(/usr/share/texlive/texmf-dist/tex/generic/stringenc/stringenc.sty)
(/usr/share/texlive/texmf-dist/tex/latex/hyperref/pd1enc.def)
(/usr/share/texlive/texmf-dist/tex/generic/intcalc/intcalc.sty)
(/usr/share/texlive/texmf-dist/tex/latex/hyperref/puenc.def)
(/usr/share/texlive/texmf-dist/tex/generic/bitset/bitset.sty
(/usr/share/texlive/texmf-dist/tex/generic/bigintcalc/bigintcalc.sty))
(/usr/share/texlive/texmf-dist/tex/latex/base/atbegshi-ltx.sty))
(/usr/share/texlive/texmf-dist/tex/latex/hyperref/hxetex.def
(/usr/share/texlive/texmf-dist/tex/latex/rerunfilecheck/rerunfilecheck.sty
(/usr/share/texlive/texmf-dist/tex/latex/base/atveryend-ltx.sty)
(/usr/share/texlive/texmf-dist/tex/generic/uniquecounter/uniquecounter.sty)))
No file 2018.aux.
*geometry* driver: auto-detecting
*geometry* detected driver: xetex

Package hyperref Warning: Rerun to get /PageLabels entry.

(/usr/share/texlive/texmf-dist/tex/latex/amsfonts/umsa.fd)
(/usr/share/texlive/texmf-dist/tex/latex/amsfonts/umsb.fd)

LaTeX Warning: Citation `Ahlfors' on page 1 undefined on input line 49.


[1]

LaTeX Warning: Reference `dirac_op' on page 2 undefined on input line 138.


LaTeX Warning: Reference `dom_D' on page 2 undefined on input line 138.


LaTeX Warning: Reference `dirac_op' on page 2 undefined on input line 146.


LaTeX Warning: Reference `dom_D' on page 2 undefined on input line 146.


LaTeX Warning: Reference `bcft' on page 2 undefined on input line 170.


[2]

LaTeX Warning: Reference `dirac_op' on page 3 undefined on input line 193.


LaTeX Warning: Reference `dom_D' on page 3 undefined on input line 193.


LaTeX Warning: Reference `bcft' on page 3 undefined on input line 215.


[3]

LaTeX Warning: Reference `int_ops_cont' on page 4 undefined on input line 245.


LaTeX Warning: Reference `int_ops_cont' on page 4 undefined on input line 269.


LaTeX Warning: Reference `compact_para_cont' on page 4 undefined on input line 
299.


LaTeX Warning: Reference `cont_para' on page 4 undefined on input line 299.


LaTeX Warning: Reference `cont_para' on page 4 undefined on input line 300.


LaTeX Warning: Reference `cont_para' on page 4 undefined on input line 302.


LaTeX Warning: Reference `hs_norm_cont_T' on page 4 undefined on input line 303
.


LaTeX Warning: Citation `KL' on page 4 undefined on input line 320.


[4]

LaTeX Warning: Citation `KM1' on page 5 undefined on input line 380.


[5]
[6]

LaTeX Warning: Citation `HMS' on page 7 undefined on input line 476.


LaTeX Warning: Citation `CKW' on page 7 undefined on input line 531.


LaTeX Warning: Citation `KM1' on page 7 undefined on input line 531.


LaTeX Warning: Citation `KM2' on page 7 undefined on input line 531.


LaTeX Warning: Citation `KM4' on page 7 undefined on input line 531.


LaTeX Warning: Citation `KM5' on page 7 undefined on input line 531.


[7]

LaTeX Warning: Citation `Wagner' on page 8 undefined on input line 546.


LaTeX Warning: Reference `lim_at_infty1' on page 8 undefined on input line 548.



LaTeX Warning: Reference `lim_at_infty2' on page 8 undefined on input line 548.



LaTeX Warning: Reference `quant_dirac_op' on page 8 undefined on input line 571
.


LaTeX Warning: Reference `bndy_cond_quant' on page 8 undefined on input line 57
2.


[8]

LaTeX Warning: Citation `KM1' on page 9 undefined on input line 623.


LaTeX Warning: Reference `A_and_A_bar_gen_soln' on page 9 undefined on input li
ne 655.


LaTeX Warning: Reference `bndy_cond_quant' on page 9 undefined on input line 67
8.


[9]

LaTeX Warning: Reference `A_and_A_bar_ker' on page 10 undefined on input line 6
91.


LaTeX Warning: Reference `quant_dirac_op' on page 10 undefined on input line 74
2.


LaTeX Warning: Reference `bndy_cond_quant' on page 10 undefined on input line 7
43.


LaTeX Warning: Reference `A_and_A_bar_gen_soln' on page 10 undefined on input l
ine 758.


[10]

LaTeX Warning: Reference `int_ops_quant' on page 11 undefined on input line 777
.


LaTeX Warning: Reference `int_ops_quant' on page 11 undefined on input line 799
.


LaTeX Warning: Reference `compact_para_quant' on page 11 undefined on input lin
e 829.


LaTeX Warning: Reference `compact_para_cont' on page 11 undefined on input line
 829.


LaTeX Warning: Reference `quant_para' on page 11 undefined on input line 830.


LaTeX Warning: Reference `quant_para' on page 11 undefined on input line 831.


LaTeX Warning: Reference `quant_para' on page 11 undefined on input line 833.


LaTeX Warning: Reference `hs_norm_quant_T' on page 11 undefined on input line 8
33.


[11]
[12] (build/2018.aux)

LaTeX Warning: There were undefined references.


LaTeX Warning: Label(s) may have changed. Rerun to get cross-references right.


Package rerunfilecheck Warning: File `2018.out' has changed.
(rerunfilecheck)                Rerun to get outlines right
(rerunfilecheck)                or use package `bookmark'.

 )
Output written on build/2018.pdf (12 pages).
Transcript written on build/2018.log.
