This is XeTeX, Version 3.141592653-2.6-0.999996 (TeX Live 2025/dev/Debian) (preloaded format=xelatex)
entering extended mode
(./1900.tex
LaTeX2e <2024-11-01> patch level 2
L3 programming layer <2025-01-18>
(/usr/share/texlive/texmf-dist/tex/latex/base/article.cls
Document Class: article 2024/06/29 v1.4n Standard LaTeX document class
(/usr/share/texlive/texmf-dist/tex/latex/base/size11.clo))
(/usr/share/texlive/texmf-dist/tex/latex/geometry/geometry.sty
(/usr/share/texlive/texmf-dist/tex/latex/graphics/keyval.sty)
(/usr/share/texlive/texmf-dist/tex/generic/iftex/ifvtex.sty
(/usr/share/texlive/texmf-dist/tex/generic/iftex/iftex.sty)))
(/usr/share/texlive/texmf-dist/tex/latex/fontspec/fontspec.sty
(/usr/share/texlive/texmf-dist/tex/latex/l3packages/xparse/xparse.sty
(/usr/share/texlive/texmf-dist/tex/latex/l3kernel/expl3.sty
(/usr/share/texlive/texmf-dist/tex/latex/l3backend/l3backend-xetex.def)))
(/usr/share/texlive/texmf-dist/tex/latex/fontspec/fontspec-xetex.sty
(/usr/share/texlive/texmf-dist/tex/latex/base/fontenc.sty)
(/usr/share/texlive/texmf-dist/tex/latex/fontspec/fontspec.cfg)))
(/usr/share/texlive/texmf-dist/tex/latex/amsmath/amsmath.sty
For additional information on amsmath, use the `?' option.
(/usr/share/texlive/texmf-dist/tex/latex/amsmath/amstext.sty
(/usr/share/texlive/texmf-dist/tex/latex/amsmath/amsgen.sty))
(/usr/share/texlive/texmf-dist/tex/latex/amsmath/amsbsy.sty)
(/usr/share/texlive/texmf-dist/tex/latex/amsmath/amsopn.sty))
(/usr/share/texlive/texmf-dist/tex/latex/amsfonts/amssymb.sty
(/usr/share/texlive/texmf-dist/tex/latex/amsfonts/amsfonts.sty))
(/usr/share/texlive/texmf-dist/tex/latex/amscls/amsthm.sty)
(/usr/share/texlive/texmf-dist/tex/latex/amsmath/amscd.sty)
(/usr/share/texlive/texmf-dist/tex/latex/graphics/graphicx.sty
(/usr/share/texlive/texmf-dist/tex/latex/graphics/graphics.sty
(/usr/share/texlive/texmf-dist/tex/latex/graphics/trig.sty)
(/usr/share/texlive/texmf-dist/tex/latex/graphics-cfg/graphics.cfg)
(/usr/share/texlive/texmf-dist/tex/latex/graphics-def/xetex.def)))
(/usr/share/texlive/texmf-dist/tex/latex/graphics/color.sty
(/usr/share/texlive/texmf-dist/tex/latex/graphics-cfg/color.cfg)
(/usr/share/texlive/texmf-dist/tex/latex/graphics/mathcolor.ltx))
(/usr/share/texlive/texmf-dist/tex/latex/xurl/xurl.sty
(/usr/share/texlive/texmf-dist/tex/latex/url/url.sty))
(/usr/share/texlive/texmf-dist/tex/latex/hyperref/hyperref.sty
(/usr/share/texlive/texmf-dist/tex/latex/kvsetkeys/kvsetkeys.sty)
(/usr/share/texlive/texmf-dist/tex/generic/kvdefinekeys/kvdefinekeys.sty)
(/usr/share/texlive/texmf-dist/tex/generic/pdfescape/pdfescape.sty
(/usr/share/texlive/texmf-dist/tex/generic/ltxcmds/ltxcmds.sty)
(/usr/share/texlive/texmf-dist/tex/generic/pdftexcmds/pdftexcmds.sty
(/usr/share/texlive/texmf-dist/tex/generic/infwarerr/infwarerr.sty)))
(/usr/share/texlive/texmf-dist/tex/latex/hycolor/hycolor.sty)
(/usr/share/texlive/texmf-dist/tex/latex/hyperref/nameref.sty
(/usr/share/texlive/texmf-dist/tex/latex/refcount/refcount.sty)
(/usr/share/texlive/texmf-dist/tex/generic/gettitlestring/gettitlestring.sty
(/usr/share/texlive/texmf-dist/tex/latex/kvoptions/kvoptions.sty)))
(/usr/share/texlive/texmf-dist/tex/latex/etoolbox/etoolbox.sty)
(/usr/share/texlive/texmf-dist/tex/generic/stringenc/stringenc.sty)
(/usr/share/texlive/texmf-dist/tex/latex/hyperref/pd1enc.def)
(/usr/share/texlive/texmf-dist/tex/generic/intcalc/intcalc.sty)
(/usr/share/texlive/texmf-dist/tex/latex/hyperref/puenc.def)
(/usr/share/texlive/texmf-dist/tex/generic/bitset/bitset.sty
(/usr/share/texlive/texmf-dist/tex/generic/bigintcalc/bigintcalc.sty))
(/usr/share/texlive/texmf-dist/tex/latex/base/atbegshi-ltx.sty))
(/usr/share/texlive/texmf-dist/tex/latex/hyperref/hxetex.def
(/usr/share/texlive/texmf-dist/tex/latex/rerunfilecheck/rerunfilecheck.sty
(/usr/share/texlive/texmf-dist/tex/latex/base/atveryend-ltx.sty)
(/usr/share/texlive/texmf-dist/tex/generic/uniquecounter/uniquecounter.sty)))
(/usr/share/texlive/texmf-dist/tex/latex/tools/array.sty)
(/usr/share/texlive/texmf-dist/tex/latex/mathtools/mathtools.sty
(/usr/share/texlive/texmf-dist/tex/latex/tools/calc.sty)
(/usr/share/texlive/texmf-dist/tex/latex/mathtools/mhsetup.sty))
(/usr/share/texlive/texmf-dist/tex/latex/tools/enumerate.sty)
(/usr/share/texlive/texmf-dist/tex/generic/xypic/xy.sty
(/usr/share/texlive/texmf-dist/tex/generic/xypic/xy.tex Bootstrap'ing:
catcodes, docmode, (/usr/share/texlive/texmf-dist/tex/generic/xypic/xyrecat.tex
) (/usr/share/texlive/texmf-dist/tex/generic/xypic/xyidioms.tex)

 Xy-pic version 3.8.9 <2013/10/06>
 Copyright (c) 1991-2013 by Kristoffer H. Rose <krisrose@tug.org> and others
 Xy-pic is free software: see the User's Guide for details.

Loading kernel: messages; fonts; allocations: state, direction,
utility macros; pictures: \xy, positions, objects, decorations;
kernel objects: directionals, circles, text; options; algorithms: directions,
edges, connections;  Xy-pic loaded)
(/usr/share/texlive/texmf-dist/tex/generic/iftex/ifpdf.sty)
(/usr/share/texlive/texmf-dist/tex/generic/xypic/xyall.tex
 Xy-pic option: All features v.3.8
(/usr/share/texlive/texmf-dist/tex/generic/xypic/xycurve.tex
 Xy-pic option: Curve and Spline extension v.3.12 curve, circles, loaded)
(/usr/share/texlive/texmf-dist/tex/generic/xypic/xyframe.tex
 Xy-pic option: Frame and Bracket extension v.3.14 loaded)
(/usr/share/texlive/texmf-dist/tex/generic/xypic/xycmtip.tex
 Xy-pic option: Computer Modern tip extension v.3.7
(/usr/share/texlive/texmf-dist/tex/generic/xypic/xytips.tex
 Xy-pic option: More Tips extension v.3.11 loaded) loaded)
(/usr/share/texlive/texmf-dist/tex/generic/xypic/xyline.tex
 Xy-pic option: Line styles extension v.3.10 loaded)
(/usr/share/texlive/texmf-dist/tex/generic/xypic/xyrotate.tex
 Xy-pic option: Rotate and Scale extension v.3.8 loaded)
(/usr/share/texlive/texmf-dist/tex/generic/xypic/xycolor.tex
 Xy-pic option: Colour extension v.3.11 loaded)
(/usr/share/texlive/texmf-dist/tex/generic/xypic/xymatrix.tex
 Xy-pic option: Matrix feature v.3.14 loaded)
(/usr/share/texlive/texmf-dist/tex/generic/xypic/xyarrow.tex
 Xy-pic option: Arrow and Path feature v.3.9 path, \ar, loaded)
(/usr/share/texlive/texmf-dist/tex/generic/xypic/xygraph.tex
 Xy-pic option: Graph feature v.3.11 loaded) loaded))
No file 1900.aux.
*geometry* driver: auto-detecting
*geometry* detected driver: xetex

Package hyperref Warning: Rerun to get /PageLabels entry.

(/usr/share/texlive/texmf-dist/tex/latex/amsfonts/umsa.fd)
(/usr/share/texlive/texmf-dist/tex/latex/amsfonts/umsb.fd)

Package hyperref Warning: Token not allowed in a PDF string (Unicode):
(hyperref)                removing `math shift' on input line 468.


Package hyperref Warning: Token not allowed in a PDF string (Unicode):
(hyperref)                removing `math shift' on input line 468.


LaTeX Warning: Citation `JG_MR_higher_vb' on page 1 undefined on input line 470
.


LaTeX Warning: Citation `Grabowski2013' on page 1 undefined on input line 470.


[1]

LaTeX Warning: Citation `JG_MR_higher_vb' on page 2 undefined on input line 472
.


LaTeX Warning: Citation `Bertram:2014' on page 2 undefined on input line 472.


LaTeX Warning: Citation `Voronov:2010_highr_alg' on page 2 undefined on input l
ine 472.


LaTeX Warning: Citation `JG_MR_higher_vb' on page 2 undefined on input line 472
.


LaTeX Warning: Citation `Morimoto_Lifts' on page 2 undefined on input line 476.



LaTeX Warning: Citation `Voronov:2001qf' on page 2 undefined on input line 504.



LaTeX Warning: Citation `Severa:2005' on page 2 undefined on input line 504.


LaTeX Warning: Citation `Roytenberg:2002' on page 2 undefined on input line 504
.


LaTeX Warning: Citation `Bruce:2014c' on page 2 undefined on input line 504.


LaTeX Warning: Citation `Jozwikowski:2016' on page 2 undefined on input line 50
4.


[2]

LaTeX Warning: Citation `Pradines:1974' on page 3 undefined on input line 507.


LaTeX Warning: Citation `Gracia-Saz:2009' on page 3 undefined on input line 507
.


LaTeX Warning: Citation `Gracia-Saz:2012' on page 3 undefined on input line 507
.


LaTeX Warning: Citation `Mackenzie:2005' on page 3 undefined on input line 507.



LaTeX Warning: Citation `Voronov:2012' on page 3 undefined on input line 507.


LaTeX Warning: Citation `Grabowski:2006' on page 3 undefined on input line 507.



LaTeX Warning: Citation `JG_MR_higher_vb' on page 3 undefined on input line 507
.


LaTeX Warning: Citation `JG_MR_higher_vb' on page 3 undefined on input line 507
.


LaTeX Warning: Citation `JG_MR_higher_vb' on page 3 undefined on input line 521
.


[3]

LaTeX Warning: Reference `rem:non_integer_weights' on page 4 undefined on input
 line 533.


LaTeX Warning: Reference `def:removal_coordinates1' on page 4 undefined on inpu
t line 556.


LaTeX Warning: Citation `Bruce:2014' on page 4 undefined on input line 567.


LaTeX Warning: Citation `Grabowski:1995' on page 4 undefined on input line 569.



LaTeX Warning: Citation `Yano:1973' on page 4 undefined on input line 569.


[4]

LaTeX Warning: Citation `Bruce:2014' on page 5 undefined on input line 571.

(/usr/share/texlive/texmf-dist/tex/latex/amsfonts/ueuf.fd)

LaTeX Warning: Reference `def:removal_coordinates2' on page 5 undefined on inpu
t line 592.


LaTeX Warning: Citation `Bruce:2014' on page 5 undefined on input line 600.


LaTeX Warning: Citation `Bruce:2014' on page 5 undefined on input line 608.


LaTeX Warning: Citation `Bruce:2014' on page 5 undefined on input line 612.


[5] <xymatrix 3x2 162> <xymatrix 3x2 162> <xymatrix 3x2 176> <xymatrix 3x2
176>

LaTeX Warning: Reference `prop_pL:itemTkM' on page 6 undefined on input line 65
3.


LaTeX Warning: Citation `Bruce:2014b' on page 6 undefined on input line 653.


LaTeX Warning: Reference `prop_pL:item_pullback' on page 6 undefined on input l
ine 653.


LaTeX Warning: Reference `prop_pL:item_pl_tau' on page 6 undefined on input lin
e 653.


LaTeX Warning: Reference `prop_pL:item_injective' on page 6 undefined on input 
line 653.


LaTeX Warning: Reference `prop_pL:item embedding' on page 6 undefined on input 
line 653.


LaTeX Warning: Citation `Bruce:2014' on page 6 undefined on input line 653.


[6]

LaTeX Warning: Citation `Leon:1992' on page 7 undefined on input line 655.


LaTeX Warning: Citation `Eliopoulos:1966' on page 7 undefined on input line 655
.


Package hyperref Warning: Token not allowed in a PDF string (Unicode):
(hyperref)                removing `math shift' on input line 668.


Package hyperref Warning: Token not allowed in a PDF string (Unicode):
(hyperref)                removing `math shift' on input line 668.


LaTeX Warning: Reference `prop:pLin' on page 7 undefined on input line 680.


LaTeX Warning: Reference `prop:epimorphism_r' on page 7 undefined on input line
 696.


LaTeX Warning: Reference `eqn:fibrations' on page 7 undefined on input line 696
.


LaTeX Warning: Reference `prop:pLin' on page 7 undefined on input line 696.


LaTeX Warning: Reference `prop_pL:item_pl_tau' on page 7 undefined on input lin
e 696.


[7]

LaTeX Warning: Reference `prop:embedding_r' on page 8 undefined on input line 7
04.


LaTeX Warning: Citation `JG_MR_higher_vb' on page 8 undefined on input line 704
.


LaTeX Warning: Reference `prop:pLin' on page 8 undefined on input line 704.


LaTeX Warning: Reference `prop_pL:itemTkM' on page 8 undefined on input line 70
4.


LaTeX Warning: Reference `prop_pL:item_injective' on page 8 undefined on input 
line 704.


LaTeX Warning: Reference `prop:embedding_r' on page 8 undefined on input line 7
04.


[8] <xymatrix 4x4 474> <xymatrix 4x4 474>

LaTeX Warning: Reference `prop:embedding_r' on page 9 undefined on input line 7
60.


[9]

LaTeX Warning: Reference `eqn:V_r' on page 10 undefined on input line 776.


LaTeX Warning: Reference `eqn:full_linearisation_def' on page 10 undefined on i
nput line 776.


LaTeX Warning: Reference `eqn:LF_k_explicit' on page 10 undefined on input line
 776.


LaTeX Warning: Reference `eqn:local_iso_LFk_explicit' on page 10 undefined on i
nput line 776.


LaTeX Warning: Reference `cor:L_emb_and_epim' on page 10 undefined on input lin
e 779.


Package hyperref Warning: Token not allowed in a PDF string (Unicode):
(hyperref)                removing `math shift' on input line 787.


Package hyperref Warning: Token not allowed in a PDF string (Unicode):
(hyperref)                removing `math shift' on input line 787.


Package hyperref Warning: Token not allowed in a PDF string (Unicode):
(hyperref)                removing `math shift' on input line 787.


Package hyperref Warning: Token not allowed in a PDF string (Unicode):
(hyperref)                removing `math shift' on input line 787.


LaTeX Warning: Citation `JG_MR_higher_vb' on page 10 undefined on input line 78
9.


LaTeX Warning: Reference `prop:l_r_epi_and_inclusion' on page 10 undefined on i
nput line 789.


LaTeX Warning: Reference `cor:L_emb_and_epim' on page 10 undefined on input lin
e 789.


LaTeX Warning: Reference `thm:equivalence_k' on page 10 undefined on input line
 792.


LaTeX Warning: Reference `def:SymmVB_k' on page 10 undefined on input line 809.



LaTeX Warning: Reference `eqn:sigma1' on page 10 undefined on input line 809.


LaTeX Warning: Reference `eqn:sigma2' on page 10 undefined on input line 809.


[10]

LaTeX Warning: Reference `eqn:sigma2' on page 11 undefined on input line 829.


LaTeX Warning: Reference `eqn:sigma1' on page 11 undefined on input line 833.


Package amsmath Warning: Foreign command \atop;
(amsmath)                \frac or \genfrac should be used instead
(amsmath)                 on input line 836.


LaTeX Warning: Reference `eqn:Zhi' on page 11 undefined on input line 841.

<xymatrix 3x2 190> <xymatrix 3x2 190>
[11]

LaTeX Warning: Reference `eqn:morphisms_in_C_k' on page 12 undefined on input l
ine 866.


LaTeX Warning: Reference `eqn:morphisms_in_C_k' on page 12 undefined on input l
ine 866.


LaTeX Warning: Reference `eqn:morphisms_in_C_k' on page 12 undefined on input l
ine 870.


LaTeX Warning: Reference `exmpl:F3' on page 12 undefined on input line 889.


[12]
[13] (build/1900.aux)

LaTeX Warning: There were undefined references.


LaTeX Warning: Label(s) may have changed. Rerun to get cross-references right.


Package rerunfilecheck Warning: File `1900.out' has changed.
(rerunfilecheck)                Rerun to get outlines right
(rerunfilecheck)                or use package `bookmark'.

 )
Output written on build/1900.pdf (13 pages).
Transcript written on build/1900.log.
