This is XeTeX, Version 3.141592653-2.6-0.999996 (TeX Live 2025/dev/Debian) (preloaded format=xelatex)
entering extended mode
(./1655.tex
LaTeX2e <2024-11-01> patch level 2
L3 programming layer <2025-01-18>
(/usr/share/texlive/texmf-dist/tex/latex/base/article.cls
Document Class: article 2024/06/29 v1.4n Standard LaTeX document class
(/usr/share/texlive/texmf-dist/tex/latex/base/size11.clo))
(/usr/share/texlive/texmf-dist/tex/latex/geometry/geometry.sty
(/usr/share/texlive/texmf-dist/tex/latex/graphics/keyval.sty)
(/usr/share/texlive/texmf-dist/tex/generic/iftex/ifvtex.sty
(/usr/share/texlive/texmf-dist/tex/generic/iftex/iftex.sty)))
(/usr/share/texlive/texmf-dist/tex/latex/fontspec/fontspec.sty
(/usr/share/texlive/texmf-dist/tex/latex/l3packages/xparse/xparse.sty
(/usr/share/texlive/texmf-dist/tex/latex/l3kernel/expl3.sty
(/usr/share/texlive/texmf-dist/tex/latex/l3backend/l3backend-xetex.def)))
(/usr/share/texlive/texmf-dist/tex/latex/fontspec/fontspec-xetex.sty
(/usr/share/texlive/texmf-dist/tex/latex/base/fontenc.sty)
(/usr/share/texlive/texmf-dist/tex/latex/fontspec/fontspec.cfg)))
(/usr/share/texlive/texmf-dist/tex/latex/amsmath/amsmath.sty
For additional information on amsmath, use the `?' option.
(/usr/share/texlive/texmf-dist/tex/latex/amsmath/amstext.sty
(/usr/share/texlive/texmf-dist/tex/latex/amsmath/amsgen.sty))
(/usr/share/texlive/texmf-dist/tex/latex/amsmath/amsbsy.sty)
(/usr/share/texlive/texmf-dist/tex/latex/amsmath/amsopn.sty))
(/usr/share/texlive/texmf-dist/tex/latex/amsfonts/amssymb.sty
(/usr/share/texlive/texmf-dist/tex/latex/amsfonts/amsfonts.sty))
(/usr/share/texlive/texmf-dist/tex/latex/amscls/amsthm.sty)
(/usr/share/texlive/texmf-dist/tex/latex/amsmath/amscd.sty)
(/usr/share/texlive/texmf-dist/tex/latex/graphics/graphicx.sty
(/usr/share/texlive/texmf-dist/tex/latex/graphics/graphics.sty
(/usr/share/texlive/texmf-dist/tex/latex/graphics/trig.sty)
(/usr/share/texlive/texmf-dist/tex/latex/graphics-cfg/graphics.cfg)
(/usr/share/texlive/texmf-dist/tex/latex/graphics-def/xetex.def)))
(/usr/share/texlive/texmf-dist/tex/latex/graphics/color.sty
(/usr/share/texlive/texmf-dist/tex/latex/graphics-cfg/color.cfg)
(/usr/share/texlive/texmf-dist/tex/latex/graphics/mathcolor.ltx))
(/usr/share/texlive/texmf-dist/tex/latex/xurl/xurl.sty
(/usr/share/texlive/texmf-dist/tex/latex/url/url.sty))
(/usr/share/texlive/texmf-dist/tex/latex/hyperref/hyperref.sty
(/usr/share/texlive/texmf-dist/tex/latex/kvsetkeys/kvsetkeys.sty)
(/usr/share/texlive/texmf-dist/tex/generic/kvdefinekeys/kvdefinekeys.sty)
(/usr/share/texlive/texmf-dist/tex/generic/pdfescape/pdfescape.sty
(/usr/share/texlive/texmf-dist/tex/generic/ltxcmds/ltxcmds.sty)
(/usr/share/texlive/texmf-dist/tex/generic/pdftexcmds/pdftexcmds.sty
(/usr/share/texlive/texmf-dist/tex/generic/infwarerr/infwarerr.sty)))
(/usr/share/texlive/texmf-dist/tex/latex/hycolor/hycolor.sty)
(/usr/share/texlive/texmf-dist/tex/latex/hyperref/nameref.sty
(/usr/share/texlive/texmf-dist/tex/latex/refcount/refcount.sty)
(/usr/share/texlive/texmf-dist/tex/generic/gettitlestring/gettitlestring.sty
(/usr/share/texlive/texmf-dist/tex/latex/kvoptions/kvoptions.sty)))
(/usr/share/texlive/texmf-dist/tex/latex/etoolbox/etoolbox.sty)
(/usr/share/texlive/texmf-dist/tex/generic/stringenc/stringenc.sty)
(/usr/share/texlive/texmf-dist/tex/latex/hyperref/pd1enc.def)
(/usr/share/texlive/texmf-dist/tex/generic/intcalc/intcalc.sty)
(/usr/share/texlive/texmf-dist/tex/latex/hyperref/puenc.def)
(/usr/share/texlive/texmf-dist/tex/generic/bitset/bitset.sty
(/usr/share/texlive/texmf-dist/tex/generic/bigintcalc/bigintcalc.sty))
(/usr/share/texlive/texmf-dist/tex/latex/base/atbegshi-ltx.sty))
(/usr/share/texlive/texmf-dist/tex/latex/hyperref/hxetex.def
(/usr/share/texlive/texmf-dist/tex/latex/rerunfilecheck/rerunfilecheck.sty
(/usr/share/texlive/texmf-dist/tex/latex/base/atveryend-ltx.sty)
(/usr/share/texlive/texmf-dist/tex/generic/uniquecounter/uniquecounter.sty)))
(/usr/share/texlive/texmf-dist/tex/latex/tools/bm.sty)
No file 1655.aux.
*geometry* driver: auto-detecting
*geometry* detected driver: xetex

Package hyperref Warning: Rerun to get /PageLabels entry.

(/usr/share/texlive/texmf-dist/tex/latex/amsfonts/umsa.fd)
(/usr/share/texlive/texmf-dist/tex/latex/amsfonts/umsb.fd)

LaTeX Warning: Reference `qHGS' on page 1 undefined on input line 53.


LaTeX Warning: Reference `qHGS' on page 1 undefined on input line 64.


LaTeX Warning: Reference `HGS' on page 1 undefined on input line 64.


LaTeX Warning: Reference `qHGS' on page 1 undefined on input line 64.


LaTeX Warning: Reference `HGS' on page 1 undefined on input line 64.


[1]

LaTeX Warning: Reference `qHGS' on page 2 undefined on input line 66.


LaTeX Warning: Citation `Adams1929' on page 2 undefined on input line 70.


LaTeX Warning: Reference `qHGEq' on page 2 undefined on input line 70.


LaTeX Warning: Reference `qHGEq' on page 2 undefined on input line 83.


LaTeX Warning: Reference `qHGS' on page 2 undefined on input line 83.


LaTeX Warning: Reference `Theorem:Main1' on page 2 undefined on input line 83.


LaTeX Warning: Reference `Theorem:Main1' on page 2 undefined on input line 83.


Package hyperref Warning: Suppressing link with empty target on input line 83.


LaTeX Warning: Citation `Ichinobe2001' on page 2 undefined on input line 85.


LaTeX Warning: Citation `Ichinobe2001' on page 2 undefined on input line 86.


LaTeX Warning: Reference `qHGS' on page 2 undefined on input line 104.


LaTeX Warning: Reference `HGS' on page 2 undefined on input line 104.


LaTeX Warning: Reference `Theorem:Ichinobe' on page 2 undefined on input line 1
04.


LaTeX Warning: Citation `Ramis1992' on page 2 undefined on input line 104.


LaTeX Warning: Citation `Zhang2002' on page 2 undefined on input line 104.


LaTeX Warning: Citation `Zhang2005' on page 2 undefined on input line 104.


LaTeX Warning: Citation `Vizio-Zhang' on page 2 undefined on input line 104.


LaTeX Warning: Citation `DreyfusEloy2016' on page 2 undefined on input line 104
.


LaTeX Warning: Citation `Dreyfus2015_1' on page 2 undefined on input line 104.


LaTeX Warning: Citation `Zhang2002' on page 2 undefined on input line 106.


LaTeX Warning: Citation `Morita2014' on page 2 undefined on input line 106.


LaTeX Warning: Reference `Section:Preliminary' on page 2 undefined on input lin
e 108.


LaTeX Warning: Reference `Section:Main Results' on page 2 undefined on input li
ne 108.


LaTeX Warning: Reference `Section:Proof_Main1' on page 2 undefined on input lin
e 108.


LaTeX Warning: Reference `Section:Proof_Lemma:Main1' on page 2 undefined on inp
ut line 108.


LaTeX Warning: Reference `Theorem:Main1' on page 2 undefined on input line 108.



LaTeX Warning: Reference `Lemma:Main1' on page 2 undefined on input line 108.


Package hyperref Warning: Suppressing link with empty target on input line 108.



Package hyperref Warning: Suppressing link with empty target on input line 108.



[2]

LaTeX Warning: Reference `theta_tpf' on page 3 undefined on input line 147.


LaTeX Warning: Citation `Gasper&Rahman2004' on page 3 undefined on input line 1
57.


Package hyperref Warning: Token not allowed in a PDF string (Unicode):
(hyperref)                removing `math shift' on input line 162.


Package hyperref Warning: Token not allowed in a PDF string (Unicode):
(hyperref)                removing `math shift' on input line 162.


LaTeX Warning: Citation `Zhang2002' on page 3 undefined on input line 163.


LaTeX Warning: Citation `Zhang2005' on page 3 undefined on input line 163.


LaTeX Warning: Citation `DreyfusEloy2016' on page 3 undefined on input line 163
.


[3]

LaTeX Warning: Citation `Gasper&Rahman2004' on page 4 undefined on input line 1
86.


LaTeX Warning: Citation `Zhang2002' on page 4 undefined on input line 186.


LaTeX Warning: Citation `DreyfusEloy2016' on page 4 undefined on input line 189
.


[4]

LaTeX Warning: Citation `DreyfusEloy2016' on page 5 undefined on input line 220
.


LaTeX Warning: Reference `qHGEq' on page 5 undefined on input line 229.


LaTeX Warning: Reference `qHGS2' on page 5 undefined on input line 231.


LaTeX Warning: Reference `cor_q-diff' on page 5 undefined on input line 244.


LaTeX Warning: Reference `qHGEq' on page 5 undefined on input line 244.


LaTeX Warning: Reference `Main1' on page 5 undefined on input line 244.


LaTeX Warning: Reference `Main1' on page 5 undefined on input line 245.


LaTeX Warning: Reference `qHGS2' on page 5 undefined on input line 245.


LaTeX Warning: Reference `qBorel_AE' on page 5 undefined on input line 245.


LaTeX Warning: Reference `qHGEq_Sol' on page 5 undefined on input line 246.


LaTeX Warning: Reference `Main1' on page 5 undefined on input line 246.


[5]

LaTeX Warning: Reference `Theorem:Main1' on page 6 undefined on input line 263.



LaTeX Warning: Citation `Slater1952' on page 6 undefined on input line 279.


LaTeX Warning: Citation `Gasper&Rahman2004' on page 6 undefined on input line 2
79.


LaTeX Warning: Reference `r,r-1AC' on page 6 undefined on input line 298.


LaTeX Warning: Reference `ac_borelim' on page 6 undefined on input line 304.


LaTeX Warning: Reference `ac_borelim' on page 6 undefined on input line 304.


LaTeX Warning: Reference `Section:Proof_Lemma:Main1' on page 6 undefined on inp
ut line 317.


[6]

LaTeX Warning: Reference `theta_inverse' on page 7 undefined on input line 359.



LaTeX Warning: Reference `Lemma:Main1' on page 7 undefined on input line 367.


LaTeX Warning: Reference `Lemma:Main1' on page 7 undefined on input line 368.


[7]

LaTeX Warning: Reference `ac_borelim' on page 8 undefined on input line 378.


LaTeX Warning: Reference `Lemma:Main1' on page 8 undefined on input line 378.


LaTeX Warning: Reference `ac_borelim' on page 8 undefined on input line 378.


LaTeX Warning: Reference `g1_estimate_1' on page 8 undefined on input line 407.



[8]
[9] (build/1655.aux)

LaTeX Warning: There were undefined references.


LaTeX Warning: Label(s) may have changed. Rerun to get cross-references right.


Package rerunfilecheck Warning: File `1655.out' has changed.
(rerunfilecheck)                Rerun to get outlines right
(rerunfilecheck)                or use package `bookmark'.

 )
Output written on build/1655.pdf (9 pages).
Transcript written on build/1655.log.
