This is XeTeX, Version 3.141592653-2.6-0.999996 (TeX Live 2025/dev/Debian) (preloaded format=xelatex)
entering extended mode
(./1999.tex
LaTeX2e <2024-11-01> patch level 2
L3 programming layer <2025-01-18>
(/usr/share/texlive/texmf-dist/tex/latex/base/article.cls
Document Class: article 2024/06/29 v1.4n Standard LaTeX document class
(/usr/share/texlive/texmf-dist/tex/latex/base/size11.clo))
(/usr/share/texlive/texmf-dist/tex/latex/geometry/geometry.sty
(/usr/share/texlive/texmf-dist/tex/latex/graphics/keyval.sty)
(/usr/share/texlive/texmf-dist/tex/generic/iftex/ifvtex.sty
(/usr/share/texlive/texmf-dist/tex/generic/iftex/iftex.sty)))
(/usr/share/texlive/texmf-dist/tex/latex/fontspec/fontspec.sty
(/usr/share/texlive/texmf-dist/tex/latex/l3packages/xparse/xparse.sty
(/usr/share/texlive/texmf-dist/tex/latex/l3kernel/expl3.sty
(/usr/share/texlive/texmf-dist/tex/latex/l3backend/l3backend-xetex.def)))
(/usr/share/texlive/texmf-dist/tex/latex/fontspec/fontspec-xetex.sty
(/usr/share/texlive/texmf-dist/tex/latex/base/fontenc.sty)
(/usr/share/texlive/texmf-dist/tex/latex/fontspec/fontspec.cfg)))
(/usr/share/texlive/texmf-dist/tex/latex/amsmath/amsmath.sty
For additional information on amsmath, use the `?' option.
(/usr/share/texlive/texmf-dist/tex/latex/amsmath/amstext.sty
(/usr/share/texlive/texmf-dist/tex/latex/amsmath/amsgen.sty))
(/usr/share/texlive/texmf-dist/tex/latex/amsmath/amsbsy.sty)
(/usr/share/texlive/texmf-dist/tex/latex/amsmath/amsopn.sty))
(/usr/share/texlive/texmf-dist/tex/latex/amsfonts/amssymb.sty
(/usr/share/texlive/texmf-dist/tex/latex/amsfonts/amsfonts.sty))
(/usr/share/texlive/texmf-dist/tex/latex/amscls/amsthm.sty)
(/usr/share/texlive/texmf-dist/tex/latex/amsmath/amscd.sty)
(/usr/share/texlive/texmf-dist/tex/latex/graphics/graphicx.sty
(/usr/share/texlive/texmf-dist/tex/latex/graphics/graphics.sty
(/usr/share/texlive/texmf-dist/tex/latex/graphics/trig.sty)
(/usr/share/texlive/texmf-dist/tex/latex/graphics-cfg/graphics.cfg)
(/usr/share/texlive/texmf-dist/tex/latex/graphics-def/xetex.def)))
(/usr/share/texlive/texmf-dist/tex/latex/graphics/color.sty
(/usr/share/texlive/texmf-dist/tex/latex/graphics-cfg/color.cfg)
(/usr/share/texlive/texmf-dist/tex/latex/graphics/mathcolor.ltx))
(/usr/share/texlive/texmf-dist/tex/latex/xurl/xurl.sty
(/usr/share/texlive/texmf-dist/tex/latex/url/url.sty))
(/usr/share/texlive/texmf-dist/tex/latex/hyperref/hyperref.sty
(/usr/share/texlive/texmf-dist/tex/latex/kvsetkeys/kvsetkeys.sty)
(/usr/share/texlive/texmf-dist/tex/generic/kvdefinekeys/kvdefinekeys.sty)
(/usr/share/texlive/texmf-dist/tex/generic/pdfescape/pdfescape.sty
(/usr/share/texlive/texmf-dist/tex/generic/ltxcmds/ltxcmds.sty)
(/usr/share/texlive/texmf-dist/tex/generic/pdftexcmds/pdftexcmds.sty
(/usr/share/texlive/texmf-dist/tex/generic/infwarerr/infwarerr.sty)))
(/usr/share/texlive/texmf-dist/tex/latex/hycolor/hycolor.sty)
(/usr/share/texlive/texmf-dist/tex/latex/hyperref/nameref.sty
(/usr/share/texlive/texmf-dist/tex/latex/refcount/refcount.sty)
(/usr/share/texlive/texmf-dist/tex/generic/gettitlestring/gettitlestring.sty
(/usr/share/texlive/texmf-dist/tex/latex/kvoptions/kvoptions.sty)))
(/usr/share/texlive/texmf-dist/tex/latex/etoolbox/etoolbox.sty)
(/usr/share/texlive/texmf-dist/tex/generic/stringenc/stringenc.sty)
(/usr/share/texlive/texmf-dist/tex/latex/hyperref/pd1enc.def)
(/usr/share/texlive/texmf-dist/tex/generic/intcalc/intcalc.sty)
(/usr/share/texlive/texmf-dist/tex/latex/hyperref/puenc.def)
(/usr/share/texlive/texmf-dist/tex/generic/bitset/bitset.sty
(/usr/share/texlive/texmf-dist/tex/generic/bigintcalc/bigintcalc.sty))
(/usr/share/texlive/texmf-dist/tex/latex/base/atbegshi-ltx.sty))
(/usr/share/texlive/texmf-dist/tex/latex/hyperref/hxetex.def
(/usr/share/texlive/texmf-dist/tex/latex/rerunfilecheck/rerunfilecheck.sty
(/usr/share/texlive/texmf-dist/tex/latex/base/atveryend-ltx.sty)
(/usr/share/texlive/texmf-dist/tex/generic/uniquecounter/uniquecounter.sty)))
No file 1999.aux.
*geometry* driver: auto-detecting
*geometry* detected driver: xetex

Package hyperref Warning: Rerun to get /PageLabels entry.

(/usr/share/texlive/texmf-dist/tex/latex/amsfonts/umsa.fd)
(/usr/share/texlive/texmf-dist/tex/latex/amsfonts/umsb.fd)

LaTeX Warning: Citation `nas' on page 1 undefined on input line 47.


LaTeX Warning: Citation `nas' on page 1 undefined on input line 49.


[1]

Package hyperref Warning: Token not allowed in a PDF string (Unicode):
(hyperref)                removing `math shift' on input line 65.


Package hyperref Warning: Token not allowed in a PDF string (Unicode):
(hyperref)                removing `math shift' on input line 65.


LaTeX Warning: Citation `JP' on page 2 undefined on input line 73.


LaTeX Warning: Citation `R-JMP' on page 2 undefined on input line 73.


LaTeX Warning: Citation `JZ' on page 2 undefined on input line 74.


LaTeX Warning: Citation `JZ' on page 2 undefined on input line 80.


LaTeX Warning: Citation `R-JMP' on page 2 undefined on input line 80.


LaTeX Warning: Citation `JZ' on page 2 undefined on input line 85.


LaTeX Warning: Citation `R-JMP' on page 2 undefined on input line 85.


LaTeX Warning: Reference `W-struktura' on page 2 undefined on input line 115.


[2]

LaTeX Warning: Reference `W-struktura' on page 3 undefined on input line 117.


LaTeX Warning: Citation `R-JMP' on page 3 undefined on input line 129.


LaTeX Warning: Citation `R-JMP' on page 3 undefined on input line 133.


[3]

LaTeX Warning: Citation `Billig' on page 4 undefined on input line 170.


LaTeX Warning: Citation `nas' on page 4 undefined on input line 175.


LaTeX Warning: Citation `Billig' on page 4 undefined on input line 175.


LaTeX Warning: Citation `Billig' on page 4 undefined on input line 180.


LaTeX Warning: Citation `nas' on page 4 undefined on input line 193.


LaTeX Warning: Citation `R-JMP' on page 4 undefined on input line 195.


LaTeX Warning: Citation `Zhang-Dong' on page 4 undefined on input line 195.


LaTeX Warning: Citation `Billig3' on page 4 undefined on input line 201.


LaTeX Warning: Citation `nas' on page 4 undefined on input line 208.


[4]
Underfull \hbox (badness 1502) in paragraph at lines 213--216
\TU/LatinModernRoman(0)/m/n/10.95 where $\OML/cmm/m/it/10.95 c[] \OT1/cmr/m/n/1
0.95 = \OMS/cmsy/m/n/10.95 ^^@\OT1/cmr/m/n/10.95 24\OML/cmm/m/it/10.95 c[]$\TU/
LatinModernRoman(0)/m/n/10.95 . By means of $\OT1/cmr/m/n/10.95 ^^I$\TU/LatinMo
dernRoman(0)/m/n/10.95 , each highest weight module over $\OMS/cmsy/m/n/10.95 H
$ \TU/LatinModernRoman(0)/m/n/10.95 becomes an

LaTeX Warning: Citation `nas' on page 5 undefined on input line 230.


LaTeX Warning: Reference `W u I' on page 5 undefined on input line 241.


LaTeX Warning: Reference `psi' on page 5 undefined on input line 270.


LaTeX Warning: Reference `H-sing je W-sing' on page 5 undefined on input line 2
70.


LaTeX Warning: Reference `L + gen' on page 5 undefined on input line 270.


[5]

LaTeX Warning: Reference `pbw' on page 6 undefined on input line 272.


LaTeX Warning: Reference `Psi' on page 6 undefined on input line 272.


LaTeX Warning: Reference `kompon' on page 6 undefined on input line 272.


LaTeX Warning: Reference `seq +' on page 6 undefined on input line 272.


LaTeX Warning: Reference `seq' on page 6 undefined on input line 272.


LaTeX Warning: Citation `FHL' on page 6 undefined on input line 281.


LaTeX Warning: Reference `contra' on page 6 undefined on input line 287.


LaTeX Warning: Citation `nas' on page 6 undefined on input line 296.


LaTeX Warning: Reference `L za +' on page 6 undefined on input line 309.


LaTeX Warning: Reference `duali' on page 6 undefined on input line 309.


[6]

LaTeX Warning: Reference `Psi' on page 7 undefined on input line 345.


Package hyperref Warning: Token not allowed in a PDF string (Unicode):
(hyperref)                removing `math shift' on input line 354.


Package hyperref Warning: Token not allowed in a PDF string (Unicode):
(hyperref)                removing `math shift' on input line 354.


LaTeX Warning: Citation `A1' on page 7 undefined on input line 356.


LaTeX Warning: Citation `AdM1' on page 7 undefined on input line 356.


LaTeX Warning: Citation `CM' on page 7 undefined on input line 356.


LaTeX Warning: Citation `FGST' on page 7 undefined on input line 356.


LaTeX Warning: Citation `nas' on page 7 undefined on input line 356.


LaTeX Warning: Reference `triangular' on page 7 undefined on input line 358.


[7]

LaTeX Warning: Citation `LL' on page 8 undefined on input line 400.


LaTeX Warning: Citation `AdM-selecta' on page 8 undefined on input line 400.


LaTeX Warning: Citation `Li1' on page 8 undefined on input line 400.


[8]

LaTeX Warning: Reference `verma_prim' on page 9 undefined on input line 464.


[9]
[10] (build/1999.aux)

LaTeX Warning: There were undefined references.


LaTeX Warning: Label(s) may have changed. Rerun to get cross-references right.


Package rerunfilecheck Warning: File `1999.out' has changed.
(rerunfilecheck)                Rerun to get outlines right
(rerunfilecheck)                or use package `bookmark'.

 )
(see the transcript file for additional information)
Output written on build/1999.pdf (10 pages).
Transcript written on build/1999.log.
