This is XeTeX, Version 3.141592653-2.6-0.999996 (TeX Live 2025/dev/Debian) (preloaded format=xelatex)
entering extended mode
(./1769.tex
LaTeX2e <2024-11-01> patch level 2
L3 programming layer <2025-01-18>
(/usr/share/texlive/texmf-dist/tex/latex/base/article.cls
Document Class: article 2024/06/29 v1.4n Standard LaTeX document class
(/usr/share/texlive/texmf-dist/tex/latex/base/size11.clo))
(/usr/share/texlive/texmf-dist/tex/latex/geometry/geometry.sty
(/usr/share/texlive/texmf-dist/tex/latex/graphics/keyval.sty)
(/usr/share/texlive/texmf-dist/tex/generic/iftex/ifvtex.sty
(/usr/share/texlive/texmf-dist/tex/generic/iftex/iftex.sty)))
(/usr/share/texlive/texmf-dist/tex/latex/fontspec/fontspec.sty
(/usr/share/texlive/texmf-dist/tex/latex/l3packages/xparse/xparse.sty
(/usr/share/texlive/texmf-dist/tex/latex/l3kernel/expl3.sty
(/usr/share/texlive/texmf-dist/tex/latex/l3backend/l3backend-xetex.def)))
(/usr/share/texlive/texmf-dist/tex/latex/fontspec/fontspec-xetex.sty
(/usr/share/texlive/texmf-dist/tex/latex/base/fontenc.sty)
(/usr/share/texlive/texmf-dist/tex/latex/fontspec/fontspec.cfg)))
(/usr/share/texlive/texmf-dist/tex/latex/amsmath/amsmath.sty
For additional information on amsmath, use the `?' option.
(/usr/share/texlive/texmf-dist/tex/latex/amsmath/amstext.sty
(/usr/share/texlive/texmf-dist/tex/latex/amsmath/amsgen.sty))
(/usr/share/texlive/texmf-dist/tex/latex/amsmath/amsbsy.sty)
(/usr/share/texlive/texmf-dist/tex/latex/amsmath/amsopn.sty))
(/usr/share/texlive/texmf-dist/tex/latex/amsfonts/amssymb.sty
(/usr/share/texlive/texmf-dist/tex/latex/amsfonts/amsfonts.sty))
(/usr/share/texlive/texmf-dist/tex/latex/amscls/amsthm.sty)
(/usr/share/texlive/texmf-dist/tex/latex/amsmath/amscd.sty)
(/usr/share/texlive/texmf-dist/tex/latex/graphics/graphicx.sty
(/usr/share/texlive/texmf-dist/tex/latex/graphics/graphics.sty
(/usr/share/texlive/texmf-dist/tex/latex/graphics/trig.sty)
(/usr/share/texlive/texmf-dist/tex/latex/graphics-cfg/graphics.cfg)
(/usr/share/texlive/texmf-dist/tex/latex/graphics-def/xetex.def)))
(/usr/share/texlive/texmf-dist/tex/latex/graphics/color.sty
(/usr/share/texlive/texmf-dist/tex/latex/graphics-cfg/color.cfg)
(/usr/share/texlive/texmf-dist/tex/latex/graphics/mathcolor.ltx))
(/usr/share/texlive/texmf-dist/tex/latex/xurl/xurl.sty
(/usr/share/texlive/texmf-dist/tex/latex/url/url.sty))
(/usr/share/texlive/texmf-dist/tex/latex/hyperref/hyperref.sty
(/usr/share/texlive/texmf-dist/tex/latex/kvsetkeys/kvsetkeys.sty)
(/usr/share/texlive/texmf-dist/tex/generic/kvdefinekeys/kvdefinekeys.sty)
(/usr/share/texlive/texmf-dist/tex/generic/pdfescape/pdfescape.sty
(/usr/share/texlive/texmf-dist/tex/generic/ltxcmds/ltxcmds.sty)
(/usr/share/texlive/texmf-dist/tex/generic/pdftexcmds/pdftexcmds.sty
(/usr/share/texlive/texmf-dist/tex/generic/infwarerr/infwarerr.sty)))
(/usr/share/texlive/texmf-dist/tex/latex/hycolor/hycolor.sty)
(/usr/share/texlive/texmf-dist/tex/latex/hyperref/nameref.sty
(/usr/share/texlive/texmf-dist/tex/latex/refcount/refcount.sty)
(/usr/share/texlive/texmf-dist/tex/generic/gettitlestring/gettitlestring.sty
(/usr/share/texlive/texmf-dist/tex/latex/kvoptions/kvoptions.sty)))
(/usr/share/texlive/texmf-dist/tex/latex/etoolbox/etoolbox.sty)
(/usr/share/texlive/texmf-dist/tex/generic/stringenc/stringenc.sty)
(/usr/share/texlive/texmf-dist/tex/latex/hyperref/pd1enc.def)
(/usr/share/texlive/texmf-dist/tex/generic/intcalc/intcalc.sty)
(/usr/share/texlive/texmf-dist/tex/latex/hyperref/puenc.def)
(/usr/share/texlive/texmf-dist/tex/generic/bitset/bitset.sty
(/usr/share/texlive/texmf-dist/tex/generic/bigintcalc/bigintcalc.sty))
(/usr/share/texlive/texmf-dist/tex/latex/base/atbegshi-ltx.sty))
(/usr/share/texlive/texmf-dist/tex/latex/hyperref/hxetex.def
(/usr/share/texlive/texmf-dist/tex/latex/rerunfilecheck/rerunfilecheck.sty
(/usr/share/texlive/texmf-dist/tex/latex/base/atveryend-ltx.sty)
(/usr/share/texlive/texmf-dist/tex/generic/uniquecounter/uniquecounter.sty)))
(/usr/share/texlive/texmf-dist/tex/latex/enumitem/enumitem.sty)
No file 1769.aux.
*geometry* driver: auto-detecting
*geometry* detected driver: xetex

Package hyperref Warning: Rerun to get /PageLabels entry.

(/usr/share/texlive/texmf-dist/tex/latex/amsfonts/umsa.fd)
(/usr/share/texlive/texmf-dist/tex/latex/amsfonts/umsb.fd)

LaTeX Warning: Citation `L' on page 1 undefined on input line 134.


LaTeX Warning: Citation `Bl' on page 1 undefined on input line 134.


LaTeX Warning: Citation `L' on page 1 undefined on input line 134.


LaTeX Warning: Citation `NN' on page 1 undefined on input line 144.


[1]

LaTeX Warning: Reference `eq:N' on page 2 undefined on input line 157.


LaTeX Warning: Reference `lem;strongimpliesint' on page 2 undefined on input li
ne 169.


LaTeX Warning: Reference `lem;strongimpliesint' on page 2 undefined on input li
ne 226.


[2]

LaTeX Warning: Reference `eq:tanalg' on page 3 undefined on input line 241.


LaTeX Warning: Reference `eq:Nnabla' on page 3 undefined on input line 241.


LaTeX Warning: Reference `defn:strongint' on page 3 undefined on input line 242
.


LaTeX Warning: Reference `eq:misJantilinear' on page 3 undefined on input line 
245.


LaTeX Warning: Reference `lem;strongimpliesint' on page 3 undefined on input li
ne 263.


LaTeX Warning: Citation `S' on page 3 undefined on input line 280.


LaTeX Warning: Citation `McS' on page 3 undefined on input line 280.


[3]

LaTeX Warning: Reference `eq:Nnabla' on page 4 undefined on input line 294.


LaTeX Warning: Reference `cor:Jintcomm' on page 4 undefined on input line 326.


LaTeX Warning: Citation `L' on page 4 undefined on input line 335.


LaTeX Warning: Reference `lem:strongintequiv' on page 4 undefined on input line
 339.


[4]

LaTeX Warning: Citation `MS' on page 5 undefined on input line 352.


LaTeX Warning: Citation `K' on page 5 undefined on input line 394.


[5]

LaTeX Warning: Reference `thm;Pcanon' on page 6 undefined on input line 490.


[6]

LaTeX Warning: Reference `lem:strongintequiv' on page 7 undefined on input line
 492.


LaTeX Warning: Reference `eq;NablaSphere' on page 7 undefined on input line 492
.


LaTeX Warning: Reference `sec;grass' on page 7 undefined on input line 516.


LaTeX Warning: Reference `sec;grass' on page 7 undefined on input line 526.


[7]

LaTeX Warning: Reference `lem;Pcanonemb' on page 8 undefined on input line 577.



[8]

LaTeX Warning: Citation `L' on page 9 undefined on input line 637.


LaTeX Warning: Reference `eq;NablaSphere' on page 9 undefined on input line 637
.


LaTeX Warning: Reference `thm;delbarPperp' on page 9 undefined on input line 63
9.


LaTeX Warning: Reference `cor;noStrongJ' on page 9 undefined on input line 639.



LaTeX Warning: Citation `L' on page 9 undefined on input line 639.


[9]

LaTeX Warning: Reference `sec;grass' on page 10 undefined on input line 673.


LaTeX Warning: Reference `thm;Jintorth' on page 10 undefined on input line 708.



LaTeX Warning: Reference `thm;delbarPperp' on page 10 undefined on input line 7
13.


[10]
[11] (build/1769.aux)

LaTeX Warning: There were undefined references.


LaTeX Warning: Label(s) may have changed. Rerun to get cross-references right.


Package rerunfilecheck Warning: File `1769.out' has changed.
(rerunfilecheck)                Rerun to get outlines right
(rerunfilecheck)                or use package `bookmark'.

 )
Output written on build/1769.pdf (11 pages).
Transcript written on build/1769.log.
