This is XeTeX, Version 3.141592653-2.6-0.999996 (TeX Live 2025/dev/Debian) (preloaded format=xelatex)
entering extended mode
(./1785.tex
LaTeX2e <2024-11-01> patch level 2
L3 programming layer <2025-01-18>
(/usr/share/texlive/texmf-dist/tex/latex/base/article.cls
Document Class: article 2024/06/29 v1.4n Standard LaTeX document class
(/usr/share/texlive/texmf-dist/tex/latex/base/size11.clo))
(/usr/share/texlive/texmf-dist/tex/latex/geometry/geometry.sty
(/usr/share/texlive/texmf-dist/tex/latex/graphics/keyval.sty)
(/usr/share/texlive/texmf-dist/tex/generic/iftex/ifvtex.sty
(/usr/share/texlive/texmf-dist/tex/generic/iftex/iftex.sty)))
(/usr/share/texlive/texmf-dist/tex/latex/fontspec/fontspec.sty
(/usr/share/texlive/texmf-dist/tex/latex/l3packages/xparse/xparse.sty
(/usr/share/texlive/texmf-dist/tex/latex/l3kernel/expl3.sty
(/usr/share/texlive/texmf-dist/tex/latex/l3backend/l3backend-xetex.def)))
(/usr/share/texlive/texmf-dist/tex/latex/fontspec/fontspec-xetex.sty
(/usr/share/texlive/texmf-dist/tex/latex/base/fontenc.sty)
(/usr/share/texlive/texmf-dist/tex/latex/fontspec/fontspec.cfg)))
(/usr/share/texlive/texmf-dist/tex/latex/amsmath/amsmath.sty
For additional information on amsmath, use the `?' option.
(/usr/share/texlive/texmf-dist/tex/latex/amsmath/amstext.sty
(/usr/share/texlive/texmf-dist/tex/latex/amsmath/amsgen.sty))
(/usr/share/texlive/texmf-dist/tex/latex/amsmath/amsbsy.sty)
(/usr/share/texlive/texmf-dist/tex/latex/amsmath/amsopn.sty))
(/usr/share/texlive/texmf-dist/tex/latex/amsfonts/amssymb.sty
(/usr/share/texlive/texmf-dist/tex/latex/amsfonts/amsfonts.sty))
(/usr/share/texlive/texmf-dist/tex/latex/amscls/amsthm.sty)
(/usr/share/texlive/texmf-dist/tex/latex/amsmath/amscd.sty)
(/usr/share/texlive/texmf-dist/tex/latex/graphics/graphicx.sty
(/usr/share/texlive/texmf-dist/tex/latex/graphics/graphics.sty
(/usr/share/texlive/texmf-dist/tex/latex/graphics/trig.sty)
(/usr/share/texlive/texmf-dist/tex/latex/graphics-cfg/graphics.cfg)
(/usr/share/texlive/texmf-dist/tex/latex/graphics-def/xetex.def)))
(/usr/share/texlive/texmf-dist/tex/latex/graphics/color.sty
(/usr/share/texlive/texmf-dist/tex/latex/graphics-cfg/color.cfg)
(/usr/share/texlive/texmf-dist/tex/latex/graphics/mathcolor.ltx))
(/usr/share/texlive/texmf-dist/tex/latex/xurl/xurl.sty
(/usr/share/texlive/texmf-dist/tex/latex/url/url.sty))
(/usr/share/texlive/texmf-dist/tex/latex/hyperref/hyperref.sty
(/usr/share/texlive/texmf-dist/tex/latex/kvsetkeys/kvsetkeys.sty)
(/usr/share/texlive/texmf-dist/tex/generic/kvdefinekeys/kvdefinekeys.sty)
(/usr/share/texlive/texmf-dist/tex/generic/pdfescape/pdfescape.sty
(/usr/share/texlive/texmf-dist/tex/generic/ltxcmds/ltxcmds.sty)
(/usr/share/texlive/texmf-dist/tex/generic/pdftexcmds/pdftexcmds.sty
(/usr/share/texlive/texmf-dist/tex/generic/infwarerr/infwarerr.sty)))
(/usr/share/texlive/texmf-dist/tex/latex/hycolor/hycolor.sty)
(/usr/share/texlive/texmf-dist/tex/latex/hyperref/nameref.sty
(/usr/share/texlive/texmf-dist/tex/latex/refcount/refcount.sty)
(/usr/share/texlive/texmf-dist/tex/generic/gettitlestring/gettitlestring.sty
(/usr/share/texlive/texmf-dist/tex/latex/kvoptions/kvoptions.sty)))
(/usr/share/texlive/texmf-dist/tex/latex/etoolbox/etoolbox.sty)
(/usr/share/texlive/texmf-dist/tex/generic/stringenc/stringenc.sty)
(/usr/share/texlive/texmf-dist/tex/latex/hyperref/pd1enc.def)
(/usr/share/texlive/texmf-dist/tex/generic/intcalc/intcalc.sty)
(/usr/share/texlive/texmf-dist/tex/latex/hyperref/puenc.def)
(/usr/share/texlive/texmf-dist/tex/generic/bitset/bitset.sty
(/usr/share/texlive/texmf-dist/tex/generic/bigintcalc/bigintcalc.sty))
(/usr/share/texlive/texmf-dist/tex/latex/base/atbegshi-ltx.sty))
(/usr/share/texlive/texmf-dist/tex/latex/hyperref/hxetex.def
(/usr/share/texlive/texmf-dist/tex/latex/rerunfilecheck/rerunfilecheck.sty
(/usr/share/texlive/texmf-dist/tex/latex/base/atveryend-ltx.sty)
(/usr/share/texlive/texmf-dist/tex/generic/uniquecounter/uniquecounter.sty)))
(/usr/share/texlive/texmf-dist/tex/generic/xypic/xy.sty
(/usr/share/texlive/texmf-dist/tex/generic/xypic/xy.tex Bootstrap'ing:
catcodes, docmode, (/usr/share/texlive/texmf-dist/tex/generic/xypic/xyrecat.tex
) (/usr/share/texlive/texmf-dist/tex/generic/xypic/xyidioms.tex)

 Xy-pic version 3.8.9 <2013/10/06>
 Copyright (c) 1991-2013 by Kristoffer H. Rose <krisrose@tug.org> and others
 Xy-pic is free software: see the User's Guide for details.

Loading kernel: messages; fonts; allocations: state, direction,
utility macros; pictures: \xy, positions, objects, decorations;
kernel objects: directionals, circles, text; options; algorithms: directions,
edges, connections;  Xy-pic loaded)
(/usr/share/texlive/texmf-dist/tex/generic/iftex/ifpdf.sty)
(/usr/share/texlive/texmf-dist/tex/generic/xypic/xycmtip.tex
 Xy-pic option: Computer Modern tip extension v.3.7
(/usr/share/texlive/texmf-dist/tex/generic/xypic/xytips.tex
 Xy-pic option: More Tips extension v.3.11 loaded) loaded)
(/usr/share/texlive/texmf-dist/tex/generic/xypic/xyall.tex
 Xy-pic option: All features v.3.8
(/usr/share/texlive/texmf-dist/tex/generic/xypic/xycurve.tex
 Xy-pic option: Curve and Spline extension v.3.12 curve, circles, loaded)
(/usr/share/texlive/texmf-dist/tex/generic/xypic/xyframe.tex
 Xy-pic option: Frame and Bracket extension v.3.14 loaded)
(/usr/share/texlive/texmf-dist/tex/generic/xypic/xyline.tex
 Xy-pic option: Line styles extension v.3.10 loaded)
(/usr/share/texlive/texmf-dist/tex/generic/xypic/xyrotate.tex
 Xy-pic option: Rotate and Scale extension v.3.8 loaded)
(/usr/share/texlive/texmf-dist/tex/generic/xypic/xycolor.tex
 Xy-pic option: Colour extension v.3.11 loaded)
(/usr/share/texlive/texmf-dist/tex/generic/xypic/xymatrix.tex
 Xy-pic option: Matrix feature v.3.14 loaded)
(/usr/share/texlive/texmf-dist/tex/generic/xypic/xyarrow.tex
 Xy-pic option: Arrow and Path feature v.3.9 path, \ar, loaded)
(/usr/share/texlive/texmf-dist/tex/generic/xypic/xygraph.tex
 Xy-pic option: Graph feature v.3.11 loaded) loaded))
(/usr/share/texlive/texmf-dist/tex/latex/framed/framed.sty)
(/usr/share/texlive/texmf-dist/tex/latex/comment/comment.sty
Excluding comment 'comment')
(/usr/share/texlive/texmf-dist/tex/latex/needspace/needspace.sty)
No file 1785.aux.
*geometry* driver: auto-detecting
*geometry* detected driver: xetex

Package hyperref Warning: Rerun to get /PageLabels entry.

(/usr/share/texlive/texmf-dist/tex/latex/amsfonts/umsa.fd)
(/usr/share/texlive/texmf-dist/tex/latex/amsfonts/umsb.fd)
(/usr/share/texlive/texmf-dist/tex/latex/amsfonts/ueuf.fd)
[1]

LaTeX Warning: Reference `prop.path-red.span' on page 2 undefined on input line
 106.


LaTeX Warning: Citation `verlong' on page 2 undefined on input line 106.


LaTeX Warning: Reference `prop.path-red.span' on page 2 undefined on input line
 108.


LaTeX Warning: Citation `EscMes15' on page 2 undefined on input line 111.


LaTeX Warning: Citation `Meszar09' on page 2 undefined on input line 111.


LaTeX Warning: Citation `Meszar09' on page 2 undefined on input line 111.


LaTeX Warning: Citation `EscMes15' on page 2 undefined on input line 114.


LaTeX Warning: Reference `thm.t-red.unique' on page 2 undefined on input line 1
27.


LaTeX Warning: Reference `thm.t-red.unique' on page 2 undefined on input line 1
33.

<xymatrix 3x2 230> <xymatrix 3x2 230>
[2]

LaTeX Warning: Reference `prop.A.killsJ' on page 3 undefined on input line 141.



LaTeX Warning: Reference `prop.E.inj' on page 3 undefined on input line 143.


LaTeX Warning: Reference `cor.pathless.D' on page 3 undefined on input line 145
.


LaTeX Warning: Reference `thm.t-red.unique' on page 3 undefined on input line 1
48.


LaTeX Warning: Reference `thm.t-red.unique' on page 3 undefined on input line 1
49.


Package hyperref Warning: Token not allowed in a PDF string (Unicode):
(hyperref)                removing `math shift' on input line 151.


Package hyperref Warning: Token not allowed in a PDF string (Unicode):
(hyperref)                removing `math shift' on input line 151.


LaTeX Warning: Citation `MonKau13' on page 3 undefined on input line 153.


[3]
[4]

Package hyperref Warning: Token not allowed in a PDF string (Unicode):
(hyperref)                removing `math shift' on input line 229.


Package hyperref Warning: Token not allowed in a PDF string (Unicode):
(hyperref)                removing `\mskip' on input line 229.


Package hyperref Warning: Token not allowed in a PDF string (Unicode):
(hyperref)                removing `\mathpunct' on input line 229.


Package hyperref Warning: Token not allowed in a PDF string (Unicode):
(hyperref)                removing `\nonscript' on input line 229.


Package hyperref Warning: Token not allowed in a PDF string (Unicode):
(hyperref)                removing `\mkern' on input line 229.


Package hyperref Warning: Token not allowed in a PDF string (Unicode):
(hyperref)                removing `\thinmuskip' on input line 229.


Package hyperref Warning: Token not allowed in a PDF string (Unicode):
(hyperref)                removing `\mskip' on input line 229.


Package hyperref Warning: Token not allowed in a PDF string (Unicode):
(hyperref)                removing `\rightarrow' on input line 229.


Package hyperref Warning: Token not allowed in a PDF string (Unicode):
(hyperref)                removing `math shift' on input line 229.


LaTeX Warning: Citation `verlong' on page 5 undefined on input line 243.


Package hyperref Warning: Token not allowed in a PDF string (Unicode):
(hyperref)                removing `math shift' on input line 246.


Package hyperref Warning: Token not allowed in a PDF string (Unicode):
(hyperref)                removing `math shift' on input line 246.


Package hyperref Warning: Token not allowed in a PDF string (Unicode):
(hyperref)                removing `math shift' on input line 246.


Package hyperref Warning: Token not allowed in a PDF string (Unicode):
(hyperref)                removing `math shift' on input line 246.


Package hyperref Warning: Token not allowed in a PDF string (Unicode):
(hyperref)                removing `math shift' on input line 264.


Package hyperref Warning: Token not allowed in a PDF string (Unicode):
(hyperref)                removing `math shift' on input line 264.


Package hyperref Warning: Token not allowed in a PDF string (Unicode):
(hyperref)                removing `math shift' on input line 264.


Package hyperref Warning: Token not allowed in a PDF string (Unicode):
(hyperref)                removing `\mskip' on input line 264.


Package hyperref Warning: Token not allowed in a PDF string (Unicode):
(hyperref)                removing `\mathpunct' on input line 264.


Package hyperref Warning: Token not allowed in a PDF string (Unicode):
(hyperref)                removing `\nonscript' on input line 264.


Package hyperref Warning: Token not allowed in a PDF string (Unicode):
(hyperref)                removing `\mkern' on input line 264.


Package hyperref Warning: Token not allowed in a PDF string (Unicode):
(hyperref)                removing `\thinmuskip' on input line 264.


Package hyperref Warning: Token not allowed in a PDF string (Unicode):
(hyperref)                removing `\mskip' on input line 264.


Package hyperref Warning: Token not allowed in a PDF string (Unicode):
(hyperref)                removing `\rightarrow' on input line 264.


Package hyperref Warning: Token not allowed in a PDF string (Unicode):
(hyperref)                removing `math shift' on input line 264.


[5]

LaTeX Warning: Reference `eq.lem.B.wd1.eq' on page 6 undefined on input line 27
7.


LaTeX Warning: Reference `eq.lem.B.wd1.eq' on page 6 undefined on input line 27
9.


LaTeX Warning: Reference `eq.lem.B.wd1.eq' on page 6 undefined on input line 28
3.


LaTeX Warning: Reference `pf.lem.B.wd1.c=' on page 6 undefined on input line 31
0.


LaTeX Warning: Reference `pf.lem.B.wd1.bi=' on page 6 undefined on input line 3
23.


[6]

LaTeX Warning: Reference `eq.lem.B.wd1.eq' on page 7 undefined on input line 34
2.


LaTeX Warning: Reference `eq.lem.B.wd1.eq' on page 7 undefined on input line 34
2.


LaTeX Warning: Reference `lem.B.wd1' on page 7 undefined on input line 342.


LaTeX Warning: Reference `lem.B.wd1' on page 7 undefined on input line 352.


Package hyperref Warning: Token not allowed in a PDF string (Unicode):
(hyperref)                removing `math shift' on input line 359.


Package hyperref Warning: Token not allowed in a PDF string (Unicode):
(hyperref)                removing `math shift' on input line 359.


Package hyperref Warning: Token not allowed in a PDF string (Unicode):
(hyperref)                removing `math shift' on input line 359.


Package hyperref Warning: Token not allowed in a PDF string (Unicode):
(hyperref)                removing `\mskip' on input line 359.


Package hyperref Warning: Token not allowed in a PDF string (Unicode):
(hyperref)                removing `\mathpunct' on input line 359.


Package hyperref Warning: Token not allowed in a PDF string (Unicode):
(hyperref)                removing `\nonscript' on input line 359.


Package hyperref Warning: Token not allowed in a PDF string (Unicode):
(hyperref)                removing `\mkern' on input line 359.


Package hyperref Warning: Token not allowed in a PDF string (Unicode):
(hyperref)                removing `\thinmuskip' on input line 359.


Package hyperref Warning: Token not allowed in a PDF string (Unicode):
(hyperref)                removing `\mskip' on input line 359.


Package hyperref Warning: Token not allowed in a PDF string (Unicode):
(hyperref)                removing `superscript' on input line 359.


Package hyperref Warning: Token not allowed in a PDF string (Unicode):
(hyperref)                removing `\prime' on input line 359.


Package hyperref Warning: Token not allowed in a PDF string (Unicode):
(hyperref)                removing `\rightarrow' on input line 359.


Package hyperref Warning: Token not allowed in a PDF string (Unicode):
(hyperref)                removing `superscript' on input line 359.


Package hyperref Warning: Token not allowed in a PDF string (Unicode):
(hyperref)                removing `\prime' on input line 359.


Package hyperref Warning: Token not allowed in a PDF string (Unicode):
(hyperref)                removing `math shift' on input line 359.


[7]

LaTeX Warning: Reference `prop.E.inj' on page 8 undefined on input line 393.

<xymatrix 3x2 230> <xymatrix 3x2 230>

Package hyperref Warning: Token not allowed in a PDF string (Unicode):
(hyperref)                removing `math shift' on input line 406.


Package hyperref Warning: Token not allowed in a PDF string (Unicode):
(hyperref)                removing `math shift' on input line 406.


Package hyperref Warning: Token not allowed in a PDF string (Unicode):
(hyperref)                removing `math shift' on input line 406.


Package hyperref Warning: Token not allowed in a PDF string (Unicode):
(hyperref)                removing `math shift' on input line 406.


LaTeX Warning: Reference `eq.Q'.reindex' on page 8 undefined on input line 422.



[8]

LaTeX Warning: Reference `prop.pathless.BSwd' on page 9 undefined on input line
 438.


LaTeX Warning: Reference `def.Ssubset' on page 9 undefined on input line 461.


LaTeX Warning: Reference `eq.prop.pathless.BSwd.a.eq' on page 9 undefined on in
put line 465.


[9]

LaTeX Warning: Reference `prop.pathless.BSwd' on page 10 undefined on input lin
e 504.


LaTeX Warning: Reference `pf.prop.pathless.BSwd.b.cond' on page 10 undefined on
 input line 511.


LaTeX Warning: Reference `prop.pathless.BSwd' on page 10 undefined on input lin
e 520.


LaTeX Warning: Reference `prop.pathless.BSwd' on page 10 undefined on input lin
e 520.


LaTeX Warning: Reference `prop.pathless.BSwd' on page 10 undefined on input lin
e 528.


LaTeX Warning: Reference `prop.pathless.BSwd' on page 10 undefined on input lin
e 528.


LaTeX Warning: Reference `pf.prop.pathless.BSwd.b.cond' on page 10 undefined on
 input line 529.


LaTeX Warning: Reference `prop.pathless.BSwd' on page 10 undefined on input lin
e 529.

<xymatrix 3x2 298> <xymatrix 3x2 298>
[10] <xymatrix 3x2 298> <xymatrix 3x2 298>

LaTeX Warning: Reference `eq.prop.pathless.cd.1' on page 11 undefined on input 
line 555.

<xymatrix 2x2 182> <xymatrix 2x2 182>

LaTeX Warning: Reference `eq.prop.pathless.cd.2' on page 11 undefined on input 
line 563.


LaTeX Warning: Reference `eq.prop.pathless.cd.1' on page 11 undefined on input 
line 563.


LaTeX Warning: Reference `prop.pathless.BSwd' on page 11 undefined on input lin
e 572.


LaTeX Warning: Reference `eq.prop.pathless.cd.1' on page 11 undefined on input 
line 577.


LaTeX Warning: Reference `prop.pathless.cd' on page 11 undefined on input line 
577.


[11]

LaTeX Warning: Reference `prop.pathless.BS-alg' on page 12 undefined on input l
ine 594.


LaTeX Warning: Reference `prop.pathless.AB' on page 12 undefined on input line 
620.


LaTeX Warning: Reference `prop.pathless.S' on page 12 undefined on input line 6
38.


[12]

LaTeX Warning: Reference `prop.pathless.BS-alg' on page 13 undefined on input l
ine 642.


LaTeX Warning: Reference `prop.pathless.cd' on page 13 undefined on input line 
644.


LaTeX Warning: Reference `eq.prop.pathless.cd.2' on page 13 undefined on input 
line 644.


LaTeX Warning: Reference `prop.pathless.AB' on page 13 undefined on input line 
648.


LaTeX Warning: Reference `prop.pathless.S' on page 13 undefined on input line 6
52.


Package hyperref Warning: Token not allowed in a PDF string (Unicode):
(hyperref)                removing `math shift' on input line 655.


Package hyperref Warning: Token not allowed in a PDF string (Unicode):
(hyperref)                removing `\circ' on input line 655.


Package hyperref Warning: Token not allowed in a PDF string (Unicode):
(hyperref)                removing `\circ' on input line 655.


Package hyperref Warning: Token not allowed in a PDF string (Unicode):
(hyperref)                removing `math shift' on input line 655.


Package hyperref Warning: Token not allowed in a PDF string (Unicode):
(hyperref)                removing `math shift' on input line 655.


Package hyperref Warning: Token not allowed in a PDF string (Unicode):
(hyperref)                removing `math shift' on input line 655.


LaTeX Warning: Reference `prop.pathless.S' on page 13 undefined on input line 6
62.


LaTeX Warning: Reference `prop.pathless.S' on page 13 undefined on input line 6
64.


LaTeX Warning: Reference `eq.prop.pathless.cd.1' on page 13 undefined on input 
line 664.


LaTeX Warning: Reference `prop.pathless.cd' on page 13 undefined on input line 
664.


LaTeX Warning: Reference `cor.pathless.D' on page 13 undefined on input line 66
8.


LaTeX Warning: Reference `thm.t-red.unique' on page 13 undefined on input line 
671.


LaTeX Warning: Reference `prop.A.killsJ' on page 13 undefined on input line 676
.


LaTeX Warning: Reference `cor.pathless.D' on page 13 undefined on input line 67
6.


LaTeX Warning: Reference `prop.E.inj' on page 13 undefined on input line 680.


LaTeX Warning: Reference `lem.t-red.unique.0' on page 13 undefined on input lin
e 680.


LaTeX Warning: Reference `thm.t-red.unique' on page 13 undefined on input line 
683.


LaTeX Warning: Reference `thm.t-red.unique' on page 13 undefined on input line 
685.


LaTeX Warning: Reference `lem.t-red.unique.0' on page 13 undefined on input lin
e 687.


LaTeX Warning: Reference `thm.t-red.unique' on page 13 undefined on input line 
688.


[13]
[14] (build/1785.aux)

LaTeX Warning: There were undefined references.


LaTeX Warning: Label(s) may have changed. Rerun to get cross-references right.


Package rerunfilecheck Warning: File `1785.out' has changed.
(rerunfilecheck)                Rerun to get outlines right
(rerunfilecheck)                or use package `bookmark'.

 )
Output written on build/1785.pdf (14 pages).
Transcript written on build/1785.log.
