This is XeTeX, Version 3.141592653-2.6-0.999996 (TeX Live 2025/dev/Debian) (preloaded format=xelatex)
entering extended mode
(./1784.tex
LaTeX2e <2024-11-01> patch level 2
L3 programming layer <2025-01-18>
(/usr/share/texlive/texmf-dist/tex/latex/base/article.cls
Document Class: article 2024/06/29 v1.4n Standard LaTeX document class
(/usr/share/texlive/texmf-dist/tex/latex/base/size11.clo))
(/usr/share/texlive/texmf-dist/tex/latex/geometry/geometry.sty
(/usr/share/texlive/texmf-dist/tex/latex/graphics/keyval.sty)
(/usr/share/texlive/texmf-dist/tex/generic/iftex/ifvtex.sty
(/usr/share/texlive/texmf-dist/tex/generic/iftex/iftex.sty)))
(/usr/share/texlive/texmf-dist/tex/latex/fontspec/fontspec.sty
(/usr/share/texlive/texmf-dist/tex/latex/l3packages/xparse/xparse.sty
(/usr/share/texlive/texmf-dist/tex/latex/l3kernel/expl3.sty
(/usr/share/texlive/texmf-dist/tex/latex/l3backend/l3backend-xetex.def)))
(/usr/share/texlive/texmf-dist/tex/latex/fontspec/fontspec-xetex.sty
(/usr/share/texlive/texmf-dist/tex/latex/base/fontenc.sty)
(/usr/share/texlive/texmf-dist/tex/latex/fontspec/fontspec.cfg)))
(/usr/share/texlive/texmf-dist/tex/latex/amsmath/amsmath.sty
For additional information on amsmath, use the `?' option.
(/usr/share/texlive/texmf-dist/tex/latex/amsmath/amstext.sty
(/usr/share/texlive/texmf-dist/tex/latex/amsmath/amsgen.sty))
(/usr/share/texlive/texmf-dist/tex/latex/amsmath/amsbsy.sty)
(/usr/share/texlive/texmf-dist/tex/latex/amsmath/amsopn.sty))
(/usr/share/texlive/texmf-dist/tex/latex/amsfonts/amssymb.sty
(/usr/share/texlive/texmf-dist/tex/latex/amsfonts/amsfonts.sty))
(/usr/share/texlive/texmf-dist/tex/latex/amscls/amsthm.sty)
(/usr/share/texlive/texmf-dist/tex/latex/amsmath/amscd.sty)
(/usr/share/texlive/texmf-dist/tex/latex/graphics/graphicx.sty
(/usr/share/texlive/texmf-dist/tex/latex/graphics/graphics.sty
(/usr/share/texlive/texmf-dist/tex/latex/graphics/trig.sty)
(/usr/share/texlive/texmf-dist/tex/latex/graphics-cfg/graphics.cfg)
(/usr/share/texlive/texmf-dist/tex/latex/graphics-def/xetex.def)))
(/usr/share/texlive/texmf-dist/tex/latex/graphics/color.sty
(/usr/share/texlive/texmf-dist/tex/latex/graphics-cfg/color.cfg)
(/usr/share/texlive/texmf-dist/tex/latex/graphics/mathcolor.ltx))
(/usr/share/texlive/texmf-dist/tex/latex/xurl/xurl.sty
(/usr/share/texlive/texmf-dist/tex/latex/url/url.sty))
(/usr/share/texlive/texmf-dist/tex/latex/hyperref/hyperref.sty
(/usr/share/texlive/texmf-dist/tex/latex/kvsetkeys/kvsetkeys.sty)
(/usr/share/texlive/texmf-dist/tex/generic/kvdefinekeys/kvdefinekeys.sty)
(/usr/share/texlive/texmf-dist/tex/generic/pdfescape/pdfescape.sty
(/usr/share/texlive/texmf-dist/tex/generic/ltxcmds/ltxcmds.sty)
(/usr/share/texlive/texmf-dist/tex/generic/pdftexcmds/pdftexcmds.sty
(/usr/share/texlive/texmf-dist/tex/generic/infwarerr/infwarerr.sty)))
(/usr/share/texlive/texmf-dist/tex/latex/hycolor/hycolor.sty)
(/usr/share/texlive/texmf-dist/tex/latex/hyperref/nameref.sty
(/usr/share/texlive/texmf-dist/tex/latex/refcount/refcount.sty)
(/usr/share/texlive/texmf-dist/tex/generic/gettitlestring/gettitlestring.sty
(/usr/share/texlive/texmf-dist/tex/latex/kvoptions/kvoptions.sty)))
(/usr/share/texlive/texmf-dist/tex/latex/etoolbox/etoolbox.sty)
(/usr/share/texlive/texmf-dist/tex/generic/stringenc/stringenc.sty)
(/usr/share/texlive/texmf-dist/tex/latex/hyperref/pd1enc.def)
(/usr/share/texlive/texmf-dist/tex/generic/intcalc/intcalc.sty)
(/usr/share/texlive/texmf-dist/tex/latex/hyperref/puenc.def)
(/usr/share/texlive/texmf-dist/tex/generic/bitset/bitset.sty
(/usr/share/texlive/texmf-dist/tex/generic/bigintcalc/bigintcalc.sty))
(/usr/share/texlive/texmf-dist/tex/latex/base/atbegshi-ltx.sty))
(/usr/share/texlive/texmf-dist/tex/latex/hyperref/hxetex.def
(/usr/share/texlive/texmf-dist/tex/latex/rerunfilecheck/rerunfilecheck.sty
(/usr/share/texlive/texmf-dist/tex/latex/base/atveryend-ltx.sty)
(/usr/share/texlive/texmf-dist/tex/generic/uniquecounter/uniquecounter.sty)))
No file 1784.aux.
*geometry* driver: auto-detecting
*geometry* detected driver: xetex

Package hyperref Warning: Rerun to get /PageLabels entry.


Underfull \hbox (badness 1142) in paragraph at lines 45--45
\TU/LatinModernRoman(0)/m/n/10.95 with a smooth nondegenerate complex curve y^3
+x^4+lambda2*y*x^2+lambda5*y*x+lambda6*

Underfull \hbox (badness 1337) in paragraph at lines 45--45
\TU/LatinModernRoman(0)/m/n/10.95 x^2+lambda8*y+lambda9*x+lambda12=0, the exact
 first/second-kind differential basis3.2, local
(/usr/share/texlive/texmf-dist/tex/latex/amsfonts/umsa.fd)
(/usr/share/texlive/texmf-dist/tex/latex/amsfonts/umsb.fd)
[1]

LaTeX Warning: Citation `Hodge' on page 2 undefined on input line 68.


LaTeX Warning: Reference `ss:nsCurve' on page 2 undefined on input line 70.


Package hyperref Warning: Suppressing link with empty target on input line 70.

(/usr/share/texlive/texmf-dist/tex/latex/amsfonts/ueuf.fd)

LaTeX Warning: Reference `SecKInt' on page 2 undefined on input line 74.


LaTeX Warning: Citation `Whittaker' on page 2 undefined on input line 81.


LaTeX Warning: Citation `BakerAF' on page 2 undefined on input line 86.


LaTeX Warning: Citation `BL2005' on page 2 undefined on input line 90.


LaTeX Warning: Reference `SecKInt' on page 2 undefined on input line 90.


LaTeX Warning: Reference `SecKIntA' on page 2 undefined on input line 90.


[2]

LaTeX Warning: Reference `s:Prel' on page 3 undefined on input line 92.


LaTeX Warning: Reference `s:RegInt' on page 3 undefined on input line 92.


LaTeX Warning: Reference `SecKInt' on page 3 undefined on input line 92.


LaTeX Warning: Reference `s:Reg34' on page 3 undefined on input line 94.


LaTeX Warning: Reference `BLRC34' on page 3 undefined on input line 94.


Package hyperref Warning: Suppressing link with empty target on input line 94.


Package hyperref Warning: Token not allowed in a PDF string (Unicode):
(hyperref)                removing `math shift' on input line 112.


Package hyperref Warning: Token not allowed in a PDF string (Unicode):
(hyperref)                removing `math shift' on input line 112.


LaTeX Warning: Citation `BEL1999' on page 3 undefined on input line 113.


LaTeX Warning: Reference `nsCurve' on page 3 undefined on input line 119.


LaTeX Warning: Citation `BEL1999' on page 3 undefined on input line 119.


[3]

LaTeX Warning: Citation `BakerAF' on page 4 undefined on input line 130.


LaTeX Warning: Citation `EEL2000' on page 4 undefined on input line 130.


LaTeX Warning: Reference `PsiDef0' on page 4 undefined on input line 135.


LaTeX Warning: Reference `PsiDef' on page 4 undefined on input line 139.


LaTeX Warning: Reference `DiffAjst' on page 4 undefined on input line 143.


LaTeX Warning: Reference `R:SigmaDer' on page 4 undefined on input line 145.


LaTeX Warning: Citation `N2010' on page 4 undefined on input line 145.


LaTeX Warning: Citation `BL2004' on page 4 undefined on input line 145.


LaTeX Warning: Citation `BL2004' on page 4 undefined on input line 145.


LaTeX Warning: Citation `BL2008' on page 4 undefined on input line 145.


LaTeX Warning: Citation `BEL2012' on page 4 undefined on input line 145.


[4]

LaTeX Warning: Reference `IntReg' on page 5 undefined on input line 177.


LaTeX Warning: Reference `PsiFEq' on page 5 undefined on input line 177.


LaTeX Warning: Citation `BakerAF' on page 5 undefined on input line 181.


Package hyperref Warning: Token not allowed in a PDF string (Unicode):
(hyperref)                removing `math shift' on input line 183.


Package hyperref Warning: Token not allowed in a PDF string (Unicode):
(hyperref)                removing `subscript' on input line 183.


Package hyperref Warning: Token not allowed in a PDF string (Unicode):
(hyperref)                removing `math shift' on input line 183.


[5]

LaTeX Warning: Reference `IntReg' on page 6 undefined on input line 215.


LaTeX Warning: Reference `IntReg' on page 6 undefined on input line 221.


Package hyperref Warning: Suppressing link with empty target on input line 223.



Package hyperref Warning: Suppressing link with empty target on input line 223.



Package hyperref Warning: Token not allowed in a PDF string (Unicode):
(hyperref)                removing `math shift' on input line 225.


Package hyperref Warning: Token not allowed in a PDF string (Unicode):
(hyperref)                removing `math shift' on input line 225.


LaTeX Warning: Reference `IntReg' on page 6 undefined on input line 227.


LaTeX Warning: Reference `Diffs34' on page 6 undefined on input line 227.


[6]

LaTeX Warning: Citation `BL2005' on page 7 undefined on input line 260.


LaTeX Warning: Reference `PsiDef' on page 7 undefined on input line 281.


LaTeX Warning: Reference `L:PsiC34' on page 7 undefined on input line 287.


LaTeX Warning: Reference `C34Psisigma' on page 7 undefined on input line 287.


LaTeX Warning: Reference `C34Psi' on page 7 undefined on input line 287.


LaTeX Warning: Reference `C34const' on page 7 undefined on input line 291.


LaTeX Warning: Citation `BEL1999' on page 7 undefined on input line 294.


LaTeX Warning: Reference `C34Sigma' on page 7 undefined on input line 297.


LaTeX Warning: Reference `C34eq' on page 7 undefined on input line 297.


LaTeX Warning: Citation `BL2004' on page 7 undefined on input line 297.


LaTeX Warning: Citation `BL2008' on page 7 undefined on input line 297.


LaTeX Warning: Citation `EEMOP2007' on page 7 undefined on input line 297.


LaTeX Warning: Citation `EEMOP2007' on page 7 undefined on input line 297.


LaTeX Warning: Reference `C34Sigma' on page 7 undefined on input line 298.


[7]

LaTeX Warning: Reference `C34D1k' on page 8 undefined on input line 310.


LaTeX Warning: Reference `IntReg' on page 8 undefined on input line 310.


LaTeX Warning: Reference `wp1111RelC34' on page 8 undefined on input line 329.


LaTeX Warning: Citation `Eilb2011' on page 8 undefined on input line 344.


LaTeX Warning: Reference `C34eq' on page 8 undefined on input line 344.


LaTeX Warning: Reference `zetaC34' on page 8 undefined on input line 346.


LaTeX Warning: Reference `RelC34' on page 8 undefined on input line 367.


[8]

LaTeX Warning: Reference `R6RelC34' on page 9 undefined on input line 392.


LaTeX Warning: Reference `R7RelC34' on page 9 undefined on input line 395.


LaTeX Warning: Reference `EvenRel1C34' on page 9 undefined on input line 410.


LaTeX Warning: Reference `EvenRel2C34' on page 9 undefined on input line 410.


LaTeX Warning: Reference `wp111SqRelC34' on page 9 undefined on input line 410.



LaTeX Warning: Reference `wp1111RelC34' on page 9 undefined on input line 415.


LaTeX Warning: Reference `wp1112RelC34' on page 9 undefined on input line 417.


LaTeX Warning: Citation `BL2005' on page 9 undefined on input line 426.


LaTeX Warning: Reference `xyParamC34' on page 9 undefined on input line 430.


[9]

LaTeX Warning: Reference `C34WP4rel' on page 10 undefined on input line 442.


LaTeX Warning: Reference `C34const' on page 10 undefined on input line 442.


LaTeX Warning: Reference `BLRC34' on page 10 undefined on input line 445.


[10] (build/1784.aux)

LaTeX Warning: There were undefined references.


LaTeX Warning: Label(s) may have changed. Rerun to get cross-references right.


Package rerunfilecheck Warning: File `1784.out' has changed.
(rerunfilecheck)                Rerun to get outlines right
(rerunfilecheck)                or use package `bookmark'.

 )
(see the transcript file for additional information)
Output written on build/1784.pdf (10 pages).
Transcript written on build/1784.log.
