This is XeTeX, Version 3.141592653-2.6-0.999996 (TeX Live 2025/dev/Debian) (preloaded format=xelatex)
entering extended mode
(./1786.tex
LaTeX2e <2024-11-01> patch level 2
L3 programming layer <2025-01-18>
(/usr/share/texlive/texmf-dist/tex/latex/base/article.cls
Document Class: article 2024/06/29 v1.4n Standard LaTeX document class
(/usr/share/texlive/texmf-dist/tex/latex/base/size11.clo))
(/usr/share/texlive/texmf-dist/tex/latex/geometry/geometry.sty
(/usr/share/texlive/texmf-dist/tex/latex/graphics/keyval.sty)
(/usr/share/texlive/texmf-dist/tex/generic/iftex/ifvtex.sty
(/usr/share/texlive/texmf-dist/tex/generic/iftex/iftex.sty)))
(/usr/share/texlive/texmf-dist/tex/latex/fontspec/fontspec.sty
(/usr/share/texlive/texmf-dist/tex/latex/l3packages/xparse/xparse.sty
(/usr/share/texlive/texmf-dist/tex/latex/l3kernel/expl3.sty
(/usr/share/texlive/texmf-dist/tex/latex/l3backend/l3backend-xetex.def)))
(/usr/share/texlive/texmf-dist/tex/latex/fontspec/fontspec-xetex.sty
(/usr/share/texlive/texmf-dist/tex/latex/base/fontenc.sty)
(/usr/share/texlive/texmf-dist/tex/latex/fontspec/fontspec.cfg)))
(/usr/share/texlive/texmf-dist/tex/latex/amsmath/amsmath.sty
For additional information on amsmath, use the `?' option.
(/usr/share/texlive/texmf-dist/tex/latex/amsmath/amstext.sty
(/usr/share/texlive/texmf-dist/tex/latex/amsmath/amsgen.sty))
(/usr/share/texlive/texmf-dist/tex/latex/amsmath/amsbsy.sty)
(/usr/share/texlive/texmf-dist/tex/latex/amsmath/amsopn.sty))
(/usr/share/texlive/texmf-dist/tex/latex/amsfonts/amssymb.sty
(/usr/share/texlive/texmf-dist/tex/latex/amsfonts/amsfonts.sty))
(/usr/share/texlive/texmf-dist/tex/latex/amscls/amsthm.sty)
(/usr/share/texlive/texmf-dist/tex/latex/amsmath/amscd.sty)
(/usr/share/texlive/texmf-dist/tex/latex/graphics/graphicx.sty
(/usr/share/texlive/texmf-dist/tex/latex/graphics/graphics.sty
(/usr/share/texlive/texmf-dist/tex/latex/graphics/trig.sty)
(/usr/share/texlive/texmf-dist/tex/latex/graphics-cfg/graphics.cfg)
(/usr/share/texlive/texmf-dist/tex/latex/graphics-def/xetex.def)))
(/usr/share/texlive/texmf-dist/tex/latex/graphics/color.sty
(/usr/share/texlive/texmf-dist/tex/latex/graphics-cfg/color.cfg)
(/usr/share/texlive/texmf-dist/tex/latex/graphics/mathcolor.ltx))
(/usr/share/texlive/texmf-dist/tex/latex/xurl/xurl.sty
(/usr/share/texlive/texmf-dist/tex/latex/url/url.sty))
(/usr/share/texlive/texmf-dist/tex/latex/hyperref/hyperref.sty
(/usr/share/texlive/texmf-dist/tex/latex/kvsetkeys/kvsetkeys.sty)
(/usr/share/texlive/texmf-dist/tex/generic/kvdefinekeys/kvdefinekeys.sty)
(/usr/share/texlive/texmf-dist/tex/generic/pdfescape/pdfescape.sty
(/usr/share/texlive/texmf-dist/tex/generic/ltxcmds/ltxcmds.sty)
(/usr/share/texlive/texmf-dist/tex/generic/pdftexcmds/pdftexcmds.sty
(/usr/share/texlive/texmf-dist/tex/generic/infwarerr/infwarerr.sty)))
(/usr/share/texlive/texmf-dist/tex/latex/hycolor/hycolor.sty)
(/usr/share/texlive/texmf-dist/tex/latex/hyperref/nameref.sty
(/usr/share/texlive/texmf-dist/tex/latex/refcount/refcount.sty)
(/usr/share/texlive/texmf-dist/tex/generic/gettitlestring/gettitlestring.sty
(/usr/share/texlive/texmf-dist/tex/latex/kvoptions/kvoptions.sty)))
(/usr/share/texlive/texmf-dist/tex/latex/etoolbox/etoolbox.sty)
(/usr/share/texlive/texmf-dist/tex/generic/stringenc/stringenc.sty)
(/usr/share/texlive/texmf-dist/tex/latex/hyperref/pd1enc.def)
(/usr/share/texlive/texmf-dist/tex/generic/intcalc/intcalc.sty)
(/usr/share/texlive/texmf-dist/tex/latex/hyperref/puenc.def)
(/usr/share/texlive/texmf-dist/tex/generic/bitset/bitset.sty
(/usr/share/texlive/texmf-dist/tex/generic/bigintcalc/bigintcalc.sty))
(/usr/share/texlive/texmf-dist/tex/latex/base/atbegshi-ltx.sty))
(/usr/share/texlive/texmf-dist/tex/latex/hyperref/hxetex.def
(/usr/share/texlive/texmf-dist/tex/latex/rerunfilecheck/rerunfilecheck.sty
(/usr/share/texlive/texmf-dist/tex/latex/base/atveryend-ltx.sty)
(/usr/share/texlive/texmf-dist/tex/generic/uniquecounter/uniquecounter.sty)))
No file 1786.aux.
*geometry* driver: auto-detecting
*geometry* detected driver: xetex

Package hyperref Warning: Rerun to get /PageLabels entry.

(/usr/share/texlive/texmf-dist/tex/latex/amsfonts/umsa.fd)
(/usr/share/texlive/texmf-dist/tex/latex/amsfonts/umsb.fd)

LaTeX Warning: Citation `Bryant' on page 1 undefined on input line 97.


LaTeX Warning: Citation `BCG' on page 1 undefined on input line 97.


LaTeX Warning: Citation `Berger' on page 1 undefined on input line 99.


Underfull \hbox (badness 1221) in paragraph at lines 99--100
[]\TU/LatinModernRoman(0)/m/n/10.95 In the present paper, we consider $\OT1/cmr
/m/n/10.95 7$\TU/LatinModernRoman(0)/m/n/10.95 -dimensional pseudo-Riemannian m
anifolds $\OT1/cmr/m/n/10.95 (\OML/cmm/m/it/10.95 M; g\OT1/cmr/m/n/10.95 )$ \TU
/LatinModernRoman(0)/m/n/10.95 with

Underfull \hbox (badness 1377) in paragraph at lines 99--100
\TU/LatinModernRoman(0)/m/n/10.95 holonomy $\OML/cmm/m/it/10.95 H$ \TU/LatinMod
ernRoman(0)/m/n/10.95 contained in the non-compact subgroup $[] \OMS/cmsy/m/n/1
0.95 ^^Z []\OT1/cmr/m/n/10.95 (4\OML/cmm/m/it/10.95 ; \OT1/cmr/m/n/10.95 3)$\TU
/LatinModernRoman(0)/m/n/10.95 . This is the pseudo-

Underfull \hbox (badness 1264) in paragraph at lines 99--100
\TU/LatinModernRoman(0)/m/n/10.95 Riemannian analogue of a torsion-free $[][]$-
structure, which is well known from the holonomy

Underfull \hbox (badness 1231) in paragraph at lines 99--100
\TU/LatinModernRoman(0)/m/n/10.95 theory of Riemannian manifolds since $[][]$ i
s one of the groups on Berger’s list [[]]. While

Underfull \hbox (badness 1281) in paragraph at lines 99--100
\TU/LatinModernRoman(0)/m/n/10.95 torsion-free $[][]$-structures exist on Riema
nnian 7-manifolds, their pseudo-Riemannian analogues

Underfull \hbox (badness 1383) in paragraph at lines 99--100
\TU/LatinModernRoman(0)/m/n/10.95 free $[]$-structure on a pseudo-Riemannian ma
nifold M of signature $\OT1/cmr/m/n/10.95 (4\OML/cmm/m/it/10.95 ; \OT1/cmr/m/n/
10.95 3)$ \TU/LatinModernRoman(0)/m/n/10.95 can be understood

[1]

LaTeX Warning: Citation `ALN' on page 2 undefined on input line 101.


LaTeX Warning: Citation `CLSS' on page 2 undefined on input line 101.


LaTeX Warning: Citation `FL' on page 2 undefined on input line 101.


LaTeX Warning: Citation `GW' on page 2 undefined on input line 101.


LaTeX Warning: Citation `LP' on page 2 undefined on input line 101.


LaTeX Warning: Citation `W2' on page 2 undefined on input line 101.


LaTeX Warning: Citation `FK' on page 2 undefined on input line 103.

(/usr/share/texlive/texmf-dist/tex/latex/amsfonts/ueuf.fd)

Package amsfonts Warning: Obsolete command \frak; \mathfrak should be used inst
ead on input line 103.


LaTeX Warning: Citation `FK' on page 2 undefined on input line 103.


LaTeX Warning: Citation `FK' on page 2 undefined on input line 106.


LaTeX Warning: Citation `FK' on page 2 undefined on input line 106.


LaTeX Warning: Citation `FK' on page 2 undefined on input line 106.


LaTeX Warning: Citation `K' on page 2 undefined on input line 106.


LaTeX Warning: Citation `W' on page 2 undefined on input line 106.


Package hyperref Warning: Token not allowed in a PDF string (Unicode):
(hyperref)                removing `math shift' on input line 116.


Package hyperref Warning: Token not allowed in a PDF string (Unicode):
(hyperref)                removing `\mathop' on input line 116.


Package hyperref Warning: Token not allowed in a PDF string (Unicode):
(hyperref)                removing `subscript' on input line 116.


Package hyperref Warning: Token not allowed in a PDF string (Unicode):
(hyperref)                removing `superscript' on input line 116.


Package hyperref Warning: Token not allowed in a PDF string (Unicode):
(hyperref)                removing `math shift' on input line 116.


[2]

LaTeX Warning: Citation `FK' on page 3 undefined on input line 130.


LaTeX Warning: Reference `Eomega1' on page 3 undefined on input line 134.


LaTeX Warning: Reference `Eip1' on page 3 undefined on input line 134.


[3]

LaTeX Warning: Citation `HS' on page 4 undefined on input line 172.


LaTeX Warning: Citation `FK' on page 4 undefined on input line 189.


LaTeX Warning: Reference `T' on page 4 undefined on input line 212.


LaTeX Warning: Citation `FK' on page 4 undefined on input line 214.


[4]

LaTeX Warning: Citation `Bryant' on page 5 undefined on input line 216.


LaTeX Warning: Citation `AS' on page 5 undefined on input line 230.


LaTeX Warning: Reference `EhI' on page 5 undefined on input line 242.


[5]
[6]

LaTeX Warning: Reference `Ese' on page 7 undefined on input line 303.


LaTeX Warning: Reference `Eip' on page 7 undefined on input line 303.


LaTeX Warning: Reference `beg' on page 7 undefined on input line 303.


LaTeX Warning: Reference `end' on page 7 undefined on input line 303.


LaTeX Warning: Reference `Eip' on page 7 undefined on input line 305.


LaTeX Warning: Reference `beg' on page 7 undefined on input line 305.


LaTeX Warning: Reference `end' on page 7 undefined on input line 305.


LaTeX Warning: Reference `EhI' on page 7 undefined on input line 305.


[7]

LaTeX Warning: Reference `Es4' on page 8 undefined on input line 328.


LaTeX Warning: Reference `Eb1' on page 8 undefined on input line 328.


LaTeX Warning: Reference `Eb4a' on page 8 undefined on input line 328.


LaTeX Warning: Reference `Eb5' on page 8 undefined on input line 328.


LaTeX Warning: Reference `Eb10' on page 8 undefined on input line 328.


LaTeX Warning: Reference `Es3' on page 8 undefined on input line 328.


LaTeX Warning: Reference `Eb7' on page 8 undefined on input line 328.


LaTeX Warning: Reference `Eb7a' on page 8 undefined on input line 328.


LaTeX Warning: Reference `Es2' on page 8 undefined on input line 333.


LaTeX Warning: Reference `Es1' on page 8 undefined on input line 339.


LaTeX Warning: Reference `Eb1' on page 8 undefined on input line 343.


LaTeX Warning: Reference `Eb3p' on page 8 undefined on input line 343.


LaTeX Warning: Reference `Eb1p' on page 8 undefined on input line 343.


LaTeX Warning: Reference `Eb2' on page 8 undefined on input line 343.


LaTeX Warning: Reference `Eb3' on page 8 undefined on input line 343.


LaTeX Warning: Reference `Eb4' on page 8 undefined on input line 343.


LaTeX Warning: Reference `Eb6' on page 8 undefined on input line 343.


Underfull \hbox (badness 10000) in paragraph at lines 342--344
\TU/LatinModernRoman(0)/m/n/10.95 Using equation ([]), we see that ([])–([]) is
 equivalent to ([]), ([]), ([])

LaTeX Warning: Reference `Eb1' on page 8 undefined on input line 358.


LaTeX Warning: Reference `Eb10' on page 8 undefined on input line 358.


LaTeX Warning: Reference `Eip' on page 8 undefined on input line 358.


LaTeX Warning: Reference `Lg' on page 8 undefined on input line 358.


[8]

LaTeX Warning: Reference `EI2(b)' on page 9 undefined on input line 405.


LaTeX Warning: Reference `EI2(b)' on page 9 undefined on input line 405.


[9]

LaTeX Warning: Reference `EI2(b)' on page 10 undefined on input line 407.


LaTeX Warning: Reference `EI2(b)' on page 10 undefined on input line 407.


LaTeX Warning: Reference `EI2(b)' on page 10 undefined on input line 412.


LaTeX Warning: Reference `EI2(b)' on page 10 undefined on input line 417.


LaTeX Warning: Reference `Eip' on page 10 undefined on input line 425.


LaTeX Warning: Reference `Et2' on page 10 undefined on input line 442.


LaTeX Warning: Reference `Et4' on page 10 undefined on input line 442.


[10]

LaTeX Warning: Reference `Esysta' on page 11 undefined on input line 452.


LaTeX Warning: Reference `Esyste' on page 11 undefined on input line 452.


LaTeX Warning: Reference `Esysta' on page 11 undefined on input line 452.


LaTeX Warning: Reference `Esyst2' on page 11 undefined on input line 452.


LaTeX Warning: Reference `ENB' on page 11 undefined on input line 456.


LaTeX Warning: Reference `Esysta' on page 11 undefined on input line 456.


LaTeX Warning: Reference `Esyst2' on page 11 undefined on input line 456.


LaTeX Warning: Reference `Esyst3' on page 11 undefined on input line 456.


LaTeX Warning: Reference `Esyste' on page 11 undefined on input line 456.


LaTeX Warning: Reference `Esyst3' on page 11 undefined on input line 456.


LaTeX Warning: Reference `Esyste' on page 11 undefined on input line 456.


LaTeX Warning: Reference `Esysta' on page 11 undefined on input line 458.


LaTeX Warning: Reference `ENB' on page 11 undefined on input line 458.


LaTeX Warning: Reference `Esyst3' on page 11 undefined on input line 465.


LaTeX Warning: Reference `Esyste' on page 11 undefined on input line 465.


LaTeX Warning: Reference `Eb' on page 11 undefined on input line 468.


LaTeX Warning: Reference `Eip' on page 11 undefined on input line 468.


LaTeX Warning: Reference `Eip' on page 11 undefined on input line 468.


LaTeX Warning: Reference `34' on page 11 undefined on input line 468.


LaTeX Warning: Reference `ENB' on page 11 undefined on input line 468.


LaTeX Warning: Reference `34' on page 11 undefined on input line 468.


Package hyperref Warning: Token not allowed in a PDF string (Unicode):
(hyperref)                removing `math shift' on input line 483.


Package hyperref Warning: Token not allowed in a PDF string (Unicode):
(hyperref)                removing `math shift' on input line 483.


[11]

LaTeX Warning: Reference `EI2(c)' on page 12 undefined on input line 525.


LaTeX Warning: Reference `EI2(c)' on page 12 undefined on input line 525.


LaTeX Warning: Reference `EI2(c)' on page 12 undefined on input line 528.


LaTeX Warning: Reference `EI2(c)' on page 12 undefined on input line 529.


LaTeX Warning: Reference `EI2(c)' on page 12 undefined on input line 532.


[12]

LaTeX Warning: Reference `Lg' on page 13 undefined on input line 539.


LaTeX Warning: Reference `ED1' on page 13 undefined on input line 574.


LaTeX Warning: Reference `ED3' on page 13 undefined on input line 574.


LaTeX Warning: Reference `ED6' on page 13 undefined on input line 574.


LaTeX Warning: Reference `ED2' on page 13 undefined on input line 576.


LaTeX Warning: Reference `ED5' on page 13 undefined on input line 576.


LaTeX Warning: Reference `ED6' on page 13 undefined on input line 576.


LaTeX Warning: Reference `ED9' on page 13 undefined on input line 576.


LaTeX Warning: Reference `ED1' on page 13 undefined on input line 581.


LaTeX Warning: Reference `ED2' on page 13 undefined on input line 581.


LaTeX Warning: Reference `ED4' on page 13 undefined on input line 581.


LaTeX Warning: Reference `ED7' on page 13 undefined on input line 581.


[13]

LaTeX Warning: Reference `ED11' on page 14 undefined on input line 584.


LaTeX Warning: Reference `ED3' on page 14 undefined on input line 584.


LaTeX Warning: Reference `ED9' on page 14 undefined on input line 587.


LaTeX Warning: Reference `ED8' on page 14 undefined on input line 590.


LaTeX Warning: Reference `ED12' on page 14 undefined on input line 593.


LaTeX Warning: Reference `R35' on page 14 undefined on input line 597.


LaTeX Warning: Reference `P36' on page 14 undefined on input line 601.


LaTeX Warning: Reference `S3.2' on page 14 undefined on input line 601.


Package hyperref Warning: Token not allowed in a PDF string (Unicode):
(hyperref)                removing `math shift' on input line 606.


Package hyperref Warning: Token not allowed in a PDF string (Unicode):
(hyperref)                removing `math shift' on input line 606.


Package hyperref Warning: Token not allowed in a PDF string (Unicode):
(hyperref)                removing `math shift' on input line 606.


Package hyperref Warning: Token not allowed in a PDF string (Unicode):
(hyperref)                removing `math shift' on input line 606.


[14]

LaTeX Warning: Reference `EI2(c)i=1' on page 15 undefined on input line 646.


LaTeX Warning: Reference `EI2(c)i=1' on page 15 undefined on input line 652.


LaTeX Warning: Reference `Lg' on page 15 undefined on input line 657.


LaTeX Warning: Reference `ED1' on page 15 undefined on input line 665.


[15]

LaTeX Warning: Reference `ED1' on page 16 undefined on input line 683.


LaTeX Warning: Reference `ED2a' on page 16 undefined on input line 683.


LaTeX Warning: Reference `ED3a' on page 16 undefined on input line 683.


LaTeX Warning: Reference `R35' on page 16 undefined on input line 693.


LaTeX Warning: Reference `R38' on page 16 undefined on input line 693.


LaTeX Warning: Reference `Ex37' on page 16 undefined on input line 705.


Package hyperref Warning: Token not allowed in a PDF string (Unicode):
(hyperref)                removing `math shift' on input line 713.


Package hyperref Warning: Token not allowed in a PDF string (Unicode):
(hyperref)                removing `math shift' on input line 713.


[16]

LaTeX Warning: Reference `P2ci' on page 17 undefined on input line 751.


LaTeX Warning: Reference `P2ci' on page 17 undefined on input line 753.


LaTeX Warning: Reference `EI2(c)ij=1' on page 17 undefined on input line 753.


LaTeX Warning: Reference `EI2(c)ij=1' on page 17 undefined on input line 758.


LaTeX Warning: Reference `Lg' on page 17 undefined on input line 764.


[17]

LaTeX Warning: Reference `ED1b' on page 18 undefined on input line 787.


LaTeX Warning: Reference `E60' on page 18 undefined on input line 787.


LaTeX Warning: Reference `ED3b' on page 18 undefined on input line 787.


LaTeX Warning: Reference `E64' on page 18 undefined on input line 787.


LaTeX Warning: Reference `ED2b' on page 18 undefined on input line 791.


LaTeX Warning: Reference `E62' on page 18 undefined on input line 791.


LaTeX Warning: Reference `E67' on page 18 undefined on input line 791.


LaTeX Warning: Reference `E61' on page 18 undefined on input line 795.


LaTeX Warning: Reference `E65' on page 18 undefined on input line 795.


LaTeX Warning: Reference `E66' on page 18 undefined on input line 795.


LaTeX Warning: Reference `E1'' on page 18 undefined on input line 795.


LaTeX Warning: Reference `E*' on page 18 undefined on input line 795.


LaTeX Warning: Reference `E1'' on page 18 undefined on input line 795.


LaTeX Warning: Reference `E*' on page 18 undefined on input line 795.


LaTeX Warning: Reference `E66' on page 18 undefined on input line 795.


LaTeX Warning: Reference `E61' on page 18 undefined on input line 795.


LaTeX Warning: Reference `E65' on page 18 undefined on input line 795.


[18]

LaTeX Warning: Reference `EI3(b)' on page 19 undefined on input line 851.


LaTeX Warning: Reference `EI3(b)' on page 19 undefined on input line 851.


LaTeX Warning: Reference `EI3(b)' on page 19 undefined on input line 859.


LaTeX Warning: Reference `EI3(b)' on page 19 undefined on input line 864.


LaTeX Warning: Reference `EI3(b)' on page 19 undefined on input line 869.


LaTeX Warning: Reference `Eip' on page 19 undefined on input line 877.


LaTeX Warning: Reference `prop2.2' on page 19 undefined on input line 877.


LaTeX Warning: Reference `Esysta' on page 19 undefined on input line 877.


LaTeX Warning: Reference `Esyste' on page 19 undefined on input line 877.


[19]

Package hyperref Warning: Token not allowed in a PDF string (Unicode):
(hyperref)                removing `math shift' on input line 905.


Package hyperref Warning: Token not allowed in a PDF string (Unicode):
(hyperref)                removing `math shift' on input line 905.


LaTeX Warning: Reference `EI4(b)' on page 20 undefined on input line 941.


LaTeX Warning: Reference `Eip' on page 20 undefined on input line 950.


[20]

Package hyperref Warning: Token not allowed in a PDF string (Unicode):
(hyperref)                removing `math shift' on input line 978.


Package hyperref Warning: Token not allowed in a PDF string (Unicode):
(hyperref)                removing `math shift' on input line 978.


[21]

LaTeX Warning: Reference `EI4(b)j=1' on page 22 undefined on input line 1014.


LaTeX Warning: Reference `EI4(b)j=1' on page 22 undefined on input line 1014.


LaTeX Warning: Reference `EI4(b)j=1' on page 22 undefined on input line 1014.


LaTeX Warning: Reference `EI4(b)j=1' on page 22 undefined on input line 1021.


LaTeX Warning: Reference `Eip' on page 22 undefined on input line 1028.


[22]

Package hyperref Warning: Token not allowed in a PDF string (Unicode):
(hyperref)                removing `math shift' on input line 1062.


Package hyperref Warning: Token not allowed in a PDF string (Unicode):
(hyperref)                removing `math shift' on input line 1062.


LaTeX Warning: Reference `T' on page 23 undefined on input line 1063.


LaTeX Warning: Reference `Eb1' on page 23 undefined on input line 1065.


LaTeX Warning: Reference `Eb10' on page 23 undefined on input line 1065.


LaTeX Warning: Reference `S3.2' on page 23 undefined on input line 1065.


LaTeX Warning: Reference `S3.9' on page 23 undefined on input line 1065.


LaTeX Warning: Reference `T1' on page 23 undefined on input line 1067.


LaTeX Warning: Citation `FK' on page 23 undefined on input line 1094.


LaTeX Warning: Citation `FK' on page 23 undefined on input line 1094.


[23]
[24]
[25]
[26] (build/1786.aux)

LaTeX Warning: There were undefined references.


LaTeX Warning: Label(s) may have changed. Rerun to get cross-references right.


Package rerunfilecheck Warning: File `1786.out' has changed.
(rerunfilecheck)                Rerun to get outlines right
(rerunfilecheck)                or use package `bookmark'.

 )
(see the transcript file for additional information)
Output written on build/1786.pdf (26 pages).
Transcript written on build/1786.log.
