This is XeTeX, Version 3.141592653-2.6-0.999996 (TeX Live 2025/dev/Debian) (preloaded format=xelatex)
entering extended mode
(./1786.tex
LaTeX2e <2024-11-01> patch level 2
L3 programming layer <2025-01-18>
(/usr/share/texlive/texmf-dist/tex/latex/base/article.cls
Document Class: article 2024/06/29 v1.4n Standard LaTeX document class
(/usr/share/texlive/texmf-dist/tex/latex/base/size11.clo))
(/usr/share/texlive/texmf-dist/tex/latex/geometry/geometry.sty
(/usr/share/texlive/texmf-dist/tex/latex/graphics/keyval.sty)
(/usr/share/texlive/texmf-dist/tex/generic/iftex/ifvtex.sty
(/usr/share/texlive/texmf-dist/tex/generic/iftex/iftex.sty)))
(/usr/share/texlive/texmf-dist/tex/latex/fontspec/fontspec.sty
(/usr/share/texlive/texmf-dist/tex/latex/l3packages/xparse/xparse.sty
(/usr/share/texlive/texmf-dist/tex/latex/l3kernel/expl3.sty
(/usr/share/texlive/texmf-dist/tex/latex/l3backend/l3backend-xetex.def)))
(/usr/share/texlive/texmf-dist/tex/latex/fontspec/fontspec-xetex.sty
(/usr/share/texlive/texmf-dist/tex/latex/base/fontenc.sty)
(/usr/share/texlive/texmf-dist/tex/latex/fontspec/fontspec.cfg)))
(/usr/share/texlive/texmf-dist/tex/latex/amsmath/amsmath.sty
For additional information on amsmath, use the `?' option.
(/usr/share/texlive/texmf-dist/tex/latex/amsmath/amstext.sty
(/usr/share/texlive/texmf-dist/tex/latex/amsmath/amsgen.sty))
(/usr/share/texlive/texmf-dist/tex/latex/amsmath/amsbsy.sty)
(/usr/share/texlive/texmf-dist/tex/latex/amsmath/amsopn.sty))
(/usr/share/texlive/texmf-dist/tex/latex/amsfonts/amssymb.sty
(/usr/share/texlive/texmf-dist/tex/latex/amsfonts/amsfonts.sty))
(/usr/share/texlive/texmf-dist/tex/latex/amscls/amsthm.sty)
(/usr/share/texlive/texmf-dist/tex/latex/amsmath/amscd.sty)
(/usr/share/texlive/texmf-dist/tex/latex/graphics/graphicx.sty
(/usr/share/texlive/texmf-dist/tex/latex/graphics/graphics.sty
(/usr/share/texlive/texmf-dist/tex/latex/graphics/trig.sty)
(/usr/share/texlive/texmf-dist/tex/latex/graphics-cfg/graphics.cfg)
(/usr/share/texlive/texmf-dist/tex/latex/graphics-def/xetex.def)))
(/usr/share/texlive/texmf-dist/tex/latex/graphics/color.sty
(/usr/share/texlive/texmf-dist/tex/latex/graphics-cfg/color.cfg)
(/usr/share/texlive/texmf-dist/tex/latex/graphics/mathcolor.ltx))
(/usr/share/texlive/texmf-dist/tex/latex/xurl/xurl.sty
(/usr/share/texlive/texmf-dist/tex/latex/url/url.sty))
(/usr/share/texlive/texmf-dist/tex/latex/hyperref/hyperref.sty
(/usr/share/texlive/texmf-dist/tex/latex/kvsetkeys/kvsetkeys.sty)
(/usr/share/texlive/texmf-dist/tex/generic/kvdefinekeys/kvdefinekeys.sty)
(/usr/share/texlive/texmf-dist/tex/generic/pdfescape/pdfescape.sty
(/usr/share/texlive/texmf-dist/tex/generic/ltxcmds/ltxcmds.sty)
(/usr/share/texlive/texmf-dist/tex/generic/pdftexcmds/pdftexcmds.sty
(/usr/share/texlive/texmf-dist/tex/generic/infwarerr/infwarerr.sty)))
(/usr/share/texlive/texmf-dist/tex/latex/hycolor/hycolor.sty)
(/usr/share/texlive/texmf-dist/tex/latex/hyperref/nameref.sty
(/usr/share/texlive/texmf-dist/tex/latex/refcount/refcount.sty)
(/usr/share/texlive/texmf-dist/tex/generic/gettitlestring/gettitlestring.sty
(/usr/share/texlive/texmf-dist/tex/latex/kvoptions/kvoptions.sty)))
(/usr/share/texlive/texmf-dist/tex/latex/etoolbox/etoolbox.sty)
(/usr/share/texlive/texmf-dist/tex/generic/stringenc/stringenc.sty)
(/usr/share/texlive/texmf-dist/tex/latex/hyperref/pd1enc.def)
(/usr/share/texlive/texmf-dist/tex/generic/intcalc/intcalc.sty)
(/usr/share/texlive/texmf-dist/tex/latex/hyperref/puenc.def)
(/usr/share/texlive/texmf-dist/tex/generic/bitset/bitset.sty
(/usr/share/texlive/texmf-dist/tex/generic/bigintcalc/bigintcalc.sty))
(/usr/share/texlive/texmf-dist/tex/latex/base/atbegshi-ltx.sty))
(/usr/share/texlive/texmf-dist/tex/latex/hyperref/hxetex.def
(/usr/share/texlive/texmf-dist/tex/latex/rerunfilecheck/rerunfilecheck.sty
(/usr/share/texlive/texmf-dist/tex/latex/base/atveryend-ltx.sty)
(/usr/share/texlive/texmf-dist/tex/generic/uniquecounter/uniquecounter.sty)))
(build/1786.aux)
*geometry* driver: auto-detecting
*geometry* detected driver: xetex
(build/1786.out) (build/1786.out)
(/usr/share/texlive/texmf-dist/tex/latex/amsfonts/umsa.fd)
(/usr/share/texlive/texmf-dist/tex/latex/amsfonts/umsb.fd)
Underfull \hbox (badness 1221) in paragraph at lines 99--100
[]\TU/LatinModernRoman(0)/m/n/10.95 In the present paper, we consider $\OT1/cmr
/m/n/10.95 7$\TU/LatinModernRoman(0)/m/n/10.95 -dimensional pseudo-Riemannian m
anifolds $\OT1/cmr/m/n/10.95 (\OML/cmm/m/it/10.95 M; g\OT1/cmr/m/n/10.95 )$ \TU
/LatinModernRoman(0)/m/n/10.95 with

Underfull \hbox (badness 1377) in paragraph at lines 99--100
\TU/LatinModernRoman(0)/m/n/10.95 holonomy $\OML/cmm/m/it/10.95 H$ \TU/LatinMod
ernRoman(0)/m/n/10.95 contained in the non-compact subgroup $[] \OMS/cmsy/m/n/1
0.95 ^^Z []\OT1/cmr/m/n/10.95 (4\OML/cmm/m/it/10.95 ; \OT1/cmr/m/n/10.95 3)$\TU
/LatinModernRoman(0)/m/n/10.95 . This is the pseudo-

Underfull \hbox (badness 1264) in paragraph at lines 99--100
\TU/LatinModernRoman(0)/m/n/10.95 Riemannian analogue of a torsion-free $[][]$-
structure, which is well known from the holonomy

Underfull \hbox (badness 1259) in paragraph at lines 99--100
\TU/LatinModernRoman(0)/m/n/10.95 theory of Riemannian manifolds since $[][]$ i
s one of the groups on Berger’s list [[]]. While

Underfull \hbox (badness 1281) in paragraph at lines 99--100
\TU/LatinModernRoman(0)/m/n/10.95 torsion-free $[][]$-structures exist on Riema
nnian 7-manifolds, their pseudo-Riemannian analogues

Underfull \hbox (badness 1383) in paragraph at lines 99--100
\TU/LatinModernRoman(0)/m/n/10.95 free $[]$-structure on a pseudo-Riemannian ma
nifold M of signature $\OT1/cmr/m/n/10.95 (4\OML/cmm/m/it/10.95 ; \OT1/cmr/m/n/
10.95 3)$ \TU/LatinModernRoman(0)/m/n/10.95 can be understood

[1] (/usr/share/texlive/texmf-dist/tex/latex/amsfonts/ueuf.fd)

Package amsfonts Warning: Obsolete command \frak; \mathfrak should be used inst
ead on input line 103.


Package hyperref Warning: Token not allowed in a PDF string (Unicode):
(hyperref)                removing `math shift' on input line 116.


Package hyperref Warning: Token not allowed in a PDF string (Unicode):
(hyperref)                removing `\mathop' on input line 116.


Package hyperref Warning: Token not allowed in a PDF string (Unicode):
(hyperref)                removing `subscript' on input line 116.


Package hyperref Warning: Token not allowed in a PDF string (Unicode):
(hyperref)                removing `superscript' on input line 116.


Package hyperref Warning: Token not allowed in a PDF string (Unicode):
(hyperref)                removing `math shift' on input line 116.


[2]
[3]
[4]
[5]
[6]
[7]
Underfull \hbox (badness 6608) in paragraph at lines 342--344
\TU/LatinModernRoman(0)/m/n/10.95 Using equation ([]3.9[]), we see that ([]3.23
[])–([]3.28[]) is equivalent to ([]3.10[]), ([]3.11[]), ([]3.12[])

[8]
[9]
[10]

Package hyperref Warning: Token not allowed in a PDF string (Unicode):
(hyperref)                removing `math shift' on input line 483.


Package hyperref Warning: Token not allowed in a PDF string (Unicode):
(hyperref)                removing `math shift' on input line 483.


[11]
[12]
[13]

Package hyperref Warning: Token not allowed in a PDF string (Unicode):
(hyperref)                removing `math shift' on input line 606.


Package hyperref Warning: Token not allowed in a PDF string (Unicode):
(hyperref)                removing `math shift' on input line 606.


Package hyperref Warning: Token not allowed in a PDF string (Unicode):
(hyperref)                removing `math shift' on input line 606.


Package hyperref Warning: Token not allowed in a PDF string (Unicode):
(hyperref)                removing `math shift' on input line 606.


[14]
Underfull \hbox (badness 1038) in paragraph at lines 664--667
\TU/LatinModernRoman(0)/m/n/10.95 The equation $[] \OT1/cmr/m/n/10.95 = []\OML/
cmm/m/it/10.95 b[]\OT1/cmr/m/n/10.95 (\OMS/cmsy/m/n/10.95 r\OML/cmm/m/it/10.95 
b[]\OT1/cmr/m/n/10.95 ) = []\OML/cmm/m/it/10.95 b[]\OT1/cmr/m/n/10.95 (\OMS/cms
y/m/n/10.95 r\OML/cmm/m/it/10.95 b[]\OT1/cmr/m/n/10.95 ) = \OML/cmm/m/it/10.95 
b[]\OT1/cmr/m/n/10.95 (\OMS/cmsy/m/n/10.95 r\OML/cmm/m/it/10.95 b[]\OT1/cmr/m/n
/10.95 )$ \TU/LatinModernRoman(0)/m/n/10.95 is equivalent to ([]3.40[]). Furthe
rmore,

[15]

Package hyperref Warning: Token not allowed in a PDF string (Unicode):
(hyperref)                removing `math shift' on input line 713.


Package hyperref Warning: Token not allowed in a PDF string (Unicode):
(hyperref)                removing `math shift' on input line 713.


[16]
[17]
[18]
[19]

Package hyperref Warning: Token not allowed in a PDF string (Unicode):
(hyperref)                removing `math shift' on input line 905.


Package hyperref Warning: Token not allowed in a PDF string (Unicode):
(hyperref)                removing `math shift' on input line 905.


[20]

Package hyperref Warning: Token not allowed in a PDF string (Unicode):
(hyperref)                removing `math shift' on input line 978.


Package hyperref Warning: Token not allowed in a PDF string (Unicode):
(hyperref)                removing `math shift' on input line 978.


[21]
[22]

Package hyperref Warning: Token not allowed in a PDF string (Unicode):
(hyperref)                removing `math shift' on input line 1062.


Package hyperref Warning: Token not allowed in a PDF string (Unicode):
(hyperref)                removing `math shift' on input line 1062.


[23]
[24]
[25]
[26] (build/1786.aux) )
(see the transcript file for additional information)
Output written on build/1786.pdf (26 pages).
Transcript written on build/1786.log.
