This is XeTeX, Version 3.141592653-2.6-0.999996 (TeX Live 2025/dev/Debian) (preloaded format=xelatex)
entering extended mode
(./2015.tex
LaTeX2e <2024-11-01> patch level 2
L3 programming layer <2025-01-18>
(/usr/share/texlive/texmf-dist/tex/latex/base/article.cls
Document Class: article 2024/06/29 v1.4n Standard LaTeX document class
(/usr/share/texlive/texmf-dist/tex/latex/base/size11.clo))
(/usr/share/texlive/texmf-dist/tex/latex/geometry/geometry.sty
(/usr/share/texlive/texmf-dist/tex/latex/graphics/keyval.sty)
(/usr/share/texlive/texmf-dist/tex/generic/iftex/ifvtex.sty
(/usr/share/texlive/texmf-dist/tex/generic/iftex/iftex.sty)))
(/usr/share/texlive/texmf-dist/tex/latex/fontspec/fontspec.sty
(/usr/share/texlive/texmf-dist/tex/latex/l3packages/xparse/xparse.sty
(/usr/share/texlive/texmf-dist/tex/latex/l3kernel/expl3.sty
(/usr/share/texlive/texmf-dist/tex/latex/l3backend/l3backend-xetex.def)))
(/usr/share/texlive/texmf-dist/tex/latex/fontspec/fontspec-xetex.sty
(/usr/share/texlive/texmf-dist/tex/latex/base/fontenc.sty)
(/usr/share/texlive/texmf-dist/tex/latex/fontspec/fontspec.cfg)))
(/usr/share/texlive/texmf-dist/tex/latex/amsmath/amsmath.sty
For additional information on amsmath, use the `?' option.
(/usr/share/texlive/texmf-dist/tex/latex/amsmath/amstext.sty
(/usr/share/texlive/texmf-dist/tex/latex/amsmath/amsgen.sty))
(/usr/share/texlive/texmf-dist/tex/latex/amsmath/amsbsy.sty)
(/usr/share/texlive/texmf-dist/tex/latex/amsmath/amsopn.sty))
(/usr/share/texlive/texmf-dist/tex/latex/amsfonts/amssymb.sty
(/usr/share/texlive/texmf-dist/tex/latex/amsfonts/amsfonts.sty))
(/usr/share/texlive/texmf-dist/tex/latex/amscls/amsthm.sty)
(/usr/share/texlive/texmf-dist/tex/latex/amsmath/amscd.sty)
(/usr/share/texlive/texmf-dist/tex/latex/graphics/graphicx.sty
(/usr/share/texlive/texmf-dist/tex/latex/graphics/graphics.sty
(/usr/share/texlive/texmf-dist/tex/latex/graphics/trig.sty)
(/usr/share/texlive/texmf-dist/tex/latex/graphics-cfg/graphics.cfg)
(/usr/share/texlive/texmf-dist/tex/latex/graphics-def/xetex.def)))
(/usr/share/texlive/texmf-dist/tex/latex/graphics/color.sty
(/usr/share/texlive/texmf-dist/tex/latex/graphics-cfg/color.cfg)
(/usr/share/texlive/texmf-dist/tex/latex/graphics/mathcolor.ltx))
(/usr/share/texlive/texmf-dist/tex/latex/xurl/xurl.sty
(/usr/share/texlive/texmf-dist/tex/latex/url/url.sty))
(/usr/share/texlive/texmf-dist/tex/latex/hyperref/hyperref.sty
(/usr/share/texlive/texmf-dist/tex/latex/kvsetkeys/kvsetkeys.sty)
(/usr/share/texlive/texmf-dist/tex/generic/kvdefinekeys/kvdefinekeys.sty)
(/usr/share/texlive/texmf-dist/tex/generic/pdfescape/pdfescape.sty
(/usr/share/texlive/texmf-dist/tex/generic/ltxcmds/ltxcmds.sty)
(/usr/share/texlive/texmf-dist/tex/generic/pdftexcmds/pdftexcmds.sty
(/usr/share/texlive/texmf-dist/tex/generic/infwarerr/infwarerr.sty)))
(/usr/share/texlive/texmf-dist/tex/latex/hycolor/hycolor.sty)
(/usr/share/texlive/texmf-dist/tex/latex/hyperref/nameref.sty
(/usr/share/texlive/texmf-dist/tex/latex/refcount/refcount.sty)
(/usr/share/texlive/texmf-dist/tex/generic/gettitlestring/gettitlestring.sty
(/usr/share/texlive/texmf-dist/tex/latex/kvoptions/kvoptions.sty)))
(/usr/share/texlive/texmf-dist/tex/latex/etoolbox/etoolbox.sty)
(/usr/share/texlive/texmf-dist/tex/generic/stringenc/stringenc.sty)
(/usr/share/texlive/texmf-dist/tex/latex/hyperref/pd1enc.def)
(/usr/share/texlive/texmf-dist/tex/generic/intcalc/intcalc.sty)
(/usr/share/texlive/texmf-dist/tex/latex/hyperref/puenc.def)
(/usr/share/texlive/texmf-dist/tex/generic/bitset/bitset.sty
(/usr/share/texlive/texmf-dist/tex/generic/bigintcalc/bigintcalc.sty))
(/usr/share/texlive/texmf-dist/tex/latex/base/atbegshi-ltx.sty))
(/usr/share/texlive/texmf-dist/tex/latex/hyperref/hxetex.def
(/usr/share/texlive/texmf-dist/tex/latex/rerunfilecheck/rerunfilecheck.sty
(/usr/share/texlive/texmf-dist/tex/latex/base/atveryend-ltx.sty)
(/usr/share/texlive/texmf-dist/tex/generic/uniquecounter/uniquecounter.sty)))
No file 2015.aux.
*geometry* driver: auto-detecting
*geometry* detected driver: xetex

Package hyperref Warning: Rerun to get /PageLabels entry.


Underfull \hbox (badness 1902) in paragraph at lines 33--33
\TU/LatinModernRoman(0)/b/n/10.95 Selected task scope: \TU/LatinModernRoman(0)/
m/n/10.95 Full Theorem4.33 for compact connected simply-connected Real Lie
(/usr/share/texlive/texmf-dist/tex/latex/amsfonts/umsa.fd)
(/usr/share/texlive/texmf-dist/tex/latex/amsfonts/umsb.fd)

Package hyperref Warning: Token not allowed in a PDF string (Unicode):
(hyperref)                removing `math shift' on input line 54.


Package hyperref Warning: Token not allowed in a PDF string (Unicode):
(hyperref)                removing `math shift' on input line 54.


LaTeX Warning: Citation `At' on page 1 undefined on input line 68.


[1]

LaTeX Warning: Citation `Ho' on page 2 undefined on input line 85.


LaTeX Warning: Citation `Ho' on page 2 undefined on input line 100.


LaTeX Warning: Citation `BZ' on page 2 undefined on input line 121.


LaTeX Warning: Reference `-1_class' on page 2 undefined on input line 130.


LaTeX Warning: Citation `BZ' on page 2 undefined on input line 136.


LaTeX Warning: Reference `defdeltag' on page 2 undefined on input line 139.


LaTeX Warning: Citation `BZ' on page 2 undefined on input line 142.


LaTeX Warning: Citation `BZ' on page 2 undefined on input line 160.


LaTeX Warning: Reference `eqderivation' on page 2 undefined on input line 161.


LaTeX Warning: Reference `defdeltag' on page 2 undefined on input line 161.


LaTeX Warning: Reference `eqderivation' on page 2 undefined on input line 162.


LaTeX Warning: Citation `HL' on page 2 undefined on input line 164.


LaTeX Warning: Reference `hodgkin' on page 2 undefined on input line 167.


LaTeX Warning: Reference `eqderivation' on page 2 undefined on input line 167.


LaTeX Warning: Reference `eqleibniz' on page 2 undefined on input line 173.


LaTeX Warning: Reference `eqderivation' on page 2 undefined on input line 173.


LaTeX Warning: Reference `leibniz' on page 2 undefined on input line 173.


LaTeX Warning: Reference `noneqderivation' on page 2 undefined on input line 17
4.


[2]

LaTeX Warning: Citation `AS' on page 3 undefined on input line 181.


LaTeX Warning: Citation `Se' on page 3 undefined on input line 181.


LaTeX Warning: Citation `B' on page 3 undefined on input line 184.


LaTeX Warning: Citation `BtD' on page 3 undefined on input line 185.


LaTeX Warning: Citation `AS' on page 3 undefined on input line 209.


[3]

LaTeX Warning: Citation `B' on page 4 undefined on input line 299.


LaTeX Warning: Reference `realforgetfulinj' on page 4 undefined on input line 3
39.


LaTeX Warning: Reference `realrepclassification' on page 4 undefined on input l
ine 362.


[4]

LaTeX Warning: Reference `bilinearformtype' on page 5 undefined on input line 3
74.


LaTeX Warning: Reference `formclassification' on page 5 undefined on input line
 378.


LaTeX Warning: Reference `realrepclassification' on page 5 undefined on input l
ine 441.


LaTeX Warning: Reference `realrepclassification' on page 5 undefined on input l
ine 454.


LaTeX Warning: Reference `cplxrepclassification' on page 5 undefined on input l
ine 454.


LaTeX Warning: Reference `quatrepclassification' on page 5 undefined on input l
ine 455.


[5]

LaTeX Warning: Reference `realforgetfulinj' on page 6 undefined on input line 4
67.


LaTeX Warning: Reference `realrepclassification' on page 6 undefined on input l
ine 538.


LaTeX Warning: Reference `quatrepclassification' on page 6 undefined on input l
ine 538.


Package hyperref Warning: Token not allowed in a PDF string (Unicode):
(hyperref)                removing `math shift' on input line 543.


Package hyperref Warning: Token not allowed in a PDF string (Unicode):
(hyperref)                removing `math shift' on input line 543.


LaTeX Warning: Citation `At3' on page 6 undefined on input line 545.


[6]

LaTeX Warning: Citation `At3' on page 7 undefined on input line 593.


LaTeX Warning: Citation `At3' on page 7 undefined on input line 601.


[7]

LaTeX Warning: Citation `Se' on page 8 undefined on input line 637.


LaTeX Warning: Citation `Se' on page 8 undefined on input line 667.


LaTeX Warning: Citation `At3' on page 8 undefined on input line 668.


LaTeX Warning: Citation `Se' on page 8 undefined on input line 677.


LaTeX Warning: Citation `AS' on page 8 undefined on input line 708.


Package hyperref Warning: Token not allowed in a PDF string (Unicode):
(hyperref)                removing `math shift' on input line 715.


Package hyperref Warning: Token not allowed in a PDF string (Unicode):
(hyperref)                removing `math shift' on input line 715.


[8]

LaTeX Warning: Citation `Se' on page 9 undefined on input line 718.


LaTeX Warning: Reference `strthm' on page 9 undefined on input line 733.


LaTeX Warning: Reference `weakequivformality' on page 9 undefined on input line
 738.


LaTeX Warning: Reference `realequivformal' on page 9 undefined on input line 73
9.


LaTeX Warning: Reference `strthm' on page 9 undefined on input line 740.


LaTeX Warning: Reference `shiftbyfour' on page 9 undefined on input line 748.


LaTeX Warning: Citation `Se' on page 9 undefined on input line 751.


LaTeX Warning: Reference `betamap' on page 9 undefined on input line 752.


LaTeX Warning: Reference `-1_class' on page 9 undefined on input line 761.


LaTeX Warning: Citation `Se' on page 9 undefined on input line 775.


LaTeX Warning: Reference `strthm' on page 9 undefined on input line 787.


LaTeX Warning: Citation `Se' on page 9 undefined on input line 789.


[9]

LaTeX Warning: Reference `krprelim' on page 10 undefined on input line 862.


LaTeX Warning: Reference `krprelim' on page 10 undefined on input line 871.


LaTeX Warning: Reference `hodgkin' on page 10 undefined on input line 890.


LaTeX Warning: Reference `strthm' on page 10 undefined on input line 890.


LaTeX Warning: Reference `krtheorymodofg' on page 10 undefined on input line 90
2.


LaTeX Warning: Reference `krglooseend' on page 10 undefined on input line 902.


[10]

Package hyperref Warning: Token not allowed in a PDF string (Unicode):
(hyperref)                removing `math shift' on input line 926.


Package hyperref Warning: Token not allowed in a PDF string (Unicode):
(hyperref)                removing `subscript' on input line 926.


Package hyperref Warning: Token not allowed in a PDF string (Unicode):
(hyperref)                removing `superscript' on input line 926.


Package hyperref Warning: Token not allowed in a PDF string (Unicode):
(hyperref)                removing `\mathop' on input line 926.


Package hyperref Warning: Token not allowed in a PDF string (Unicode):
(hyperref)                removing `\mathcode' on input line 926.


Package hyperref Warning: Token not allowed in a PDF string (Unicode):
(hyperref)                removing `\mathcode' on input line 926.


Package hyperref Warning: Token not allowed in a PDF string (Unicode):
(hyperref)                removing `\mathcode' on input line 926.


Package hyperref Warning: Token not allowed in a PDF string (Unicode):
(hyperref)                removing `\Umathcharnumdef' on input line 926.


Package hyperref Warning: Token not allowed in a PDF string (Unicode):
(hyperref)                removing `\std@minus' on input line 926.


Package hyperref Warning: Token not allowed in a PDF string (Unicode):
(hyperref)                removing `\Umathcodenum' on input line 926.


Package hyperref Warning: Token not allowed in a PDF string (Unicode):
(hyperref)                removing `\mathcode' on input line 926.


Package hyperref Warning: Token not allowed in a PDF string (Unicode):
(hyperref)                removing `\mathcode' on input line 926.


Package hyperref Warning: Token not allowed in a PDF string (Unicode):
(hyperref)                removing `\mathcode' on input line 926.


Package hyperref Warning: Token not allowed in a PDF string (Unicode):
(hyperref)                removing `\leavevmode@ifvmode' on input line 926.


Package hyperref Warning: Token not allowed in a PDF string (Unicode):
(hyperref)                \kern 2.43306pt
(hyperref)                removed on input line 926.


Package hyperref Warning: Token not allowed in a PDF string (Unicode):
(hyperref)                removing `\mathgroup' on input line 926.


Package hyperref Warning: Token not allowed in a PDF string (Unicode):
(hyperref)                removing `\symoperators' on input line 926.


Package hyperref Warning: Token not allowed in a PDF string (Unicode):
(hyperref)                removing `\@ifnextchar' on input line 926.


Package hyperref Warning: Token not allowed in a PDF string (Unicode):
(hyperref)                removing `math shift' on input line 926.


LaTeX Warning: Citation `AS' on page 11 undefined on input line 930.


LaTeX Warning: Reference `realforgetfulinj' on page 11 undefined on input line 
936.


LaTeX Warning: Reference `quatforgetfulinj' on page 11 undefined on input line 
936.


LaTeX Warning: Reference `ASKRcomp' on page 11 undefined on input line 975.


LaTeX Warning: Reference `krprelim' on page 11 undefined on input line 991.


LaTeX Warning: Citation `AS' on page 11 undefined on input line 994.


LaTeX Warning: Reference `KR_G' on page 11 undefined on input line 1000.


LaTeX Warning: Reference `equivstrthm' on page 11 undefined on input line 1004.



[11]

Package hyperref Warning: Token not allowed in a PDF string (Unicode):
(hyperref)                removing `math shift' on input line 1009.


Package hyperref Warning: Token not allowed in a PDF string (Unicode):
(hyperref)                removing `math shift' on input line 1009.


LaTeX Warning: Reference `mainthm2' on page 12 undefined on input line 1013.


LaTeX Warning: Reference `equivstrthmg' on page 12 undefined on input line 1017
.


LaTeX Warning: Reference `krtheorymodofg' on page 12 undefined on input line 10
18.


LaTeX Warning: Reference `KR_G' on page 12 undefined on input line 1018.


LaTeX Warning: Reference `equivlift' on page 12 undefined on input line 1020.


LaTeX Warning: Reference `eqmodgenerators' on page 12 undefined on input line 1
021.


LaTeX Warning: Reference `equivstrthmg' on page 12 undefined on input line 1022
.


LaTeX Warning: Reference `cplxsquare' on page 12 undefined on input line 1023.


LaTeX Warning: Reference `realsigmasquare' on page 12 undefined on input line 1
054.


LaTeX Warning: Reference `quatsigmasquare' on page 12 undefined on input line 1
055.


LaTeX Warning: Reference `equivkrthysquaresigma' on page 12 undefined on input 
line 1055.


LaTeX Warning: Reference `realsigmasquare' on page 12 undefined on input line 1
057.


LaTeX Warning: Reference `quatsigmasquare' on page 12 undefined on input line 1
057.


LaTeX Warning: Reference `realsquare' on page 12 undefined on input line 1058.


LaTeX Warning: Reference `quatsquare' on page 12 undefined on input line 1058.


LaTeX Warning: Reference `equivkrthysquare' on page 12 undefined on input line 
1058.


LaTeX Warning: Reference `cplxsquare' on page 12 undefined on input line 1059.


LaTeX Warning: Reference `krprelim' on page 12 undefined on input line 1060.


LaTeX Warning: Reference `mainthm2' on page 12 undefined on input line 1061.


LaTeX Warning: Citation `Se' on page 12 undefined on input line 1066.


LaTeX Warning: Citation `BZ' on page 12 undefined on input line 1073.


[12]

LaTeX Warning: Citation `Se' on page 13 undefined on input line 1142.


LaTeX Warning: Reference `KR_G' on page 13 undefined on input line 1182.


LaTeX Warning: Reference `realequivformal' on page 13 undefined on input line 1
182.


[13]

LaTeX Warning: Reference `-1_class' on page 14 undefined on input line 1202.


LaTeX Warning: Citation `Se' on page 14 undefined on input line 1214.


LaTeX Warning: Reference `realequivlift' on page 14 undefined on input line 122
3.


LaTeX Warning: Reference `equivlift' on page 14 undefined on input line 1242.


LaTeX Warning: Reference `equivstrthm' on page 14 undefined on input line 1247.



LaTeX Warning: Reference `realequivlift' on page 14 undefined on input line 124
7.


LaTeX Warning: Reference `krtheorymodofg' on page 14 undefined on input line 12
49.


LaTeX Warning: Reference `equivstrthm' on page 14 undefined on input line 1249.



LaTeX Warning: Reference `KR_G' on page 14 undefined on input line 1250.


LaTeX Warning: Reference `strthm' on page 14 undefined on input line 1264.


LaTeX Warning: Reference `equivstrthm' on page 14 undefined on input line 1273.



LaTeX Warning: Citation `Se' on page 14 undefined on input line 1276.


LaTeX Warning: Reference `strthm' on page 14 undefined on input line 1289.


LaTeX Warning: Reference `equivstrthmg' on page 14 undefined on input line 1293
.


[14]

LaTeX Warning: Reference `equivlift' on page 15 undefined on input line 1307.


LaTeX Warning: Citation `At3' on page 15 undefined on input line 1311.


Package hyperref Warning: Token not allowed in a PDF string (Unicode):
(hyperref)                removing `math shift' on input line 1329.


Package hyperref Warning: Token not allowed in a PDF string (Unicode):
(hyperref)                removing `superscript' on input line 1329.


Package hyperref Warning: Token not allowed in a PDF string (Unicode):
(hyperref)                removing `subscript' on input line 1329.


Package hyperref Warning: Token not allowed in a PDF string (Unicode):
(hyperref)                removing `\sigma' on input line 1329.


Package hyperref Warning: Token not allowed in a PDF string (Unicode):
(hyperref)                removing `subscript' on input line 1329.


Package hyperref Warning: Token not allowed in a PDF string (Unicode):
(hyperref)                removing `\sigma' on input line 1329.


Package hyperref Warning: Token not allowed in a PDF string (Unicode):
(hyperref)                removing `subscript' on input line 1329.


Package hyperref Warning: Token not allowed in a PDF string (Unicode):
(hyperref)                removing `math shift' on input line 1329.


Underfull \hbox (badness 1629) in paragraph at lines 1337--1347
[][]\TU/LatinModernRoman(0)/b/n/10.95 Proposition 4.15. []$\OML/cmm/m/it/10.95 
^^[[]; \OMS/cmsy/m/n/10.95 ^[]\OML/cmm/m/it/10.95 ^^[[]; [] ; \OMS/cmsy/m/n/10.
95 ^[]\OML/cmm/m/it/10.95 ^^[[] \OMS/cmsy/m/n/10.95 2 \OML/cmm/m/it/10.95 RR\OT
1/cmr/m/n/10.95 (\OML/cmm/m/it/10.95 U\OT1/cmr/m/n/10.95 (\OML/cmm/m/it/10.95 n
\OT1/cmr/m/n/10.95 )\OML/cmm/m/it/10.95 ; ^^[[]; \U/msb/m/n/10.95 R\OT1/cmr/m/n
/10.95 )$\TU/LatinModernRoman(0)/m/it/10.95 , $\OMS/cmsy/m/n/10.95 ^[]\OML/cmm/
m/it/10.95 ^^[[] \OMS/cmsy/m/n/10.95 2 \OML/cmm/m/it/10.95 RR\OT1/cmr/m/n/10.95
 (\OML/cmm/m/it/10.95 U\OT1/cmr/m/n/10.95 (2\OML/cmm/m/it/10.95 m\OT1/cmr/m/n/1
0.95 )\OML/cmm/m/it/10.95 ; ^^[[]; \U/msb/m/n/10.95 R\OT1/cmr/m/n/10.95 )$ \TU/
LatinModernRoman(0)/m/it/10.95 and

LaTeX Warning: Reference `formclassification' on page 15 undefined on input lin
e 1358.


LaTeX Warning: Reference `realrepclassification' on page 15 undefined on input 
line 1387.


LaTeX Warning: Reference `formclassification' on page 15 undefined on input lin
e 1387.


LaTeX Warning: Reference `quatrepclassification' on page 15 undefined on input 
line 1387.


LaTeX Warning: Reference `equivstrthm' on page 15 undefined on input line 1404.



LaTeX Warning: Reference `spkrtheorymodofg' on page 15 undefined on input line 
1414.


LaTeX Warning: Reference `realrepunitary' on page 15 undefined on input line 14
14.


Underfull \hbox (badness 1142) in paragraph at lines 1404--1415
[]\TU/LatinModernRoman(0)/m/n/10.95 Theorem [] implies that, $\OML/cmm/m/it/10.
95 KR[]\OT1/cmr/m/n/10.95 (\OML/cmm/m/it/10.95 U\OT1/cmr/m/n/10.95 (\OML/cmm/m/
it/10.95 n\OT1/cmr/m/n/10.95 )\OML/cmm/m/it/10.95 ; ^^[[]\OT1/cmr/m/n/10.95 ) [
] \OML/cmm/m/it/10.95 RR\OT1/cmr/m/n/10.95 (\OML/cmm/m/it/10.95 U\OT1/cmr/m/n/1
0.95 (\OML/cmm/m/it/10.95 n\OT1/cmr/m/n/10.95 )\OML/cmm/m/it/10.95 ; ^^[[]\OT1/
cmr/m/n/10.95 ) \OMS/cmsy/m/n/10.95 
 \OML/cmm/m/it/10.95 KR[]\OT1/cmr/m/n/10.95 (\OML/cmm/m/it/10.95 U\OT1/cmr/m/n/
10.95 (\OML/cmm/m/it/10.95 n\OT1/cmr/m/n/10.95 )\OML/cmm/m/it/10.95 ; ^^[[]\OT1
/cmr/m/n/10.95 )$ \TU/LatinModernRoman(0)/m/n/10.95 and

[15]

LaTeX Warning: Reference `KR_G' on page 16 undefined on input line 1427.


LaTeX Warning: Citation `At4' on page 16 undefined on input line 1456.


LaTeX Warning: Reference `jacobian' on page 16 undefined on input line 1504.


LaTeX Warning: Reference `decomposition' on page 16 undefined on input line 150
4.


LaTeX Warning: Citation `At2' on page 16 undefined on input line 1504.


[16]

LaTeX Warning: Citation `HLS' on page 17 undefined on input line 1547.


LaTeX Warning: Reference `eqderivation' on page 17 undefined on input line 1548
.


LaTeX Warning: Reference `wedgeinj' on page 17 undefined on input line 1552.


LaTeX Warning: Reference `Atiyahindex' on page 17 undefined on input line 1555.



LaTeX Warning: Reference `equivstrthmg' on page 17 undefined on input line 1578
.


LaTeX Warning: Reference `ringinj' on page 17 undefined on input line 1582.


LaTeX Warning: Reference `twotorsioninj' on page 17 undefined on input line 158
2.


LaTeX Warning: Reference `ringinj' on page 17 undefined on input line 1583.


LaTeX Warning: Reference `Atiyahindex' on page 17 undefined on input line 1583.



LaTeX Warning: Reference `twotorsioninj' on page 17 undefined on input line 158
4.


LaTeX Warning: Citation `At' on page 17 undefined on input line 1598.


LaTeX Warning: Reference `strthm' on page 17 undefined on input line 1604.


[17]

LaTeX Warning: Reference `equivstrthm' on page 18 undefined on input line 1618.



LaTeX Warning: Reference `realrepunitary' on page 18 undefined on input line 16
20.


LaTeX Warning: Citation `P' on page 18 undefined on input line 1655.


LaTeX Warning: Reference `KR_G' on page 18 undefined on input line 1655.


LaTeX Warning: Reference `quatring' on page 18 undefined on input line 1655.


LaTeX Warning: Reference `equivstrthm' on page 18 undefined on input line 1661.



Underfull \hbox (badness 1009) in paragraph at lines 1670--1677
[][]\TU/LatinModernRoman(0)/b/n/10.95 Remark 4.26. []$\OML/cmm/m/it/10.95 KR[]\
OT1/cmr/m/n/10.95 (\OML/cmm/m/it/10.95 U\OT1/cmr/m/n/10.95 (2\OML/cmm/m/it/10.9
5 m\OT1/cmr/m/n/10.95 )/\OML/cmm/m/it/10.95 T \OMS/cmsy/m/n/10.95 ^^B \OML/cmm/
m/it/10.95 T; ^^[[] \OMS/cmsy/m/n/10.95 ^^B \OML/cmm/m/it/10.95 ^^[[]\OT1/cmr/m
/n/10.95 )$ \TU/LatinModernRoman(0)/m/n/10.95 is isomorphic to $\OML/cmm/m/it/1
0.95 K[]\OT1/cmr/m/n/10.95 (\OML/cmm/m/it/10.95 T\OT1/cmr/m/n/10.95 ) \OMS/cmsy
/m/n/10.95 
 \OML/cmm/m/it/10.95 KR[]\OT1/cmr/m/n/10.95 ([])$ \TU/LatinModernRoman(0)/m/n/1
0.95 and

LaTeX Warning: Reference `ungradediso' on page 18 undefined on input line 1683.



LaTeX Warning: Reference `ungradedisoh' on page 18 undefined on input line 1683
.


LaTeX Warning: Reference `pginjective' on page 18 undefined on input line 1695.



Underfull \hbox (badness 1259) in paragraph at lines 1700--1707
[][]\TU/LatinModernRoman(0)/b/n/10.95 Lemma 4.28. []$\OML/cmm/m/it/10.95 KR[]\O
T1/cmr/m/n/10.95 (\OML/cmm/m/it/10.95 T; ^^[[]\OT1/cmr/m/n/10.95 )$ \TU/LatinMo
dernRoman(0)/m/it/10.95 is isomorphic to the exterior algebra over $\OML/cmm/m/
it/10.95 KR[]\OT1/cmr/m/n/10.95 ([])$ \TU/LatinModernRoman(0)/m/it/10.95 genera
ted by

LaTeX Warning: Reference `spkrtheorymodofg' on page 18 undefined on input line 
1711.


LaTeX Warning: Citation `Se' on page 18 undefined on input line 1712.


LaTeX Warning: Reference `pginjective' on page 18 undefined on input line 1734.



LaTeX Warning: Reference `qginjective' on page 18 undefined on input line 1734.



[18]

LaTeX Warning: Reference `eqkrthytorus' on page 19 undefined on input line 1757
.


LaTeX Warning: Reference `eqkrthytorus' on page 19 undefined on input line 1757
.


LaTeX Warning: Reference `pginjective' on page 19 undefined on input line 1784.



LaTeX Warning: Reference `equivkrthysquaresigma' on page 19 undefined on input 
line 1815.


LaTeX Warning: Citation `BZ' on page 19 undefined on input line 1827.


LaTeX Warning: Reference `defdeltag' on page 19 undefined on input line 1829.


[19]

LaTeX Warning: Citation `FH' on page 20 undefined on input line 1870.


LaTeX Warning: Reference `eqderivative' on page 20 undefined on input line 1881
.


LaTeX Warning: Reference `equivstrthmg' on page 20 undefined on input line 1901
.


LaTeX Warning: Reference `eqmodgenerators' on page 20 undefined on input line 1
910.


LaTeX Warning: Reference `cplxsquare' on page 20 undefined on input line 1941.


LaTeX Warning: Reference `cplxsquare' on page 20 undefined on input line 1941.


[20]

LaTeX Warning: Reference `krprelim' on page 21 undefined on input line 1942.


LaTeX Warning: Reference `equivkrthysquare' on page 21 undefined on input line 
1961.


LaTeX Warning: Reference `equivkrthysquare' on page 21 undefined on input line 
1961.


LaTeX Warning: Reference `eqderivative' on page 21 undefined on input line 1964
.


LaTeX Warning: Reference `cplxrel1' on page 21 undefined on input line 1968.


LaTeX Warning: Reference `cplxrel2' on page 21 undefined on input line 1968.


LaTeX Warning: Reference `krglooseend' on page 21 undefined on input line 1969.



LaTeX Warning: Reference `krprelim' on page 21 undefined on input line 1969.


LaTeX Warning: Reference `cplxeqsquare' on page 21 undefined on input line 1969
.


[21] (build/2015.aux)

LaTeX Warning: There were undefined references.


LaTeX Warning: Label(s) may have changed. Rerun to get cross-references right.


Package rerunfilecheck Warning: File `2015.out' has changed.
(rerunfilecheck)                Rerun to get outlines right
(rerunfilecheck)                or use package `bookmark'.

 )
(see the transcript file for additional information)
Output written on build/2015.pdf (21 pages).
Transcript written on build/2015.log.
