This is XeTeX, Version 3.141592653-2.6-0.999996 (TeX Live 2025/dev/Debian) (preloaded format=xelatex)
entering extended mode
(./1887.tex
LaTeX2e <2024-11-01> patch level 2
L3 programming layer <2025-01-18>
(/usr/share/texlive/texmf-dist/tex/latex/base/article.cls
Document Class: article 2024/06/29 v1.4n Standard LaTeX document class
(/usr/share/texlive/texmf-dist/tex/latex/base/size11.clo))
(/usr/share/texlive/texmf-dist/tex/latex/geometry/geometry.sty
(/usr/share/texlive/texmf-dist/tex/latex/graphics/keyval.sty)
(/usr/share/texlive/texmf-dist/tex/generic/iftex/ifvtex.sty
(/usr/share/texlive/texmf-dist/tex/generic/iftex/iftex.sty)))
(/usr/share/texlive/texmf-dist/tex/latex/fontspec/fontspec.sty
(/usr/share/texlive/texmf-dist/tex/latex/l3packages/xparse/xparse.sty
(/usr/share/texlive/texmf-dist/tex/latex/l3kernel/expl3.sty
(/usr/share/texlive/texmf-dist/tex/latex/l3backend/l3backend-xetex.def)))
(/usr/share/texlive/texmf-dist/tex/latex/fontspec/fontspec-xetex.sty
(/usr/share/texlive/texmf-dist/tex/latex/base/fontenc.sty)
(/usr/share/texlive/texmf-dist/tex/latex/fontspec/fontspec.cfg)))
(/usr/share/texlive/texmf-dist/tex/latex/amsmath/amsmath.sty
For additional information on amsmath, use the `?' option.
(/usr/share/texlive/texmf-dist/tex/latex/amsmath/amstext.sty
(/usr/share/texlive/texmf-dist/tex/latex/amsmath/amsgen.sty))
(/usr/share/texlive/texmf-dist/tex/latex/amsmath/amsbsy.sty)
(/usr/share/texlive/texmf-dist/tex/latex/amsmath/amsopn.sty))
(/usr/share/texlive/texmf-dist/tex/latex/amsfonts/amssymb.sty
(/usr/share/texlive/texmf-dist/tex/latex/amsfonts/amsfonts.sty))
(/usr/share/texlive/texmf-dist/tex/latex/amscls/amsthm.sty)
(/usr/share/texlive/texmf-dist/tex/latex/amsmath/amscd.sty)
(/usr/share/texlive/texmf-dist/tex/latex/graphics/graphicx.sty
(/usr/share/texlive/texmf-dist/tex/latex/graphics/graphics.sty
(/usr/share/texlive/texmf-dist/tex/latex/graphics/trig.sty)
(/usr/share/texlive/texmf-dist/tex/latex/graphics-cfg/graphics.cfg)
(/usr/share/texlive/texmf-dist/tex/latex/graphics-def/xetex.def)))
(/usr/share/texlive/texmf-dist/tex/latex/graphics/color.sty
(/usr/share/texlive/texmf-dist/tex/latex/graphics-cfg/color.cfg)
(/usr/share/texlive/texmf-dist/tex/latex/graphics/mathcolor.ltx))
(/usr/share/texlive/texmf-dist/tex/latex/xurl/xurl.sty
(/usr/share/texlive/texmf-dist/tex/latex/url/url.sty))
(/usr/share/texlive/texmf-dist/tex/latex/hyperref/hyperref.sty
(/usr/share/texlive/texmf-dist/tex/latex/kvsetkeys/kvsetkeys.sty)
(/usr/share/texlive/texmf-dist/tex/generic/kvdefinekeys/kvdefinekeys.sty)
(/usr/share/texlive/texmf-dist/tex/generic/pdfescape/pdfescape.sty
(/usr/share/texlive/texmf-dist/tex/generic/ltxcmds/ltxcmds.sty)
(/usr/share/texlive/texmf-dist/tex/generic/pdftexcmds/pdftexcmds.sty
(/usr/share/texlive/texmf-dist/tex/generic/infwarerr/infwarerr.sty)))
(/usr/share/texlive/texmf-dist/tex/latex/hycolor/hycolor.sty)
(/usr/share/texlive/texmf-dist/tex/latex/hyperref/nameref.sty
(/usr/share/texlive/texmf-dist/tex/latex/refcount/refcount.sty)
(/usr/share/texlive/texmf-dist/tex/generic/gettitlestring/gettitlestring.sty
(/usr/share/texlive/texmf-dist/tex/latex/kvoptions/kvoptions.sty)))
(/usr/share/texlive/texmf-dist/tex/latex/etoolbox/etoolbox.sty)
(/usr/share/texlive/texmf-dist/tex/generic/stringenc/stringenc.sty)
(/usr/share/texlive/texmf-dist/tex/latex/hyperref/pd1enc.def)
(/usr/share/texlive/texmf-dist/tex/generic/intcalc/intcalc.sty)
(/usr/share/texlive/texmf-dist/tex/latex/hyperref/puenc.def)
(/usr/share/texlive/texmf-dist/tex/generic/bitset/bitset.sty
(/usr/share/texlive/texmf-dist/tex/generic/bigintcalc/bigintcalc.sty))
(/usr/share/texlive/texmf-dist/tex/latex/base/atbegshi-ltx.sty))
(/usr/share/texlive/texmf-dist/tex/latex/hyperref/hxetex.def
(/usr/share/texlive/texmf-dist/tex/latex/rerunfilecheck/rerunfilecheck.sty
(/usr/share/texlive/texmf-dist/tex/latex/base/atveryend-ltx.sty)
(/usr/share/texlive/texmf-dist/tex/generic/uniquecounter/uniquecounter.sty)))
No file 1887.aux.
*geometry* driver: auto-detecting
*geometry* detected driver: xetex

Package hyperref Warning: Rerun to get /PageLabels entry.

(/usr/share/texlive/texmf-dist/tex/latex/amsfonts/umsa.fd)
(/usr/share/texlive/texmf-dist/tex/latex/amsfonts/umsb.fd)
[1]

LaTeX Warning: Reference `f1_20' on page 2 undefined on input line 70.

(/usr/share/texlive/texmf-dist/tex/latex/amsfonts/ueuf.fd)

LaTeX Warning: Citation `cit_95000_Z' on page 2 undefined on input line 94.


[2]

LaTeX Warning: Reference `f3_60' on page 3 undefined on input line 103.


LaTeX Warning: Citation `cit_95000_Z' on page 3 undefined on input line 109.


LaTeX Warning: Citation `cit_95000_Z' on page 3 undefined on input line 129.


LaTeX Warning: Reference `f3_130' on page 3 undefined on input line 129.


[3]

LaTeX Warning: Reference `f3_120' on page 4 undefined on input line 149.


LaTeX Warning: Reference `ff1_7' on page 4 undefined on input line 153.


LaTeX Warning: Reference `ff1_7_0' on page 4 undefined on input line 178.


LaTeX Warning: Reference `ff1_7_0_1' on page 4 undefined on input line 178.


[4]

LaTeX Warning: Reference `f3_130' on page 5 undefined on input line 195.


LaTeX Warning: Reference `f3_140' on page 5 undefined on input line 195.


LaTeX Warning: Reference `f3_150' on page 5 undefined on input line 195.


LaTeX Warning: Reference `ff1_7_1' on page 5 undefined on input line 195.


LaTeX Warning: Reference `ll2_1' on page 5 undefined on input line 221.


LaTeX Warning: Reference `f3_110' on page 5 undefined on input line 221.


LaTeX Warning: Reference `ff2_10' on page 5 undefined on input line 221.


LaTeX Warning: Reference `ff2_12' on page 5 undefined on input line 223.


LaTeX Warning: Reference `ff2_12' on page 5 undefined on input line 223.


LaTeX Warning: Reference `ff2_12' on page 5 undefined on input line 223.


LaTeX Warning: Reference `ff2_10' on page 5 undefined on input line 223.


LaTeX Warning: Reference `ff2_14' on page 5 undefined on input line 228.


LaTeX Warning: Reference `ff2_10' on page 5 undefined on input line 228.


LaTeX Warning: Reference `ff2_12' on page 5 undefined on input line 228.


LaTeX Warning: Reference `ll2_1' on page 5 undefined on input line 233.


LaTeX Warning: Reference `tt2_1' on page 5 undefined on input line 236.


[5]

LaTeX Warning: Reference `ff2_14' on page 6 undefined on input line 238.


LaTeX Warning: Reference `ff2_15' on page 6 undefined on input line 248.


LaTeX Warning: Reference `ff2_7' on page 6 undefined on input line 248.


LaTeX Warning: Reference `ff1_7_0' on page 6 undefined on input line 261.


LaTeX Warning: Reference `ff1_7_0_1' on page 6 undefined on input line 261.


LaTeX Warning: Reference `ff2_5' on page 6 undefined on input line 261.


[6]
[7]

LaTeX Warning: Reference `ff2_25' on page 8 undefined on input line 315.


LaTeX Warning: Reference `f3_130' on page 8 undefined on input line 317.


LaTeX Warning: Reference `f3_60' on page 8 undefined on input line 317.


LaTeX Warning: Reference `f3_140' on page 8 undefined on input line 317.


LaTeX Warning: Reference `f3_150' on page 8 undefined on input line 317.


LaTeX Warning: Reference `ff2_16' on page 8 undefined on input line 319.


LaTeX Warning: Reference `ff2_32' on page 8 undefined on input line 333.


LaTeX Warning: Reference `ff2_34' on page 8 undefined on input line 333.


LaTeX Warning: Reference `ff2_20_5' on page 8 undefined on input line 333.


LaTeX Warning: Reference `ff2_30' on page 8 undefined on input line 339.


LaTeX Warning: Reference `ff2_40' on page 8 undefined on input line 339.


LaTeX Warning: Reference `ff1_7_1' on page 8 undefined on input line 339.


LaTeX Warning: Reference `ff2_5' on page 8 undefined on input line 339.


[8] (build/1887.aux)

LaTeX Warning: There were undefined references.


LaTeX Warning: Label(s) may have changed. Rerun to get cross-references right.


Package rerunfilecheck Warning: File `1887.out' has changed.
(rerunfilecheck)                Rerun to get outlines right
(rerunfilecheck)                or use package `bookmark'.

 )
Output written on build/1887.pdf (8 pages).
Transcript written on build/1887.log.
