This is XeTeX, Version 3.141592653-2.6-0.999996 (TeX Live 2025/dev/Debian) (preloaded format=xelatex)
entering extended mode
(./1620.tex
LaTeX2e <2024-11-01> patch level 2
L3 programming layer <2025-01-18>
(/usr/share/texlive/texmf-dist/tex/latex/base/article.cls
Document Class: article 2024/06/29 v1.4n Standard LaTeX document class
(/usr/share/texlive/texmf-dist/tex/latex/base/size11.clo))
(/usr/share/texlive/texmf-dist/tex/latex/geometry/geometry.sty
(/usr/share/texlive/texmf-dist/tex/latex/graphics/keyval.sty)
(/usr/share/texlive/texmf-dist/tex/generic/iftex/ifvtex.sty
(/usr/share/texlive/texmf-dist/tex/generic/iftex/iftex.sty)))
(/usr/share/texlive/texmf-dist/tex/latex/fontspec/fontspec.sty
(/usr/share/texlive/texmf-dist/tex/latex/l3packages/xparse/xparse.sty
(/usr/share/texlive/texmf-dist/tex/latex/l3kernel/expl3.sty
(/usr/share/texlive/texmf-dist/tex/latex/l3backend/l3backend-xetex.def)))
(/usr/share/texlive/texmf-dist/tex/latex/fontspec/fontspec-xetex.sty
(/usr/share/texlive/texmf-dist/tex/latex/base/fontenc.sty)
(/usr/share/texlive/texmf-dist/tex/latex/fontspec/fontspec.cfg)))
(/usr/share/texlive/texmf-dist/tex/latex/amsmath/amsmath.sty
For additional information on amsmath, use the `?' option.
(/usr/share/texlive/texmf-dist/tex/latex/amsmath/amstext.sty
(/usr/share/texlive/texmf-dist/tex/latex/amsmath/amsgen.sty))
(/usr/share/texlive/texmf-dist/tex/latex/amsmath/amsbsy.sty)
(/usr/share/texlive/texmf-dist/tex/latex/amsmath/amsopn.sty))
(/usr/share/texlive/texmf-dist/tex/latex/amsfonts/amssymb.sty
(/usr/share/texlive/texmf-dist/tex/latex/amsfonts/amsfonts.sty))
(/usr/share/texlive/texmf-dist/tex/latex/amscls/amsthm.sty)
(/usr/share/texlive/texmf-dist/tex/latex/amsmath/amscd.sty)
(/usr/share/texlive/texmf-dist/tex/latex/graphics/graphicx.sty
(/usr/share/texlive/texmf-dist/tex/latex/graphics/graphics.sty
(/usr/share/texlive/texmf-dist/tex/latex/graphics/trig.sty)
(/usr/share/texlive/texmf-dist/tex/latex/graphics-cfg/graphics.cfg)
(/usr/share/texlive/texmf-dist/tex/latex/graphics-def/xetex.def)))
(/usr/share/texlive/texmf-dist/tex/latex/graphics/color.sty
(/usr/share/texlive/texmf-dist/tex/latex/graphics-cfg/color.cfg)
(/usr/share/texlive/texmf-dist/tex/latex/graphics/mathcolor.ltx))
(/usr/share/texlive/texmf-dist/tex/latex/xurl/xurl.sty
(/usr/share/texlive/texmf-dist/tex/latex/url/url.sty))
(/usr/share/texlive/texmf-dist/tex/latex/hyperref/hyperref.sty
(/usr/share/texlive/texmf-dist/tex/latex/kvsetkeys/kvsetkeys.sty)
(/usr/share/texlive/texmf-dist/tex/generic/kvdefinekeys/kvdefinekeys.sty)
(/usr/share/texlive/texmf-dist/tex/generic/pdfescape/pdfescape.sty
(/usr/share/texlive/texmf-dist/tex/generic/ltxcmds/ltxcmds.sty)
(/usr/share/texlive/texmf-dist/tex/generic/pdftexcmds/pdftexcmds.sty
(/usr/share/texlive/texmf-dist/tex/generic/infwarerr/infwarerr.sty)))
(/usr/share/texlive/texmf-dist/tex/latex/hycolor/hycolor.sty)
(/usr/share/texlive/texmf-dist/tex/latex/hyperref/nameref.sty
(/usr/share/texlive/texmf-dist/tex/latex/refcount/refcount.sty)
(/usr/share/texlive/texmf-dist/tex/generic/gettitlestring/gettitlestring.sty
(/usr/share/texlive/texmf-dist/tex/latex/kvoptions/kvoptions.sty)))
(/usr/share/texlive/texmf-dist/tex/latex/etoolbox/etoolbox.sty)
(/usr/share/texlive/texmf-dist/tex/generic/stringenc/stringenc.sty)
(/usr/share/texlive/texmf-dist/tex/latex/hyperref/pd1enc.def)
(/usr/share/texlive/texmf-dist/tex/generic/intcalc/intcalc.sty)
(/usr/share/texlive/texmf-dist/tex/latex/hyperref/puenc.def)
(/usr/share/texlive/texmf-dist/tex/generic/bitset/bitset.sty
(/usr/share/texlive/texmf-dist/tex/generic/bigintcalc/bigintcalc.sty))
(/usr/share/texlive/texmf-dist/tex/latex/base/atbegshi-ltx.sty))
(/usr/share/texlive/texmf-dist/tex/latex/hyperref/hxetex.def
(/usr/share/texlive/texmf-dist/tex/latex/rerunfilecheck/rerunfilecheck.sty
(/usr/share/texlive/texmf-dist/tex/latex/base/atveryend-ltx.sty)
(/usr/share/texlive/texmf-dist/tex/generic/uniquecounter/uniquecounter.sty)))
No file 1620.aux.
*geometry* driver: auto-detecting
*geometry* detected driver: xetex

Package hyperref Warning: Rerun to get /PageLabels entry.

(/usr/share/texlive/texmf-dist/tex/latex/amsfonts/umsa.fd)
(/usr/share/texlive/texmf-dist/tex/latex/amsfonts/umsb.fd)

LaTeX Warning: Citation `Witten' on page 1 undefined on input line 59.


[1]

LaTeX Warning: Citation `Dij' on page 2 undefined on input line 90.


LaTeX Warning: Citation `DVV' on page 2 undefined on input line 90.


LaTeX Warning: Citation `Witten' on page 2 undefined on input line 151.


LaTeX Warning: Reference `rm:permutation:of:d' on page 2 undefined on input lin
e 170.


LaTeX Warning: Citation `DGZZ:volume' on page 2 undefined on input line 172.


[2]

LaTeX Warning: Citation `DGZZ:volume' on page 3 undefined on input line 180.


LaTeX Warning: Citation `Zograf:2:correlators' on page 3 undefined on input lin
e 181.


LaTeX Warning: Reference `eq:string:floor' on page 3 undefined on input line 27
1.


LaTeX Warning: Reference `eq:floor:brackets' on page 3 undefined on input line 
273.


[3]

LaTeX Warning: Reference `eq:epsilon:0:1corr' on page 4 undefined on input line
 296.


LaTeX Warning: Reference `eq:main:bounds' on page 4 undefined on input line 299
.


LaTeX Warning: Reference `eq:string:floor' on page 4 undefined on input line 32
5.


LaTeX Warning: Reference `eq:delta:string:is:positive' on page 4 undefined on i
nput line 327.


LaTeX Warning: Reference `eq:lambda:0' on page 4 undefined on input line 340.


LaTeX Warning: Reference `eq:epsilon:is:smaller:than:lambda:0' on page 4 undefi
ned on input line 341.


LaTeX Warning: Reference `eq:epsilon:for:1:correlators' on page 4 undefined on 
input line 342.


LaTeX Warning: Reference `eq:epsilon:is:smaller:than:lambda:0' on page 4 undefi
ned on input line 343.


LaTeX Warning: Reference `eq:main:bounds' on page 4 undefined on input line 344
.


LaTeX Warning: Reference `eq:epsilon:is:smaller:than:lambda:0' on page 4 undefi
ned on input line 345.


LaTeX Warning: Reference `eq:epsilon:0:2corr' on page 4 undefined on input line
 346.


LaTeX Warning: Reference `eq:dilaton:floor' on page 4 undefined on input line 3
79.


LaTeX Warning: Reference `eq:floor:brackets' on page 4 undefined on input line 
381.


LaTeX Warning: Reference `eq:epsilon:for:1:correlators' on page 4 undefined on 
input line 401.


LaTeX Warning: Reference `eq:main:bounds' on page 4 undefined on input line 406
.


[4]

LaTeX Warning: Reference `rm:permutation:of:d' on page 5 undefined on input lin
e 409.


LaTeX Warning: Reference `eq:epsilon:0:2corr' on page 5 undefined on input line
 414.


LaTeX Warning: Reference `cor:epsilon:0:2corr' on page 5 undefined on input lin
e 415.


LaTeX Warning: Reference `eq:main:bounds' on page 5 undefined on input line 435
.


LaTeX Warning: Reference `eq:dilaton:floor' on page 5 undefined on input line 4
36.


LaTeX Warning: Reference `eq:delta:dilaton' on page 5 undefined on input line 4
38.


LaTeX Warning: Reference `cor:epsilon:L:1' on page 5 undefined on input line 44
0.


LaTeX Warning: Reference `cor:epsilon:0:2corr' on page 5 undefined on input lin
e 441.


LaTeX Warning: Reference `eq:Virasoro:floor' on page 5 undefined on input line 
466.


LaTeX Warning: Reference `eq:floor:brackets' on page 5 undefined on input line 
468.


LaTeX Warning: Reference `eq:Virasoro:floor' on page 5 undefined on input line 
484.


LaTeX Warning: Citation `Aggarwal:Siegel:Veech' on page 5 undefined on input li
ne 488.


Package hyperref Warning: Suppressing link with empty target on input line 489.



LaTeX Warning: Reference `lm:Virasoro' on page 5 undefined on input line 493.


[5]

LaTeX Warning: Reference `eq:delta:Virasoro' on page 6 undefined on input line 
506.


LaTeX Warning: Reference `eq:lambda' on page 6 undefined on input line 521.


LaTeX Warning: Reference `eq:lambda:inequalities' on page 6 undefined on input 
line 523.


LaTeX Warning: Reference `eq:lambda:inequality:ters' on page 6 undefined on inp
ut line 523.


LaTeX Warning: Reference `eq:prop:step:of:induction' on page 6 undefined on inp
ut line 564.


LaTeX Warning: Reference `th:Main:Theorem' on page 6 undefined on input line 56
5.


LaTeX Warning: Reference `lm:dilaton' on page 6 undefined on input line 566.


LaTeX Warning: Reference `lm:Virasoro' on page 6 undefined on input line 567.


LaTeX Warning: Reference `eq:epsilon:for:1:correlators' on page 6 undefined on 
input line 571.


LaTeX Warning: Reference `eq:main:bounds' on page 6 undefined on input line 576
.


LaTeX Warning: Reference `rm:permutation:of:d' on page 6 undefined on input lin
e 593.


[6]

LaTeX Warning: Reference `eq:epsilon:L:1' on page 7 undefined on input line 606
.


LaTeX Warning: Reference `eq:delta:dilaton' on page 7 undefined on input line 6
07.


LaTeX Warning: Reference `eq:def:of:epsilon' on page 7 undefined on input line 
631.


LaTeX Warning: Reference `eq:string' on page 7 undefined on input line 633.


LaTeX Warning: Reference `eq:dilaton:floor' on page 7 undefined on input line 6
36.


LaTeX Warning: Reference `eq:delta:dilaton:positive' on page 7 undefined on inp
ut line 639.


LaTeX Warning: Reference `eq:lambda:inequalities' on page 7 undefined on input 
line 640.


LaTeX Warning: Reference `eq:desired:inequality' on page 7 undefined on input l
ine 642.


LaTeX Warning: Reference `eq:all:dj:strictly:positive' on page 7 undefined on i
nput line 650.


LaTeX Warning: Reference `eq:restrictions' on page 7 undefined on input line 65
5.


LaTeX Warning: Reference `cor:delat:Virasoro:bound' on page 7 undefined on inpu
t line 660.


[7]

LaTeX Warning: Reference `eq:def:of:epsilon' on page 8 undefined on input line 
707.


LaTeX Warning: Reference `eq:virasoro' on page 8 undefined on input line 712.


LaTeX Warning: Reference `eq:lambda:inequalities' on page 8 undefined on input 
line 716.


LaTeX Warning: Reference `eq:lambda:inequality:bis' on page 8 undefined on inpu
t line 718.


LaTeX Warning: Reference `eq:Virasoro:floor' on page 8 undefined on input line 
719.


LaTeX Warning: Reference `eq:delat:Virasoro:bound' on page 8 undefined on input
 line 723.


LaTeX Warning: Reference `eq:lambda:inequality:ters' on page 8 undefined on inp
ut line 724.


LaTeX Warning: Reference `eq:desired:inequality' on page 8 undefined on input l
ine 726.


LaTeX Warning: Reference `eq:all:dj:strictly:positive' on page 8 undefined on i
nput line 727.


LaTeX Warning: Reference `eq:epsilon:0:1corr' on page 8 undefined on input line
 733.


LaTeX Warning: Reference `eq:epsilon:0:2corr' on page 8 undefined on input line
 733.


[8]

LaTeX Warning: Reference `eq:def:of:epsilon' on page 9 undefined on input line 
797.


LaTeX Warning: Reference `eq:string' on page 9 undefined on input line 797.


LaTeX Warning: Reference `eq:def:of:epsilon' on page 9 undefined on input line 
799.


LaTeX Warning: Reference `eq:lambda:inequalities' on page 9 undefined on input 
line 800.


LaTeX Warning: Reference `eq:string:floor' on page 9 undefined on input line 80
0.


LaTeX Warning: Reference `eq:delta:string:is:positive' on page 9 undefined on i
nput line 800.


LaTeX Warning: Reference `th:Main:Theorem' on page 9 undefined on input line 80
3.


LaTeX Warning: Reference `th:Main:Theorem' on page 9 undefined on input line 80
4.


LaTeX Warning: Reference `cor:L:equals:0' on page 9 undefined on input line 805
.


LaTeX Warning: Reference `eq:epsilon:L:1' on page 9 undefined on input line 805
.


LaTeX Warning: Reference `eq:prop:step:of:induction' on page 9 undefined on inp
ut line 808.


[9] (build/1620.aux)

LaTeX Warning: There were undefined references.


LaTeX Warning: Label(s) may have changed. Rerun to get cross-references right.


Package rerunfilecheck Warning: File `1620.out' has changed.
(rerunfilecheck)                Rerun to get outlines right
(rerunfilecheck)                or use package `bookmark'.

 )
Output written on build/1620.pdf (9 pages).
Transcript written on build/1620.log.
