This is XeTeX, Version 3.141592653-2.6-0.999996 (TeX Live 2025/dev/Debian) (preloaded format=xelatex)
entering extended mode
(./1770.tex
LaTeX2e <2024-11-01> patch level 2
L3 programming layer <2025-01-18>
(/usr/share/texlive/texmf-dist/tex/latex/base/article.cls
Document Class: article 2024/06/29 v1.4n Standard LaTeX document class
(/usr/share/texlive/texmf-dist/tex/latex/base/size11.clo))
(/usr/share/texlive/texmf-dist/tex/latex/geometry/geometry.sty
(/usr/share/texlive/texmf-dist/tex/latex/graphics/keyval.sty)
(/usr/share/texlive/texmf-dist/tex/generic/iftex/ifvtex.sty
(/usr/share/texlive/texmf-dist/tex/generic/iftex/iftex.sty)))
(/usr/share/texlive/texmf-dist/tex/latex/fontspec/fontspec.sty
(/usr/share/texlive/texmf-dist/tex/latex/l3packages/xparse/xparse.sty
(/usr/share/texlive/texmf-dist/tex/latex/l3kernel/expl3.sty
(/usr/share/texlive/texmf-dist/tex/latex/l3backend/l3backend-xetex.def)))
(/usr/share/texlive/texmf-dist/tex/latex/fontspec/fontspec-xetex.sty
(/usr/share/texlive/texmf-dist/tex/latex/base/fontenc.sty)
(/usr/share/texlive/texmf-dist/tex/latex/fontspec/fontspec.cfg)))
(/usr/share/texlive/texmf-dist/tex/latex/amsmath/amsmath.sty
For additional information on amsmath, use the `?' option.
(/usr/share/texlive/texmf-dist/tex/latex/amsmath/amstext.sty
(/usr/share/texlive/texmf-dist/tex/latex/amsmath/amsgen.sty))
(/usr/share/texlive/texmf-dist/tex/latex/amsmath/amsbsy.sty)
(/usr/share/texlive/texmf-dist/tex/latex/amsmath/amsopn.sty))
(/usr/share/texlive/texmf-dist/tex/latex/amsfonts/amssymb.sty
(/usr/share/texlive/texmf-dist/tex/latex/amsfonts/amsfonts.sty))
(/usr/share/texlive/texmf-dist/tex/latex/amscls/amsthm.sty)
(/usr/share/texlive/texmf-dist/tex/latex/amsmath/amscd.sty)
(/usr/share/texlive/texmf-dist/tex/latex/graphics/graphicx.sty
(/usr/share/texlive/texmf-dist/tex/latex/graphics/graphics.sty
(/usr/share/texlive/texmf-dist/tex/latex/graphics/trig.sty)
(/usr/share/texlive/texmf-dist/tex/latex/graphics-cfg/graphics.cfg)
(/usr/share/texlive/texmf-dist/tex/latex/graphics-def/xetex.def)))
(/usr/share/texlive/texmf-dist/tex/latex/graphics/color.sty
(/usr/share/texlive/texmf-dist/tex/latex/graphics-cfg/color.cfg)
(/usr/share/texlive/texmf-dist/tex/latex/graphics/mathcolor.ltx))
(/usr/share/texlive/texmf-dist/tex/latex/xurl/xurl.sty
(/usr/share/texlive/texmf-dist/tex/latex/url/url.sty))
(/usr/share/texlive/texmf-dist/tex/latex/hyperref/hyperref.sty
(/usr/share/texlive/texmf-dist/tex/latex/kvsetkeys/kvsetkeys.sty)
(/usr/share/texlive/texmf-dist/tex/generic/kvdefinekeys/kvdefinekeys.sty)
(/usr/share/texlive/texmf-dist/tex/generic/pdfescape/pdfescape.sty
(/usr/share/texlive/texmf-dist/tex/generic/ltxcmds/ltxcmds.sty)
(/usr/share/texlive/texmf-dist/tex/generic/pdftexcmds/pdftexcmds.sty
(/usr/share/texlive/texmf-dist/tex/generic/infwarerr/infwarerr.sty)))
(/usr/share/texlive/texmf-dist/tex/latex/hycolor/hycolor.sty)
(/usr/share/texlive/texmf-dist/tex/latex/hyperref/nameref.sty
(/usr/share/texlive/texmf-dist/tex/latex/refcount/refcount.sty)
(/usr/share/texlive/texmf-dist/tex/generic/gettitlestring/gettitlestring.sty
(/usr/share/texlive/texmf-dist/tex/latex/kvoptions/kvoptions.sty)))
(/usr/share/texlive/texmf-dist/tex/latex/etoolbox/etoolbox.sty)
(/usr/share/texlive/texmf-dist/tex/generic/stringenc/stringenc.sty)
(/usr/share/texlive/texmf-dist/tex/latex/hyperref/pd1enc.def)
(/usr/share/texlive/texmf-dist/tex/generic/intcalc/intcalc.sty)
(/usr/share/texlive/texmf-dist/tex/latex/hyperref/puenc.def)
(/usr/share/texlive/texmf-dist/tex/generic/bitset/bitset.sty
(/usr/share/texlive/texmf-dist/tex/generic/bigintcalc/bigintcalc.sty))
(/usr/share/texlive/texmf-dist/tex/latex/base/atbegshi-ltx.sty))
(/usr/share/texlive/texmf-dist/tex/latex/hyperref/hxetex.def
(/usr/share/texlive/texmf-dist/tex/latex/rerunfilecheck/rerunfilecheck.sty
(/usr/share/texlive/texmf-dist/tex/latex/base/atveryend-ltx.sty)
(/usr/share/texlive/texmf-dist/tex/generic/uniquecounter/uniquecounter.sty)))
(/usr/share/texlive/texmf-dist/tex/latex/was/upgreek.sty)
(/usr/share/texlive/texmf-dist/tex/latex/jknapltx/mathrsfs.sty)
No file 1770.aux.
*geometry* driver: auto-detecting
*geometry* detected driver: xetex

Package hyperref Warning: Rerun to get /PageLabels entry.

(/usr/share/texlive/texmf-dist/tex/latex/amsfonts/umsa.fd)
(/usr/share/texlive/texmf-dist/tex/latex/amsfonts/umsb.fd)
(/usr/share/texlive/texmf-dist/tex/latex/jknapltx/ursfs.fd)
(/usr/share/texlive/texmf-dist/tex/latex/amsfonts/ueuf.fd)
[1]
[2]

LaTeX Warning: Citation `Se' on page 3 undefined on input line 152.


LaTeX Warning: Citation `DR' on page 3 undefined on input line 152.


[3]

LaTeX Warning: Citation `GJ' on page 4 undefined on input line 185.


LaTeX Warning: Citation `GJ' on page 4 undefined on input line 210.


Underfull \hbox (badness 10000) in paragraph at lines 212--213
[][] []\OML/cmm/m/it/10.95 S[]; M[]\OT1/cmr/m/n/10.95 (\OML/cmm/m/it/10.95 ^^K\
OMS/cmsy/m/n/10.95 j\OML/cmm/m/it/10.95 ^^L\OT1/cmr/m/n/10.95 )[]$ \TU/LatinMod
ernRoman(0)/m/n/10.95 is the restriction of a homomorphism in

[4]

LaTeX Warning: Citation `GJ' on page 5 undefined on input line 233.


LaTeX Warning: Reference `SS:Tableaux' on page 5 undefined on input line 235.


[5]

LaTeX Warning: Reference `D:RC' on page 6 undefined on input line 271.


LaTeX Warning: Reference `T: hom' on page 6 undefined on input line 271.


LaTeX Warning: Reference `T:JamesTheta' on page 6 undefined on input line 283.


LaTeX Warning: Reference `T: hom' on page 6 undefined on input line 283.


LaTeX Warning: Reference `T: hom' on page 6 undefined on input line 285.


[6]

LaTeX Warning: Reference `L:R' on page 7 undefined on input line 355.


LaTeX Warning: Reference `L:C' on page 7 undefined on input line 355.


LaTeX Warning: Reference `T:JamesTheta' on page 7 undefined on input line 361.


LaTeX Warning: Reference `D:Omega&a' on page 7 undefined on input line 361.


LaTeX Warning: Reference `L:projection' on page 7 undefined on input line 372.


[7]

LaTeX Warning: Reference `L:R' on page 8 undefined on input line 408.


LaTeX Warning: Reference `L:C' on page 8 undefined on input line 415.


LaTeX Warning: Reference `Omega' on page 8 undefined on input line 424.


[8]

LaTeX Warning: Reference `L:a' on page 9 undefined on input line 456.


LaTeX Warning: Reference `L:a' on page 9 undefined on input line 468.


LaTeX Warning: Reference `L:a' on page 9 undefined on input line 472.


[9]

LaTeX Warning: Reference `L:a' on page 10 undefined on input line 504.


[10]

LaTeX Warning: Citation `WF' on page 11 undefined on input line 546.


LaTeX Warning: Citation `GJAK' on page 11 undefined on input line 556.


LaTeX Warning: Citation `Peel' on page 11 undefined on input line 558.


LaTeX Warning: Citation `GJAK' on page 11 undefined on input line 560.


[11]

LaTeX Warning: Reference `T: hom' on page 12 undefined on input line 566.


LaTeX Warning: Reference `T: hom' on page 12 undefined on input line 568.


LaTeX Warning: Reference `P: phi_d hom' on page 12 undefined on input line 569.



LaTeX Warning: Reference `L: annihilator for specht' on page 12 undefined on in
put line 569.


LaTeX Warning: Reference `T: hom' on page 12 undefined on input line 579.


[12] (build/1770.aux)

LaTeX Warning: There were undefined references.


LaTeX Warning: Label(s) may have changed. Rerun to get cross-references right.


Package rerunfilecheck Warning: File `1770.out' has changed.
(rerunfilecheck)                Rerun to get outlines right
(rerunfilecheck)                or use package `bookmark'.

 )
(see the transcript file for additional information)
Output written on build/1770.pdf (12 pages).
Transcript written on build/1770.log.
