This is XeTeX, Version 3.141592653-2.6-0.999996 (TeX Live 2025/dev/Debian) (preloaded format=xelatex)
entering extended mode
(./1893.tex
LaTeX2e <2024-11-01> patch level 2
L3 programming layer <2025-01-18>
(/usr/share/texlive/texmf-dist/tex/latex/base/article.cls
Document Class: article 2024/06/29 v1.4n Standard LaTeX document class
(/usr/share/texlive/texmf-dist/tex/latex/base/size11.clo))
(/usr/share/texlive/texmf-dist/tex/latex/geometry/geometry.sty
(/usr/share/texlive/texmf-dist/tex/latex/graphics/keyval.sty)
(/usr/share/texlive/texmf-dist/tex/generic/iftex/ifvtex.sty
(/usr/share/texlive/texmf-dist/tex/generic/iftex/iftex.sty)))
(/usr/share/texlive/texmf-dist/tex/latex/fontspec/fontspec.sty
(/usr/share/texlive/texmf-dist/tex/latex/l3packages/xparse/xparse.sty
(/usr/share/texlive/texmf-dist/tex/latex/l3kernel/expl3.sty
(/usr/share/texlive/texmf-dist/tex/latex/l3backend/l3backend-xetex.def)))
(/usr/share/texlive/texmf-dist/tex/latex/fontspec/fontspec-xetex.sty
(/usr/share/texlive/texmf-dist/tex/latex/base/fontenc.sty)
(/usr/share/texlive/texmf-dist/tex/latex/fontspec/fontspec.cfg)))
(/usr/share/texlive/texmf-dist/tex/latex/amsmath/amsmath.sty
For additional information on amsmath, use the `?' option.
(/usr/share/texlive/texmf-dist/tex/latex/amsmath/amstext.sty
(/usr/share/texlive/texmf-dist/tex/latex/amsmath/amsgen.sty))
(/usr/share/texlive/texmf-dist/tex/latex/amsmath/amsbsy.sty)
(/usr/share/texlive/texmf-dist/tex/latex/amsmath/amsopn.sty))
(/usr/share/texlive/texmf-dist/tex/latex/amsfonts/amssymb.sty
(/usr/share/texlive/texmf-dist/tex/latex/amsfonts/amsfonts.sty))
(/usr/share/texlive/texmf-dist/tex/latex/amscls/amsthm.sty)
(/usr/share/texlive/texmf-dist/tex/latex/amsmath/amscd.sty)
(/usr/share/texlive/texmf-dist/tex/latex/graphics/graphicx.sty
(/usr/share/texlive/texmf-dist/tex/latex/graphics/graphics.sty
(/usr/share/texlive/texmf-dist/tex/latex/graphics/trig.sty)
(/usr/share/texlive/texmf-dist/tex/latex/graphics-cfg/graphics.cfg)
(/usr/share/texlive/texmf-dist/tex/latex/graphics-def/xetex.def)))
(/usr/share/texlive/texmf-dist/tex/latex/graphics/color.sty
(/usr/share/texlive/texmf-dist/tex/latex/graphics-cfg/color.cfg)
(/usr/share/texlive/texmf-dist/tex/latex/graphics/mathcolor.ltx))
(/usr/share/texlive/texmf-dist/tex/latex/xurl/xurl.sty
(/usr/share/texlive/texmf-dist/tex/latex/url/url.sty))
(/usr/share/texlive/texmf-dist/tex/latex/hyperref/hyperref.sty
(/usr/share/texlive/texmf-dist/tex/latex/kvsetkeys/kvsetkeys.sty)
(/usr/share/texlive/texmf-dist/tex/generic/kvdefinekeys/kvdefinekeys.sty)
(/usr/share/texlive/texmf-dist/tex/generic/pdfescape/pdfescape.sty
(/usr/share/texlive/texmf-dist/tex/generic/ltxcmds/ltxcmds.sty)
(/usr/share/texlive/texmf-dist/tex/generic/pdftexcmds/pdftexcmds.sty
(/usr/share/texlive/texmf-dist/tex/generic/infwarerr/infwarerr.sty)))
(/usr/share/texlive/texmf-dist/tex/latex/hycolor/hycolor.sty)
(/usr/share/texlive/texmf-dist/tex/latex/hyperref/nameref.sty
(/usr/share/texlive/texmf-dist/tex/latex/refcount/refcount.sty)
(/usr/share/texlive/texmf-dist/tex/generic/gettitlestring/gettitlestring.sty
(/usr/share/texlive/texmf-dist/tex/latex/kvoptions/kvoptions.sty)))
(/usr/share/texlive/texmf-dist/tex/latex/etoolbox/etoolbox.sty)
(/usr/share/texlive/texmf-dist/tex/generic/stringenc/stringenc.sty)
(/usr/share/texlive/texmf-dist/tex/latex/hyperref/pd1enc.def)
(/usr/share/texlive/texmf-dist/tex/generic/intcalc/intcalc.sty)
(/usr/share/texlive/texmf-dist/tex/latex/hyperref/puenc.def)
(/usr/share/texlive/texmf-dist/tex/generic/bitset/bitset.sty
(/usr/share/texlive/texmf-dist/tex/generic/bigintcalc/bigintcalc.sty))
(/usr/share/texlive/texmf-dist/tex/latex/base/atbegshi-ltx.sty))
(/usr/share/texlive/texmf-dist/tex/latex/hyperref/hxetex.def
(/usr/share/texlive/texmf-dist/tex/latex/rerunfilecheck/rerunfilecheck.sty
(/usr/share/texlive/texmf-dist/tex/latex/base/atveryend-ltx.sty)
(/usr/share/texlive/texmf-dist/tex/generic/uniquecounter/uniquecounter.sty)))
(/usr/share/texlive/texmf-dist/tex/generic/xypic/xy.sty
(/usr/share/texlive/texmf-dist/tex/generic/xypic/xy.tex Bootstrap'ing:
catcodes, docmode, (/usr/share/texlive/texmf-dist/tex/generic/xypic/xyrecat.tex
) (/usr/share/texlive/texmf-dist/tex/generic/xypic/xyidioms.tex)

 Xy-pic version 3.8.9 <2013/10/06>
 Copyright (c) 1991-2013 by Kristoffer H. Rose <krisrose@tug.org> and others
 Xy-pic is free software: see the User's Guide for details.

Loading kernel: messages; fonts; allocations: state, direction,
utility macros; pictures: \xy, positions, objects, decorations;
kernel objects: directionals, circles, text; options; algorithms: directions,
edges, connections;  Xy-pic loaded)
(/usr/share/texlive/texmf-dist/tex/generic/iftex/ifpdf.sty)
(/usr/share/texlive/texmf-dist/tex/generic/xypic/xyall.tex
 Xy-pic option: All features v.3.8
(/usr/share/texlive/texmf-dist/tex/generic/xypic/xycurve.tex
 Xy-pic option: Curve and Spline extension v.3.12 curve, circles, loaded)
(/usr/share/texlive/texmf-dist/tex/generic/xypic/xyframe.tex
 Xy-pic option: Frame and Bracket extension v.3.14 loaded)
(/usr/share/texlive/texmf-dist/tex/generic/xypic/xycmtip.tex
 Xy-pic option: Computer Modern tip extension v.3.7
(/usr/share/texlive/texmf-dist/tex/generic/xypic/xytips.tex
 Xy-pic option: More Tips extension v.3.11 loaded) loaded)
(/usr/share/texlive/texmf-dist/tex/generic/xypic/xyline.tex
 Xy-pic option: Line styles extension v.3.10 loaded)
(/usr/share/texlive/texmf-dist/tex/generic/xypic/xyrotate.tex
 Xy-pic option: Rotate and Scale extension v.3.8 loaded)
(/usr/share/texlive/texmf-dist/tex/generic/xypic/xycolor.tex
 Xy-pic option: Colour extension v.3.11 loaded)
(/usr/share/texlive/texmf-dist/tex/generic/xypic/xymatrix.tex
 Xy-pic option: Matrix feature v.3.14 loaded)
(/usr/share/texlive/texmf-dist/tex/generic/xypic/xyarrow.tex
 Xy-pic option: Arrow and Path feature v.3.9 path, \ar, loaded)
(/usr/share/texlive/texmf-dist/tex/generic/xypic/xygraph.tex
 Xy-pic option: Graph feature v.3.11 loaded) loaded))
No file 1893.aux.
*geometry* driver: auto-detecting
*geometry* detected driver: xetex

Package hyperref Warning: Rerun to get /PageLabels entry.

(/usr/share/texlive/texmf-dist/tex/latex/amsfonts/umsa.fd)
(/usr/share/texlive/texmf-dist/tex/latex/amsfonts/umsb.fd)

LaTeX Warning: Citation `koszul' on page 1 undefined on input line 103.


LaTeX Warning: Citation `palais' on page 1 undefined on input line 104.


LaTeX Warning: Reference `sec:diffeology' on page 1 undefined on input line 109
.


[1] <xymatrix 2x1 52> <xymatrix 2x1 52>

LaTeX Warning: Citation `iglesias' on page 2 undefined on input line 141.


LaTeX Warning: Citation `BH' on page 2 undefined on input line 205.


[2]

LaTeX Warning: Reference `p:pullbackimgchar' on page 3 undefined on input line 
259.


LaTeX Warning: Reference `t:main' on page 3 undefined on input line 259.


LaTeX Warning: Citation `iglesias' on page 3 undefined on input line 307.


[3]

LaTeX Warning: Citation `iglesias' on page 4 undefined on input line 353.


LaTeX Warning: Reference `e:Omega0' on page 4 undefined on input line 362.


LaTeX Warning: Reference `d:functional' on page 4 undefined on input line 365.


LaTeX Warning: Reference `d:D on forms' on page 4 undefined on input line 365.


LaTeX Warning: Citation `iglesias' on page 4 undefined on input line 373.


LaTeX Warning: Citation `iglesias' on page 4 undefined on input line 379.


LaTeX Warning: Citation `iglesias' on page 4 undefined on input line 393.


LaTeX Warning: Reference `t:main' on page 4 undefined on input line 398.


LaTeX Warning: Reference `t:slice theorem' on page 4 undefined on input line 39
8.


LaTeX Warning: Citation `koszul' on page 4 undefined on input line 398.


LaTeX Warning: Citation `palais' on page 4 undefined on input line 399.


LaTeX Warning: Citation `DK' on page 4 undefined on input line 400.


LaTeX Warning: Citation `GGK' on page 4 undefined on input line 401.

(/usr/share/texlive/texmf-dist/tex/latex/amsfonts/ueuf.fd)

LaTeX Warning: Citation `IK' on page 4 undefined on input line 434.


[4]

LaTeX Warning: Citation `iglesias' on page 5 undefined on input line 457.


LaTeX Warning: Reference `p:pullbackimgchar' on page 5 undefined on input line 
460.


LaTeX Warning: Reference `t:main' on page 5 undefined on input line 487.


LaTeX Warning: Citation `iglesias' on page 5 undefined on input line 495.


LaTeX Warning: Reference `r:linear' on page 5 undefined on input line 512.


LaTeX Warning: Reference `facts' on page 5 undefined on input line 541.


[5] <xymatrix 3x2 190> <xymatrix 3x2 190>

LaTeX Warning: Reference `p:pullbacksarebasic' on page 6 undefined on input lin
e 560.


LaTeX Warning: Citation `watts-groupoids' on page 6 undefined on input line 567
.


Underfull \hbox (badness 2126) in paragraph at lines 575--579
\TU/LatinModernRoman(0)/m/it/10.95 is a diffeomorphism, where the target space 
is equipped with the subset diffeology induced

Underfull \hbox (badness 1484) in paragraph at lines 586--590
\TU/LatinModernRoman(0)/m/n/10.95 is a diffeomorphism, where the target space i
s equipped with the subset diffeology induced

LaTeX Warning: Reference `l:pullback is injection' on page 6 undefined on input
 line 592.


LaTeX Warning: Reference `f:pullback is sm' on page 6 undefined on input line 5
93.


LaTeX Warning: Reference `r:formfacts' on page 6 undefined on input line 593.


LaTeX Warning: Reference `d:D on forms' on page 6 undefined on input line 604.


LaTeX Warning: Reference `facts' on page 6 undefined on input line 632.


[6] <xymatrix 3x2 190> <xymatrix 3x2 190>

LaTeX Warning: Reference `p:pullbacksarebasic' on page 7 undefined on input lin
e 679.


LaTeX Warning: Reference `l:q in stages' on page 7 undefined on input line 694.



LaTeX Warning: Reference `diagram q in stages' on page 7 undefined on input lin
e 724.


[7]

LaTeX Warning: Reference `diagram q in stages' on page 8 undefined on input lin
e 731.


Underfull \hbox (badness 1122) in paragraph at lines 731--735
[]\TU/LatinModernRoman(0)/m/n/10.95 Because the diagram [] commutes, $\OML/cmm/
m/it/10.95 ^^Y[]$ \TU/LatinModernRoman(0)/m/n/10.95 takes $[] \OML/cmm/m/it/10.
95 ^^Y[]$ \TU/LatinModernRoman(0)/m/n/10.95 into $[] \OML/cmm/m/it/10.95 ^^Y[]$
\TU/LatinModernRoman(0)/m/n/10.95 . Because $\OML/cmm/m/it/10.95 e$ \TU/LatinMo
dernRoman(0)/m/n/10.95 is
<xymatrix 3x2 190> <xymatrix 3x2 190>

LaTeX Warning: Reference `l:pullback is injection' on page 8 undefined on input
 line 740.


LaTeX Warning: Reference `p:geomquot' on page 8 undefined on input line 769.


LaTeX Warning: Reference `p:pullbackimgchar' on page 8 undefined on input line 
773.


LaTeX Warning: Reference `p:pullbackimgchar' on page 8 undefined on input line 
833.


[8]

LaTeX Warning: Reference `p:geomquot' on page 9 undefined on input line 877.


LaTeX Warning: Reference `p:pullbackimgchar' on page 9 undefined on input line 
886.


LaTeX Warning: Reference `l:baire' on page 9 undefined on input line 897.


LaTeX Warning: Reference `l:conntodisc' on page 9 undefined on input line 903.


LaTeX Warning: Reference `l:C closed' on page 9 undefined on input line 904.


[9]

LaTeX Warning: Reference `l:C closed' on page 10 undefined on input line 957.


LaTeX Warning: Reference `p:pullbackimgchar' on page 10 undefined on input line
 971.


LaTeX Warning: Reference `l:baire' on page 10 undefined on input line 980.


LaTeX Warning: Reference `l:C closed' on page 10 undefined on input line 980.


LaTeX Warning: Reference `p:pullbackimgchar' on page 10 undefined on input line
 984.


[10]

LaTeX Warning: Reference `l:techn1' on page 11 undefined on input line 1071.


LaTeX Warning: Reference `p:geomquot' on page 11 undefined on input line 1088.


LaTeX Warning: Reference `t:slice theorem' on page 11 undefined on input line 1
090.

<xymatrix 3x2 108> <xymatrix 3x2 108>

LaTeX Warning: Reference `l:q in stages' on page 11 undefined on input line 112
2.

<xymatrix 3x3 327> <xymatrix 3x3 327>
[11]

LaTeX Warning: Reference `l:q in stages' on page 12 undefined on input line 114
2.


LaTeX Warning: Reference `two quotients' on page 12 undefined on input line 114
3.


LaTeX Warning: Reference `l:q in stages' on page 12 undefined on input line 114
7.


LaTeX Warning: Reference `two quotients' on page 12 undefined on input line 114
8.


LaTeX Warning: Reference `l:conntodisc' on page 12 undefined on input line 1166
.


LaTeX Warning: Reference `l:conntodisc' on page 12 undefined on input line 1185
.


LaTeX Warning: Reference `l:conntodisc' on page 12 undefined on input line 1189
.


LaTeX Warning: Reference `p:pullbackimgchar' on page 12 undefined on input line
 1202.


LaTeX Warning: Reference `t:slice theorem' on page 12 undefined on input line 1
210.


LaTeX Warning: Reference `l:techn2' on page 12 undefined on input line 1224.


LaTeX Warning: Reference `l:reduce to slice' on page 12 undefined on input line
 1238.


[12]

LaTeX Warning: Reference `t:main' on page 13 undefined on input line 1248.


LaTeX Warning: Reference `l:pullback is injection' on page 13 undefined on inpu
t line 1249.


LaTeX Warning: Reference `p:pullbacksarebasic' on page 13 undefined on input li
ne 1250.


LaTeX Warning: Reference `alg iso' on page 13 undefined on input line 1252.


LaTeX Warning: Reference `p:injectivity' on page 13 undefined on input line 125
2.


LaTeX Warning: Reference `p:geomquot' on page 13 undefined on input line 1256.


[13] (build/1893.aux)

LaTeX Warning: There were undefined references.


LaTeX Warning: Label(s) may have changed. Rerun to get cross-references right.


Package rerunfilecheck Warning: File `1893.out' has changed.
(rerunfilecheck)                Rerun to get outlines right
(rerunfilecheck)                or use package `bookmark'.

 )
(see the transcript file for additional information)
Output written on build/1893.pdf (13 pages).
Transcript written on build/1893.log.
