This is XeTeX, Version 3.141592653-2.6-0.999996 (TeX Live 2025/dev/Debian) (preloaded format=xelatex)
entering extended mode
(./1622.tex
LaTeX2e <2024-11-01> patch level 2
L3 programming layer <2025-01-18>
(/usr/share/texlive/texmf-dist/tex/latex/base/article.cls
Document Class: article 2024/06/29 v1.4n Standard LaTeX document class
(/usr/share/texlive/texmf-dist/tex/latex/base/size11.clo))
(/usr/share/texlive/texmf-dist/tex/latex/geometry/geometry.sty
(/usr/share/texlive/texmf-dist/tex/latex/graphics/keyval.sty)
(/usr/share/texlive/texmf-dist/tex/generic/iftex/ifvtex.sty
(/usr/share/texlive/texmf-dist/tex/generic/iftex/iftex.sty)))
(/usr/share/texlive/texmf-dist/tex/latex/fontspec/fontspec.sty
(/usr/share/texlive/texmf-dist/tex/latex/l3packages/xparse/xparse.sty
(/usr/share/texlive/texmf-dist/tex/latex/l3kernel/expl3.sty
(/usr/share/texlive/texmf-dist/tex/latex/l3backend/l3backend-xetex.def)))
(/usr/share/texlive/texmf-dist/tex/latex/fontspec/fontspec-xetex.sty
(/usr/share/texlive/texmf-dist/tex/latex/base/fontenc.sty)
(/usr/share/texlive/texmf-dist/tex/latex/fontspec/fontspec.cfg)))
(/usr/share/texlive/texmf-dist/tex/latex/amsmath/amsmath.sty
For additional information on amsmath, use the `?' option.
(/usr/share/texlive/texmf-dist/tex/latex/amsmath/amstext.sty
(/usr/share/texlive/texmf-dist/tex/latex/amsmath/amsgen.sty))
(/usr/share/texlive/texmf-dist/tex/latex/amsmath/amsbsy.sty)
(/usr/share/texlive/texmf-dist/tex/latex/amsmath/amsopn.sty))
(/usr/share/texlive/texmf-dist/tex/latex/amsfonts/amssymb.sty
(/usr/share/texlive/texmf-dist/tex/latex/amsfonts/amsfonts.sty))
(/usr/share/texlive/texmf-dist/tex/latex/amscls/amsthm.sty)
(/usr/share/texlive/texmf-dist/tex/latex/amsmath/amscd.sty)
(/usr/share/texlive/texmf-dist/tex/latex/graphics/graphicx.sty
(/usr/share/texlive/texmf-dist/tex/latex/graphics/graphics.sty
(/usr/share/texlive/texmf-dist/tex/latex/graphics/trig.sty)
(/usr/share/texlive/texmf-dist/tex/latex/graphics-cfg/graphics.cfg)
(/usr/share/texlive/texmf-dist/tex/latex/graphics-def/xetex.def)))
(/usr/share/texlive/texmf-dist/tex/latex/graphics/color.sty
(/usr/share/texlive/texmf-dist/tex/latex/graphics-cfg/color.cfg)
(/usr/share/texlive/texmf-dist/tex/latex/graphics/mathcolor.ltx))
(/usr/share/texlive/texmf-dist/tex/latex/xurl/xurl.sty
(/usr/share/texlive/texmf-dist/tex/latex/url/url.sty))
(/usr/share/texlive/texmf-dist/tex/latex/hyperref/hyperref.sty
(/usr/share/texlive/texmf-dist/tex/latex/kvsetkeys/kvsetkeys.sty)
(/usr/share/texlive/texmf-dist/tex/generic/kvdefinekeys/kvdefinekeys.sty)
(/usr/share/texlive/texmf-dist/tex/generic/pdfescape/pdfescape.sty
(/usr/share/texlive/texmf-dist/tex/generic/ltxcmds/ltxcmds.sty)
(/usr/share/texlive/texmf-dist/tex/generic/pdftexcmds/pdftexcmds.sty
(/usr/share/texlive/texmf-dist/tex/generic/infwarerr/infwarerr.sty)))
(/usr/share/texlive/texmf-dist/tex/latex/hycolor/hycolor.sty)
(/usr/share/texlive/texmf-dist/tex/latex/hyperref/nameref.sty
(/usr/share/texlive/texmf-dist/tex/latex/refcount/refcount.sty)
(/usr/share/texlive/texmf-dist/tex/generic/gettitlestring/gettitlestring.sty
(/usr/share/texlive/texmf-dist/tex/latex/kvoptions/kvoptions.sty)))
(/usr/share/texlive/texmf-dist/tex/latex/etoolbox/etoolbox.sty)
(/usr/share/texlive/texmf-dist/tex/generic/stringenc/stringenc.sty)
(/usr/share/texlive/texmf-dist/tex/latex/hyperref/pd1enc.def)
(/usr/share/texlive/texmf-dist/tex/generic/intcalc/intcalc.sty)
(/usr/share/texlive/texmf-dist/tex/latex/hyperref/puenc.def)
(/usr/share/texlive/texmf-dist/tex/generic/bitset/bitset.sty
(/usr/share/texlive/texmf-dist/tex/generic/bigintcalc/bigintcalc.sty))
(/usr/share/texlive/texmf-dist/tex/latex/base/atbegshi-ltx.sty))
(/usr/share/texlive/texmf-dist/tex/latex/hyperref/hxetex.def
(/usr/share/texlive/texmf-dist/tex/latex/rerunfilecheck/rerunfilecheck.sty
(/usr/share/texlive/texmf-dist/tex/latex/base/atveryend-ltx.sty)
(/usr/share/texlive/texmf-dist/tex/generic/uniquecounter/uniquecounter.sty)))
No file 1622.aux.
*geometry* driver: auto-detecting
*geometry* detected driver: xetex

Package hyperref Warning: Rerun to get /PageLabels entry.

(/usr/share/texlive/texmf-dist/tex/latex/amsfonts/umsa.fd)
(/usr/share/texlive/texmf-dist/tex/latex/amsfonts/umsb.fd)
[1]

LaTeX Warning: Reference `sec:alternative' on page 2 undefined on input line 91
.


LaTeX Warning: Reference `sec:convergence' on page 2 undefined on input line 91
.


LaTeX Warning: Reference `cNinfty' on page 2 undefined on input line 128.


LaTeX Warning: Reference `period1' on page 2 undefined on input line 160.


LaTeX Warning: Reference `period1' on page 2 undefined on input line 171.


LaTeX Warning: Reference `cNeNdef' on page 2 undefined on input line 171.


LaTeX Warning: Reference `fNinfty' on page 2 undefined on input line 183.


LaTeX Warning: Reference `cNinfty' on page 2 undefined on input line 183.


[2]

LaTeX Warning: Reference `app:prooflem1' on page 3 undefined on input line 202.



LaTeX Warning: Reference `def2' on page 3 undefined on input line 213.


LaTeX Warning: Reference `def:fNinfty' on page 3 undefined on input line 213.


LaTeX Warning: Reference `def2' on page 3 undefined on input line 228.


LaTeX Warning: Reference `def:fNinfty' on page 3 undefined on input line 228.


LaTeX Warning: Reference `thm:converegence' on page 3 undefined on input line 2
43.


LaTeX Warning: Reference `fNinfty1' on page 3 undefined on input line 244.


LaTeX Warning: Reference `CNinfty' on page 3 undefined on input line 244.


LaTeX Warning: Reference `fNinfty1' on page 3 undefined on input line 250.


LaTeX Warning: Reference `CNinfty' on page 3 undefined on input line 250.


LaTeX Warning: Reference `estim' on page 3 undefined on input line 253.


LaTeX Warning: Reference `xcond' on page 3 undefined on input line 253.


[3]

LaTeX Warning: Reference `estim' on page 4 undefined on input line 259.


LaTeX Warning: Reference `app:estim' on page 4 undefined on input line 259.


LaTeX Warning: Reference `CNinfty' on page 4 undefined on input line 261.


LaTeX Warning: Reference `zest' on page 4 undefined on input line 272.


LaTeX Warning: Reference `app:estb' on page 4 undefined on input line 291.


LaTeX Warning: Reference `CNinfty' on page 4 undefined on input line 296.


LaTeX Warning: Reference `C1C2' on page 4 undefined on input line 297.


LaTeX Warning: Reference `app:estim' on page 4 undefined on input line 297.


LaTeX Warning: Reference `CNinfty' on page 4 undefined on input line 299.


[4]

LaTeX Warning: Reference `estim' on page 5 undefined on input line 310.


LaTeX Warning: Reference `app:Id' on page 5 undefined on input line 317.


LaTeX Warning: Reference `Euler' on page 5 undefined on input line 317.


LaTeX Warning: Reference `Euler1' on page 5 undefined on input line 317.


LaTeX Warning: Reference `lem1' on page 5 undefined on input line 337.


LaTeX Warning: Reference `CNinfty' on page 5 undefined on input line 347.


LaTeX Warning: Reference `cNinfty' on page 5 undefined on input line 347.


LaTeX Warning: Reference `lamfromtet' on page 5 undefined on input line 358.


LaTeX Warning: Reference `estim' on page 5 undefined on input line 369.


LaTeX Warning: Reference `thm:converegence' on page 5 undefined on input line 3
69.


LaTeX Warning: Reference `estim' on page 5 undefined on input line 373.


LaTeX Warning: Reference `thm:converegence' on page 5 undefined on input line 3
75.


LaTeX Warning: Reference `CNinfty' on page 5 undefined on input line 375.


[5]

LaTeX Warning: Reference `C1C2' on page 6 undefined on input line 384.


LaTeX Warning: Reference `CNinfty' on page 6 undefined on input line 385.


LaTeX Warning: Reference `Cbound' on page 6 undefined on input line 385.


LaTeX Warning: Reference `Cbound' on page 6 undefined on input line 385.


LaTeX Warning: Reference `estim' on page 6 undefined on input line 385.


LaTeX Warning: Reference `frac1' on page 6 undefined on input line 387.


LaTeX Warning: Reference `frac2' on page 6 undefined on input line 387.


LaTeX Warning: Reference `frac1' on page 6 undefined on input line 399.


LaTeX Warning: Reference `frac2' on page 6 undefined on input line 407.


LaTeX Warning: Reference `frac1' on page 6 undefined on input line 407.


LaTeX Warning: Reference `frac2' on page 6 undefined on input line 407.


LaTeX Warning: Reference `app:prooflem:est' on page 6 undefined on input line 4
26.


LaTeX Warning: Reference `esta' on page 6 undefined on input line 428.


LaTeX Warning: Reference `first' on page 6 undefined on input line 435.


LaTeX Warning: Reference `second' on page 6 undefined on input line 435.


LaTeX Warning: Reference `frac1' on page 6 undefined on input line 435.


LaTeX Warning: Reference `frac2' on page 6 undefined on input line 435.


[6]

LaTeX Warning: Reference `frac1' on page 7 undefined on input line 443.


LaTeX Warning: Reference `frac2' on page 7 undefined on input line 443.


LaTeX Warning: Reference `estb' on page 7 undefined on input line 445.


LaTeX Warning: Reference `frac1' on page 7 undefined on input line 450.


LaTeX Warning: Reference `first' on page 7 undefined on input line 450.


LaTeX Warning: Reference `frac1' on page 7 undefined on input line 455.


LaTeX Warning: Reference `estc' on page 7 undefined on input line 462.


LaTeX Warning: Reference `frac2' on page 7 undefined on input line 467.


LaTeX Warning: Reference `frac2' on page 7 undefined on input line 472.


LaTeX Warning: Reference `frac1' on page 7 undefined on input line 478.


LaTeX Warning: Reference `frac2' on page 7 undefined on input line 478.


LaTeX Warning: Reference `C1C2A' on page 7 undefined on input line 478.


LaTeX Warning: Reference `C1C2B' on page 7 undefined on input line 478.


LaTeX Warning: Reference `C1C2C' on page 7 undefined on input line 478.


LaTeX Warning: Reference `C1C2' on page 7 undefined on input line 478.


LaTeX Warning: Reference `lem:est' on page 7 undefined on input line 480.


LaTeX Warning: Reference `esta' on page 7 undefined on input line 481.


LaTeX Warning: Reference `zest' on page 7 undefined on input line 489.


LaTeX Warning: Reference `estb' on page 7 undefined on input line 491.


[7]

LaTeX Warning: Reference `estc' on page 8 undefined on input line 511.


LaTeX Warning: Reference `estb' on page 8 undefined on input line 524.


LaTeX Warning: Reference `thm:converegence' on page 8 undefined on input line 5
40.


[8]

LaTeX Warning: Empty `thebibliography' environment on input line 557.


[9] (build/1622.aux)

LaTeX Warning: There were undefined references.


LaTeX Warning: Label(s) may have changed. Rerun to get cross-references right.


Package rerunfilecheck Warning: File `1622.out' has changed.
(rerunfilecheck)                Rerun to get outlines right
(rerunfilecheck)                or use package `bookmark'.

 )
Output written on build/1622.pdf (9 pages).
Transcript written on build/1622.log.
