This is XeTeX, Version 3.141592653-2.6-0.999996 (TeX Live 2025/dev/Debian) (preloaded format=xelatex)
entering extended mode
(./1765.tex
LaTeX2e <2024-11-01> patch level 2
L3 programming layer <2025-01-18>
(/usr/share/texlive/texmf-dist/tex/latex/base/article.cls
Document Class: article 2024/06/29 v1.4n Standard LaTeX document class
(/usr/share/texlive/texmf-dist/tex/latex/base/size11.clo))
(/usr/share/texlive/texmf-dist/tex/latex/geometry/geometry.sty
(/usr/share/texlive/texmf-dist/tex/latex/graphics/keyval.sty)
(/usr/share/texlive/texmf-dist/tex/generic/iftex/ifvtex.sty
(/usr/share/texlive/texmf-dist/tex/generic/iftex/iftex.sty)))
(/usr/share/texlive/texmf-dist/tex/latex/fontspec/fontspec.sty
(/usr/share/texlive/texmf-dist/tex/latex/l3packages/xparse/xparse.sty
(/usr/share/texlive/texmf-dist/tex/latex/l3kernel/expl3.sty
(/usr/share/texlive/texmf-dist/tex/latex/l3backend/l3backend-xetex.def)))
(/usr/share/texlive/texmf-dist/tex/latex/fontspec/fontspec-xetex.sty
(/usr/share/texlive/texmf-dist/tex/latex/base/fontenc.sty)
(/usr/share/texlive/texmf-dist/tex/latex/fontspec/fontspec.cfg)))
(/usr/share/texlive/texmf-dist/tex/latex/amsmath/amsmath.sty
For additional information on amsmath, use the `?' option.
(/usr/share/texlive/texmf-dist/tex/latex/amsmath/amstext.sty
(/usr/share/texlive/texmf-dist/tex/latex/amsmath/amsgen.sty))
(/usr/share/texlive/texmf-dist/tex/latex/amsmath/amsbsy.sty)
(/usr/share/texlive/texmf-dist/tex/latex/amsmath/amsopn.sty))
(/usr/share/texlive/texmf-dist/tex/latex/amsfonts/amssymb.sty
(/usr/share/texlive/texmf-dist/tex/latex/amsfonts/amsfonts.sty))
(/usr/share/texlive/texmf-dist/tex/latex/amscls/amsthm.sty)
(/usr/share/texlive/texmf-dist/tex/latex/amsmath/amscd.sty)
(/usr/share/texlive/texmf-dist/tex/latex/graphics/graphicx.sty
(/usr/share/texlive/texmf-dist/tex/latex/graphics/graphics.sty
(/usr/share/texlive/texmf-dist/tex/latex/graphics/trig.sty)
(/usr/share/texlive/texmf-dist/tex/latex/graphics-cfg/graphics.cfg)
(/usr/share/texlive/texmf-dist/tex/latex/graphics-def/xetex.def)))
(/usr/share/texlive/texmf-dist/tex/latex/graphics/color.sty
(/usr/share/texlive/texmf-dist/tex/latex/graphics-cfg/color.cfg)
(/usr/share/texlive/texmf-dist/tex/latex/graphics/mathcolor.ltx))
(/usr/share/texlive/texmf-dist/tex/latex/xurl/xurl.sty
(/usr/share/texlive/texmf-dist/tex/latex/url/url.sty))
(/usr/share/texlive/texmf-dist/tex/latex/hyperref/hyperref.sty
(/usr/share/texlive/texmf-dist/tex/latex/kvsetkeys/kvsetkeys.sty)
(/usr/share/texlive/texmf-dist/tex/generic/kvdefinekeys/kvdefinekeys.sty)
(/usr/share/texlive/texmf-dist/tex/generic/pdfescape/pdfescape.sty
(/usr/share/texlive/texmf-dist/tex/generic/ltxcmds/ltxcmds.sty)
(/usr/share/texlive/texmf-dist/tex/generic/pdftexcmds/pdftexcmds.sty
(/usr/share/texlive/texmf-dist/tex/generic/infwarerr/infwarerr.sty)))
(/usr/share/texlive/texmf-dist/tex/latex/hycolor/hycolor.sty)
(/usr/share/texlive/texmf-dist/tex/latex/hyperref/nameref.sty
(/usr/share/texlive/texmf-dist/tex/latex/refcount/refcount.sty)
(/usr/share/texlive/texmf-dist/tex/generic/gettitlestring/gettitlestring.sty
(/usr/share/texlive/texmf-dist/tex/latex/kvoptions/kvoptions.sty)))
(/usr/share/texlive/texmf-dist/tex/latex/etoolbox/etoolbox.sty)
(/usr/share/texlive/texmf-dist/tex/generic/stringenc/stringenc.sty)
(/usr/share/texlive/texmf-dist/tex/latex/hyperref/pd1enc.def)
(/usr/share/texlive/texmf-dist/tex/generic/intcalc/intcalc.sty)
(/usr/share/texlive/texmf-dist/tex/latex/hyperref/puenc.def)
(/usr/share/texlive/texmf-dist/tex/generic/bitset/bitset.sty
(/usr/share/texlive/texmf-dist/tex/generic/bigintcalc/bigintcalc.sty))
(/usr/share/texlive/texmf-dist/tex/latex/base/atbegshi-ltx.sty))
(/usr/share/texlive/texmf-dist/tex/latex/hyperref/hxetex.def
(/usr/share/texlive/texmf-dist/tex/latex/rerunfilecheck/rerunfilecheck.sty
(/usr/share/texlive/texmf-dist/tex/latex/base/atveryend-ltx.sty)
(/usr/share/texlive/texmf-dist/tex/generic/uniquecounter/uniquecounter.sty)))
(/usr/share/texlive/texmf-dist/tex/latex/pgf/frontendlayer/tikz.sty
(/usr/share/texlive/texmf-dist/tex/latex/pgf/basiclayer/pgf.sty
(/usr/share/texlive/texmf-dist/tex/latex/pgf/utilities/pgfrcs.sty
(/usr/share/texlive/texmf-dist/tex/generic/pgf/utilities/pgfutil-common.tex)
(/usr/share/texlive/texmf-dist/tex/generic/pgf/utilities/pgfutil-latex.def)
(/usr/share/texlive/texmf-dist/tex/generic/pgf/utilities/pgfrcs.code.tex
(/usr/share/texlive/texmf-dist/tex/generic/pgf/pgf.revision.tex)))
(/usr/share/texlive/texmf-dist/tex/latex/pgf/basiclayer/pgfcore.sty
(/usr/share/texlive/texmf-dist/tex/latex/pgf/systemlayer/pgfsys.sty
(/usr/share/texlive/texmf-dist/tex/generic/pgf/systemlayer/pgfsys.code.tex
(/usr/share/texlive/texmf-dist/tex/generic/pgf/utilities/pgfkeys.code.tex
(/usr/share/texlive/texmf-dist/tex/generic/pgf/utilities/pgfkeyslibraryfiltered
.code.tex)) (/usr/share/texlive/texmf-dist/tex/generic/pgf/systemlayer/pgf.cfg)
(/usr/share/texlive/texmf-dist/tex/generic/pgf/systemlayer/pgfsys-xetex.def
(/usr/share/texlive/texmf-dist/tex/generic/pgf/systemlayer/pgfsys-dvipdfmx.def
(/usr/share/texlive/texmf-dist/tex/generic/pgf/systemlayer/pgfsys-common-pdf.de
f))))
(/usr/share/texlive/texmf-dist/tex/generic/pgf/systemlayer/pgfsyssoftpath.code.
tex)
(/usr/share/texlive/texmf-dist/tex/generic/pgf/systemlayer/pgfsysprotocol.code.
tex)) (/usr/share/texlive/texmf-dist/tex/latex/xcolor/xcolor.sty
(/usr/share/texlive/texmf-dist/tex/latex/graphics-cfg/color.cfg)
(/usr/share/texlive/texmf-dist/tex/latex/graphics/mathcolor.ltx))
(/usr/share/texlive/texmf-dist/tex/generic/pgf/basiclayer/pgfcore.code.tex
(/usr/share/texlive/texmf-dist/tex/generic/pgf/math/pgfmath.code.tex
(/usr/share/texlive/texmf-dist/tex/generic/pgf/math/pgfmathutil.code.tex)
(/usr/share/texlive/texmf-dist/tex/generic/pgf/math/pgfmathparser.code.tex)
(/usr/share/texlive/texmf-dist/tex/generic/pgf/math/pgfmathfunctions.code.tex)
(/usr/share/texlive/texmf-dist/tex/generic/pgf/math/pgfmathfunctions.basic.code
.tex)
(/usr/share/texlive/texmf-dist/tex/generic/pgf/math/pgfmathfunctions.trigonomet
ric.code.tex)
(/usr/share/texlive/texmf-dist/tex/generic/pgf/math/pgfmathfunctions.random.cod
e.tex)
(/usr/share/texlive/texmf-dist/tex/generic/pgf/math/pgfmathfunctions.comparison
.code.tex)
(/usr/share/texlive/texmf-dist/tex/generic/pgf/math/pgfmathfunctions.base.code.
tex)
(/usr/share/texlive/texmf-dist/tex/generic/pgf/math/pgfmathfunctions.round.code
.tex)
(/usr/share/texlive/texmf-dist/tex/generic/pgf/math/pgfmathfunctions.misc.code.
tex)
(/usr/share/texlive/texmf-dist/tex/generic/pgf/math/pgfmathfunctions.integerari
thmetics.code.tex)
(/usr/share/texlive/texmf-dist/tex/generic/pgf/math/pgfmathcalc.code.tex)
(/usr/share/texlive/texmf-dist/tex/generic/pgf/math/pgfmathfloat.code.tex))
(/usr/share/texlive/texmf-dist/tex/generic/pgf/math/pgfint.code.tex)
(/usr/share/texlive/texmf-dist/tex/generic/pgf/basiclayer/pgfcorepoints.code.te
x)
(/usr/share/texlive/texmf-dist/tex/generic/pgf/basiclayer/pgfcorepathconstruct.
code.tex)
(/usr/share/texlive/texmf-dist/tex/generic/pgf/basiclayer/pgfcorepathusage.code
.tex)
(/usr/share/texlive/texmf-dist/tex/generic/pgf/basiclayer/pgfcorescopes.code.te
x)
(/usr/share/texlive/texmf-dist/tex/generic/pgf/basiclayer/pgfcoregraphicstate.c
ode.tex)
(/usr/share/texlive/texmf-dist/tex/generic/pgf/basiclayer/pgfcoretransformation
s.code.tex)
(/usr/share/texlive/texmf-dist/tex/generic/pgf/basiclayer/pgfcorequick.code.tex
)
(/usr/share/texlive/texmf-dist/tex/generic/pgf/basiclayer/pgfcoreobjects.code.t
ex)
(/usr/share/texlive/texmf-dist/tex/generic/pgf/basiclayer/pgfcorepathprocessing
.code.tex)
(/usr/share/texlive/texmf-dist/tex/generic/pgf/basiclayer/pgfcorearrows.code.te
x)
(/usr/share/texlive/texmf-dist/tex/generic/pgf/basiclayer/pgfcoreshade.code.tex
)
(/usr/share/texlive/texmf-dist/tex/generic/pgf/basiclayer/pgfcoreimage.code.tex
)
(/usr/share/texlive/texmf-dist/tex/generic/pgf/basiclayer/pgfcoreexternal.code.
tex)
(/usr/share/texlive/texmf-dist/tex/generic/pgf/basiclayer/pgfcorelayers.code.te
x)
(/usr/share/texlive/texmf-dist/tex/generic/pgf/basiclayer/pgfcoretransparency.c
ode.tex)
(/usr/share/texlive/texmf-dist/tex/generic/pgf/basiclayer/pgfcorepatterns.code.
tex)
(/usr/share/texlive/texmf-dist/tex/generic/pgf/basiclayer/pgfcorerdf.code.tex))
)
(/usr/share/texlive/texmf-dist/tex/generic/pgf/modules/pgfmoduleshapes.code.tex
) (/usr/share/texlive/texmf-dist/tex/generic/pgf/modules/pgfmoduleplot.code.tex
)
(/usr/share/texlive/texmf-dist/tex/latex/pgf/compatibility/pgfcomp-version-0-65
.sty)
(/usr/share/texlive/texmf-dist/tex/latex/pgf/compatibility/pgfcomp-version-1-18
.sty)) (/usr/share/texlive/texmf-dist/tex/latex/pgf/utilities/pgffor.sty
(/usr/share/texlive/texmf-dist/tex/latex/pgf/utilities/pgfkeys.sty
(/usr/share/texlive/texmf-dist/tex/generic/pgf/utilities/pgfkeys.code.tex))
(/usr/share/texlive/texmf-dist/tex/latex/pgf/math/pgfmath.sty
(/usr/share/texlive/texmf-dist/tex/generic/pgf/math/pgfmath.code.tex))
(/usr/share/texlive/texmf-dist/tex/generic/pgf/utilities/pgffor.code.tex))
(/usr/share/texlive/texmf-dist/tex/generic/pgf/frontendlayer/tikz/tikz.code.tex

(/usr/share/texlive/texmf-dist/tex/generic/pgf/libraries/pgflibraryplothandlers
.code.tex)
(/usr/share/texlive/texmf-dist/tex/generic/pgf/modules/pgfmodulematrix.code.tex
)
(/usr/share/texlive/texmf-dist/tex/generic/pgf/frontendlayer/tikz/libraries/tik
zlibrarytopaths.code.tex)))
(/usr/share/texlive/texmf-dist/tex/latex/tikz-cd/tikz-cd.sty
(/usr/share/texlive/texmf-dist/tex/generic/tikz-cd/tikzlibrarycd.code.tex
(/usr/share/texlive/texmf-dist/tex/generic/pgf/frontendlayer/tikz/libraries/tik
zlibrarymatrix.code.tex)
(/usr/share/texlive/texmf-dist/tex/generic/pgf/frontendlayer/tikz/libraries/tik
zlibraryquotes.code.tex)
(/usr/share/texlive/texmf-dist/tex/generic/pgf/libraries/pgflibraryarrows.meta.
code.tex)))
(/usr/share/texlive/texmf-dist/tex/generic/pgf/frontendlayer/tikz/libraries/tik
zlibrarydecorations.markings.code.tex
(/usr/share/texlive/texmf-dist/tex/generic/pgf/frontendlayer/tikz/libraries/tik
zlibrarydecorations.code.tex
(/usr/share/texlive/texmf-dist/tex/generic/pgf/modules/pgfmoduledecorations.cod
e.tex))
(/usr/share/texlive/texmf-dist/tex/generic/pgf/libraries/decorations/pgflibrary
decorations.markings.code.tex))
(/usr/share/texlive/texmf-dist/tex/latex/microtype/microtype.sty
(/usr/share/texlive/texmf-dist/tex/latex/microtype/microtype-xetex.def)
(/usr/share/texlive/texmf-dist/tex/latex/microtype/microtype.cfg))
No file 1765.aux.
*geometry* driver: auto-detecting
*geometry* detected driver: xetex

Package hyperref Warning: Rerun to get /PageLabels entry.

(/usr/share/texlive/texmf-dist/tex/latex/microtype/mt-LatinModernRoman.cfg)
(/usr/share/texlive/texmf-dist/tex/latex/amsfonts/umsa.fd)
(/usr/share/texlive/texmf-dist/tex/latex/microtype/mt-msa.cfg)
(/usr/share/texlive/texmf-dist/tex/latex/amsfonts/umsb.fd)
(/usr/share/texlive/texmf-dist/tex/latex/microtype/mt-msb.cfg)
(/usr/share/texlive/texmf-dist/tex/latex/microtype/mt-cmr.cfg)

LaTeX Warning: Citation `M2' on page 1 undefined on input line 97.


LaTeX Warning: Citation `M2' on page 1 undefined on input line 97.


[1]

LaTeX Warning: Reference `youngdiagram1' on page 2 undefined on input line 104.



LaTeX Warning: Citation `M2' on page 2 undefined on input line 133.


[2]
Underfull \hbox (badness 1354) in paragraph at lines 141--143
\TU/LatinModernRoman(0)/m/it/10.95 The Macdonald polynomials are orthogonal wit
h respect to the inner product $\OT1/cmr/m/n/10.95 (\OMS/cmsy/m/n/10.95 ^^A\OML
/cmm/m/it/10.95 ; \OMS/cmsy/m/n/10.95 ^^A\OT1/cmr/m/n/10.95 )[]$ \TU/LatinModer
nRoman(0)/m/it/10.95 on

LaTeX Warning: Reference `youngdiagram1' on page 3 undefined on input line 165.



LaTeX Warning: Reference `app:qtheory' on page 3 undefined on input line 167.


[3]

LaTeX Warning: Citation `M2' on page 4 undefined on input line 182.


LaTeX Warning: Citation `M2' on page 4 undefined on input line 189.


LaTeX Warning: Reference `macdonaldsignatures11' on page 4 undefined on input l
ine 196.


LaTeX Warning: Reference `evaluation' on page 4 undefined on input line 199.


LaTeX Warning: Citation `M2' on page 4 undefined on input line 210.


[4]

LaTeX Warning: Reference `evaluation' on page 5 undefined on input line 253.


LaTeX Warning: Reference `normalmacdonald' on page 5 undefined on input line 25
3.


LaTeX Warning: Reference `macdonaldthm1' on page 5 undefined on input line 277.



LaTeX Warning: Reference `fig:C' on page 5 undefined on input line 285.


LaTeX Warning: Reference `app:qtheory' on page 5 undefined on input line 288.


[5]

LaTeX Warning: Reference `macdonaldthm1' on page 6 undefined on input line 339.



LaTeX Warning: Citation `GP' on page 6 undefined on input line 339.


LaTeX Warning: Reference `macdonaldthm2' on page 6 undefined on input line 343.



Package hyperref Warning: Suppressing link with empty target on input line 343.



LaTeX Warning: Reference `macdonaldthm1' on page 6 undefined on input line 343.



LaTeX Warning: Reference `macdonaldthm2eqn' on page 6 undefined on input line 3
43.


LaTeX Warning: Reference `macdonaldthm2eqn' on page 6 undefined on input line 3
48.


Package hyperref Warning: Suppressing link with empty target on input line 348.



LaTeX Warning: Reference `macdonaldthm1' on page 6 undefined on input line 357.



Package hyperref Warning: Token not allowed in a PDF string (Unicode):
(hyperref)                removing `math shift' on input line 357.


Package hyperref Warning: Token not allowed in a PDF string (Unicode):
(hyperref)                removing `superscript' on input line 357.


Package hyperref Warning: Token not allowed in a PDF string (Unicode):
(hyperref)                removing `\theta' on input line 357.


Package hyperref Warning: Token not allowed in a PDF string (Unicode):
(hyperref)                removing `math shift' on input line 357.


Package hyperref Warning: Token not allowed in a PDF string (Unicode):
(hyperref)                removing `math shift' on input line 357.


Package hyperref Warning: Token not allowed in a PDF string (Unicode):
(hyperref)                removing `\theta' on input line 357.


Package hyperref Warning: Token not allowed in a PDF string (Unicode):
(hyperref)                removing `\in' on input line 357.


Package hyperref Warning: Token not allowed in a PDF string (Unicode):
(hyperref)                removing `math shift' on input line 357.


LaTeX Warning: Reference `macdonaldthm1' on page 6 undefined on input line 359.



LaTeX Warning: Reference `symmetry' on page 6 undefined on input line 361.


LaTeX Warning: Reference `evaluation' on page 6 undefined on input line 365.


LaTeX Warning: Reference `gtoQ' on page 6 undefined on input line 369.


LaTeX Warning: Reference `mac2eq1' on page 6 undefined on input line 369.


LaTeX Warning: Citation `M2' on page 6 undefined on input line 374.


[6]

LaTeX Warning: Reference `generatingfunction' on page 7 undefined on input line
 378.


LaTeX Warning: Reference `mac2eq0' on page 7 undefined on input line 382.


LaTeX Warning: Reference `mac2eq2' on page 7 undefined on input line 386.


LaTeX Warning: Reference `mac2eq3' on page 7 undefined on input line 392.


LaTeX Warning: Reference `fig:C' on page 7 undefined on input line 392.


LaTeX Warning: Reference `macdonaldthm2' on page 7 undefined on input line 392.



LaTeX Warning: Reference `mac2eq3' on page 7 undefined on input line 394.


LaTeX Warning: Reference `fig:Cprime' on page 7 undefined on input line 394.


LaTeX Warning: Reference `fig:C' on page 7 undefined on input line 424.


[7]

LaTeX Warning: Reference `mac2eq4' on page 8 undefined on input line 429.


LaTeX Warning: Reference `mac2eq4' on page 8 undefined on input line 429.


LaTeX Warning: Reference `mac2eq4' on page 8 undefined on input line 431.


LaTeX Warning: Reference `mac2eq4' on page 8 undefined on input line 433.


LaTeX Warning: Reference `mac2eq4' on page 8 undefined on input line 433.


LaTeX Warning: Reference `mac2eq5' on page 8 undefined on input line 438.


LaTeX Warning: Reference `macdonaldthm1eqn' on page 8 undefined on input line 4
38.


LaTeX Warning: Reference `macdonaldthm1eqn' on page 8 undefined on input line 4
46.


LaTeX Warning: Reference `macdonaldthm1eqn' on page 8 undefined on input line 4
48.


LaTeX Warning: Reference `macdonaldthm1' on page 8 undefined on input line 450.



LaTeX Warning: Reference `macdonaldthm1eqn' on page 8 undefined on input line 4
50.


LaTeX Warning: Reference `macdonaldthm1eqn' on page 8 undefined on input line 4
52.


LaTeX Warning: Reference `macdonaldthm1eqn' on page 8 undefined on input line 4
52.


LaTeX Warning: Reference `macdonaldthm1eqn' on page 8 undefined on input line 4
52.


LaTeX Warning: Reference `macdonaldthm1eqn' on page 8 undefined on input line 4
52.


LaTeX Warning: Reference `macdonaldthm1eqn' on page 8 undefined on input line 4
54.


LaTeX Warning: Reference `macdonaldthm1eqn' on page 8 undefined on input line 4
56.


LaTeX Warning: Reference `macdonaldsignatures1' on page 8 undefined on input li
ne 458.


LaTeX Warning: Reference `macdonaldthm1eqn' on page 8 undefined on input line 4
58.


[8]

LaTeX Warning: Reference `macdonaldthm1eqn' on page 9 undefined on input line 4
62.


LaTeX Warning: Reference `macdonaldthm1eqn' on page 9 undefined on input line 4
66.


LaTeX Warning: Reference `macdonaldthm1eqn' on page 9 undefined on input line 4
66.


LaTeX Warning: Reference `macdonaldthm2' on page 9 undefined on input line 468.



Package hyperref Warning: Suppressing link with empty target on input line 468.



Package hyperref Warning: Token not allowed in a PDF string (Unicode):
(hyperref)                removing `math shift' on input line 468.


Package hyperref Warning: Token not allowed in a PDF string (Unicode):
(hyperref)                removing `math shift' on input line 468.


Package hyperref Warning: Token not allowed in a PDF string (Unicode):
(hyperref)                removing `math shift' on input line 468.


Package hyperref Warning: Token not allowed in a PDF string (Unicode):
(hyperref)                removing `math shift' on input line 468.


LaTeX Warning: Reference `macdonaldthm2' on page 9 undefined on input line 470.



Package hyperref Warning: Suppressing link with empty target on input line 470.



LaTeX Warning: Reference `macdonaldthm1' on page 9 undefined on input line 470.



LaTeX Warning: Citation `AAR' on page 9 undefined on input line 471.


LaTeX Warning: Reference `macdonaldthm2' on page 9 undefined on input line 477.



Package hyperref Warning: Suppressing link with empty target on input line 477.



LaTeX Warning: Reference `macdonaldthm2eqn' on page 9 undefined on input line 4
79.


LaTeX Warning: Reference `macdonaldthm2eqn' on page 9 undefined on input line 4
81.


LaTeX Warning: Reference `macdonaldthm2' on page 9 undefined on input line 481.



LaTeX Warning: Reference `macdonaldthm2eqn' on page 9 undefined on input line 4
82.


LaTeX Warning: Reference `macdonaldthm2eqn' on page 9 undefined on input line 4
83.


LaTeX Warning: Reference `macdonaldthm2' on page 9 undefined on input line 486.



LaTeX Warning: Reference `carlsonlemma' on page 9 undefined on input line 486.


LaTeX Warning: Reference `macdonaldthm2eqn' on page 9 undefined on input line 4
86.


LaTeX Warning: Reference `macdonaldthm2' on page 9 undefined on input line 489.



Package hyperref Warning: Token not allowed in a PDF string (Unicode):
(hyperref)                removing `math shift' on input line 489.


Package hyperref Warning: Token not allowed in a PDF string (Unicode):
(hyperref)                removing `math shift' on input line 489.


Package hyperref Warning: Token not allowed in a PDF string (Unicode):
(hyperref)                removing `math shift' on input line 489.


Package hyperref Warning: Token not allowed in a PDF string (Unicode):
(hyperref)                removing `math shift' on input line 489.


LaTeX Warning: Reference `macdonaldthm2' on page 9 undefined on input line 491.



Package hyperref Warning: Suppressing link with empty target on input line 491.



LaTeX Warning: Reference `macdonaldthm2' on page 9 undefined on input line 491.



[9]

LaTeX Warning: Reference `adef' on page 10 undefined on input line 512.


LaTeX Warning: Reference `consequenceadef' on page 10 undefined on input line 5
16.


LaTeX Warning: Reference `toproveineqgamma' on page 10 undefined on input line 
523.


LaTeX Warning: Reference `macdonaldthm2eqn' on page 10 undefined on input line 
527.


LaTeX Warning: Reference `macdonaldthm1' on page 10 undefined on input line 529
.


LaTeX Warning: Reference `macdonaldthm1eqn' on page 10 undefined on input line 
531.


LaTeX Warning: Reference `macdonaldthm2eqn' on page 10 undefined on input line 
531.


[10]

LaTeX Warning: Reference `macdonaldthm2eqn' on page 11 undefined on input line 
540.


LaTeX Warning: Reference `macdonaldthm2eqn' on page 11 undefined on input line 
542.


LaTeX Warning: Reference `evaluation' on page 11 undefined on input line 542.


LaTeX Warning: Reference `macdonaldthm2eqn' on page 11 undefined on input line 
544.


LaTeX Warning: Reference `macdonaldthetaNinteger' on page 11 undefined on input
 line 549.


LaTeX Warning: Reference `ratioqgammas' on page 11 undefined on input line 549.



[11]

LaTeX Warning: Reference `toproveineq1' on page 12 undefined on input line 572.



LaTeX Warning: Reference `bound1' on page 12 undefined on input line 583.


LaTeX Warning: Reference `toproveineq1' on page 12 undefined on input line 584.



LaTeX Warning: Reference `ratioqgammas' on page 12 undefined on input line 586.



LaTeX Warning: Reference `ratioqgammas' on page 12 undefined on input line 590.



LaTeX Warning: Reference `line1pfclaim' on page 12 undefined on input line 596.



LaTeX Warning: Reference `line1pfclaim' on page 12 undefined on input line 597.



LaTeX Warning: Reference `line2pfclaim' on page 12 undefined on input line 599.



LaTeX Warning: Reference `conditiona' on page 12 undefined on input line 607.


[12]

LaTeX Warning: Reference `boundpochhammer' on page 13 undefined on input line 6
15.


LaTeX Warning: Reference `boundpochhammer' on page 13 undefined on input line 6
17.


LaTeX Warning: Reference `macdonaldthm2eqn' on page 13 undefined on input line 
620.


LaTeX Warning: Reference `macdonaldthm2eqn' on page 13 undefined on input line 
620.


LaTeX Warning: Reference `branchingmacdonald' on page 13 undefined on input lin
e 624.


LaTeX Warning: Reference `branchingmacdonald' on page 13 undefined on input lin
e 634.


LaTeX Warning: Reference `evaluation' on page 13 undefined on input line 640.


[13]

LaTeX Warning: Reference `macdonaldthm2eqn' on page 14 undefined on input line 
655.


LaTeX Warning: Reference `macdonaldthm2eqn' on page 14 undefined on input line 
659.


LaTeX Warning: Reference `macdonaldthm2eqn' on page 14 undefined on input line 
666.


LaTeX Warning: Reference `integrand1' on page 14 undefined on input line 666.


LaTeX Warning: Reference `toproveboundedness' on page 14 undefined on input lin
e 676.


[14]

LaTeX Warning: Reference `boundthetaN' on page 15 undefined on input line 688.


LaTeX Warning: Reference `boundthetaN' on page 15 undefined on input line 688.


Package hyperref Warning: Token not allowed in a PDF string (Unicode):
(hyperref)                removing `math shift' on input line 700.


Package hyperref Warning: Token not allowed in a PDF string (Unicode):
(hyperref)                removing `math shift' on input line 700.


LaTeX Warning: Citation `AAR' on page 15 undefined on input line 703.


LaTeX Warning: Citation `AAR' on page 15 undefined on input line 721.


[15]

LaTeX Warning: Citation `AAR' on page 16 undefined on input line 744.


Package amsmath Warning: Foreign command \atopwithdelims;
(amsmath)                \frac or \genfrac should be used instead
(amsmath)                 on input line 755.


LaTeX Warning: Reference `qtheory2' on page 16 undefined on input line 758.


[16] (build/1765.aux)

LaTeX Warning: There were undefined references.


LaTeX Warning: Label(s) may have changed. Rerun to get cross-references right.


Package rerunfilecheck Warning: File `1765.out' has changed.
(rerunfilecheck)                Rerun to get outlines right
(rerunfilecheck)                or use package `bookmark'.

 )
(see the transcript file for additional information)
Output written on build/1765.pdf (16 pages).
Transcript written on build/1765.log.
