This is XeTeX, Version 3.141592653-2.6-0.999996 (TeX Live 2025/dev/Debian) (preloaded format=xelatex)
entering extended mode
(./2016.tex
LaTeX2e <2024-11-01> patch level 2
L3 programming layer <2025-01-18>
(/usr/share/texlive/texmf-dist/tex/latex/base/article.cls
Document Class: article 2024/06/29 v1.4n Standard LaTeX document class
(/usr/share/texlive/texmf-dist/tex/latex/base/size11.clo))
(/usr/share/texlive/texmf-dist/tex/latex/geometry/geometry.sty
(/usr/share/texlive/texmf-dist/tex/latex/graphics/keyval.sty)
(/usr/share/texlive/texmf-dist/tex/generic/iftex/ifvtex.sty
(/usr/share/texlive/texmf-dist/tex/generic/iftex/iftex.sty)))
(/usr/share/texlive/texmf-dist/tex/latex/fontspec/fontspec.sty
(/usr/share/texlive/texmf-dist/tex/latex/l3packages/xparse/xparse.sty
(/usr/share/texlive/texmf-dist/tex/latex/l3kernel/expl3.sty
(/usr/share/texlive/texmf-dist/tex/latex/l3backend/l3backend-xetex.def)))
(/usr/share/texlive/texmf-dist/tex/latex/fontspec/fontspec-xetex.sty
(/usr/share/texlive/texmf-dist/tex/latex/base/fontenc.sty)
(/usr/share/texlive/texmf-dist/tex/latex/fontspec/fontspec.cfg)))
(/usr/share/texlive/texmf-dist/tex/latex/amsmath/amsmath.sty
For additional information on amsmath, use the `?' option.
(/usr/share/texlive/texmf-dist/tex/latex/amsmath/amstext.sty
(/usr/share/texlive/texmf-dist/tex/latex/amsmath/amsgen.sty))
(/usr/share/texlive/texmf-dist/tex/latex/amsmath/amsbsy.sty)
(/usr/share/texlive/texmf-dist/tex/latex/amsmath/amsopn.sty))
(/usr/share/texlive/texmf-dist/tex/latex/amsfonts/amssymb.sty
(/usr/share/texlive/texmf-dist/tex/latex/amsfonts/amsfonts.sty))
(/usr/share/texlive/texmf-dist/tex/latex/amscls/amsthm.sty)
(/usr/share/texlive/texmf-dist/tex/latex/amsmath/amscd.sty)
(/usr/share/texlive/texmf-dist/tex/latex/graphics/graphicx.sty
(/usr/share/texlive/texmf-dist/tex/latex/graphics/graphics.sty
(/usr/share/texlive/texmf-dist/tex/latex/graphics/trig.sty)
(/usr/share/texlive/texmf-dist/tex/latex/graphics-cfg/graphics.cfg)
(/usr/share/texlive/texmf-dist/tex/latex/graphics-def/xetex.def)))
(/usr/share/texlive/texmf-dist/tex/latex/graphics/color.sty
(/usr/share/texlive/texmf-dist/tex/latex/graphics-cfg/color.cfg)
(/usr/share/texlive/texmf-dist/tex/latex/graphics/mathcolor.ltx))
(/usr/share/texlive/texmf-dist/tex/latex/xurl/xurl.sty
(/usr/share/texlive/texmf-dist/tex/latex/url/url.sty))
(/usr/share/texlive/texmf-dist/tex/latex/hyperref/hyperref.sty
(/usr/share/texlive/texmf-dist/tex/latex/kvsetkeys/kvsetkeys.sty)
(/usr/share/texlive/texmf-dist/tex/generic/kvdefinekeys/kvdefinekeys.sty)
(/usr/share/texlive/texmf-dist/tex/generic/pdfescape/pdfescape.sty
(/usr/share/texlive/texmf-dist/tex/generic/ltxcmds/ltxcmds.sty)
(/usr/share/texlive/texmf-dist/tex/generic/pdftexcmds/pdftexcmds.sty
(/usr/share/texlive/texmf-dist/tex/generic/infwarerr/infwarerr.sty)))
(/usr/share/texlive/texmf-dist/tex/latex/hycolor/hycolor.sty)
(/usr/share/texlive/texmf-dist/tex/latex/hyperref/nameref.sty
(/usr/share/texlive/texmf-dist/tex/latex/refcount/refcount.sty)
(/usr/share/texlive/texmf-dist/tex/generic/gettitlestring/gettitlestring.sty
(/usr/share/texlive/texmf-dist/tex/latex/kvoptions/kvoptions.sty)))
(/usr/share/texlive/texmf-dist/tex/latex/etoolbox/etoolbox.sty)
(/usr/share/texlive/texmf-dist/tex/generic/stringenc/stringenc.sty)
(/usr/share/texlive/texmf-dist/tex/latex/hyperref/pd1enc.def)
(/usr/share/texlive/texmf-dist/tex/generic/intcalc/intcalc.sty)
(/usr/share/texlive/texmf-dist/tex/latex/hyperref/puenc.def)
(/usr/share/texlive/texmf-dist/tex/generic/bitset/bitset.sty
(/usr/share/texlive/texmf-dist/tex/generic/bigintcalc/bigintcalc.sty))
(/usr/share/texlive/texmf-dist/tex/latex/base/atbegshi-ltx.sty))
(/usr/share/texlive/texmf-dist/tex/latex/hyperref/hxetex.def
(/usr/share/texlive/texmf-dist/tex/latex/rerunfilecheck/rerunfilecheck.sty
(/usr/share/texlive/texmf-dist/tex/latex/base/atveryend-ltx.sty)
(/usr/share/texlive/texmf-dist/tex/generic/uniquecounter/uniquecounter.sty)))
No file 2016.aux.
*geometry* driver: auto-detecting
*geometry* detected driver: xetex

Package hyperref Warning: Rerun to get /PageLabels entry.

(/usr/share/texlive/texmf-dist/tex/latex/amsfonts/umsa.fd)
(/usr/share/texlive/texmf-dist/tex/latex/amsfonts/umsb.fd)
(/usr/share/texlive/texmf-dist/tex/latex/amsfonts/ueuf.fd)
[1]

LaTeX Warning: Citation `DuisKolk' on page 2 undefined on input line 90.


LaTeX Warning: Reference `eq:bundlemaps' on page 2 undefined on input line 111.



LaTeX Warning: Citation `Wang' on page 2 undefined on input line 162.


[2]

LaTeX Warning: Citation `Wang' on page 3 undefined on input line 179.


Package hyperref Warning: Token not allowed in a PDF string (Unicode):
(hyperref)                removing `math shift' on input line 210.


Package hyperref Warning: Token not allowed in a PDF string (Unicode):
(hyperref)                removing `\Phi' on input line 210.


Package hyperref Warning: Token not allowed in a PDF string (Unicode):
(hyperref)                removing `math shift' on input line 210.


[3]

LaTeX Warning: Reference `lemma:mindimslice' on page 4 undefined on input line 
276.


LaTeX Warning: Citation `DuisKolk' on page 4 undefined on input line 284.


LaTeX Warning: Reference `rem:patch' on page 4 undefined on input line 299.


LaTeX Warning: Reference `eq:leq' on page 4 undefined on input line 316.


LaTeX Warning: Reference `eq:INDA' on page 4 undefined on input line 321.


LaTeX Warning: Reference `eq:THETA' on page 4 undefined on input line 321.


LaTeX Warning: Reference `lemma:mindimslice' on page 4 undefined on input line 
330.


LaTeX Warning: Reference `eq:staoQ' on page 4 undefined on input line 330.


LaTeX Warning: Reference `eq:staoQ' on page 4 undefined on input line 333.


LaTeX Warning: Reference `eq:staoQ' on page 4 undefined on input line 333.


LaTeX Warning: Reference `rem:patch' on page 4 undefined on input line 335.


LaTeX Warning: Reference `lemma:suralpha' on page 4 undefined on input line 353
.


LaTeX Warning: Reference `eq:transv' on page 4 undefined on input line 355.


LaTeX Warning: Reference `rem:patch' on page 4 undefined on input line 355.


[4]

LaTeX Warning: Reference `bem:Psliceeigensch' on page 5 undefined on input line
 384.


LaTeX Warning: Citation `Wang' on page 5 undefined on input line 420.


LaTeX Warning: Reference `subsec:RedInvConn' on page 5 undefined on input line 
422.


LaTeX Warning: Citation `HarSni' on page 5 undefined on input line 425.


LaTeX Warning: Reference `subsec:Reconstruc' on page 5 undefined on input line 
426.


LaTeX Warning: Reference `conv:Submnfds' on page 5 undefined on input line 445.



LaTeX Warning: Reference `subsec:InvConn' on page 5 undefined on input line 460
.


[5]

LaTeX Warning: Reference `eq:ThetaPhi' on page 6 undefined on input line 536.


LaTeX Warning: Reference `lemma:omegaalpha' on page 6 undefined on input line 5
37.


LaTeX Warning: Reference `eq:gugu' on page 6 undefined on input line 545.


LaTeX Warning: Reference `eq:gugu' on page 6 undefined on input line 545.


LaTeX Warning: Reference `eq:gugu' on page 6 undefined on input line 545.


LaTeX Warning: Reference `eq:gugu' on page 6 undefined on input line 545.


LaTeX Warning: Reference `lemma:omegaalpha' on page 6 undefined on input line 5
47.


LaTeX Warning: Reference `cor:psialpha' on page 6 undefined on input line 562.


LaTeX Warning: Reference `cor:psialpha' on page 6 undefined on input line 566.


LaTeX Warning: Reference `eq:ThetaPhi' on page 6 undefined on input line 595.


LaTeX Warning: Reference `eq:ThetaPhi' on page 6 undefined on input line 602.


[6]

LaTeX Warning: Reference `cor:psialpha' on page 7 undefined on input line 627.


LaTeX Warning: Reference `eq:ThetaPhi' on page 7 undefined on input line 690.


LaTeX Warning: Reference `eq:ThetaPhi' on page 7 undefined on input line 690.


LaTeX Warning: Reference `cor:psialpha' on page 7 undefined on input line 691.


LaTeX Warning: Reference `cor:psialpha' on page 7 undefined on input line 700.


[7]

LaTeX Warning: Reference `lemma:suralpha' on page 8 undefined on input line 760
.


LaTeX Warning: Reference `lemma:lambda' on page 8 undefined on input line 767.


LaTeX Warning: Reference `lemma:lambda' on page 8 undefined on input line 792.


LaTeX Warning: Reference `eq:thirdstep' on page 8 undefined on input line 813.


LaTeX Warning: Reference `eq:lambda' on page 8 undefined on input line 813.


LaTeX Warning: Reference `eq:thirdstep' on page 8 undefined on input line 813.


LaTeX Warning: Reference `eq:lambda' on page 8 undefined on input line 813.


[8]

LaTeX Warning: Reference `eq:wohldefs' on page 9 undefined on input line 835.


LaTeX Warning: Reference `eq:defomega' on page 9 undefined on input line 851.


LaTeX Warning: Reference `eq:lambda' on page 9 undefined on input line 851.


LaTeX Warning: Reference `eq:defomega' on page 9 undefined on input line 851.


LaTeX Warning: Reference `eq:lambda' on page 9 undefined on input line 851.


LaTeX Warning: Reference `cor:psialpha' on page 9 undefined on input line 908.


LaTeX Warning: Reference `prop:reconstr' on page 9 undefined on input line 908.



[9]
[10] (build/2016.aux)

LaTeX Warning: There were undefined references.


LaTeX Warning: Label(s) may have changed. Rerun to get cross-references right.


Package rerunfilecheck Warning: File `2016.out' has changed.
(rerunfilecheck)                Rerun to get outlines right
(rerunfilecheck)                or use package `bookmark'.

 )
Output written on build/2016.pdf (10 pages).
Transcript written on build/2016.log.
